I/ThermalEngine( 1045): Sensor:tsens_tz_sensor5:69000 mC
I/ThermalEngine( 1045): Sensor:tsens_tz_sensor2:70000 mC
I/ThermalEngine( 1045): Sensor:tsens_tz_sensor5:69000 mC
I/ThermalEngine( 1045): Sensor:tsens_tz_sensor2:66000 mC
I/ThermalEngine( 1045): Sensor:tsens_tz_sensor5:66000 mC
I/ThermalEngine( 1045): Sensor:batt_temp:40500 mC
D/libEGL  ( 3211): loaded /vendor/lib/egl/libEGL_adreno.so
D/libEGL  ( 3211): loaded /vendor/lib/egl/libGLESv1_CM_adreno.so
D/libEGL  ( 3211): loaded /vendor/lib/egl/libGLESv2_adreno.so
I/ThermalEngine( 1045): Sensor:tsens_tz_sensor2:67000 mC
I/ThermalEngine( 1045): Sensor:tsens_tz_sensor5:68000 mC
I/ThermalEngine( 1045): Sensor:tsens_tz_sensor2:71000 mC
I/ThermalEngine( 1045): Sensor:tsens_tz_sensor5:70000 mC
I/ThermalEngine( 1045): Sensor:tsens_tz_sensor2:73000 mC
I/ThermalEngine( 1045): Sensor:tsens_tz_sensor5:73000 mC
I/ThermalEngine( 1045): Sensor:tsens_tz_sensor2:73000 mC
I/ThermalEngine( 1045): Sensor:tsens_tz_sensor5:73000 mC
E/QCALOG  ( 1085): [MessageQ] ProcessNewMessage: [XT-CS] unknown deliver target [OS-Agent]
I/ThermalEngine( 1045): Sensor:batt_temp:40700 mC
E/QCALOG  ( 1085): [MessageQ] ProcessNewMessage: [XTWiFi-PE] unknown deliver target [OS-Agent]
E/QCALOG  ( 1085): [MessageQ] ProcessNewMessage: [XTWWAN-PE] unknown deliver target [OS-Agent]
I/UpstartPropertyWatcher(  995): Property changed: init.svc.ppd=running
I/UpstartPropertyWatcher(  995): Property changed: init.svc.gsiff_daemon=running
I/UpstartPropertyWatcher(  995): Property changed: init.svc.quipc_igsn=running
I/UpstartPropertyWatcher(  995): Property changed: init.svc.quipc_main=running
I/UpstartPropertyWatcher(  995): Property changed: init.svc.xtwifi_inet=running
I/UpstartPropertyWatcher(  995): Property changed: init.svc.xtwifi_inet=restarting
I/UpstartPropertyWatcher(  995): Property changed: init.svc.ppd=restarting
I/UpstartPropertyWatcher(  995): Property changed: init.svc.quipc_igsn=restarting
I/UpstartPropertyWatcher(  995): Property changed: init.svc.gsiff_daemon=restarting
I/UpstartPropertyWatcher(  995): Property changed: init.svc.quipc_main=restarting
I/ThermalEngine( 1045): Sensor:tsens_tz_sensor2:74000 mC
I/ThermalEngine( 1045): Sensor:tsens_tz_sensor5:74000 mC
I/ThermalEngine( 1045): Sensor:tsens_tz_sensor2:78000 mC
I/ThermalEngine( 1045): Sensor:tsens_tz_sensor5:74000 mC
I/ThermalEngine( 1045): Sensor:tsens_tz_sensor2:73000 mC
I/ThermalEngine( 1045): Sensor:tsens_tz_sensor5:74000 mC
I/ThermalEngine( 1045): Sensor:tsens_tz_sensor2:73000 mC
I/ThermalEngine( 1045): Sensor:tsens_tz_sensor5:73000 mC
I/ThermalEngine( 1045): Sensor:batt_temp:40700 mC
D/libEGL  ( 3227): loaded /vendor/lib/egl/libEGL_adreno.so
D/libEGL  ( 3227): loaded /vendor/lib/egl/libGLESv1_CM_adreno.so
D/libEGL  ( 3227): loaded /vendor/lib/egl/libGLESv2_adreno.so
I/ThermalEngine( 1045): Sensor:tsens_tz_sensor2:73000 mC
I/ThermalEngine( 1045): Sensor:tsens_tz_sensor5:73000 mC
I/ThermalEngine( 1045): Sensor:tsens_tz_sensor2:78000 mC
I/ThermalEngine( 1045): Sensor:tsens_tz_sensor5:74000 mC
I/ThermalEngine( 1045): Sensor:tsens_tz_sensor2:81000 mC
I/ThermalEngine( 1045): Sensor:tsens_tz_sensor5:77000 mC
I/ThermalEngine( 1045): Sensor:tsens_tz_sensor2:81000 mC
I/ThermalEngine( 1045): Sensor:tsens_tz_sensor5:75000 mC
I/ThermalEngine( 1045): Sensor:batt_temp:40700 mC
I/ThermalEngine( 1045): Sensor:tsens_tz_sensor2:80000 mC
I/ThermalEngine( 1045): Sensor:tsens_tz_sensor5:74000 mC
I/ThermalEngine( 1045): Sensor:tsens_tz_sensor2:80000 mC
I/ThermalEngine( 1045): Sensor:tsens_tz_sensor5:74000 mC
I/ThermalEngine( 1045): Sensor:tsens_tz_sensor2:71000 mC
I/ThermalEngine( 1045): Sensor:tsens_tz_sensor5:71000 mC
I/ThermalEngine( 1045): Sensor:tsens_tz_sensor2:67000 mC
I/ThermalEngine( 1045): Sensor:tsens_tz_sensor5:67000 mC
I/ThermalEngine( 1045): Sensor:batt_temp:40600 mC
D/libEGL  ( 3233): loaded /vendor/lib/egl/libEGL_adreno.so
D/libEGL  ( 3233): loaded /vendor/lib/egl/libGLESv1_CM_adreno.so
D/libEGL  ( 3233): loaded /vendor/lib/egl/libGLESv2_adreno.so
I/ThermalEngine( 1045): Sensor:tsens_tz_sensor2:73000 mC
I/ThermalEngine( 1045): Sensor:tsens_tz_sensor5:70000 mC
I/ThermalEngine( 1045): Sensor:tsens_tz_sensor2:72000 mC
I/ThermalEngine( 1045): Sensor:tsens_tz_sensor5:74000 mC
I/ThermalEngine( 1045): Sensor:tsens_tz_sensor2:72000 mC
I/ThermalEngine( 1045): Sensor:tsens_tz_sensor5:74000 mC
I/ThermalEngine( 1045): Sensor:tsens_tz_sensor2:73000 mC
I/ThermalEngine( 1045): Sensor:tsens_tz_sensor5:74000 mC
I/ThermalEngine( 1045): Sensor:batt_temp:40700 mC
I/UpstartPropertyWatcher(  995): Property changed: init.svc.ppd=running
I/UpstartPropertyWatcher(  995): Property changed: init.svc.gsiff_daemon=running
I/UpstartPropertyWatcher(  995): Property changed: init.svc.quipc_igsn=running
I/UpstartPropertyWatcher(  995): Property changed: init.svc.quipc_main=running
I/UpstartPropertyWatcher(  995): Property changed: init.svc.xtwifi_inet=running
I/UpstartPropertyWatcher(  995): Property changed: init.svc.xtwifi_inet=restarting
I/UpstartPropertyWatcher(  995): Property changed: init.svc.ppd=restarting
I/UpstartPropertyWatcher(  995): Property changed: init.svc.gsiff_daemon=restarting
I/UpstartPropertyWatcher(  995): Property changed: init.svc.quipc_main=restarting
I/UpstartPropertyWatcher(  995): Property changed: init.svc.quipc_igsn=restarting
I/ThermalEngine( 1045): Sensor:tsens_tz_sensor2:73000 mC
I/ThermalEngine( 1045): Sensor:tsens_tz_sensor5:75000 mC
I/ThermalEngine( 1045): Sensor:tsens_tz_sensor2:74000 mC
I/ThermalEngine( 1045): Sensor:tsens_tz_sensor5:73000 mC
I/ThermalEngine( 1045): Sensor:tsens_tz_sensor2:67000 mC
I/ThermalEngine( 1045): Sensor:tsens_tz_sensor5:67000 mC
I/ThermalEngine( 1045): Sensor:tsens_tz_sensor2:67000 mC
I/ThermalEngine( 1045): Sensor:tsens_tz_sensor5:67000 mC
E/QCALOG  ( 1085): [MessageQ] ProcessNewMessage: [XT-CS] unknown deliver target [OS-Agent]
E/QCALOG  ( 1085): [MessageQ] ProcessNewMessage: [XTWWAN-PE] unknown deliver target [OS-Agent]
E/QCALOG  ( 1085): [MessageQ] ProcessNewMessage: [XTWiFi-PE] unknown deliver target [OS-Agent]
I/ThermalEngine( 1045): Sensor:batt_temp:40600 mC
D/libEGL  ( 3244): loaded /vendor/lib/egl/libEGL_adreno.so
D/libEGL  ( 3244): loaded /vendor/lib/egl/libGLESv1_CM_adreno.so
D/libEGL  ( 3244): loaded /vendor/lib/egl/libGLESv2_adreno.so
I/ThermalEngine( 1045): Sensor:tsens_tz_sensor2:65000 mC
I/ThermalEngine( 1045): Sensor:tsens_tz_sensor5:65000 mC
I/ThermalEngine( 1045): Sensor:tsens_tz_sensor2:73000 mC
I/ThermalEngine( 1045): Sensor:tsens_tz_sensor5:69000 mC
I/ThermalEngine( 1045): Sensor:tsens_tz_sensor2:76000 mC
I/ThermalEngine( 1045): Sensor:tsens_tz_sensor5:71000 mC
I/ThermalEngine( 1045): Sensor:tsens_tz_sensor2:76000 mC
I/ThermalEngine( 1045): Sensor:tsens_tz_sensor5:72000 mC
I/ThermalEngine( 1045): Sensor:batt_temp:40700 mC
I/ThermalEngine( 1045): Sensor:tsens_tz_sensor2:76000 mC
I/ThermalEngine( 1045): Sensor:tsens_tz_sensor5:72000 mC
I/ThermalEngine( 1045): Sensor:tsens_tz_sensor2:77000 mC
I/ThermalEngine( 1045): Sensor:tsens_tz_sensor5:72000 mC
I/ThermalEngine( 1045): Sensor:tsens_tz_sensor2:71000 mC
I/ThermalEngine( 1045): Sensor:tsens_tz_sensor5:71000 mC
I/ThermalEngine( 1045): Sensor:tsens_tz_sensor2:66000 mC
I/ThermalEngine( 1045): Sensor:tsens_tz_sensor5:66000 mC
I/ThermalEngine( 1045): Sensor:batt_temp:40600 mC
I/ThermalEngine( 1045): Sensor:tsens_tz_sensor2:69000 mC
I/ThermalEngine( 1045): Sensor:tsens_tz_sensor5:67000 mC
D/libEGL  ( 3250): loaded /vendor/lib/egl/libEGL_adreno.so
D/libEGL  ( 3250): loaded /vendor/lib/egl/libGLESv1_CM_adreno.so
D/libEGL  ( 3250): loaded /vendor/lib/egl/libGLESv2_adreno.so
I/ThermalEngine( 1045): Sensor:tsens_tz_sensor2:69000 mC
I/ThermalEngine( 1045): Sensor:tsens_tz_sensor5:67000 mC
I/ThermalEngine( 1045): Sensor:tsens_tz_sensor2:71000 mC
I/ThermalEngine( 1045): Sensor:tsens_tz_sensor5:72000 mC
I/ThermalEngine( 1045): Sensor:tsens_tz_sensor2:72000 mC
I/ThermalEngine( 1045): Sensor:tsens_tz_sensor5:73000 mC
I/ThermalEngine( 1045): Sensor:batt_temp:40700 mC
I/ThermalEngine( 1045): Sensor:tsens_tz_sensor2:72000 mC
I/ThermalEngine( 1045): Sensor:tsens_tz_sensor5:74000 mC
I/ThermalEngine( 1045): Sensor:tsens_tz_sensor2:73000 mC
I/ThermalEngine( 1045): Sensor:tsens_tz_sensor5:72000 mC
I/ThermalEngine( 1045): Sensor:tsens_tz_sensor2:73000 mC
I/ThermalEngine( 1045): Sensor:tsens_tz_sensor5:72000 mC
I/ThermalEngine( 1045): Sensor:tsens_tz_sensor2:66000 mC
I/ThermalEngine( 1045): Sensor:tsens_tz_sensor5:66000 mC
I/ThermalEngine( 1045): Sensor:batt_temp:40600 mC
I/ThermalEngine( 1045): Sensor:tsens_tz_sensor2:64000 mC
I/ThermalEngine( 1045): Sensor:tsens_tz_sensor5:65000 mC
I/UpstartPropertyWatcher(  995): Property changed: init.svc.ppd=running
I/UpstartPropertyWatcher(  995): Property changed: init.svc.gsiff_daemon=running
I/UpstartPropertyWatcher(  995): Property changed: init.svc.quipc_igsn=running
I/UpstartPropertyWatcher(  995): Property changed: init.svc.quipc_main=running
I/UpstartPropertyWatcher(  995): Property changed: init.svc.xtwifi_inet=running
I/UpstartPropertyWatcher(  995): Property changed: init.svc.quipc_igsn=restarting
I/UpstartPropertyWatcher(  995): Property changed: init.svc.xtwifi_inet=restarting
I/UpstartPropertyWatcher(  995): Property changed: init.svc.gsiff_daemon=restarting
I/UpstartPropertyWatcher(  995): Property changed: init.svc.quipc_main=restarting
I/UpstartPropertyWatcher(  995): Property changed: init.svc.ppd=restarting
D/libEGL  ( 3256): loaded /vendor/lib/egl/libEGL_adreno.so
D/libEGL  ( 3256): loaded /vendor/lib/egl/libGLESv1_CM_adreno.so
D/libEGL  ( 3256): loaded /vendor/lib/egl/libGLESv2_adreno.so
I/ThermalEngine( 1045): Sensor:tsens_tz_sensor2:70000 mC
I/ThermalEngine( 1045): Sensor:tsens_tz_sensor5:71000 mC
I/ThermalEngine( 1045): Sensor:tsens_tz_sensor2:71000 mC
I/ThermalEngine( 1045): Sensor:tsens_tz_sensor5:73000 mC
E/QCALOG  ( 1085): [MessageQ] ProcessNewMessage: [XT-CS] unknown deliver target [OS-Agent]
E/QCALOG  ( 1085): [MessageQ] ProcessNewMessage: [XTWWAN-PE] unknown deliver target [OS-Agent]
E/QCALOG  ( 1085): [MessageQ] ProcessNewMessage: [XTWiFi-PE] unknown deliver target [OS-Agent]
I/ThermalEngine( 1045): Sensor:tsens_tz_sensor2:71000 mC
I/ThermalEngine( 1045): Sensor:tsens_tz_sensor5:73000 mC
I/ThermalEngine( 1045): Sensor:batt_temp:40700 mC
I/ThermalEngine( 1045): Sensor:tsens_tz_sensor2:72000 mC
I/ThermalEngine( 1045): Sensor:tsens_tz_sensor5:73000 mC
I/ThermalEngine( 1045): Sensor:tsens_tz_sensor2:72000 mC
I/ThermalEngine( 1045): Sensor:tsens_tz_sensor5:74000 mC
I/ThermalEngine( 1045): Sensor:tsens_tz_sensor2:69000 mC
I/ThermalEngine( 1045): Sensor:tsens_tz_sensor5:69000 mC
I/ThermalEngine( 1045): Sensor:tsens_tz_sensor2:65000 mC
I/ThermalEngine( 1045): Sensor:tsens_tz_sensor5:65000 mC
I/ThermalEngine( 1045): Sensor:batt_temp:40600 mC
I/ThermalEngine( 1045): Sensor:tsens_tz_sensor2:65000 mC
I/ThermalEngine( 1045): Sensor:tsens_tz_sensor5:65000 mC
D/libEGL  ( 3267): loaded /vendor/lib/egl/libEGL_adreno.so
D/libEGL  ( 3267): loaded /vendor/lib/egl/libGLESv1_CM_adreno.so
D/libEGL  ( 3267): loaded /vendor/lib/egl/libGLESv2_adreno.so
I/ThermalEngine( 1045): Sensor:tsens_tz_sensor2:66000 mC
I/ThermalEngine( 1045): Sensor:tsens_tz_sensor5:67000 mC
I/ThermalEngine( 1045): Sensor:tsens_tz_sensor2:69000 mC
I/ThermalEngine( 1045): Sensor:tsens_tz_sensor5:71000 mC
I/ThermalEngine( 1045): Sensor:tsens_tz_sensor2:70000 mC
I/ThermalEngine( 1045): Sensor:tsens_tz_sensor5:72000 mC
I/ThermalEngine( 1045): Sensor:batt_temp:40700 mC
I/ThermalEngine( 1045): Sensor:tsens_tz_sensor2:71000 mC
I/ThermalEngine( 1045): Sensor:tsens_tz_sensor5:73000 mC
I/ThermalEngine( 1045): Sensor:tsens_tz_sensor2:71000 mC
I/ThermalEngine( 1045): Sensor:tsens_tz_sensor5:73000 mC
I/ThermalEngine( 1045): Sensor:tsens_tz_sensor2:72000 mC
I/ThermalEngine( 1045): Sensor:tsens_tz_sensor5:72000 mC
I/ThermalEngine( 1045): Sensor:tsens_tz_sensor2:66000 mC
I/ThermalEngine( 1045): Sensor:tsens_tz_sensor5:66000 mC
I/ThermalEngine( 1045): Sensor:batt_temp:40600 mC
I/ThermalEngine( 1045): Sensor:tsens_tz_sensor2:66000 mC
I/ThermalEngine( 1045): Sensor:tsens_tz_sensor5:67000 mC
D/libEGL  ( 3273): loaded /vendor/lib/egl/libEGL_adreno.so
D/libEGL  ( 3273): loaded /vendor/lib/egl/libGLESv1_CM_adreno.so
D/libEGL  ( 3273): loaded /vendor/lib/egl/libGLESv2_adreno.so
I/ThermalEngine( 1045): Sensor:tsens_tz_sensor2:70000 mC
I/ThermalEngine( 1045): Sensor:tsens_tz_sensor5:71000 mC
I/ThermalEngine( 1045): Sensor:tsens_tz_sensor2:70000 mC
I/ThermalEngine( 1045): Sensor:tsens_tz_sensor5:71000 mC
I/ThermalEngine( 1045): Sensor:tsens_tz_sensor2:71000 mC
I/ThermalEngine( 1045): Sensor:tsens_tz_sensor5:73000 mC
I/ThermalEngine( 1045): Sensor:batt_temp:40800 mC
I/ThermalEngine( 1045): Sensor:tsens_tz_sensor2:72000 mC
I/ThermalEngine( 1045): Sensor:tsens_tz_sensor5:73000 mC
I/UpstartPropertyWatcher(  995): Property changed: init.svc.ppd=running
I/UpstartPropertyWatcher(  995): Property changed: init.svc.gsiff_daemon=running
I/UpstartPropertyWatcher(  995): Property changed: init.svc.quipc_igsn=running
I/UpstartPropertyWatcher(  995): Property changed: init.svc.quipc_main=running
I/UpstartPropertyWatcher(  995): Property changed: init.svc.xtwifi_inet=running
I/UpstartPropertyWatcher(  995): Property changed: init.svc.xtwifi_inet=restarting
I/UpstartPropertyWatcher(  995): Property changed: init.svc.gsiff_daemon=restarting
I/UpstartPropertyWatcher(  995): Property changed: init.svc.quipc_igsn=restarting
I/UpstartPropertyWatcher(  995): Property changed: init.svc.quipc_main=restarting
I/UpstartPropertyWatcher(  995): Property changed: init.svc.ppd=restarting
I/ThermalEngine( 1045): Sensor:tsens_tz_sensor2:72000 mC
I/ThermalEngine( 1045): Sensor:tsens_tz_sensor5:74000 mC
I/ThermalEngine( 1045): Sensor:tsens_tz_sensor2:68000 mC
I/ThermalEngine( 1045): Sensor:tsens_tz_sensor5:68000 mC
E/QCALOG  ( 1085): [MessageQ] ProcessNewMessage: [XT-CS] unknown deliver target [OS-Agent]
E/QCALOG  ( 1085): [MessageQ] ProcessNewMessage: [XTWWAN-PE] unknown deliver target [OS-Agent]
E/QCALOG  ( 1085): [MessageQ] ProcessNewMessage: [XTWiFi-PE] unknown deliver target [OS-Agent]
I/ThermalEngine( 1045): Sensor:tsens_tz_sensor2:68000 mC
I/ThermalEngine( 1045): Sensor:tsens_tz_sensor5:68000 mC
I/ThermalEngine( 1045): Sensor:batt_temp:40600 mC
I/ThermalEngine( 1045): Sensor:tsens_tz_sensor2:65000 mC
I/ThermalEngine( 1045): Sensor:tsens_tz_sensor5:65000 mC
D/libEGL  ( 3284): loaded /vendor/lib/egl/libEGL_adreno.so
D/libEGL  ( 3284): loaded /vendor/lib/egl/libGLESv1_CM_adreno.so
D/libEGL  ( 3284): loaded /vendor/lib/egl/libGLESv2_adreno.so
I/ThermalEngine( 1045): Sensor:tsens_tz_sensor2:66000 mC
I/ThermalEngine( 1045): Sensor:tsens_tz_sensor5:66000 mC
I/ThermalEngine( 1045): Sensor:tsens_tz_sensor2:69000 mC
I/ThermalEngine( 1045): Sensor:tsens_tz_sensor5:71000 mC
I/ThermalEngine( 1045): Sensor:tsens_tz_sensor2:70000 mC
I/ThermalEngine( 1045): Sensor:tsens_tz_sensor5:72000 mC
I/ThermalEngine( 1045): Sensor:batt_temp:40800 mC
I/ThermalEngine( 1045): Sensor:tsens_tz_sensor2:70000 mC
I/ThermalEngine( 1045): Sensor:tsens_tz_sensor5:72000 mC
I/ThermalEngine( 1045): Sensor:tsens_tz_sensor2:71000 mC
I/ThermalEngine( 1045): Sensor:tsens_tz_sensor5:73000 mC
I/ThermalEngine( 1045): Sensor:tsens_tz_sensor2:72000 mC
I/ThermalEngine( 1045): Sensor:tsens_tz_sensor5:73000 mC
I/ThermalEngine( 1045): Sensor:tsens_tz_sensor2:66000 mC
I/ThermalEngine( 1045): Sensor:tsens_tz_sensor5:66000 mC
I/ThermalEngine( 1045): Sensor:batt_temp:40600 mC
I/ThermalEngine( 1045): Sensor:tsens_tz_sensor2:64000 mC
I/ThermalEngine( 1045): Sensor:tsens_tz_sensor5:64000 mC
D/libEGL  ( 3290): loaded /vendor/lib/egl/libEGL_adreno.so
D/libEGL  ( 3290): loaded /vendor/lib/egl/libGLESv1_CM_adreno.so
D/libEGL  ( 3290): loaded /vendor/lib/egl/libGLESv2_adreno.so
I/ThermalEngine( 1045): Sensor:tsens_tz_sensor2:64000 mC
I/ThermalEngine( 1045): Sensor:tsens_tz_sensor5:64000 mC
I/ThermalEngine( 1045): Sensor:tsens_tz_sensor2:71000 mC
I/ThermalEngine( 1045): Sensor:tsens_tz_sensor5:69000 mC
I/ThermalEngine( 1045): Sensor:tsens_tz_sensor2:74000 mC
I/ThermalEngine( 1045): Sensor:tsens_tz_sensor5:70000 mC
I/ThermalEngine( 1045): Sensor:batt_temp:40800 mC
I/ThermalEngine( 1045): Sensor:tsens_tz_sensor2:75000 mC
I/ThermalEngine( 1045): Sensor:tsens_tz_sensor5:71000 mC
I/ThermalEngine( 1045): Sensor:tsens_tz_sensor2:76000 mC
I/ThermalEngine( 1045): Sensor:tsens_tz_sensor5:71000 mC
I/ThermalEngine( 1045): Sensor:tsens_tz_sensor2:76000 mC
I/ThermalEngine( 1045): Sensor:tsens_tz_sensor5:71000 mC
I/ThermalEngine( 1045): Sensor:tsens_tz_sensor2:69000 mC
I/ThermalEngine( 1045): Sensor:tsens_tz_sensor5:68000 mC
I/ThermalEngine( 1045): Sensor:batt_temp:40600 mC
I/ThermalEngine( 1045): Sensor:tsens_tz_sensor2:65000 mC
I/ThermalEngine( 1045): Sensor:tsens_tz_sensor5:65000 mC
I/ThermalEngine( 1045): Sensor:tsens_tz_sensor2:63000 mC
I/ThermalEngine( 1045): Sensor:tsens_tz_sensor5:64000 mC
I/UpstartPropertyWatcher(  995): Property changed: init.svc.ppd=running
I/UpstartPropertyWatcher(  995): Property changed: init.svc.gsiff_daemon=running
I/UpstartPropertyWatcher(  995): Property changed: init.svc.quipc_igsn=running
I/UpstartPropertyWatcher(  995): Property changed: init.svc.quipc_main=running
I/UpstartPropertyWatcher(  995): Property changed: init.svc.xtwifi_inet=running
I/UpstartPropertyWatcher(  995): Property changed: init.svc.gsiff_daemon=restarting
I/UpstartPropertyWatcher(  995): Property changed: init.svc.quipc_igsn=restarting
I/UpstartPropertyWatcher(  995): Property changed: init.svc.xtwifi_inet=restarting
I/UpstartPropertyWatcher(  995): Property changed: init.svc.ppd=restarting
I/UpstartPropertyWatcher(  995): Property changed: init.svc.quipc_main=restarting
D/libEGL  ( 3296): loaded /vendor/lib/egl/libEGL_adreno.so
D/libEGL  ( 3296): loaded /vendor/lib/egl/libGLESv1_CM_adreno.so
D/libEGL  ( 3296): loaded /vendor/lib/egl/libGLESv2_adreno.so
I/ThermalEngine( 1045): Sensor:tsens_tz_sensor2:70000 mC
I/ThermalEngine( 1045): Sensor:tsens_tz_sensor5:69000 mC
E/QCALOG  ( 1085): [MessageQ] ProcessNewMessage: [XT-CS] unknown deliver target [OS-Agent]
E/QCALOG  ( 1085): [MessageQ] ProcessNewMessage: [XTWWAN-PE] unknown deliver target [OS-Agent]
E/QCALOG  ( 1085): [MessageQ] ProcessNewMessage: [XTWiFi-PE] unknown deliver target [OS-Agent]
I/ThermalEngine( 1045): Sensor:tsens_tz_sensor2:70000 mC
I/ThermalEngine( 1045): Sensor:tsens_tz_sensor5:69000 mC
I/ThermalEngine( 1045): Sensor:batt_temp:40800 mC
I/ThermalEngine( 1045): Sensor:tsens_tz_sensor2:71000 mC
I/ThermalEngine( 1045): Sensor:tsens_tz_sensor5:70000 mC
I/ThermalEngine( 1045): Sensor:tsens_tz_sensor2:72000 mC
I/ThermalEngine( 1045): Sensor:tsens_tz_sensor5:71000 mC
I/ThermalEngine( 1045): Sensor:tsens_tz_sensor2:72000 mC
I/ThermalEngine( 1045): Sensor:tsens_tz_sensor5:71000 mC
I/ThermalEngine( 1045): Sensor:tsens_tz_sensor2:66000 mC
I/ThermalEngine( 1045): Sensor:tsens_tz_sensor5:66000 mC
I/ThermalEngine( 1045): Sensor:batt_temp:40600 mC
I/ThermalEngine( 1045): Sensor:tsens_tz_sensor2:66000 mC
I/ThermalEngine( 1045): Sensor:tsens_tz_sensor5:66000 mC
I/ThermalEngine( 1045): Sensor:tsens_tz_sensor2:64000 mC
I/ThermalEngine( 1045): Sensor:tsens_tz_sensor5:64000 mC
D/libEGL  ( 3307): loaded /vendor/lib/egl/libEGL_adreno.so
D/libEGL  ( 3307): loaded /vendor/lib/egl/libGLESv1_CM_adreno.so
D/libEGL  ( 3307): loaded /vendor/lib/egl/libGLESv2_adreno.so
I/ThermalEngine( 1045): Sensor:tsens_tz_sensor2:70000 mC
I/ThermalEngine( 1045): Sensor:tsens_tz_sensor5:67000 mC
I/ThermalEngine( 1045): Sensor:tsens_tz_sensor2:71000 mC
I/ThermalEngine( 1045): Sensor:tsens_tz_sensor5:69000 mC
I/ThermalEngine( 1045): Sensor:batt_temp:40800 mC
I/ThermalEngine( 1045): Sensor:tsens_tz_sensor2:72000 mC
I/ThermalEngine( 1045): Sensor:tsens_tz_sensor5:70000 mC
I/ThermalEngine( 1045): Sensor:tsens_tz_sensor2:72000 mC
I/ThermalEngine( 1045): Sensor:tsens_tz_sensor5:70000 mC
I/ThermalEngine( 1045): Sensor:tsens_tz_sensor2:72000 mC
I/ThermalEngine( 1045): Sensor:tsens_tz_sensor5:71000 mC
I/ThermalEngine( 1045): Sensor:tsens_tz_sensor2:71000 mC
I/ThermalEngine( 1045): Sensor:tsens_tz_sensor5:71000 mC
I/ThermalEngine( 1045): Sensor:batt_temp:40600 mC
I/ThermalEngine( 1045): Sensor:tsens_tz_sensor2:65000 mC
I/ThermalEngine( 1045): Sensor:tsens_tz_sensor5:65000 mC
I/ThermalEngine( 1045): Sensor:tsens_tz_sensor2:65000 mC
I/ThermalEngine( 1045): Sensor:tsens_tz_sensor5:65000 mC
D/libEGL  ( 3313): loaded /vendor/lib/egl/libEGL_adreno.so
D/libEGL  ( 3313): loaded /vendor/lib/egl/libGLESv1_CM_adreno.so
D/libEGL  ( 3313): loaded /vendor/lib/egl/libGLESv2_adreno.so
I/ThermalEngine( 1045): Sensor:tsens_tz_sensor2:65000 mC
I/ThermalEngine( 1045): Sensor:tsens_tz_sensor5:65000 mC
I/ThermalEngine( 1045): Sensor:tsens_tz_sensor2:70000 mC
I/ThermalEngine( 1045): Sensor:tsens_tz_sensor5:69000 mC
I/ThermalEngine( 1045): Sensor:batt_temp:40800 mC
I/ThermalEngine( 1045): Sensor:tsens_tz_sensor2:71000 mC
I/ThermalEngine( 1045): Sensor:tsens_tz_sensor5:70000 mC
I/ThermalEngine( 1045): Sensor:tsens_tz_sensor2:72000 mC
I/ThermalEngine( 1045): Sensor:tsens_tz_sensor5:71000 mC
I/UpstartPropertyWatcher(  995): Property changed: init.svc.ppd=running
I/UpstartPropertyWatcher(  995): Property changed: init.svc.gsiff_daemon=running
I/UpstartPropertyWatcher(  995): Property changed: init.svc.quipc_igsn=running
I/UpstartPropertyWatcher(  995): Property changed: init.svc.quipc_main=running
I/UpstartPropertyWatcher(  995): Property changed: init.svc.xtwifi_inet=running
I/UpstartPropertyWatcher(  995): Property changed: init.svc.xtwifi_inet=restarting
I/UpstartPropertyWatcher(  995): Property changed: init.svc.quipc_igsn=restarting
I/UpstartPropertyWatcher(  995): Property changed: init.svc.quipc_main=restarting
I/UpstartPropertyWatcher(  995): Property changed: init.svc.ppd=restarting
I/UpstartPropertyWatcher(  995): Property changed: init.svc.gsiff_daemon=restarting
I/ThermalEngine( 1045): Sensor:tsens_tz_sensor2:74000 mC
I/ThermalEngine( 1045): Sensor:tsens_tz_sensor5:74000 mC
E/QCALOG  ( 1085): [MessageQ] ProcessNewMessage: [XT-CS] unknown deliver target [OS-Agent]
E/QCALOG  ( 1085): [MessageQ] ProcessNewMessage: [XTWWAN-PE] unknown deliver target [OS-Agent]
E/QCALOG  ( 1085): [MessageQ] ProcessNewMessage: [XTWiFi-PE] unknown deliver target [OS-Agent]
I/ThermalEngine( 1045): Sensor:tsens_tz_sensor2:74000 mC
I/ThermalEngine( 1045): Sensor:tsens_tz_sensor5:74000 mC
I/ThermalEngine( 1045): Sensor:batt_temp:40600 mC
I/ThermalEngine( 1045): Sensor:tsens_tz_sensor2:67000 mC
I/ThermalEngine( 1045): Sensor:tsens_tz_sensor5:67000 mC
I/ThermalEngine( 1045): Sensor:tsens_tz_sensor2:64000 mC
I/ThermalEngine( 1045): Sensor:tsens_tz_sensor5:65000 mC
D/libEGL  ( 3324): loaded /vendor/lib/egl/libEGL_adreno.so
D/libEGL  ( 3324): loaded /vendor/lib/egl/libGLESv1_CM_adreno.so
D/libEGL  ( 3324): loaded /vendor/lib/egl/libGLESv2_adreno.so
I/ThermalEngine( 1045): Sensor:tsens_tz_sensor2:70000 mC
I/ThermalEngine( 1045): Sensor:tsens_tz_sensor5:67000 mC
I/ThermalEngine( 1045): Sensor:tsens_tz_sensor2:74000 mC
I/ThermalEngine( 1045): Sensor:tsens_tz_sensor5:70000 mC
I/ThermalEngine( 1045): Sensor:batt_temp:40800 mC
I/ThermalEngine( 1045): Sensor:tsens_tz_sensor2:74000 mC
I/ThermalEngine( 1045): Sensor:tsens_tz_sensor5:70000 mC
I/ThermalEngine( 1045): Sensor:tsens_tz_sensor2:75000 mC
I/ThermalEngine( 1045): Sensor:tsens_tz_sensor5:71000 mC
I/ThermalEngine( 1045): Sensor:tsens_tz_sensor2:76000 mC
I/ThermalEngine( 1045): Sensor:tsens_tz_sensor5:71000 mC
I/ThermalEngine( 1045): Sensor:tsens_tz_sensor2:72000 mC
I/ThermalEngine( 1045): Sensor:tsens_tz_sensor5:72000 mC
I/ThermalEngine( 1045): Sensor:batt_temp:40600 mC
I/ThermalEngine( 1045): Sensor:tsens_tz_sensor2:66000 mC
I/ThermalEngine( 1045): Sensor:tsens_tz_sensor5:66000 mC
I/ThermalEngine( 1045): Sensor:tsens_tz_sensor2:66000 mC
I/ThermalEngine( 1045): Sensor:tsens_tz_sensor5:66000 mC
D/libEGL  ( 3332): loaded /vendor/lib/egl/libEGL_adreno.so
D/libEGL  ( 3332): loaded /vendor/lib/egl/libGLESv1_CM_adreno.so
D/libEGL  ( 3332): loaded /vendor/lib/egl/libGLESv2_adreno.so
I/ThermalEngine( 1045): Sensor:tsens_tz_sensor2:64000 mC
I/ThermalEngine( 1045): Sensor:tsens_tz_sensor5:64000 mC
I/ThermalEngine( 1045): Sensor:tsens_tz_sensor2:73000 mC
I/ThermalEngine( 1045): Sensor:tsens_tz_sensor5:69000 mC
I/ThermalEngine( 1045): Sensor:batt_temp:40800 mC
I/ThermalEngine( 1045): Sensor:tsens_tz_sensor2:75000 mC
I/ThermalEngine( 1045): Sensor:tsens_tz_sensor5:70000 mC
I/ThermalEngine( 1045): Sensor:tsens_tz_sensor2:76000 mC
I/ThermalEngine( 1045): Sensor:tsens_tz_sensor5:71000 mC
I/ThermalEngine( 1045): Sensor:tsens_tz_sensor2:76000 mC
I/ThermalEngine( 1045): Sensor:tsens_tz_sensor5:71000 mC
I/ThermalEngine( 1045): Sensor:tsens_tz_sensor2:77000 mC
I/ThermalEngine( 1045): Sensor:tsens_tz_sensor5:72000 mC
I/ThermalEngine( 1045): Sensor:batt_temp:40600 mC
I/ThermalEngine( 1045): Sensor:tsens_tz_sensor2:68000 mC
I/ThermalEngine( 1045): Sensor:tsens_tz_sensor5:67000 mC
I/ThermalEngine( 1045): Sensor:tsens_tz_sensor2:65000 mC
I/ThermalEngine( 1045): Sensor:tsens_tz_sensor5:65000 mC
I/ThermalEngine( 1045): Sensor:tsens_tz_sensor2:66000 mC
I/ThermalEngine( 1045): Sensor:tsens_tz_sensor5:66000 mC
I/UpstartPropertyWatcher(  995): Property changed: init.svc.ppd=running
I/UpstartPropertyWatcher(  995): Property changed: init.svc.gsiff_daemon=running
I/UpstartPropertyWatcher(  995): Property changed: init.svc.quipc_igsn=running
I/UpstartPropertyWatcher(  995): Property changed: init.svc.quipc_main=running
I/UpstartPropertyWatcher(  995): Property changed: init.svc.xtwifi_inet=running
I/UpstartPropertyWatcher(  995): Property changed: init.svc.ppd=restarting
I/UpstartPropertyWatcher(  995): Property changed: init.svc.quipc_igsn=restarting
I/UpstartPropertyWatcher(  995): Property changed: init.svc.xtwifi_inet=restarting
I/UpstartPropertyWatcher(  995): Property changed: init.svc.quipc_main=restarting
I/UpstartPropertyWatcher(  995): Property changed: init.svc.gsiff_daemon=restarting
D/libEGL  ( 3338): loaded /vendor/lib/egl/libEGL_adreno.so
D/libEGL  ( 3338): loaded /vendor/lib/egl/libGLESv1_CM_adreno.so
D/libEGL  ( 3338): loaded /vendor/lib/egl/libGLESv2_adreno.so
E/QCALOG  ( 1085): [MessageQ] ProcessNewMessage: [XT-CS] unknown deliver target [OS-Agent]
E/QCALOG  ( 1085): [MessageQ] ProcessNewMessage: [XTWWAN-PE] unknown deliver target [OS-Agent]
E/QCALOG  ( 1085): [MessageQ] ProcessNewMessage: [XTWiFi-PE] unknown deliver target [OS-Agent]
I/ThermalEngine( 1045): Sensor:tsens_tz_sensor2:66000 mC
I/ThermalEngine( 1045): Sensor:tsens_tz_sensor5:66000 mC
I/ThermalEngine( 1045): Sensor:batt_temp:40800 mC
I/ThermalEngine( 1045): Sensor:tsens_tz_sensor2:71000 mC
I/ThermalEngine( 1045): Sensor:tsens_tz_sensor5:73000 mC
I/ThermalEngine( 1045): Sensor:tsens_tz_sensor2:72000 mC
I/ThermalEngine( 1045): Sensor:tsens_tz_sensor5:74000 mC
I/ThermalEngine( 1045): Sensor:tsens_tz_sensor2:73000 mC
I/ThermalEngine( 1045): Sensor:tsens_tz_sensor5:74000 mC
I/ThermalEngine( 1045): Sensor:tsens_tz_sensor2:73000 mC
I/ThermalEngine( 1045): Sensor:tsens_tz_sensor5:74000 mC
I/ThermalEngine( 1045): Sensor:batt_temp:40800 mC
I/ThermalEngine( 1045): Sensor:tsens_tz_sensor2:73000 mC
I/ThermalEngine( 1045): Sensor:tsens_tz_sensor5:74000 mC
I/ThermalEngine( 1045): Sensor:tsens_tz_sensor2:67000 mC
I/ThermalEngine( 1045): Sensor:tsens_tz_sensor5:67000 mC
I/ThermalEngine( 1045): Sensor:tsens_tz_sensor2:65000 mC
I/ThermalEngine( 1045): Sensor:tsens_tz_sensor5:65000 mC
D/libEGL  ( 3349): loaded /vendor/lib/egl/libEGL_adreno.so
D/libEGL  ( 3349): loaded /vendor/lib/egl/libGLESv1_CM_adreno.so
D/libEGL  ( 3349): loaded /vendor/lib/egl/libGLESv2_adreno.so
I/ThermalEngine( 1045): Sensor:tsens_tz_sensor2:70000 mC
I/ThermalEngine( 1045): Sensor:tsens_tz_sensor5:72000 mC
I/ThermalEngine( 1045): Sensor:batt_temp:40800 mC
I/ThermalEngine( 1045): Sensor:tsens_tz_sensor2:71000 mC
I/ThermalEngine( 1045): Sensor:tsens_tz_sensor5:73000 mC
I/ThermalEngine( 1045): Sensor:tsens_tz_sensor2:71000 mC
I/ThermalEngine( 1045): Sensor:tsens_tz_sensor5:73000 mC
I/ThermalEngine( 1045): Sensor:tsens_tz_sensor2:76000 mC
I/ThermalEngine( 1045): Sensor:tsens_tz_sensor5:74000 mC
I/ThermalEngine( 1045): Sensor:tsens_tz_sensor2:77000 mC
I/ThermalEngine( 1045): Sensor:tsens_tz_sensor5:75000 mC
I/ThermalEngine( 1045): Sensor:batt_temp:40800 mC
I/ThermalEngine( 1045): Sensor:tsens_tz_sensor2:75000 mC
I/ThermalEngine( 1045): Sensor:tsens_tz_sensor5:75000 mC
I/ThermalEngine( 1045): Sensor:tsens_tz_sensor2:74000 mC
I/ThermalEngine( 1045): Sensor:tsens_tz_sensor5:74000 mC
I/ThermalEngine( 1045): Sensor:tsens_tz_sensor2:74000 mC
I/ThermalEngine( 1045): Sensor:tsens_tz_sensor5:74000 mC
D/libEGL  ( 3360): loaded /vendor/lib/egl/libEGL_adreno.so
D/libEGL  ( 3360): loaded /vendor/lib/egl/libGLESv1_CM_adreno.so
D/libEGL  ( 3360): loaded /vendor/lib/egl/libGLESv2_adreno.so
I/ThermalEngine( 1045): Sensor:tsens_tz_sensor2:77000 mC
I/ThermalEngine( 1045): Sensor:tsens_tz_sensor5:75000 mC
I/ThermalEngine( 1045): Sensor:batt_temp:40900 mC
I/ThermalEngine( 1045): Sensor:tsens_tz_sensor2:75000 mC
I/ThermalEngine( 1045): Sensor:tsens_tz_sensor5:76000 mC
I/ThermalEngine( 1045): Sensor:tsens_tz_sensor2:76000 mC
I/ThermalEngine( 1045): Sensor:tsens_tz_sensor5:77000 mC
I/ThermalEngine( 1045): Sensor:tsens_tz_sensor2:81000 mC
I/ThermalEngine( 1045): Sensor:tsens_tz_sensor5:79000 mC
I/UpstartPropertyWatcher(  995): Property changed: init.svc.ppd=running
I/UpstartPropertyWatcher(  995): Property changed: init.svc.gsiff_daemon=running
I/UpstartPropertyWatcher(  995): Property changed: init.svc.quipc_igsn=running
I/UpstartPropertyWatcher(  995): Property changed: init.svc.quipc_main=running
I/UpstartPropertyWatcher(  995): Property changed: init.svc.quipc_igsn=restarting
I/UpstartPropertyWatcher(  995): Property changed: init.svc.xtwifi_inet=running
I/UpstartPropertyWatcher(  995): Property changed: init.svc.xtwifi_inet=restarting
I/UpstartPropertyWatcher(  995): Property changed: init.svc.ppd=restarting
I/UpstartPropertyWatcher(  995): Property changed: init.svc.quipc_main=restarting
I/UpstartPropertyWatcher(  995): Property changed: init.svc.gsiff_daemon=restarting
E/QCALOG  ( 1085): [MessageQ] ProcessNewMessage: [XT-CS] unknown deliver target [OS-Agent]
E/QCALOG  ( 1085): [MessageQ] ProcessNewMessage: [XTWWAN-PE] unknown deliver target [OS-Agent]
E/QCALOG  ( 1085): [MessageQ] ProcessNewMessage: [XTWiFi-PE] unknown deliver target [OS-Agent]
I/ThermalEngine( 1045): Sensor:tsens_tz_sensor2:81000 mC
I/ThermalEngine( 1045): Sensor:tsens_tz_sensor5:79000 mC
I/ThermalEngine( 1045): Sensor:batt_temp:40900 mC
I/ThermalEngine( 1045): Sensor:tsens_tz_sensor2:77000 mC
I/ThermalEngine( 1045): Sensor:tsens_tz_sensor5:78000 mC
I/ThermalEngine( 1045): Sensor:tsens_tz_sensor2:70000 mC
I/ThermalEngine( 1045): Sensor:tsens_tz_sensor5:69000 mC
I/ThermalEngine( 1045): Sensor:tsens_tz_sensor2:67000 mC
I/ThermalEngine( 1045): Sensor:tsens_tz_sensor5:67000 mC
D/libEGL  ( 3371): loaded /vendor/lib/egl/libEGL_adreno.so
D/libEGL  ( 3371): loaded /vendor/lib/egl/libGLESv1_CM_adreno.so
D/libEGL  ( 3371): loaded /vendor/lib/egl/libGLESv2_adreno.so
I/ThermalEngine( 1045): Sensor:tsens_tz_sensor2:67000 mC
I/ThermalEngine( 1045): Sensor:tsens_tz_sensor5:67000 mC
I/ThermalEngine( 1045): Sensor:batt_temp:40900 mC
I/ThermalEngine( 1045): Sensor:tsens_tz_sensor2:72000 mC
I/ThermalEngine( 1045): Sensor:tsens_tz_sensor5:71000 mC
I/ThermalEngine( 1045): Sensor:tsens_tz_sensor2:74000 mC
I/ThermalEngine( 1045): Sensor:tsens_tz_sensor5:72000 mC
I/ThermalEngine( 1045): Sensor:tsens_tz_sensor2:74000 mC
I/ThermalEngine( 1045): Sensor:tsens_tz_sensor5:73000 mC
I/ThermalEngine( 1045): Sensor:tsens_tz_sensor2:75000 mC
I/ThermalEngine( 1045): Sensor:tsens_tz_sensor5:73000 mC
I/ThermalEngine( 1045): Sensor:batt_temp:40800 mC
I/ThermalEngine( 1045): Sensor:tsens_tz_sensor2:75000 mC
I/ThermalEngine( 1045): Sensor:tsens_tz_sensor5:73000 mC
I/ThermalEngine( 1045): Sensor:tsens_tz_sensor2:68000 mC
I/ThermalEngine( 1045): Sensor:tsens_tz_sensor5:68000 mC
I/ThermalEngine( 1045): Sensor:tsens_tz_sensor2:66000 mC
I/ThermalEngine( 1045): Sensor:tsens_tz_sensor5:66000 mC
D/libEGL  ( 3377): loaded /vendor/lib/egl/libEGL_adreno.so
D/libEGL  ( 3377): loaded /vendor/lib/egl/libGLESv1_CM_adreno.so
D/libEGL  ( 3377): loaded /vendor/lib/egl/libGLESv2_adreno.so
I/ThermalEngine( 1045): Sensor:tsens_tz_sensor2:70000 mC
I/ThermalEngine( 1045): Sensor:tsens_tz_sensor5:68000 mC
I/ThermalEngine( 1045): Sensor:batt_temp:40900 mC
I/ThermalEngine( 1045): Sensor:tsens_tz_sensor2:71000 mC
I/ThermalEngine( 1045): Sensor:tsens_tz_sensor5:72000 mC
I/ThermalEngine( 1045): Sensor:tsens_tz_sensor2:71000 mC
I/ThermalEngine( 1045): Sensor:tsens_tz_sensor5:72000 mC
I/ThermalEngine( 1045): Sensor:tsens_tz_sensor2:72000 mC
I/ThermalEngine( 1045): Sensor:tsens_tz_sensor5:73000 mC
I/ThermalEngine( 1045): Sensor:tsens_tz_sensor2:72000 mC
I/ThermalEngine( 1045): Sensor:tsens_tz_sensor5:74000 mC
I/ThermalEngine( 1045): Sensor:batt_temp:40800 mC
I/ThermalEngine( 1045): Sensor:tsens_tz_sensor2:73000 mC
I/ThermalEngine( 1045): Sensor:tsens_tz_sensor5:73000 mC
I/ThermalEngine( 1045): Sensor:tsens_tz_sensor2:66000 mC
I/ThermalEngine( 1045): Sensor:tsens_tz_sensor5:66000 mC
E/QCALOG  ( 1085): [MessageQ] ProcessNewMessage: [LOWI-SERVER] unknown deliver target [OS-Agent]
I/ThermalEngine( 1045): Sensor:tsens_tz_sensor2:66000 mC
I/ThermalEngine( 1045): Sensor:tsens_tz_sensor5:66000 mC
E/QCALOG  ( 1085): [MessageQ] ProcessNewMessage: [XT-CS] unknown deliver target [OS-Agent]
E/QCALOG  ( 1085): [MessageQ] ProcessNewMessage: [XTWWAN-PE] unknown deliver target [OS-Agent]
E/QCALOG  ( 1085): [MessageQ] ProcessNewMessage: [XTWiFi-PE] unknown deliver target [OS-Agent]
I/UpstartPropertyWatcher(  995): Property changed: init.svc.ppd=running
I/UpstartPropertyWatcher(  995): Property changed: init.svc.gsiff_daemon=running
I/UpstartPropertyWatcher(  995): Property changed: init.svc.quipc_igsn=running
I/UpstartPropertyWatcher(  995): Property changed: init.svc.quipc_main=running
I/UpstartPropertyWatcher(  995): Property changed: init.svc.xtwifi_inet=running
I/UpstartPropertyWatcher(  995): Property changed: init.svc.xtwifi_inet=restarting
I/UpstartPropertyWatcher(  995): Property changed: init.svc.quipc_igsn=restarting
D/libEGL  ( 3383): loaded /vendor/lib/egl/libEGL_adreno.so
I/UpstartPropertyWatcher(  995): Property changed: init.svc.ppd=restarting
D/libEGL  ( 3383): loaded /vendor/lib/egl/libGLESv1_CM_adreno.so
I/UpstartPropertyWatcher(  995): Property changed: init.svc.quipc_main=restarting
D/libEGL  ( 3383): loaded /vendor/lib/egl/libGLESv2_adreno.so
I/UpstartPropertyWatcher(  995): Property changed: init.svc.gsiff_daemon=restarting
I/ThermalEngine( 1045): Sensor:tsens_tz_sensor2:64000 mC
I/ThermalEngine( 1045): Sensor:tsens_tz_sensor5:65000 mC
I/ThermalEngine( 1045): Sensor:batt_temp:40900 mC
I/ThermalEngine( 1045): Sensor:tsens_tz_sensor2:70000 mC
I/ThermalEngine( 1045): Sensor:tsens_tz_sensor5:72000 mC
I/ThermalEngine( 1045): Sensor:tsens_tz_sensor2:72000 mC
I/ThermalEngine( 1045): Sensor:tsens_tz_sensor5:73000 mC
I/ThermalEngine( 1045): Sensor:tsens_tz_sensor2:72000 mC
I/ThermalEngine( 1045): Sensor:tsens_tz_sensor5:74000 mC
I/ThermalEngine( 1045): Sensor:tsens_tz_sensor2:72000 mC
I/ThermalEngine( 1045): Sensor:tsens_tz_sensor5:74000 mC
I/ThermalEngine( 1045): Sensor:batt_temp:40800 mC
I/ThermalEngine( 1045): Sensor:tsens_tz_sensor2:73000 mC
I/ThermalEngine( 1045): Sensor:tsens_tz_sensor5:74000 mC
I/ThermalEngine( 1045): Sensor:tsens_tz_sensor2:69000 mC
I/ThermalEngine( 1045): Sensor:tsens_tz_sensor5:68000 mC
I/ThermalEngine( 1045): Sensor:tsens_tz_sensor2:65000 mC
I/ThermalEngine( 1045): Sensor:tsens_tz_sensor5:65000 mC
I/ThermalEngine( 1045): Sensor:tsens_tz_sensor2:67000 mC
I/ThermalEngine( 1045): Sensor:tsens_tz_sensor5:68000 mC
D/libEGL  ( 3394): loaded /vendor/lib/egl/libEGL_adreno.so
D/libEGL  ( 3394): loaded /vendor/lib/egl/libGLESv1_CM_adreno.so
D/libEGL  ( 3394): loaded /vendor/lib/egl/libGLESv2_adreno.so
I/ThermalEngine( 1045): Sensor:batt_temp:40900 mC
I/ThermalEngine( 1045): Sensor:tsens_tz_sensor2:67000 mC
I/ThermalEngine( 1045): Sensor:tsens_tz_sensor5:68000 mC
I/ThermalEngine( 1045): Sensor:tsens_tz_sensor2:70000 mC
I/ThermalEngine( 1045): Sensor:tsens_tz_sensor5:72000 mC
I/ThermalEngine( 1045): Sensor:tsens_tz_sensor2:71000 mC
I/ThermalEngine( 1045): Sensor:tsens_tz_sensor5:73000 mC
I/ThermalEngine( 1045): Sensor:tsens_tz_sensor2:72000 mC
I/ThermalEngine( 1045): Sensor:tsens_tz_sensor5:73000 mC
I/ThermalEngine( 1045): Sensor:batt_temp:40900 mC
I/ThermalEngine( 1045): Sensor:tsens_tz_sensor2:72000 mC
I/ThermalEngine( 1045): Sensor:tsens_tz_sensor5:72000 mC
I/ThermalEngine( 1045): Sensor:tsens_tz_sensor2:72000 mC
I/ThermalEngine( 1045): Sensor:tsens_tz_sensor5:72000 mC
I/ThermalEngine( 1045): Sensor:tsens_tz_sensor2:69000 mC
I/ThermalEngine( 1045): Sensor:tsens_tz_sensor5:68000 mC
I/ThermalEngine( 1045): Sensor:tsens_tz_sensor2:65000 mC
I/ThermalEngine( 1045): Sensor:tsens_tz_sensor5:65000 mC
D/libEGL  ( 3400): loaded /vendor/lib/egl/libEGL_adreno.so
D/libEGL  ( 3400): loaded /vendor/lib/egl/libGLESv1_CM_adreno.so
D/libEGL  ( 3400): loaded /vendor/lib/egl/libGLESv2_adreno.so
I/ThermalEngine( 1045): Sensor:batt_temp:40900 mC
I/ThermalEngine( 1045): Sensor:tsens_tz_sensor2:69000 mC
I/ThermalEngine( 1045): Sensor:tsens_tz_sensor5:71000 mC
I/ThermalEngine( 1045): Sensor:tsens_tz_sensor2:71000 mC
I/ThermalEngine( 1045): Sensor:tsens_tz_sensor5:73000 mC
I/ThermalEngine( 1045): Sensor:tsens_tz_sensor2:71000 mC
I/ThermalEngine( 1045): Sensor:tsens_tz_sensor5:73000 mC
E/QCALOG  ( 1085): [MessageQ] ProcessNewMessage: [XT-CS] unknown deliver target [OS-Agent]
E/QCALOG  ( 1085): [MessageQ] ProcessNewMessage: [XTWWAN-PE] unknown deliver target [OS-Agent]
E/QCALOG  ( 1085): [MessageQ] ProcessNewMessage: [XTWiFi-PE] unknown deliver target [OS-Agent]
I/ThermalEngine( 1045): Sensor:tsens_tz_sensor2:72000 mC
I/ThermalEngine( 1045): Sensor:tsens_tz_sensor5:74000 mC
I/UpstartPropertyWatcher(  995): Property changed: init.svc.ppd=running
I/UpstartPropertyWatcher(  995): Property changed: init.svc.gsiff_daemon=running
I/UpstartPropertyWatcher(  995): Property changed: init.svc.quipc_igsn=running
I/UpstartPropertyWatcher(  995): Property changed: init.svc.quipc_main=running
I/UpstartPropertyWatcher(  995): Property changed: init.svc.xtwifi_inet=running
I/UpstartPropertyWatcher(  995): Property changed: init.svc.xtwifi_inet=restarting
I/UpstartPropertyWatcher(  995): Property changed: init.svc.quipc_igsn=restarting
I/UpstartPropertyWatcher(  995): Property changed: init.svc.ppd=restarting
I/UpstartPropertyWatcher(  995): Property changed: init.svc.gsiff_daemon=restarting
I/UpstartPropertyWatcher(  995): Property changed: init.svc.quipc_main=restarting
I/ThermalEngine( 1045): Sensor:batt_temp:40900 mC
I/ThermalEngine( 1045): Sensor:tsens_tz_sensor2:74000 mC
I/ThermalEngine( 1045): Sensor:tsens_tz_sensor5:74000 mC
I/ThermalEngine( 1045): Sensor:tsens_tz_sensor2:69000 mC
I/ThermalEngine( 1045): Sensor:tsens_tz_sensor5:69000 mC
I/ThermalEngine( 1045): Sensor:tsens_tz_sensor2:65000 mC
I/ThermalEngine( 1045): Sensor:tsens_tz_sensor5:65000 mC
I/ThermalEngine( 1045): Sensor:tsens_tz_sensor2:65000 mC
I/ThermalEngine( 1045): Sensor:tsens_tz_sensor5:65000 mC
D/libEGL  ( 3411): loaded /vendor/lib/egl/libEGL_adreno.so
D/libEGL  ( 3411): loaded /vendor/lib/egl/libGLESv1_CM_adreno.so
D/libEGL  ( 3411): loaded /vendor/lib/egl/libGLESv2_adreno.so
I/ThermalEngine( 1045): Sensor:batt_temp:40900 mC
I/ThermalEngine( 1045): Sensor:tsens_tz_sensor2:67000 mC
I/ThermalEngine( 1045): Sensor:tsens_tz_sensor5:68000 mC
I/ThermalEngine( 1045): Sensor:tsens_tz_sensor2:70000 mC
I/ThermalEngine( 1045): Sensor:tsens_tz_sensor5:71000 mC
I/ThermalEngine( 1045): Sensor:tsens_tz_sensor2:71000 mC
I/ThermalEngine( 1045): Sensor:tsens_tz_sensor5:72000 mC
I/ThermalEngine( 1045): Sensor:tsens_tz_sensor2:71000 mC
I/ThermalEngine( 1045): Sensor:tsens_tz_sensor5:73000 mC
I/ThermalEngine( 1045): Sensor:batt_temp:40900 mC
I/ThermalEngine( 1045): Sensor:tsens_tz_sensor2:71000 mC
I/ThermalEngine( 1045): Sensor:tsens_tz_sensor5:73000 mC
I/ThermalEngine( 1045): Sensor:tsens_tz_sensor2:73000 mC
I/ThermalEngine( 1045): Sensor:tsens_tz_sensor5:72000 mC
I/ThermalEngine( 1045): Sensor:tsens_tz_sensor2:66000 mC
I/ThermalEngine( 1045): Sensor:tsens_tz_sensor5:66000 mC
I/ThermalEngine( 1045): Sensor:tsens_tz_sensor2:64000 mC
I/ThermalEngine( 1045): Sensor:tsens_tz_sensor5:64000 mC
D/libEGL  ( 3417): loaded /vendor/lib/egl/libEGL_adreno.so
D/libEGL  ( 3417): loaded /vendor/lib/egl/libGLESv1_CM_adreno.so
D/libEGL  ( 3417): loaded /vendor/lib/egl/libGLESv2_adreno.so
I/ThermalEngine( 1045): Sensor:batt_temp:41000 mC
I/ThermalEngine( 1045): Sensor:tsens_tz_sensor2:69000 mC
I/ThermalEngine( 1045): Sensor:tsens_tz_sensor5:70000 mC
I/ThermalEngine( 1045): Sensor:tsens_tz_sensor2:69000 mC
I/ThermalEngine( 1045): Sensor:tsens_tz_sensor5:70000 mC
I/ThermalEngine( 1045): Sensor:tsens_tz_sensor2:71000 mC
I/ThermalEngine( 1045): Sensor:tsens_tz_sensor5:72000 mC
I/ThermalEngine( 1045): Sensor:tsens_tz_sensor2:72000 mC
I/ThermalEngine( 1045): Sensor:tsens_tz_sensor5:73000 mC
I/UpstartPropertyWatcher(  995): Property changed: init.svc.ppd=running
I/UpstartPropertyWatcher(  995): Property changed: init.svc.gsiff_daemon=running
I/UpstartPropertyWatcher(  995): Property changed: init.svc.quipc_igsn=running
I/UpstartPropertyWatcher(  995): Property changed: init.svc.quipc_main=running
I/UpstartPropertyWatcher(  995): Property changed: init.svc.xtwifi_inet=running
I/UpstartPropertyWatcher(  995): Property changed: init.svc.quipc_igsn=restarting
I/ThermalEngine( 1045): Sensor:batt_temp:41100 mC
I/UpstartPropertyWatcher(  995): Property changed: init.svc.xtwifi_inet=restarting
I/UpstartPropertyWatcher(  995): Property changed: init.svc.quipc_main=restarting
I/UpstartPropertyWatcher(  995): Property changed: init.svc.ppd=restarting
I/UpstartPropertyWatcher(  995): Property changed: init.svc.gsiff_daemon=restarting
I/ThermalEngine( 1045): Sensor:tsens_tz_sensor2:72000 mC
I/ThermalEngine( 1045): Sensor:tsens_tz_sensor5:74000 mC
I/ThermalEngine( 1045): Sensor:tsens_tz_sensor2:69000 mC
I/ThermalEngine( 1045): Sensor:tsens_tz_sensor5:69000 mC
I/ThermalEngine( 1045): Sensor:tsens_tz_sensor2:69000 mC
I/ThermalEngine( 1045): Sensor:tsens_tz_sensor5:69000 mC
E/QCALOG  ( 1085): [MessageQ] ProcessNewMessage: [XT-CS] unknown deliver target [OS-Agent]
E/QCALOG  ( 1085): [MessageQ] ProcessNewMessage: [XTWWAN-PE] unknown deliver target [OS-Agent]
E/QCALOG  ( 1085): [MessageQ] ProcessNewMessage: [XTWiFi-PE] unknown deliver target [OS-Agent]
I/ThermalEngine( 1045): Sensor:tsens_tz_sensor2:65000 mC
I/ThermalEngine( 1045): Sensor:tsens_tz_sensor5:65000 mC
I/ThermalEngine( 1045): Sensor:batt_temp:40900 mC
D/libEGL  ( 3428): loaded /vendor/lib/egl/libEGL_adreno.so
D/libEGL  ( 3428): loaded /vendor/lib/egl/libGLESv1_CM_adreno.so
D/libEGL  ( 3428): loaded /vendor/lib/egl/libGLESv2_adreno.so
I/ThermalEngine( 1045): Sensor:tsens_tz_sensor2:64000 mC
I/ThermalEngine( 1045): Sensor:tsens_tz_sensor5:64000 mC
I/ThermalEngine( 1045): Sensor:tsens_tz_sensor2:70000 mC
I/ThermalEngine( 1045): Sensor:tsens_tz_sensor5:69000 mC
I/ThermalEngine( 1045): Sensor:tsens_tz_sensor2:72000 mC
I/ThermalEngine( 1045): Sensor:tsens_tz_sensor5:71000 mC
I/ThermalEngine( 1045): Sensor:tsens_tz_sensor2:72000 mC
I/ThermalEngine( 1045): Sensor:tsens_tz_sensor5:71000 mC
I/ThermalEngine( 1045): Sensor:batt_temp:41000 mC
I/ThermalEngine( 1045): Sensor:tsens_tz_sensor2:73000 mC
I/ThermalEngine( 1045): Sensor:tsens_tz_sensor5:71000 mC
I/ThermalEngine( 1045): Sensor:tsens_tz_sensor2:73000 mC
I/ThermalEngine( 1045): Sensor:tsens_tz_sensor5:72000 mC
I/ThermalEngine( 1045): Sensor:tsens_tz_sensor2:66000 mC
I/ThermalEngine( 1045): Sensor:tsens_tz_sensor5:66000 mC
I/ThermalEngine( 1045): Sensor:tsens_tz_sensor2:64000 mC
I/ThermalEngine( 1045): Sensor:tsens_tz_sensor5:64000 mC
I/ThermalEngine( 1045): Sensor:batt_temp:40900 mC
D/libEGL  ( 3434): loaded /vendor/lib/egl/libEGL_adreno.so
D/libEGL  ( 3434): loaded /vendor/lib/egl/libGLESv1_CM_adreno.so
D/libEGL  ( 3434): loaded /vendor/lib/egl/libGLESv2_adreno.so
I/ThermalEngine( 1045): Sensor:tsens_tz_sensor2:64000 mC
I/ThermalEngine( 1045): Sensor:tsens_tz_sensor5:64000 mC
I/ThermalEngine( 1045): Sensor:tsens_tz_sensor2:69000 mC
I/ThermalEngine( 1045): Sensor:tsens_tz_sensor5:69000 mC
I/ThermalEngine( 1045): Sensor:tsens_tz_sensor2:70000 mC
I/ThermalEngine( 1045): Sensor:tsens_tz_sensor5:72000 mC
I/ThermalEngine( 1045): Sensor:tsens_tz_sensor2:71000 mC
I/ThermalEngine( 1045): Sensor:tsens_tz_sensor5:73000 mC
I/ThermalEngine( 1045): Sensor:batt_temp:41000 mC
I/ThermalEngine( 1045): Sensor:tsens_tz_sensor2:72000 mC
I/ThermalEngine( 1045): Sensor:tsens_tz_sensor5:74000 mC
I/ThermalEngine( 1045): Sensor:tsens_tz_sensor2:72000 mC
I/ThermalEngine( 1045): Sensor:tsens_tz_sensor5:74000 mC
I/ThermalEngine( 1045): Sensor:tsens_tz_sensor2:71000 mC
I/ThermalEngine( 1045): Sensor:tsens_tz_sensor5:71000 mC
I/ThermalEngine( 1045): Sensor:tsens_tz_sensor2:66000 mC
I/ThermalEngine( 1045): Sensor:tsens_tz_sensor5:66000 mC
I/ThermalEngine( 1045): Sensor:batt_temp:40900 mC
I/ThermalEngine( 1045): Sensor:tsens_tz_sensor2:64000 mC
I/ThermalEngine( 1045): Sensor:tsens_tz_sensor5:64000 mC
I/UpstartPropertyWatcher(  995): Property changed: init.svc.ppd=running
I/UpstartPropertyWatcher(  995): Property changed: init.svc.gsiff_daemon=running
I/UpstartPropertyWatcher(  995): Property changed: init.svc.quipc_igsn=running
I/UpstartPropertyWatcher(  995): Property changed: init.svc.quipc_main=running
I/UpstartPropertyWatcher(  995): Property changed: init.svc.xtwifi_inet=running
I/UpstartPropertyWatcher(  995): Property changed: init.svc.ppd=restarting
I/UpstartPropertyWatcher(  995): Property changed: init.svc.quipc_igsn=restarting
I/UpstartPropertyWatcher(  995): Property changed: init.svc.xtwifi_inet=restarting
I/UpstartPropertyWatcher(  995): Property changed: init.svc.gsiff_daemon=restarting
D/libEGL  ( 3440): loaded /vendor/lib/egl/libEGL_adreno.so
D/libEGL  ( 3440): loaded /vendor/lib/egl/libGLESv1_CM_adreno.so
I/UpstartPropertyWatcher(  995): Property changed: init.svc.quipc_main=restarting
D/libEGL  ( 3440): loaded /vendor/lib/egl/libGLESv2_adreno.so
I/ThermalEngine( 1045): Sensor:tsens_tz_sensor2:71000 mC
I/ThermalEngine( 1045): Sensor:tsens_tz_sensor5:70000 mC
I/ThermalEngine( 1045): Sensor:tsens_tz_sensor2:71000 mC
I/ThermalEngine( 1045): Sensor:tsens_tz_sensor5:70000 mC
E/QCALOG  ( 1085): [MessageQ] ProcessNewMessage: [XT-CS] unknown deliver target [OS-Agent]
E/QCALOG  ( 1085): [MessageQ] ProcessNewMessage: [XTWWAN-PE] unknown deliver target [OS-Agent]
E/QCALOG  ( 1085): [MessageQ] ProcessNewMessage: [XTWiFi-PE] unknown deliver target [OS-Agent]
I/ThermalEngine( 1045): Sensor:tsens_tz_sensor2:72000 mC
I/ThermalEngine( 1045): Sensor:tsens_tz_sensor5:71000 mC
I/ThermalEngine( 1045): Sensor:batt_temp:41000 mC
I/ThermalEngine( 1045): Sensor:tsens_tz_sensor2:73000 mC
I/ThermalEngine( 1045): Sensor:tsens_tz_sensor5:71000 mC
I/ThermalEngine( 1045): Sensor:tsens_tz_sensor2:73000 mC
I/ThermalEngine( 1045): Sensor:tsens_tz_sensor5:73000 mC
I/ThermalEngine( 1045): Sensor:tsens_tz_sensor2:67000 mC
I/ThermalEngine( 1045): Sensor:tsens_tz_sensor5:66000 mC
I/ThermalEngine( 1045): Sensor:tsens_tz_sensor2:67000 mC
I/ThermalEngine( 1045): Sensor:tsens_tz_sensor5:66000 mC
I/ThermalEngine( 1045): Sensor:batt_temp:40800 mC
I/ThermalEngine( 1045): Sensor:tsens_tz_sensor2:64000 mC
I/ThermalEngine( 1045): Sensor:tsens_tz_sensor5:65000 mC
D/libEGL  ( 3451): loaded /vendor/lib/egl/libEGL_adreno.so
D/libEGL  ( 3451): loaded /vendor/lib/egl/libGLESv1_CM_adreno.so
D/libEGL  ( 3451): loaded /vendor/lib/egl/libGLESv2_adreno.so
I/ThermalEngine( 1045): Sensor:tsens_tz_sensor2:72000 mC
I/ThermalEngine( 1045): Sensor:tsens_tz_sensor5:68000 mC
I/ThermalEngine( 1045): Sensor:tsens_tz_sensor2:75000 mC
I/ThermalEngine( 1045): Sensor:tsens_tz_sensor5:70000 mC
I/ThermalEngine( 1045): Sensor:tsens_tz_sensor2:76000 mC
I/ThermalEngine( 1045): Sensor:tsens_tz_sensor5:71000 mC
I/ThermalEngine( 1045): Sensor:batt_temp:41000 mC
I/ThermalEngine( 1045): Sensor:tsens_tz_sensor2:76000 mC
I/ThermalEngine( 1045): Sensor:tsens_tz_sensor5:71000 mC
I/ThermalEngine( 1045): Sensor:tsens_tz_sensor2:76000 mC
I/ThermalEngine( 1045): Sensor:tsens_tz_sensor5:72000 mC
I/ThermalEngine( 1045): Sensor:tsens_tz_sensor2:70000 mC
I/ThermalEngine( 1045): Sensor:tsens_tz_sensor5:69000 mC
I/ThermalEngine( 1045): Sensor:tsens_tz_sensor2:65000 mC
I/ThermalEngine( 1045): Sensor:tsens_tz_sensor5:65000 mC
I/ThermalEngine( 1045): Sensor:batt_temp:40800 mC
I/ThermalEngine( 1045): Sensor:tsens_tz_sensor2:64000 mC
I/ThermalEngine( 1045): Sensor:tsens_tz_sensor5:64000 mC
D/libEGL  ( 3457): loaded /vendor/lib/egl/libEGL_adreno.so
D/libEGL  ( 3457): loaded /vendor/lib/egl/libGLESv1_CM_adreno.so
D/libEGL  ( 3457): loaded /vendor/lib/egl/libGLESv2_adreno.so
I/ThermalEngine( 1045): Sensor:tsens_tz_sensor2:64000 mC
I/ThermalEngine( 1045): Sensor:tsens_tz_sensor5:64000 mC
I/ThermalEngine( 1045): Sensor:tsens_tz_sensor2:70000 mC
I/ThermalEngine( 1045): Sensor:tsens_tz_sensor5:69000 mC
I/ThermalEngine( 1045): Sensor:tsens_tz_sensor2:72000 mC
I/ThermalEngine( 1045): Sensor:tsens_tz_sensor5:71000 mC
I/ThermalEngine( 1045): Sensor:batt_temp:41000 mC
I/ThermalEngine( 1045): Sensor:tsens_tz_sensor2:72000 mC
I/ThermalEngine( 1045): Sensor:tsens_tz_sensor5:71000 mC
I/UpstartPropertyWatcher(  995): Property changed: init.svc.ppd=running
I/UpstartPropertyWatcher(  995): Property changed: init.svc.gsiff_daemon=running
I/UpstartPropertyWatcher(  995): Property changed: init.svc.quipc_igsn=running
I/UpstartPropertyWatcher(  995): Property changed: init.svc.quipc_main=running
I/UpstartPropertyWatcher(  995): Property changed: init.svc.xtwifi_inet=running
I/UpstartPropertyWatcher(  995): Property changed: init.svc.quipc_igsn=restarting
I/UpstartPropertyWatcher(  995): Property changed: init.svc.xtwifi_inet=restarting
