I/MP-Decision( 3848): Decision parameters CPU 3: Nw=3.500000, Tw=90, Ns=3.100000, Ts=240
I/MP-Decision( 3848): util_h_and=0, util_h_or=400, util_low=0
I/MP-Decision( 3848): Decision parameters: poll_ms: 9 decision_ms: 50
I/MP-Decision( 3848): Available core list/order for available_cpus - 4:  0 1 2 3
I/ThermalEngine(  885): Sensor:batt_temp:42100 mC
I/UpstartPropertyWatcher(  856): Property changed: init.svc.ppd=running
I/UpstartPropertyWatcher(  856): Property changed: init.svc.gsiff_daemon=running
I/UpstartPropertyWatcher(  856): Property changed: init.svc.quipc_igsn=running
I/UpstartPropertyWatcher(  856): Property changed: init.svc.quipc_main=running
I/UpstartPropertyWatcher(  856): Property changed: init.svc.xtwifi_inet=running
I/UpstartPropertyWatcher(  856): Property changed: init.svc.quipc_igsn=restarting
I/UpstartPropertyWatcher(  856): Property changed: init.svc.xtwifi_inet=restarting
D/libEGL  ( 3864): loaded /vendor/lib/egl/libEGL_adreno.so
I/UpstartPropertyWatcher(  856): Property changed: init.svc.quipc_main=restarting
D/libEGL  ( 3864): loaded /vendor/lib/egl/libGLESv1_CM_adreno.so
I/UpstartPropertyWatcher(  856): Property changed: init.svc.gsiff_daemon=restarting
D/libEGL  ( 3864): loaded /vendor/lib/egl/libGLESv2_adreno.so
I/UpstartPropertyWatcher(  856): Property changed: init.svc.ppd=restarting
I/ThermalEngine(  885): Sensor:batt_temp:42200 mC
I/ThermalEngine(  885): Sensor:batt_temp:42200 mC
D/libEGL  ( 3880): loaded /vendor/lib/egl/libEGL_adreno.so
D/libEGL  ( 3880): loaded /vendor/lib/egl/libGLESv1_CM_adreno.so
D/libEGL  ( 3880): loaded /vendor/lib/egl/libGLESv2_adreno.so
I/ThermalEngine(  885): Sensor:batt_temp:42200 mC
I/ThermalEngine(  885): Sensor:batt_temp:42100 mC
E/QCALOG  (  899): [MessageQ] ProcessNewMessage: [XTWiFi-PE] unknown deliver target [OS-Agent]
E/QCALOG  (  899): [MessageQ] ProcessNewMessage: [XT-CS] unknown deliver target [OS-Agent]
E/QCALOG  (  899): [MessageQ] ProcessNewMessage: [XTWWAN-PE] unknown deliver target [OS-Agent]
D/libEGL  ( 3886): loaded /vendor/lib/egl/libEGL_adreno.so
D/libEGL  ( 3886): loaded /vendor/lib/egl/libGLESv1_CM_adreno.so
D/libEGL  ( 3886): loaded /vendor/lib/egl/libGLESv2_adreno.so
I/ThermalEngine(  885): Sensor:batt_temp:42200 mC
I/UpstartPropertyWatcher(  856): Property changed: init.svc.ppd=running
I/UpstartPropertyWatcher(  856): Property changed: init.svc.gsiff_daemon=running
I/UpstartPropertyWatcher(  856): Property changed: init.svc.quipc_igsn=running
I/UpstartPropertyWatcher(  856): Property changed: init.svc.quipc_main=running
I/UpstartPropertyWatcher(  856): Property changed: init.svc.xtwifi_inet=running
I/UpstartPropertyWatcher(  856): Property changed: init.svc.quipc_igsn=restarting
I/UpstartPropertyWatcher(  856): Property changed: init.svc.gsiff_daemon=restarting
I/UpstartPropertyWatcher(  856): Property changed: init.svc.xtwifi_inet=restarting
I/UpstartPropertyWatcher(  856): Property changed: init.svc.ppd=restarting
I/UpstartPropertyWatcher(  856): Property changed: init.svc.quipc_main=restarting
I/ThermalEngine(  885): Sensor:batt_temp:42100 mC
D/libEGL  ( 3897): loaded /vendor/lib/egl/libEGL_adreno.so
D/libEGL  ( 3897): loaded /vendor/lib/egl/libGLESv1_CM_adreno.so
D/libEGL  ( 3897): loaded /vendor/lib/egl/libGLESv2_adreno.so
I/ThermalEngine(  885): Sensor:batt_temp:42200 mC
I/ThermalEngine(  885): Sensor:batt_temp:42200 mC
D/libEGL  ( 3903): loaded /vendor/lib/egl/libEGL_adreno.so
D/libEGL  ( 3903): loaded /vendor/lib/egl/libGLESv1_CM_adreno.so
D/libEGL  ( 3903): loaded /vendor/lib/egl/libGLESv2_adreno.so
I/ThermalEngine(  885): Sensor:batt_temp:42200 mC
E/QCALOG  (  899): [MessageQ] ProcessNewMessage: [XTWiFi-PE] unknown deliver target [OS-Agent]
E/QCALOG  (  899): [MessageQ] ProcessNewMessage: [XT-CS] unknown deliver target [OS-Agent]
E/QCALOG  (  899): [MessageQ] ProcessNewMessage: [XTWWAN-PE] unknown deliver target [OS-Agent]
I/ThermalEngine(  885): Sensor:batt_temp:42100 mC
I/UpstartPropertyWatcher(  856): Property changed: init.svc.ppd=running
I/UpstartPropertyWatcher(  856): Property changed: init.svc.gsiff_daemon=running
I/UpstartPropertyWatcher(  856): Property changed: init.svc.quipc_igsn=running
I/UpstartPropertyWatcher(  856): Property changed: init.svc.quipc_main=running
I/UpstartPropertyWatcher(  856): Property changed: init.svc.xtwifi_inet=running
D/libEGL  ( 3910): loaded /vendor/lib/egl/libEGL_adreno.so
D/libEGL  ( 3910): loaded /vendor/lib/egl/libGLESv1_CM_adreno.so
D/libEGL  ( 3910): loaded /vendor/lib/egl/libGLESv2_adreno.so
I/UpstartPropertyWatcher(  856): Property changed: init.svc.quipc_igsn=restarting
I/UpstartPropertyWatcher(  856): Property changed: init.svc.ppd=restarting
I/UpstartPropertyWatcher(  856): Property changed: init.svc.quipc_main=restarting
I/UpstartPropertyWatcher(  856): Property changed: init.svc.gsiff_daemon=restarting
I/UpstartPropertyWatcher(  856): Property changed: init.svc.xtwifi_inet=restarting
I/ThermalEngine(  885): Sensor:batt_temp:42200 mC
I/ThermalEngine(  885): Sensor:batt_temp:42300 mC
D/libEGL  ( 3921): loaded /vendor/lib/egl/libEGL_adreno.so
D/libEGL  ( 3921): loaded /vendor/lib/egl/libGLESv1_CM_adreno.so
D/libEGL  ( 3921): loaded /vendor/lib/egl/libGLESv2_adreno.so
I/ThermalEngine(  885): Sensor:batt_temp:42200 mC
I/ThermalEngine(  885): Sensor:batt_temp:42300 mC
E/QCALOG  (  899): [MessageQ] ProcessNewMessage: [XTWiFi-PE] unknown deliver target [OS-Agent]
E/QCALOG  (  899): [MessageQ] ProcessNewMessage: [XT-CS] unknown deliver target [OS-Agent]
E/QCALOG  (  899): [MessageQ] ProcessNewMessage: [XTWWAN-PE] unknown deliver target [OS-Agent]
D/libEGL  ( 3927): loaded /vendor/lib/egl/libEGL_adreno.so
D/libEGL  ( 3927): loaded /vendor/lib/egl/libGLESv1_CM_adreno.so
D/libEGL  ( 3927): loaded /vendor/lib/egl/libGLESv2_adreno.so
I/ThermalEngine(  885): Sensor:batt_temp:42200 mC
I/UpstartPropertyWatcher(  856): Property changed: init.svc.ppd=running
I/UpstartPropertyWatcher(  856): Property changed: init.svc.gsiff_daemon=running
I/UpstartPropertyWatcher(  856): Property changed: init.svc.quipc_igsn=running
I/UpstartPropertyWatcher(  856): Property changed: init.svc.quipc_main=running
I/UpstartPropertyWatcher(  856): Property changed: init.svc.xtwifi_inet=running
I/UpstartPropertyWatcher(  856): Property changed: init.svc.ppd=restarting
I/UpstartPropertyWatcher(  856): Property changed: init.svc.quipc_igsn=restarting
I/UpstartPropertyWatcher(  856): Property changed: init.svc.xtwifi_inet=restarting
I/UpstartPropertyWatcher(  856): Property changed: init.svc.gsiff_daemon=restarting
I/UpstartPropertyWatcher(  856): Property changed: init.svc.quipc_main=restarting
I/ThermalEngine(  885): Sensor:batt_temp:42300 mC
D/libEGL  ( 3939): loaded /vendor/lib/egl/libEGL_adreno.so
D/libEGL  ( 3939): loaded /vendor/lib/egl/libGLESv1_CM_adreno.so
D/libEGL  ( 3939): loaded /vendor/lib/egl/libGLESv2_adreno.so
I/ThermalEngine(  885): Sensor:batt_temp:42200 mC
I/ThermalEngine(  885): Sensor:batt_temp:42300 mC
D/libEGL  ( 3945): loaded /vendor/lib/egl/libEGL_adreno.so
D/libEGL  ( 3945): loaded /vendor/lib/egl/libGLESv1_CM_adreno.so
D/libEGL  ( 3945): loaded /vendor/lib/egl/libGLESv2_adreno.so
I/ThermalEngine(  885): Sensor:batt_temp:42300 mC
E/QCALOG  (  899): [MessageQ] ProcessNewMessage: [XTWiFi-PE] unknown deliver target [OS-Agent]
E/QCALOG  (  899): [MessageQ] ProcessNewMessage: [XT-CS] unknown deliver target [OS-Agent]
E/QCALOG  (  899): [MessageQ] ProcessNewMessage: [XTWWAN-PE] unknown deliver target [OS-Agent]
I/ThermalEngine(  885): Sensor:batt_temp:42300 mC
I/UpstartPropertyWatcher(  856): Property changed: init.svc.ppd=running
I/UpstartPropertyWatcher(  856): Property changed: init.svc.gsiff_daemon=running
I/UpstartPropertyWatcher(  856): Property changed: init.svc.quipc_igsn=running
I/UpstartPropertyWatcher(  856): Property changed: init.svc.quipc_main=running
I/UpstartPropertyWatcher(  856): Property changed: init.svc.xtwifi_inet=running
I/UpstartPropertyWatcher(  856): Property changed: init.svc.quipc_igsn=restarting
D/libEGL  ( 3951): loaded /vendor/lib/egl/libEGL_adreno.so
D/libEGL  ( 3951): loaded /vendor/lib/egl/libGLESv1_CM_adreno.so
D/libEGL  ( 3951): loaded /vendor/lib/egl/libGLESv2_adreno.so
I/UpstartPropertyWatcher(  856): Property changed: init.svc.gsiff_daemon=restarting
I/ThermalEngine(  885): Sensor:batt_temp:42300 mC
I/UpstartPropertyWatcher(  856): Property changed: init.svc.xtwifi_inet=restarting
I/UpstartPropertyWatcher(  856): Property changed: init.svc.ppd=restarting
I/UpstartPropertyWatcher(  856): Property changed: init.svc.quipc_main=restarting
I/ThermalEngine(  885): Sensor:batt_temp:42300 mC
D/libEGL  ( 3963): loaded /vendor/lib/egl/libEGL_adreno.so
D/libEGL  ( 3963): loaded /vendor/lib/egl/libGLESv1_CM_adreno.so
D/libEGL  ( 3963): loaded /vendor/lib/egl/libGLESv2_adreno.so
I/ThermalEngine(  885): Sensor:batt_temp:42200 mC
I/ThermalEngine(  885): Sensor:batt_temp:42300 mC
E/QCALOG  (  899): [MessageQ] ProcessNewMessage: [XTWiFi-PE] unknown deliver target [OS-Agent]
E/QCALOG  (  899): [MessageQ] ProcessNewMessage: [XT-CS] unknown deliver target [OS-Agent]
E/QCALOG  (  899): [MessageQ] ProcessNewMessage: [XTWWAN-PE] unknown deliver target [OS-Agent]
I/UpstartPropertyWatcher(  856): Property changed: init.svc.ppd=running
I/ThermalEngine(  885): Sensor:batt_temp:42300 mC
I/UpstartPropertyWatcher(  856): Property changed: init.svc.gsiff_daemon=running
I/UpstartPropertyWatcher(  856): Property changed: init.svc.quipc_igsn=running
I/UpstartPropertyWatcher(  856): Property changed: init.svc.quipc_main=running
I/UpstartPropertyWatcher(  856): Property changed: init.svc.xtwifi_inet=running
D/libEGL  ( 3969): loaded /vendor/lib/egl/libEGL_adreno.so
I/UpstartPropertyWatcher(  856): Property changed: init.svc.ppd=restarting
I/UpstartPropertyWatcher(  856): Property changed: init.svc.xtwifi_inet=restarting
D/libEGL  ( 3969): loaded /vendor/lib/egl/libGLESv1_CM_adreno.so
D/libEGL  ( 3969): loaded /vendor/lib/egl/libGLESv2_adreno.so
I/UpstartPropertyWatcher(  856): Property changed: init.svc.quipc_igsn=restarting
I/UpstartPropertyWatcher(  856): Property changed: init.svc.gsiff_daemon=restarting
I/UpstartPropertyWatcher(  856): Property changed: init.svc.quipc_main=restarting
I/ThermalEngine(  885): Sensor:batt_temp:42300 mC
I/ThermalEngine(  885): Sensor:batt_temp:42300 mC
D/libEGL  ( 3980): loaded /vendor/lib/egl/libEGL_adreno.so
D/libEGL  ( 3980): loaded /vendor/lib/egl/libGLESv1_CM_adreno.so
D/libEGL  ( 3980): loaded /vendor/lib/egl/libGLESv2_adreno.so
I/ThermalEngine(  885): Sensor:batt_temp:42300 mC
I/ThermalEngine(  885): Sensor:batt_temp:42300 mC
E/QCALOG  (  899): [MessageQ] ProcessNewMessage: [XTWiFi-PE] unknown deliver target [OS-Agent]
D/libEGL  ( 3986): loaded /vendor/lib/egl/libEGL_adreno.so
D/libEGL  ( 3986): loaded /vendor/lib/egl/libGLESv1_CM_adreno.so
D/libEGL  ( 3986): loaded /vendor/lib/egl/libGLESv2_adreno.so
E/QCALOG  (  899): [MessageQ] ProcessNewMessage: [XT-CS] unknown deliver target [OS-Agent]
E/QCALOG  (  899): [MessageQ] ProcessNewMessage: [XTWWAN-PE] unknown deliver target [OS-Agent]
I/ThermalEngine(  885): Sensor:batt_temp:42300 mC
I/UpstartPropertyWatcher(  856): Property changed: init.svc.ppd=running
I/UpstartPropertyWatcher(  856): Property changed: init.svc.gsiff_daemon=running
I/UpstartPropertyWatcher(  856): Property changed: init.svc.quipc_igsn=running
I/UpstartPropertyWatcher(  856): Property changed: init.svc.quipc_main=running
I/UpstartPropertyWatcher(  856): Property changed: init.svc.xtwifi_inet=running
I/UpstartPropertyWatcher(  856): Property changed: init.svc.ppd=restarting
I/UpstartPropertyWatcher(  856): Property changed: init.svc.quipc_igsn=restarting
I/UpstartPropertyWatcher(  856): Property changed: init.svc.gsiff_daemon=restarting
I/UpstartPropertyWatcher(  856): Property changed: init.svc.xtwifi_inet=restarting
I/UpstartPropertyWatcher(  856): Property changed: init.svc.quipc_main=restarting
I/ThermalEngine(  885): Sensor:batt_temp:42300 mC
D/libEGL  ( 3998): loaded /vendor/lib/egl/libEGL_adreno.so
D/libEGL  ( 3998): loaded /vendor/lib/egl/libGLESv1_CM_adreno.so
D/libEGL  ( 3998): loaded /vendor/lib/egl/libGLESv2_adreno.so
I/ThermalEngine(  885): Sensor:batt_temp:42300 mC
I/ThermalEngine(  885): Sensor:batt_temp:42200 mC
D/libEGL  ( 4004): loaded /vendor/lib/egl/libEGL_adreno.so
D/libEGL  ( 4004): loaded /vendor/lib/egl/libGLESv1_CM_adreno.so
D/libEGL  ( 4004): loaded /vendor/lib/egl/libGLESv2_adreno.so
I/ThermalEngine(  885): Sensor:batt_temp:42300 mC
E/QCALOG  (  899): [MessageQ] ProcessNewMessage: [XTWiFi-PE] unknown deliver target [OS-Agent]
E/QCALOG  (  899): [MessageQ] ProcessNewMessage: [XT-CS] unknown deliver target [OS-Agent]
E/QCALOG  (  899): [MessageQ] ProcessNewMessage: [XTWWAN-PE] unknown deliver target [OS-Agent]
I/ThermalEngine(  885): Sensor:batt_temp:42300 mC
I/UpstartPropertyWatcher(  856): Property changed: init.svc.ppd=running
I/UpstartPropertyWatcher(  856): Property changed: init.svc.gsiff_daemon=running
I/UpstartPropertyWatcher(  856): Property changed: init.svc.quipc_igsn=running
I/UpstartPropertyWatcher(  856): Property changed: init.svc.quipc_main=running
I/UpstartPropertyWatcher(  856): Property changed: init.svc.xtwifi_inet=running
D/libEGL  ( 4010): loaded /vendor/lib/egl/libEGL_adreno.so
D/libEGL  ( 4010): loaded /vendor/lib/egl/libGLESv1_CM_adreno.so
I/UpstartPropertyWatcher(  856): Property changed: init.svc.quipc_igsn=restarting
D/libEGL  ( 4010): loaded /vendor/lib/egl/libGLESv2_adreno.so
I/UpstartPropertyWatcher(  856): Property changed: init.svc.ppd=restarting
I/UpstartPropertyWatcher(  856): Property changed: init.svc.xtwifi_inet=restarting
I/UpstartPropertyWatcher(  856): Property changed: init.svc.gsiff_daemon=restarting
I/UpstartPropertyWatcher(  856): Property changed: init.svc.quipc_main=restarting
I/ThermalEngine(  885): Sensor:batt_temp:42300 mC
I/ThermalEngine(  885): Sensor:batt_temp:42300 mC
D/libEGL  ( 4021): loaded /vendor/lib/egl/libEGL_adreno.so
D/libEGL  ( 4021): loaded /vendor/lib/egl/libGLESv1_CM_adreno.so
D/libEGL  ( 4021): loaded /vendor/lib/egl/libGLESv2_adreno.so
I/ThermalEngine(  885): Sensor:batt_temp:42300 mC
E/QCALOG  (  899): [MessageQ] ProcessNewMessage: [XT-CS] unknown deliver target [OS-Agent]
E/QCALOG  (  899): [MessageQ] ProcessNewMessage: [XTWiFi-PE] unknown deliver target [OS-Agent]
I/ThermalEngine(  885): Sensor:batt_temp:42200 mC
E/QCALOG  (  899): [MessageQ] ProcessNewMessage: [XTWWAN-PE] unknown deliver target [OS-Agent]
D/libEGL  ( 4027): loaded /vendor/lib/egl/libEGL_adreno.so
D/libEGL  ( 4027): loaded /vendor/lib/egl/libGLESv1_CM_adreno.so
D/libEGL  ( 4027): loaded /vendor/lib/egl/libGLESv2_adreno.so
I/ThermalEngine(  885): Sensor:batt_temp:42300 mC
I/UpstartPropertyWatcher(  856): Property changed: init.svc.ppd=running
I/UpstartPropertyWatcher(  856): Property changed: init.svc.gsiff_daemon=running
I/UpstartPropertyWatcher(  856): Property changed: init.svc.quipc_igsn=running
I/UpstartPropertyWatcher(  856): Property changed: init.svc.quipc_main=running
I/UpstartPropertyWatcher(  856): Property changed: init.svc.xtwifi_inet=running
I/UpstartPropertyWatcher(  856): Property changed: init.svc.quipc_igsn=restarting
I/UpstartPropertyWatcher(  856): Property changed: init.svc.xtwifi_inet=restarting
I/UpstartPropertyWatcher(  856): Property changed: init.svc.gsiff_daemon=restarting
I/UpstartPropertyWatcher(  856): Property changed: init.svc.quipc_main=restarting
I/UpstartPropertyWatcher(  856): Property changed: init.svc.ppd=restarting
I/ThermalEngine(  885): Sensor:batt_temp:42200 mC
D/libEGL  ( 4038): loaded /vendor/lib/egl/libEGL_adreno.so
D/libEGL  ( 4038): loaded /vendor/lib/egl/libGLESv1_CM_adreno.so
D/libEGL  ( 4038): loaded /vendor/lib/egl/libGLESv2_adreno.so
I/ThermalEngine(  885): Sensor:batt_temp:42300 mC
D/hostapd ( 4044): random: Trying to read entropy from /dev/random
E/hostapd ( 4044): Configuration file: /data/hostapd/hostapd.conf
E/hostapd ( 4044): Could not open configuration file '/data/hostapd/hostapd.conf' for reading.
E/hostapd ( 4044): Failed to set up interface with /data/hostapd/hostapd.conf
E/hostapd ( 4044): Failed to initialize interface
I/ThermalEngine(  885): Sensor:batt_temp:42200 mC
D/libEGL  ( 4045): loaded /vendor/lib/egl/libEGL_adreno.so
D/libEGL  ( 4045): loaded /vendor/lib/egl/libGLESv1_CM_adreno.so
D/libEGL  ( 4045): loaded /vendor/lib/egl/libGLESv2_adreno.so
E/QCALOG  (  899): [MessageQ] ProcessNewMessage: [LOWI-SERVER] unknown deliver target [OS-Agent]
E/QCALOG  (  899): [MessageQ] ProcessNewMessage: [XTWiFi-PE] unknown deliver target [OS-Agent]
E/QCALOG  (  899): [MessageQ] ProcessNewMessage: [XT-CS] unknown deliver target [OS-Agent]
E/QCALOG  (  899): [MessageQ] ProcessNewMessage: [XTWWAN-PE] unknown deliver target [OS-Agent]
I/ThermalEngine(  885): Sensor:batt_temp:42300 mC
I/ThermalEngine(  885): Sensor:batt_temp:42200 mC
I/UpstartPropertyWatcher(  856): Property changed: init.svc.ppd=running
I/UpstartPropertyWatcher(  856): Property changed: init.svc.gsiff_daemon=running
I/UpstartPropertyWatcher(  856): Property changed: init.svc.quipc_igsn=running
I/UpstartPropertyWatcher(  856): Property changed: init.svc.quipc_main=running
I/UpstartPropertyWatcher(  856): Property changed: init.svc.xtwifi_inet=running
D/libEGL  ( 4051): loaded /vendor/lib/egl/libEGL_adreno.so
D/libEGL  ( 4051): loaded /vendor/lib/egl/libGLESv1_CM_adreno.so
D/libEGL  ( 4051): loaded /vendor/lib/egl/libGLESv2_adreno.so
I/UpstartPropertyWatcher(  856): Property changed: init.svc.gsiff_daemon=restarting
I/UpstartPropertyWatcher(  856): Property changed: init.svc.xtwifi_inet=restarting
I/UpstartPropertyWatcher(  856): Property changed: init.svc.quipc_main=restarting
I/UpstartPropertyWatcher(  856): Property changed: init.svc.quipc_igsn=restarting
I/UpstartPropertyWatcher(  856): Property changed: init.svc.ppd=restarting
I/ThermalEngine(  885): Sensor:batt_temp:42300 mC
I/ThermalEngine(  885): Sensor:batt_temp:42200 mC
D/libEGL  ( 4062): loaded /vendor/lib/egl/libEGL_adreno.so
D/libEGL  ( 4062): loaded /vendor/lib/egl/libGLESv1_CM_adreno.so
D/libEGL  ( 4062): loaded /vendor/lib/egl/libGLESv2_adreno.so
I/ThermalEngine(  885): Sensor:batt_temp:42300 mC
E/QCALOG  (  899): [MessageQ] ProcessNewMessage: [XTWiFi-PE] unknown deliver target [OS-Agent]
E/QCALOG  (  899): [MessageQ] ProcessNewMessage: [XT-CS] unknown deliver target [OS-Agent]
E/QCALOG  (  899): [MessageQ] ProcessNewMessage: [XTWWAN-PE] unknown deliver target [OS-Agent]
I/ThermalEngine(  885): Sensor:batt_temp:42200 mC
D/libEGL  ( 4068): loaded /vendor/lib/egl/libEGL_adreno.so
D/libEGL  ( 4068): loaded /vendor/lib/egl/libGLESv1_CM_adreno.so
D/libEGL  ( 4068): loaded /vendor/lib/egl/libGLESv2_adreno.so
I/ThermalEngine(  885): Sensor:batt_temp:42300 mC
I/UpstartPropertyWatcher(  856): Property changed: init.svc.ppd=running
I/UpstartPropertyWatcher(  856): Property changed: init.svc.gsiff_daemon=running
I/UpstartPropertyWatcher(  856): Property changed: init.svc.quipc_igsn=running
I/UpstartPropertyWatcher(  856): Property changed: init.svc.quipc_main=running
I/UpstartPropertyWatcher(  856): Property changed: init.svc.xtwifi_inet=running
I/UpstartPropertyWatcher(  856): Property changed: init.svc.quipc_igsn=restarting
I/UpstartPropertyWatcher(  856): Property changed: init.svc.xtwifi_inet=restarting
I/UpstartPropertyWatcher(  856): Property changed: init.svc.quipc_main=restarting
I/UpstartPropertyWatcher(  856): Property changed: init.svc.gsiff_daemon=restarting
I/UpstartPropertyWatcher(  856): Property changed: init.svc.ppd=restarting
I/ThermalEngine(  885): Sensor:batt_temp:42200 mC
D/libEGL  ( 4079): loaded /vendor/lib/egl/libEGL_adreno.so
D/libEGL  ( 4079): loaded /vendor/lib/egl/libGLESv1_CM_adreno.so
D/libEGL  ( 4079): loaded /vendor/lib/egl/libGLESv2_adreno.so
I/ThermalEngine(  885): Sensor:batt_temp:42300 mC
D/WLAN_PSA( 4083): PTT_SOCKET_APP Start
E/WLAN_PSA( 4083): FFBM mode
E/WLAN_PSA( 4083): Set as Blocked Operation
I/ThermalEngine(  885): Sensor:batt_temp:42200 mC
D/WLAN_PSA( 4083): FTM Test App: Diag_LSM_Init succeeded with 1 retries. 
D/WLAN_PSA( 4083): PTT_SOCKET_APP Init done, wait clients
D/libEGL  ( 4087): loaded /vendor/lib/egl/libEGL_adreno.so
D/libEGL  ( 4087): loaded /vendor/lib/egl/libGLESv1_CM_adreno.so
D/libEGL  ( 4087): loaded /vendor/lib/egl/libGLESv2_adreno.so
E/QCALOG  (  899): [MessageQ] ProcessNewMessage: [XTWiFi-PE] unknown deliver target [OS-Agent]
E/QCALOG  (  899): [MessageQ] ProcessNewMessage: [XT-CS] unknown deliver target [OS-Agent]
E/QCALOG  (  899): [MessageQ] ProcessNewMessage: [XTWWAN-PE] unknown deliver target [OS-Agent]
I/ThermalEngine(  885): Sensor:batt_temp:42300 mC
I/ThermalEngine(  885): Sensor:batt_temp:42200 mC
I/UpstartPropertyWatcher(  856): Property changed: init.svc.ppd=running
I/UpstartPropertyWatcher(  856): Property changed: init.svc.gsiff_daemon=running
I/UpstartPropertyWatcher(  856): Property changed: init.svc.quipc_igsn=running
I/UpstartPropertyWatcher(  856): Property changed: init.svc.quipc_main=running
I/UpstartPropertyWatcher(  856): Property changed: init.svc.xtwifi_inet=running
D/libEGL  ( 4093): loaded /vendor/lib/egl/libEGL_adreno.so
D/libEGL  ( 4093): loaded /vendor/lib/egl/libGLESv1_CM_adreno.so
D/libEGL  ( 4093): loaded /vendor/lib/egl/libGLESv2_adreno.so
I/UpstartPropertyWatcher(  856): Property changed: init.svc.xtwifi_inet=restarting
I/UpstartPropertyWatcher(  856): Property changed: init.svc.quipc_igsn=restarting
I/UpstartPropertyWatcher(  856): Property changed: init.svc.ppd=restarting
I/UpstartPropertyWatcher(  856): Property changed: init.svc.quipc_main=restarting
I/UpstartPropertyWatcher(  856): Property changed: init.svc.gsiff_daemon=restarting
I/ThermalEngine(  885): Sensor:batt_temp:42300 mC
I/ThermalEngine(  885): Sensor:batt_temp:42200 mC
D/libEGL  ( 4104): loaded /vendor/lib/egl/libEGL_adreno.so
D/libEGL  ( 4104): loaded /vendor/lib/egl/libGLESv1_CM_adreno.so
D/libEGL  ( 4104): loaded /vendor/lib/egl/libGLESv2_adreno.so
I/ThermalEngine(  885): Sensor:batt_temp:42300 mC
E/QCALOG  (  899): [MessageQ] ProcessNewMessage: [XTWiFi-PE] unknown deliver target [OS-Agent]
E/QCALOG  (  899): [MessageQ] ProcessNewMessage: [XT-CS] unknown deliver target [OS-Agent]
E/QCALOG  (  899): [MessageQ] ProcessNewMessage: [XTWWAN-PE] unknown deliver target [OS-Agent]
I/ThermalEngine(  885): Sensor:batt_temp:42200 mC
D/libEGL  ( 4110): loaded /vendor/lib/egl/libEGL_adreno.so
D/libEGL  ( 4110): loaded /vendor/lib/egl/libGLESv1_CM_adreno.so
D/libEGL  ( 4110): loaded /vendor/lib/egl/libGLESv2_adreno.so
I/ThermalEngine(  885): Sensor:batt_temp:42300 mC
I/UpstartPropertyWatcher(  856): Property changed: init.svc.ppd=running
I/UpstartPropertyWatcher(  856): Property changed: init.svc.gsiff_daemon=running
I/UpstartPropertyWatcher(  856): Property changed: init.svc.quipc_igsn=running
I/UpstartPropertyWatcher(  856): Property changed: init.svc.quipc_main=running
I/UpstartPropertyWatcher(  856): Property changed: init.svc.xtwifi_inet=running
I/UpstartPropertyWatcher(  856): Property changed: init.svc.ppd=restarting
I/UpstartPropertyWatcher(  856): Property changed: init.svc.quipc_igsn=restarting
I/UpstartPropertyWatcher(  856): Property changed: init.svc.xtwifi_inet=restarting
I/UpstartPropertyWatcher(  856): Property changed: init.svc.gsiff_daemon=restarting
I/UpstartPropertyWatcher(  856): Property changed: init.svc.quipc_main=restarting
I/ThermalEngine(  885): Sensor:batt_temp:42200 mC
D/libEGL  ( 4121): loaded /vendor/lib/egl/libEGL_adreno.so
D/libEGL  ( 4121): loaded /vendor/lib/egl/libGLESv1_CM_adreno.so
D/libEGL  ( 4121): loaded /vendor/lib/egl/libGLESv2_adreno.so
I/ThermalEngine(  885): Sensor:batt_temp:42300 mC
I/ThermalEngine(  885): Sensor:batt_temp:42200 mC
D/libEGL  ( 4127): loaded /vendor/lib/egl/libEGL_adreno.so
D/libEGL  ( 4127): loaded /vendor/lib/egl/libGLESv1_CM_adreno.so
D/libEGL  ( 4127): loaded /vendor/lib/egl/libGLESv2_adreno.so
E/QCALOG  (  899): [MessageQ] ProcessNewMessage: [XTWiFi-PE] unknown deliver target [OS-Agent]
E/QCALOG  (  899): [MessageQ] ProcessNewMessage: [XT-CS] unknown deliver target [OS-Agent]
E/QCALOG  (  899): [MessageQ] ProcessNewMessage: [XTWWAN-PE] unknown deliver target [OS-Agent]
I/ThermalEngine(  885): Sensor:batt_temp:42300 mC
I/ThermalEngine(  885): Sensor:batt_temp:42200 mC
I/UpstartPropertyWatcher(  856): Property changed: init.svc.ppd=running
I/UpstartPropertyWatcher(  856): Property changed: init.svc.gsiff_daemon=running
I/UpstartPropertyWatcher(  856): Property changed: init.svc.quipc_igsn=running
I/UpstartPropertyWatcher(  856): Property changed: init.svc.quipc_main=running
I/UpstartPropertyWatcher(  856): Property changed: init.svc.xtwifi_inet=running
D/libEGL  ( 4133): loaded /vendor/lib/egl/libEGL_adreno.so
I/UpstartPropertyWatcher(  856): Property changed: init.svc.ppd=restarting
D/libEGL  ( 4133): loaded /vendor/lib/egl/libGLESv1_CM_adreno.so
I/UpstartPropertyWatcher(  856): Property changed: init.svc.xtwifi_inet=restarting
D/libEGL  ( 4133): loaded /vendor/lib/egl/libGLESv2_adreno.so
I/UpstartPropertyWatcher(  856): Property changed: init.svc.quipc_igsn=restarting
I/UpstartPropertyWatcher(  856): Property changed: init.svc.quipc_main=restarting
I/UpstartPropertyWatcher(  856): Property changed: init.svc.gsiff_daemon=restarting
I/ThermalEngine(  885): Sensor:batt_temp:42300 mC
I/ThermalEngine(  885): Sensor:batt_temp:42200 mC
D/libEGL  ( 4144): loaded /vendor/lib/egl/libEGL_adreno.so
D/libEGL  ( 4144): loaded /vendor/lib/egl/libGLESv1_CM_adreno.so
D/libEGL  ( 4144): loaded /vendor/lib/egl/libGLESv2_adreno.so
I/ThermalEngine(  885): Sensor:batt_temp:42300 mC
E/QCALOG  (  899): [MessageQ] ProcessNewMessage: [XTWiFi-PE] unknown deliver target [OS-Agent]
E/QCALOG  (  899): [MessageQ] ProcessNewMessage: [XT-CS] unknown deliver target [OS-Agent]
E/QCALOG  (  899): [MessageQ] ProcessNewMessage: [XTWWAN-PE] unknown deliver target [OS-Agent]
I/ThermalEngine(  885): Sensor:batt_temp:42200 mC
D/libEGL  ( 4150): loaded /vendor/lib/egl/libEGL_adreno.so
D/libEGL  ( 4150): loaded /vendor/lib/egl/libGLESv1_CM_adreno.so
D/libEGL  ( 4150): loaded /vendor/lib/egl/libGLESv2_adreno.so
I/ThermalEngine(  885): Sensor:batt_temp:42300 mC
I/UpstartPropertyWatcher(  856): Property changed: init.svc.ppd=running
I/UpstartPropertyWatcher(  856): Property changed: init.svc.gsiff_daemon=running
I/UpstartPropertyWatcher(  856): Property changed: init.svc.quipc_igsn=running
I/UpstartPropertyWatcher(  856): Property changed: init.svc.quipc_main=running
I/UpstartPropertyWatcher(  856): Property changed: init.svc.xtwifi_inet=running
I/UpstartPropertyWatcher(  856): Property changed: init.svc.quipc_igsn=restarting
I/UpstartPropertyWatcher(  856): Property changed: init.svc.gsiff_daemon=restarting
I/UpstartPropertyWatcher(  856): Property changed: init.svc.ppd=restarting
I/UpstartPropertyWatcher(  856): Property changed: init.svc.quipc_main=restarting
I/UpstartPropertyWatcher(  856): Property changed: init.svc.xtwifi_inet=restarting
I/ThermalEngine(  885): Sensor:batt_temp:42200 mC
D/libEGL  ( 4161): loaded /vendor/lib/egl/libEGL_adreno.so
D/libEGL  ( 4161): loaded /vendor/lib/egl/libGLESv1_CM_adreno.so
D/libEGL  ( 4161): loaded /vendor/lib/egl/libGLESv2_adreno.so
E/Sensors ( 4165): sns_fsa_la.c(83):invalid directory path 15
E/Sensors ( 4165): sns_reg_la.c(339):Error opening registry file
W/Sensors ( 4165): sns_reg_mr.c(219):File init failed 5
I/ThermalEngine(  885): Sensor:batt_temp:42300 mC
E/Sensors ( 4165): sns_debug_main.c(438):Debug Config File missing in EFS!
E/Sensors ( 4165): sns_fsa_la.c(83):invalid directory path 3
E/Sensors ( 4165): sns_init_la.c(239):Error 5 initializing sns_file_init
E/Sensors ( 4165): sns_main.c(1692):Exiting! sensor1_init failed with 5
I/ThermalEngine(  885): Sensor:batt_temp:42200 mC
D/libEGL  ( 4195): loaded /vendor/lib/egl/libEGL_adreno.so
D/libEGL  ( 4195): loaded /vendor/lib/egl/libGLESv1_CM_adreno.so
D/libEGL  ( 4195): loaded /vendor/lib/egl/libGLESv2_adreno.so
E/QCALOG  (  899): [MessageQ] ProcessNewMessage: [XTWiFi-PE] unknown deliver target [OS-Agent]
E/QCALOG  (  899): [MessageQ] ProcessNewMessage: [XT-CS] unknown deliver target [OS-Agent]
E/QCALOG  (  899): [MessageQ] ProcessNewMessage: [XTWWAN-PE] unknown deliver target [OS-Agent]
I/ThermalEngine(  885): Sensor:batt_temp:42300 mC
I/ThermalEngine(  885): Sensor:batt_temp:42200 mC
I/UpstartPropertyWatcher(  856): Property changed: init.svc.ppd=running
I/UpstartPropertyWatcher(  856): Property changed: init.svc.gsiff_daemon=running
I/UpstartPropertyWatcher(  856): Property changed: init.svc.quipc_igsn=running
I/UpstartPropertyWatcher(  856): Property changed: init.svc.quipc_main=running
I/UpstartPropertyWatcher(  856): Property changed: init.svc.xtwifi_inet=running
I/UpstartPropertyWatcher(  856): Property changed: init.svc.quipc_igsn=restarting
D/libEGL  ( 4201): loaded /vendor/lib/egl/libEGL_adreno.so
D/libEGL  ( 4201): loaded /vendor/lib/egl/libGLESv1_CM_adreno.so
I/UpstartPropertyWatcher(  856): Property changed: init.svc.gsiff_daemon=restarting
D/libEGL  ( 4201): loaded /vendor/lib/egl/libGLESv2_adreno.so
I/UpstartPropertyWatcher(  856): Property changed: init.svc.xtwifi_inet=restarting
I/UpstartPropertyWatcher(  856): Property changed: init.svc.ppd=restarting
I/UpstartPropertyWatcher(  856): Property changed: init.svc.quipc_main=restarting
I/ThermalEngine(  885): Sensor:batt_temp:42300 mC
I/ThermalEngine(  885): Sensor:batt_temp:42200 mC
D/libEGL  ( 4212): loaded /vendor/lib/egl/libEGL_adreno.so
D/libEGL  ( 4212): loaded /vendor/lib/egl/libGLESv1_CM_adreno.so
D/libEGL  ( 4212): loaded /vendor/lib/egl/libGLESv2_adreno.so
I/ThermalEngine(  885): Sensor:batt_temp:42300 mC
E/Sensors ( 4219): sns_fsa_la.c(83):invalid directory path 15
E/Sensors ( 4219): sns_reg_la.c(339):Error opening registry file
W/Sensors ( 4219): sns_reg_mr.c(219):File init failed 5
E/Sensors ( 4219): sns_debug_main.c(438):Debug Config File missing in EFS!
E/Sensors ( 4219): sns_fsa_la.c(83):invalid directory path 3
E/Sensors ( 4219): sns_init_la.c(239):Error 5 initializing sns_file_init
E/Sensors ( 4219): sns_main.c(1692):Exiting! sensor1_init failed with 5
E/QCALOG  (  899): [MessageQ] ProcessNewMessage: [XTWiFi-PE] unknown deliver target [OS-Agent]
E/QCALOG  (  899): [MessageQ] ProcessNewMessage: [XT-CS] unknown deliver target [OS-Agent]
E/QCALOG  (  899): [MessageQ] ProcessNewMessage: [XTWWAN-PE] unknown deliver target [OS-Agent]
I/ThermalEngine(  885): Sensor:batt_temp:42200 mC
D/libEGL  ( 4244): loaded /vendor/lib/egl/libEGL_adreno.so
D/libEGL  ( 4244): loaded /vendor/lib/egl/libGLESv1_CM_adreno.so
D/libEGL  ( 4244): loaded /vendor/lib/egl/libGLESv2_adreno.so
I/ThermalEngine(  885): Sensor:batt_temp:42300 mC
I/UpstartPropertyWatcher(  856): Property changed: init.svc.ppd=running
I/UpstartPropertyWatcher(  856): Property changed: init.svc.gsiff_daemon=running
I/UpstartPropertyWatcher(  856): Property changed: init.svc.quipc_igsn=running
I/UpstartPropertyWatcher(  856): Property changed: init.svc.quipc_main=running
I/UpstartPropertyWatcher(  856): Property changed: init.svc.xtwifi_inet=running
I/UpstartPropertyWatcher(  856): Property changed: init.svc.quipc_igsn=restarting
I/UpstartPropertyWatcher(  856): Property changed: init.svc.xtwifi_inet=restarting
I/UpstartPropertyWatcher(  856): Property changed: init.svc.gsiff_daemon=restarting
I/UpstartPropertyWatcher(  856): Property changed: init.svc.quipc_main=restarting
I/UpstartPropertyWatcher(  856): Property changed: init.svc.ppd=restarting
I/ThermalEngine(  885): Sensor:batt_temp:42200 mC
D/libEGL  ( 4255): loaded /vendor/lib/egl/libEGL_adreno.so
D/libEGL  ( 4255): loaded /vendor/lib/egl/libGLESv1_CM_adreno.so
D/libEGL  ( 4255): loaded /vendor/lib/egl/libGLESv2_adreno.so
I/ThermalEngine(  885): Sensor:batt_temp:42300 mC
I/ThermalEngine(  885): Sensor:batt_temp:42200 mC
D/libEGL  ( 4261): loaded /vendor/lib/egl/libEGL_adreno.so
D/libEGL  ( 4261): loaded /vendor/lib/egl/libGLESv1_CM_adreno.so
D/libEGL  ( 4261): loaded /vendor/lib/egl/libGLESv2_adreno.so
E/QCALOG  (  899): [MessageQ] ProcessNewMessage: [XTWiFi-PE] unknown deliver target [OS-Agent]
E/QCALOG  (  899): [MessageQ] ProcessNewMessage: [XT-CS] unknown deliver target [OS-Agent]
E/QCALOG  (  899): [MessageQ] ProcessNewMessage: [XTWWAN-PE] unknown deliver target [OS-Agent]
I/ThermalEngine(  885): Sensor:batt_temp:42300 mC
I/ThermalEngine(  885): Sensor:batt_temp:42200 mC
I/UpstartPropertyWatcher(  856): Property changed: init.svc.ppd=running
I/UpstartPropertyWatcher(  856): Property changed: init.svc.gsiff_daemon=running
I/UpstartPropertyWatcher(  856): Property changed: init.svc.quipc_igsn=running
I/UpstartPropertyWatcher(  856): Property changed: init.svc.quipc_main=running
I/UpstartPropertyWatcher(  856): Property changed: init.svc.xtwifi_inet=running
D/libEGL  ( 4267): loaded /vendor/lib/egl/libEGL_adreno.so
I/UpstartPropertyWatcher(  856): Property changed: init.svc.xtwifi_inet=restarting
I/UpstartPropertyWatcher(  856): Property changed: init.svc.ppd=restarting
D/libEGL  ( 4267): loaded /vendor/lib/egl/libGLESv1_CM_adreno.so
D/libEGL  ( 4267): loaded /vendor/lib/egl/libGLESv2_adreno.so
I/UpstartPropertyWatcher(  856): Property changed: init.svc.quipc_main=restarting
I/UpstartPropertyWatcher(  856): Property changed: init.svc.quipc_igsn=restarting
I/UpstartPropertyWatcher(  856): Property changed: init.svc.gsiff_daemon=restarting
I/ThermalEngine(  885): Sensor:batt_temp:42300 mC
I/ThermalEngine(  885): Sensor:batt_temp:42200 mC
D/libEGL  ( 4280): loaded /vendor/lib/egl/libEGL_adreno.so
D/libEGL  ( 4280): loaded /vendor/lib/egl/libGLESv1_CM_adreno.so
D/libEGL  ( 4280): loaded /vendor/lib/egl/libGLESv2_adreno.so
I/ThermalEngine(  885): Sensor:batt_temp:42300 mC
E/QCALOG  (  899): [MessageQ] ProcessNewMessage: [XTWiFi-PE] unknown deliver target [OS-Agent]
E/QCALOG  (  899): [MessageQ] ProcessNewMessage: [XT-CS] unknown deliver target [OS-Agent]
E/QCALOG  (  899): [MessageQ] ProcessNewMessage: [XTWWAN-PE] unknown deliver target [OS-Agent]
I/ThermalEngine(  885): Sensor:batt_temp:42200 mC
D/libEGL  ( 4286): loaded /vendor/lib/egl/libEGL_adreno.so
D/libEGL  ( 4286): loaded /vendor/lib/egl/libGLESv1_CM_adreno.so
D/libEGL  ( 4286): loaded /vendor/lib/egl/libGLESv2_adreno.so
I/ThermalEngine(  885): Sensor:batt_temp:42300 mC
I/UpstartPropertyWatcher(  856): Property changed: init.svc.ppd=running
I/UpstartPropertyWatcher(  856): Property changed: init.svc.gsiff_daemon=running
I/UpstartPropertyWatcher(  856): Property changed: init.svc.quipc_igsn=running
I/UpstartPropertyWatcher(  856): Property changed: init.svc.quipc_main=running
I/UpstartPropertyWatcher(  856): Property changed: init.svc.xtwifi_inet=running
I/UpstartPropertyWatcher(  856): Property changed: init.svc.xtwifi_inet=restarting
I/UpstartPropertyWatcher(  856): Property changed: init.svc.quipc_igsn=restarting
I/UpstartPropertyWatcher(  856): Property changed: init.svc.gsiff_daemon=restarting
I/UpstartPropertyWatcher(  856): Property changed: init.svc.ppd=restarting
I/UpstartPropertyWatcher(  856): Property changed: init.svc.quipc_main=restarting
I/ThermalEngine(  885): Sensor:batt_temp:42200 mC
D/libEGL  ( 4297): loaded /vendor/lib/egl/libEGL_adreno.so
D/libEGL  ( 4297): loaded /vendor/lib/egl/libGLESv1_CM_adreno.so
D/libEGL  ( 4297): loaded /vendor/lib/egl/libGLESv2_adreno.so
I/ThermalEngine(  885): Sensor:batt_temp:42300 mC
I/ThermalEngine(  885): Sensor:batt_temp:42200 mC
D/libEGL  ( 4303): loaded /vendor/lib/egl/libEGL_adreno.so
D/libEGL  ( 4303): loaded /vendor/lib/egl/libGLESv1_CM_adreno.so
D/libEGL  ( 4303): loaded /vendor/lib/egl/libGLESv2_adreno.so
E/QCALOG  (  899): [MessageQ] ProcessNewMessage: [XTWiFi-PE] unknown deliver target [OS-Agent]
E/QCALOG  (  899): [MessageQ] ProcessNewMessage: [XT-CS] unknown deliver target [OS-Agent]
E/QCALOG  (  899): [MessageQ] ProcessNewMessage: [XTWWAN-PE] unknown deliver target [OS-Agent]
I/ThermalEngine(  885): Sensor:batt_temp:42300 mC
I/ThermalEngine(  885): Sensor:batt_temp:42200 mC
I/UpstartPropertyWatcher(  856): Property changed: init.svc.ppd=running
I/UpstartPropertyWatcher(  856): Property changed: init.svc.gsiff_daemon=running
I/UpstartPropertyWatcher(  856): Property changed: init.svc.quipc_igsn=running
I/UpstartPropertyWatcher(  856): Property changed: init.svc.quipc_main=running
I/UpstartPropertyWatcher(  856): Property changed: init.svc.xtwifi_inet=running
D/libEGL  ( 4324): loaded /vendor/lib/egl/libEGL_adreno.so
D/libEGL  ( 4324): loaded /vendor/lib/egl/libGLESv1_CM_adreno.so
I/UpstartPropertyWatcher(  856): Property changed: init.svc.ppd=restarting
I/UpstartPropertyWatcher(  856): Property changed: init.svc.xtwifi_inet=restarting
D/libEGL  ( 4324): loaded /vendor/lib/egl/libGLESv2_adreno.so
I/UpstartPropertyWatcher(  856): Property changed: init.svc.quipc_igsn=restarting
I/UpstartPropertyWatcher(  856): Property changed: init.svc.quipc_main=restarting
I/UpstartPropertyWatcher(  856): Property changed: init.svc.gsiff_daemon=restarting
I/ThermalEngine(  885): Sensor:batt_temp:42300 mC
I/ThermalEngine(  885): Sensor:batt_temp:42200 mC
D/libEGL  ( 4335): loaded /vendor/lib/egl/libEGL_adreno.so
D/libEGL  ( 4335): loaded /vendor/lib/egl/libGLESv1_CM_adreno.so
D/libEGL  ( 4335): loaded /vendor/lib/egl/libGLESv2_adreno.so
I/ThermalEngine(  885): Sensor:batt_temp:42300 mC
E/QCALOG  (  899): [MessageQ] ProcessNewMessage: [XTWiFi-PE] unknown deliver target [OS-Agent]
E/QCALOG  (  899): [MessageQ] ProcessNewMessage: [XT-CS] unknown deliver target [OS-Agent]
E/QCALOG  (  899): [MessageQ] ProcessNewMessage: [XTWWAN-PE] unknown deliver target [OS-Agent]
I/ThermalEngine(  885): Sensor:batt_temp:42200 mC
D/libEGL  ( 4341): loaded /vendor/lib/egl/libEGL_adreno.so
D/libEGL  ( 4341): loaded /vendor/lib/egl/libGLESv1_CM_adreno.so
I/UpstartPropertyWatcher(  856): Property changed: init.svc.ppd=running
I/UpstartPropertyWatcher(  856): Property changed: init.svc.quipc_igsn=running
I/UpstartPropertyWatcher(  856): Property changed: init.svc.quipc_main=running
I/UpstartPropertyWatcher(  856): Property changed: init.svc.xtwifi_inet=running
I/UpstartPropertyWatcher(  856): Property changed: init.svc.gsiff_daemon=running
D/libEGL  ( 4341): loaded /vendor/lib/egl/libGLESv2_adreno.so
I/UpstartPropertyWatcher(  856): Property changed: init.svc.xtwifi_inet=restarting
I/UpstartPropertyWatcher(  856): Property changed: init.svc.quipc_igsn=restarting
I/UpstartPropertyWatcher(  856): Property changed: init.svc.gsiff_daemon=restarting
I/UpstartPropertyWatcher(  856): Property changed: init.svc.quipc_main=restarting
I/UpstartPropertyWatcher(  856): Property changed: init.svc.ppd=restarting
I/ThermalEngine(  885): Sensor:batt_temp:42300 mC
I/ThermalEngine(  885): Sensor:batt_temp:42200 mC
D/libEGL  ( 4352): loaded /vendor/lib/egl/libEGL_adreno.so
D/libEGL  ( 4352): loaded /vendor/lib/egl/libGLESv1_CM_adreno.so
D/libEGL  ( 4352): loaded /vendor/lib/egl/libGLESv2_adreno.so
I/ThermalEngine(  885): Sensor:batt_temp:42300 mC
I/ThermalEngine(  885): Sensor:batt_temp:42200 mC
E/QCALOG  (  899): [MessageQ] ProcessNewMessage: [LOWI-SERVER] unknown deliver target [OS-Agent]
D/libEGL  ( 4358): loaded /vendor/lib/egl/libEGL_adreno.so
D/libEGL  ( 4358): loaded /vendor/lib/egl/libGLESv1_CM_adreno.so
D/libEGL  ( 4358): loaded /vendor/lib/egl/libGLESv2_adreno.so
E/QCALOG  (  899): [MessageQ] ProcessNewMessage: [XTWiFi-PE] unknown deliver target [OS-Agent]
E/QCALOG  (  899): [MessageQ] ProcessNewMessage: [XT-CS] unknown deliver target [OS-Agent]
E/QCALOG  (  899): [MessageQ] ProcessNewMessage: [XTWWAN-PE] unknown deliver target [OS-Agent]
I/ThermalEngine(  885): Sensor:batt_temp:42300 mC
I/UpstartPropertyWatcher(  856): Property changed: init.svc.ppd=running
I/UpstartPropertyWatcher(  856): Property changed: init.svc.gsiff_daemon=running
I/UpstartPropertyWatcher(  856): Property changed: init.svc.quipc_igsn=running
I/UpstartPropertyWatcher(  856): Property changed: init.svc.quipc_main=running
I/UpstartPropertyWatcher(  856): Property changed: init.svc.xtwifi_inet=running
I/UpstartPropertyWatcher(  856): Property changed: init.svc.xtwifi_inet=restarting
I/UpstartPropertyWatcher(  856): Property changed: init.svc.quipc_igsn=restarting
I/UpstartPropertyWatcher(  856): Property changed: init.svc.gsiff_daemon=restarting
I/UpstartPropertyWatcher(  856): Property changed: init.svc.quipc_main=restarting
I/UpstartPropertyWatcher(  856): Property changed: init.svc.ppd=restarting
I/ThermalEngine(  885): Sensor:batt_temp:42200 mC
D/libEGL  ( 4369): loaded /vendor/lib/egl/libEGL_adreno.so
D/libEGL  ( 4369): loaded /vendor/lib/egl/libGLESv1_CM_adreno.so
D/libEGL  ( 4369): loaded /vendor/lib/egl/libGLESv2_adreno.so
I/ThermalEngine(  885): Sensor:batt_temp:42300 mC
I/ThermalEngine(  885): Sensor:batt_temp:42200 mC
D/libEGL  ( 4375): loaded /vendor/lib/egl/libEGL_adreno.so
D/libEGL  ( 4375): loaded /vendor/lib/egl/libGLESv1_CM_adreno.so
D/libEGL  ( 4375): loaded /vendor/lib/egl/libGLESv2_adreno.so
I/ThermalEngine(  885): Sensor:batt_temp:42300 mC
E/QCALOG  (  899): [MessageQ] ProcessNewMessage: [XTWiFi-PE] unknown deliver target [OS-Agent]
E/QCALOG  (  899): [MessageQ] ProcessNewMessage: [XT-CS] unknown deliver target [OS-Agent]
E/QCALOG  (  899): [MessageQ] ProcessNewMessage: [XTWWAN-PE] unknown deliver target [OS-Agent]
I/ThermalEngine(  885): Sensor:batt_temp:42200 mC
I/UpstartPropertyWatcher(  856): Property changed: init.svc.ppd=running
I/UpstartPropertyWatcher(  856): Property changed: init.svc.gsiff_daemon=running
I/UpstartPropertyWatcher(  856): Property changed: init.svc.quipc_igsn=running
I/UpstartPropertyWatcher(  856): Property changed: init.svc.quipc_main=running
I/UpstartPropertyWatcher(  856): Property changed: init.svc.xtwifi_inet=running
I/UpstartPropertyWatcher(  856): Property changed: init.svc.quipc_igsn=restarting
D/libEGL  ( 4381): loaded /vendor/lib/egl/libEGL_adreno.so
I/UpstartPropertyWatcher(  856): Property changed: init.svc.gsiff_daemon=restarting
D/libEGL  ( 4381): loaded /vendor/lib/egl/libGLESv1_CM_adreno.so
I/UpstartPropertyWatcher(  856): Property changed: init.svc.xtwifi_inet=restarting
D/libEGL  ( 4381): loaded /vendor/lib/egl/libGLESv2_adreno.so
I/UpstartPropertyWatcher(  856): Property changed: init.svc.ppd=restarting
I/UpstartPropertyWatcher(  856): Property changed: init.svc.quipc_main=restarting
I/ThermalEngine(  885): Sensor:batt_temp:42300 mC
I/ThermalEngine(  885): Sensor:batt_temp:42300 mC
D/libEGL  ( 4392): loaded /vendor/lib/egl/libEGL_adreno.so
D/libEGL  ( 4392): loaded /vendor/lib/egl/libGLESv1_CM_adreno.so
D/libEGL  ( 4392): loaded /vendor/lib/egl/libGLESv2_adreno.so
I/ThermalEngine(  885): Sensor:batt_temp:42300 mC
I/ThermalEngine(  885): Sensor:batt_temp:42200 mC
E/QCALOG  (  899): [MessageQ] ProcessNewMessage: [XTWiFi-PE] unknown deliver target [OS-Agent]
E/QCALOG  (  899): [MessageQ] ProcessNewMessage: [XT-CS] unknown deliver target [OS-Agent]
E/QCALOG  (  899): [MessageQ] ProcessNewMessage: [XTWWAN-PE] unknown deliver target [OS-Agent]
D/libEGL  ( 4398): loaded /vendor/lib/egl/libEGL_adreno.so
D/libEGL  ( 4398): loaded /vendor/lib/egl/libGLESv1_CM_adreno.so
D/libEGL  ( 4398): loaded /vendor/lib/egl/libGLESv2_adreno.so
I/ThermalEngine(  885): Sensor:batt_temp:42300 mC
I/UpstartPropertyWatcher(  856): Property changed: init.svc.ppd=running
I/UpstartPropertyWatcher(  856): Property changed: init.svc.quipc_igsn=running
I/UpstartPropertyWatcher(  856): Property changed: init.svc.quipc_main=running
I/UpstartPropertyWatcher(  856): Property changed: init.svc.xtwifi_inet=running
I/UpstartPropertyWatcher(  856): Property changed: init.svc.gsiff_daemon=running
I/UpstartPropertyWatcher(  856): Property changed: init.svc.quipc_igsn=restarting
I/UpstartPropertyWatcher(  856): Property changed: init.svc.xtwifi_inet=restarting
I/UpstartPropertyWatcher(  856): Property changed: init.svc.ppd=restarting
I/UpstartPropertyWatcher(  856): Property changed: init.svc.gsiff_daemon=restarting
I/UpstartPropertyWatcher(  856): Property changed: init.svc.quipc_main=restarting
I/ThermalEngine(  885): Sensor:batt_temp:42300 mC
D/libEGL  ( 4409): loaded /vendor/lib/egl/libEGL_adreno.so
D/libEGL  ( 4409): loaded /vendor/lib/egl/libGLESv1_CM_adreno.so
D/libEGL  ( 4409): loaded /vendor/lib/egl/libGLESv2_adreno.so
I/ThermalEngine(  885): Sensor:batt_temp:42300 mC
I/ThermalEngine(  885): Sensor:batt_temp:42300 mC
D/libEGL  ( 4415): loaded /vendor/lib/egl/libEGL_adreno.so
D/libEGL  ( 4415): loaded /vendor/lib/egl/libGLESv1_CM_adreno.so
D/libEGL  ( 4415): loaded /vendor/lib/egl/libGLESv2_adreno.so
I/ThermalEngine(  885): Sensor:batt_temp:42300 mC
E/QCALOG  (  899): [MessageQ] ProcessNewMessage: [XTWiFi-PE] unknown deliver target [OS-Agent]
E/QCALOG  (  899): [MessageQ] ProcessNewMessage: [XT-CS] unknown deliver target [OS-Agent]
E/QCALOG  (  899): [MessageQ] ProcessNewMessage: [XTWWAN-PE] unknown deliver target [OS-Agent]
I/ThermalEngine(  885): Sensor:batt_temp:42200 mC
I/UpstartPropertyWatcher(  856): Property changed: init.svc.ppd=running
I/UpstartPropertyWatcher(  856): Property changed: init.svc.gsiff_daemon=running
I/UpstartPropertyWatcher(  856): Property changed: init.svc.quipc_igsn=running
I/UpstartPropertyWatcher(  856): Property changed: init.svc.quipc_main=running
I/UpstartPropertyWatcher(  856): Property changed: init.svc.xtwifi_inet=running
D/libEGL  ( 4421): loaded /vendor/lib/egl/libEGL_adreno.so
I/UpstartPropertyWatcher(  856): Property changed: init.svc.xtwifi_inet=restarting
D/libEGL  ( 4421): loaded /vendor/lib/egl/libGLESv1_CM_adreno.so
D/libEGL  ( 4421): loaded /vendor/lib/egl/libGLESv2_adreno.so
I/UpstartPropertyWatcher(  856): Property changed: init.svc.quipc_igsn=restarting
I/UpstartPropertyWatcher(  856): Property changed: init.svc.ppd=restarting
I/UpstartPropertyWatcher(  856): Property changed: init.svc.quipc_main=restarting
I/UpstartPropertyWatcher(  856): Property changed: init.svc.gsiff_daemon=restarting
I/ThermalEngine(  885): Sensor:batt_temp:42300 mC
I/ThermalEngine(  885): Sensor:batt_temp:42300 mC
D/libEGL  ( 4432): loaded /vendor/lib/egl/libEGL_adreno.so
D/libEGL  ( 4432): loaded /vendor/lib/egl/libGLESv1_CM_adreno.so
D/libEGL  ( 4432): loaded /vendor/lib/egl/libGLESv2_adreno.so
I/ThermalEngine(  885): Sensor:batt_temp:42300 mC
I/ThermalEngine(  885): Sensor:batt_temp:42300 mC
E/QCALOG  (  899): [MessageQ] ProcessNewMessage: [XTWiFi-PE] unknown deliver target [OS-Agent]
E/QCALOG  (  899): [MessageQ] ProcessNewMessage: [XT-CS] unknown deliver target [OS-Agent]
E/QCALOG  (  899): [MessageQ] ProcessNewMessage: [XTWWAN-PE] unknown deliver target [OS-Agent]
D/libEGL  ( 4438): loaded /vendor/lib/egl/libEGL_adreno.so
D/libEGL  ( 4438): loaded /vendor/lib/egl/libGLESv1_CM_adreno.so
D/libEGL  ( 4438): loaded /vendor/lib/egl/libGLESv2_adreno.so
I/ThermalEngine(  885): Sensor:batt_temp:42300 mC
I/UpstartPropertyWatcher(  856): Property changed: init.svc.ppd=running
I/UpstartPropertyWatcher(  856): Property changed: init.svc.gsiff_daemon=running
I/UpstartPropertyWatcher(  856): Property changed: init.svc.quipc_igsn=running
I/UpstartPropertyWatcher(  856): Property changed: init.svc.quipc_main=running
I/UpstartPropertyWatcher(  856): Property changed: init.svc.xtwifi_inet=running
I/UpstartPropertyWatcher(  856): Property changed: init.svc.quipc_igsn=restarting
I/UpstartPropertyWatcher(  856): Property changed: init.svc.xtwifi_inet=restarting
I/UpstartPropertyWatcher(  856): Property changed: init.svc.quipc_main=restarting
I/UpstartPropertyWatcher(  856): Property changed: init.svc.gsiff_daemon=restarting
I/UpstartPropertyWatcher(  856): Property changed: init.svc.ppd=restarting
I/ThermalEngine(  885): Sensor:batt_temp:42300 mC
D/libEGL  ( 4449): loaded /vendor/lib/egl/libEGL_adreno.so
D/libEGL  ( 4449): loaded /vendor/lib/egl/libGLESv1_CM_adreno.so
D/libEGL  ( 4449): loaded /vendor/lib/egl/libGLESv2_adreno.so
I/ThermalEngine(  885): Sensor:batt_temp:42300 mC
I/ThermalEngine(  885): Sensor:batt_temp:42300 mC
D/libEGL  ( 4455): loaded /vendor/lib/egl/libEGL_adreno.so
D/libEGL  ( 4455): loaded /vendor/lib/egl/libGLESv1_CM_adreno.so
D/libEGL  ( 4455): loaded /vendor/lib/egl/libGLESv2_adreno.so
I/ThermalEngine(  885): Sensor:batt_temp:42300 mC
E/QCALOG  (  899): [MessageQ] ProcessNewMessage: [XTWiFi-PE] unknown deliver target [OS-Agent]
E/QCALOG  (  899): [MessageQ] ProcessNewMessage: [XT-CS] unknown deliver target [OS-Agent]
E/QCALOG  (  899): [MessageQ] ProcessNewMessage: [XTWWAN-PE] unknown deliver target [OS-Agent]
I/ThermalEngine(  885): Sensor:batt_temp:42300 mC
I/UpstartPropertyWatcher(  856): Property changed: init.svc.ppd=running
I/UpstartPropertyWatcher(  856): Property changed: init.svc.gsiff_daemon=running
I/UpstartPropertyWatcher(  856): Property changed: init.svc.quipc_igsn=running
I/UpstartPropertyWatcher(  856): Property changed: init.svc.quipc_main=running
I/UpstartPropertyWatcher(  856): Property changed: init.svc.xtwifi_inet=running
D/libEGL  ( 4461): loaded /vendor/lib/egl/libEGL_adreno.so
D/libEGL  ( 4461): loaded /vendor/lib/egl/libGLESv1_CM_adreno.so
I/UpstartPropertyWatcher(  856): Property changed: init.svc.ppd=restarting
I/UpstartPropertyWatcher(  856): Property changed: init.svc.quipc_igsn=restarting
D/libEGL  ( 4461): loaded /vendor/lib/egl/libGLESv2_adreno.so
I/UpstartPropertyWatcher(  856): Property changed: init.svc.quipc_main=restarting
I/UpstartPropertyWatcher(  856): Property changed: init.svc.xtwifi_inet=restarting
I/UpstartPropertyWatcher(  856): Property changed: init.svc.gsiff_daemon=restarting
I/ThermalEngine(  885): Sensor:batt_temp:42300 mC
I/ThermalEngine(  885): Sensor:batt_temp:42300 mC
D/libEGL  ( 4472): loaded /vendor/lib/egl/libEGL_adreno.so
D/libEGL  ( 4472): loaded /vendor/lib/egl/libGLESv1_CM_adreno.so
D/libEGL  ( 4472): loaded /vendor/lib/egl/libGLESv2_adreno.so
I/ThermalEngine(  885): Sensor:batt_temp:42300 mC
I/ThermalEngine(  885): Sensor:batt_temp:42300 mC
E/QCALOG  (  899): [MessageQ] ProcessNewMessage: [XTWiFi-PE] unknown deliver target [OS-Agent]
