E/QCALOG  (  899): [MessageQ] ProcessNewMessage: [XT-CS] unknown deliver target [OS-Agent]
E/QCALOG  (  899): [MessageQ] ProcessNewMessage: [XTWWAN-PE] unknown deliver target [OS-Agent]
D/libEGL  ( 4478): loaded /vendor/lib/egl/libEGL_adreno.so
D/libEGL  ( 4478): loaded /vendor/lib/egl/libGLESv1_CM_adreno.so
D/libEGL  ( 4478): loaded /vendor/lib/egl/libGLESv2_adreno.so
I/ThermalEngine(  885): Sensor:batt_temp:42300 mC
I/UpstartPropertyWatcher(  856): Property changed: init.svc.ppd=running
I/UpstartPropertyWatcher(  856): Property changed: init.svc.gsiff_daemon=running
I/UpstartPropertyWatcher(  856): Property changed: init.svc.quipc_igsn=running
I/UpstartPropertyWatcher(  856): Property changed: init.svc.quipc_main=running
I/UpstartPropertyWatcher(  856): Property changed: init.svc.xtwifi_inet=running
I/UpstartPropertyWatcher(  856): Property changed: init.svc.quipc_igsn=restarting
I/UpstartPropertyWatcher(  856): Property changed: init.svc.xtwifi_inet=restarting
I/UpstartPropertyWatcher(  856): Property changed: init.svc.gsiff_daemon=restarting
I/ThermalEngine(  885): Sensor:batt_temp:42400 mC
I/UpstartPropertyWatcher(  856): Property changed: init.svc.quipc_main=restarting
I/UpstartPropertyWatcher(  856): Property changed: init.svc.ppd=restarting
D/libEGL  ( 4489): loaded /vendor/lib/egl/libEGL_adreno.so
D/libEGL  ( 4489): loaded /vendor/lib/egl/libGLESv1_CM_adreno.so
D/libEGL  ( 4489): loaded /vendor/lib/egl/libGLESv2_adreno.so
I/ThermalEngine(  885): Sensor:batt_temp:42300 mC
I/ThermalEngine(  885): Sensor:batt_temp:42300 mC
D/libEGL  ( 4495): loaded /vendor/lib/egl/libEGL_adreno.so
D/libEGL  ( 4495): loaded /vendor/lib/egl/libGLESv1_CM_adreno.so
D/libEGL  ( 4495): loaded /vendor/lib/egl/libGLESv2_adreno.so
I/ThermalEngine(  885): Sensor:batt_temp:42300 mC
E/QCALOG  (  899): [MessageQ] ProcessNewMessage: [XTWiFi-PE] unknown deliver target [OS-Agent]
E/QCALOG  (  899): [MessageQ] ProcessNewMessage: [XT-CS] unknown deliver target [OS-Agent]
E/QCALOG  (  899): [MessageQ] ProcessNewMessage: [XTWWAN-PE] unknown deliver target [OS-Agent]
I/ThermalEngine(  885): Sensor:batt_temp:42300 mC
I/UpstartPropertyWatcher(  856): Property changed: init.svc.ppd=running
I/UpstartPropertyWatcher(  856): Property changed: init.svc.gsiff_daemon=running
I/UpstartPropertyWatcher(  856): Property changed: init.svc.quipc_igsn=running
I/UpstartPropertyWatcher(  856): Property changed: init.svc.quipc_main=running
I/UpstartPropertyWatcher(  856): Property changed: init.svc.xtwifi_inet=running
D/libEGL  ( 4501): loaded /vendor/lib/egl/libEGL_adreno.so
D/libEGL  ( 4501): loaded /vendor/lib/egl/libGLESv1_CM_adreno.so
I/UpstartPropertyWatcher(  856): Property changed: init.svc.quipc_igsn=restarting
I/ThermalEngine(  885): Sensor:batt_temp:42400 mC
D/libEGL  ( 4501): loaded /vendor/lib/egl/libGLESv2_adreno.so
I/UpstartPropertyWatcher(  856): Property changed: init.svc.gsiff_daemon=restarting
I/UpstartPropertyWatcher(  856): Property changed: init.svc.xtwifi_inet=restarting
I/UpstartPropertyWatcher(  856): Property changed: init.svc.ppd=restarting
I/UpstartPropertyWatcher(  856): Property changed: init.svc.quipc_main=restarting
I/ThermalEngine(  885): Sensor:batt_temp:42300 mC
D/libEGL  ( 4514): loaded /vendor/lib/egl/libEGL_adreno.so
D/libEGL  ( 4514): loaded /vendor/lib/egl/libGLESv1_CM_adreno.so
I/ThermalEngine(  885): Sensor:batt_temp:42300 mC
D/libEGL  ( 4514): loaded /vendor/lib/egl/libGLESv2_adreno.so
I/ThermalEngine(  885): Sensor:batt_temp:42300 mC
E/QCALOG  (  899): [MessageQ] ProcessNewMessage: [XTWiFi-PE] unknown deliver target [OS-Agent]
E/QCALOG  (  899): [MessageQ] ProcessNewMessage: [XT-CS] unknown deliver target [OS-Agent]
E/QCALOG  (  899): [MessageQ] ProcessNewMessage: [XTWWAN-PE] unknown deliver target [OS-Agent]
I/ThermalEngine(  885): Sensor:batt_temp:42300 mC
D/libEGL  ( 4520): loaded /vendor/lib/egl/libEGL_adreno.so
D/libEGL  ( 4520): loaded /vendor/lib/egl/libGLESv1_CM_adreno.so
D/libEGL  ( 4520): loaded /vendor/lib/egl/libGLESv2_adreno.so
I/ThermalEngine(  885): Sensor:batt_temp:42300 mC
I/UpstartPropertyWatcher(  856): Property changed: init.svc.ppd=running
I/UpstartPropertyWatcher(  856): Property changed: init.svc.gsiff_daemon=running
I/UpstartPropertyWatcher(  856): Property changed: init.svc.quipc_igsn=running
I/UpstartPropertyWatcher(  856): Property changed: init.svc.quipc_main=running
I/UpstartPropertyWatcher(  856): Property changed: init.svc.xtwifi_inet=running
I/UpstartPropertyWatcher(  856): Property changed: init.svc.xtwifi_inet=restarting
I/UpstartPropertyWatcher(  856): Property changed: init.svc.quipc_main=restarting
I/UpstartPropertyWatcher(  856): Property changed: init.svc.quipc_igsn=restarting
I/UpstartPropertyWatcher(  856): Property changed: init.svc.ppd=restarting
I/UpstartPropertyWatcher(  856): Property changed: init.svc.gsiff_daemon=restarting
I/ThermalEngine(  885): Sensor:batt_temp:42300 mC
D/libEGL  ( 4532): loaded /vendor/lib/egl/libEGL_adreno.so
D/libEGL  ( 4532): loaded /vendor/lib/egl/libGLESv1_CM_adreno.so
D/libEGL  ( 4532): loaded /vendor/lib/egl/libGLESv2_adreno.so
I/ThermalEngine(  885): Sensor:batt_temp:42300 mC
I/ThermalEngine(  885): Sensor:batt_temp:42300 mC
D/libEGL  ( 4539): loaded /vendor/lib/egl/libEGL_adreno.so
D/libEGL  ( 4539): loaded /vendor/lib/egl/libGLESv1_CM_adreno.so
D/libEGL  ( 4539): loaded /vendor/lib/egl/libGLESv2_adreno.so
E/QCALOG  (  899): [MessageQ] ProcessNewMessage: [XTWiFi-PE] unknown deliver target [OS-Agent]
E/QCALOG  (  899): [MessageQ] ProcessNewMessage: [XT-CS] unknown deliver target [OS-Agent]
E/QCALOG  (  899): [MessageQ] ProcessNewMessage: [XTWWAN-PE] unknown deliver target [OS-Agent]
I/ThermalEngine(  885): Sensor:batt_temp:42300 mC
I/ThermalEngine(  885): Sensor:batt_temp:42400 mC
I/UpstartPropertyWatcher(  856): Property changed: init.svc.ppd=running
I/UpstartPropertyWatcher(  856): Property changed: init.svc.gsiff_daemon=running
I/UpstartPropertyWatcher(  856): Property changed: init.svc.quipc_igsn=running
I/UpstartPropertyWatcher(  856): Property changed: init.svc.quipc_main=running
I/UpstartPropertyWatcher(  856): Property changed: init.svc.xtwifi_inet=running
I/UpstartPropertyWatcher(  856): Property changed: init.svc.ppd=restarting
I/UpstartPropertyWatcher(  856): Property changed: init.svc.gsiff_daemon=restarting
I/UpstartPropertyWatcher(  856): Property changed: init.svc.quipc_igsn=restarting
I/UpstartPropertyWatcher(  856): Property changed: init.svc.xtwifi_inet=restarting
D/libEGL  ( 4548): loaded /vendor/lib/egl/libEGL_adreno.so
I/UpstartPropertyWatcher(  856): Property changed: init.svc.quipc_main=restarting
D/libEGL  ( 4548): loaded /vendor/lib/egl/libGLESv1_CM_adreno.so
D/libEGL  ( 4548): loaded /vendor/lib/egl/libGLESv2_adreno.so
I/ThermalEngine(  885): Sensor:batt_temp:42400 mC
I/ThermalEngine(  885): Sensor:batt_temp:42400 mC
D/libEGL  ( 4559): loaded /vendor/lib/egl/libEGL_adreno.so
D/libEGL  ( 4559): loaded /vendor/lib/egl/libGLESv1_CM_adreno.so
D/libEGL  ( 4559): loaded /vendor/lib/egl/libGLESv2_adreno.so
I/ThermalEngine(  885): Sensor:batt_temp:42400 mC
E/QCALOG  (  899): [MessageQ] ProcessNewMessage: [XTWiFi-PE] unknown deliver target [OS-Agent]
E/QCALOG  (  899): [MessageQ] ProcessNewMessage: [XT-CS] unknown deliver target [OS-Agent]
E/QCALOG  (  899): [MessageQ] ProcessNewMessage: [XTWWAN-PE] unknown deliver target [OS-Agent]
I/ThermalEngine(  885): Sensor:batt_temp:42400 mC
D/libEGL  ( 4565): loaded /vendor/lib/egl/libEGL_adreno.so
D/libEGL  ( 4565): loaded /vendor/lib/egl/libGLESv1_CM_adreno.so
D/libEGL  ( 4565): loaded /vendor/lib/egl/libGLESv2_adreno.so
I/ThermalEngine(  885): Sensor:batt_temp:42400 mC
I/UpstartPropertyWatcher(  856): Property changed: init.svc.ppd=running
I/UpstartPropertyWatcher(  856): Property changed: init.svc.gsiff_daemon=running
I/UpstartPropertyWatcher(  856): Property changed: init.svc.quipc_igsn=running
I/UpstartPropertyWatcher(  856): Property changed: init.svc.quipc_main=running
I/UpstartPropertyWatcher(  856): Property changed: init.svc.xtwifi_inet=running
I/UpstartPropertyWatcher(  856): Property changed: init.svc.xtwifi_inet=restarting
I/UpstartPropertyWatcher(  856): Property changed: init.svc.quipc_igsn=restarting
I/UpstartPropertyWatcher(  856): Property changed: init.svc.gsiff_daemon=restarting
I/UpstartPropertyWatcher(  856): Property changed: init.svc.ppd=restarting
I/UpstartPropertyWatcher(  856): Property changed: init.svc.quipc_main=restarting
I/ThermalEngine(  885): Sensor:batt_temp:42300 mC
D/libEGL  ( 4576): loaded /vendor/lib/egl/libEGL_adreno.so
D/libEGL  ( 4576): loaded /vendor/lib/egl/libGLESv1_CM_adreno.so
D/libEGL  ( 4576): loaded /vendor/lib/egl/libGLESv2_adreno.so
I/ThermalEngine(  885): Sensor:batt_temp:42400 mC
I/ThermalEngine(  885): Sensor:batt_temp:42300 mC
D/libEGL  ( 4582): loaded /vendor/lib/egl/libEGL_adreno.so
D/libEGL  ( 4582): loaded /vendor/lib/egl/libGLESv1_CM_adreno.so
D/libEGL  ( 4582): loaded /vendor/lib/egl/libGLESv2_adreno.so
E/QCALOG  (  899): [MessageQ] ProcessNewMessage: [XTWiFi-PE] unknown deliver target [OS-Agent]
E/QCALOG  (  899): [MessageQ] ProcessNewMessage: [XT-CS] unknown deliver target [OS-Agent]
E/QCALOG  (  899): [MessageQ] ProcessNewMessage: [XTWWAN-PE] unknown deliver target [OS-Agent]
I/ThermalEngine(  885): Sensor:batt_temp:42400 mC
