I/ThermalEngine( 1024): thresholds_clr 115000
I/ThermalEngine( 1024): actions shutdown
I/ThermalEngine( 1024): action_info 5000
I/ThermalEngine( 1024): [VDD_RSTR_MONITOR-TSENS5]
I/ThermalEngine( 1024): #algo_type monitor
I/ThermalEngine( 1024): sampling 1000
I/ThermalEngine( 1024): sensor tsens_tz_sensor5
I/ThermalEngine( 1024): thresholds 5000
I/ThermalEngine( 1024): thresholds_clr 10000
I/ThermalEngine( 1024): actions vdd_restriction
I/ThermalEngine( 1024): action_info 1
I/ThermalEngine( 1024): descending
I/ThermalEngine( 1024): [VDD_RSTR_MONITOR-TSENS4]
I/ThermalEngine( 1024): #algo_type monitor
I/ThermalEngine( 1024): sampling 1000
I/ThermalEngine( 1024): sensor tsens_tz_sensor4
I/ThermalEngine( 1024): thresholds 5000
I/ThermalEngine( 1024): thresholds_clr 10000
I/ThermalEngine( 1024): actions vdd_restriction
I/ThermalEngine( 1024): action_info 1
I/ThermalEngine( 1024): descending
I/ThermalEngine( 1024): [VDD_RSTR_MONITOR-TSENS3]
I/ThermalEngine( 1024): #algo_type monitor
I/ThermalEngine( 1024): sampling 1000
I/ThermalEngine( 1024): sensor tsens_tz_sensor3
I/ThermalEngine( 1024): thresholds 5000
I/ThermalEngine( 1024): thresholds_clr 10000
I/ThermalEngine( 1024): actions vdd_restriction
I/ThermalEngine( 1024): action_info 1
I/ThermalEngine( 1024): descending
I/ThermalEngine( 1024): [VDD_RSTR_MONITOR-TSENS2]
I/ThermalEngine( 1024): #algo_type monitor
I/ThermalEngine( 1024): sampling 1000
I/ThermalEngine( 1024): sensor tsens_tz_sensor2
I/ThermalEngine( 1024): thresholds 5000
I/ThermalEngine( 1024): thresholds_clr 10000
I/ThermalEngine( 1024): actions vdd_restriction
I/ThermalEngine( 1024): action_info 1
I/ThermalEngine( 1024): descending
I/ThermalEngine( 1024): [VDD_RSTR_MONITOR-TSENS1]
I/ThermalEngine( 1024): #algo_type monitor
I/ThermalEngine( 1024): sampling 1000
I/ThermalEngine( 1024): sensor tsens_tz_sensor1
I/ThermalEngine( 1024): thresholds 5000
I/ThermalEngine( 1024): thresholds_clr 10000
I/ThermalEngine( 1024): actions vdd_restriction
I/ThermalEngine( 1024): action_info 1
I/ThermalEngine( 1024): descending
I/ThermalEngine( 1024): [VDD_RSTR_MONITOR-TSENS0]
I/ThermalEngine( 1024): #algo_type monitor
I/ThermalEngine( 1024): sampling 1000
I/ThermalEngine( 1024): sensor tsens_tz_sensor0
I/ThermalEngine( 1024): thresholds 5000
I/ThermalEngine( 1024): thresholds_clr 10000
I/ThermalEngine( 1024): actions vdd_restriction
I/ThermalEngine( 1024): action_info 1
I/ThermalEngine( 1024): descending
I/ThermalEngine( 1024): [SS-POPMEM]
I/ThermalEngine( 1024): #algo_type ss
I/ThermalEngine( 1024): sampling 1000
I/ThermalEngine( 1024): sensor pop_mem
I/ThermalEngine( 1024): device cpu
I/ThermalEngine( 1024): set_point 90000
I/ThermalEngine( 1024): set_point_clr 55000
I/ThermalEngine( 1024): time_constant 2
I/ThermalEngine( 1024): [SS-CPU2-3]
I/ThermalEngine( 1024): #algo_type ss
I/ThermalEngine( 1024): sampling 250
I/ThermalEngine( 1024): sensor cpu2-3
I/ThermalEngine( 1024): device cpu
I/ThermalEngine( 1024): set_point 90000
I/ThermalEngine( 1024): set_point_clr 55000
I/ThermalEngine( 1024): time_constant 0
I/ThermalEngine( 1024): [SS-CPU0-1]
I/ThermalEngine( 1024): #algo_type ss
I/ThermalEngine( 1024): sampling 250
I/ThermalEngine( 1024): sensor cpu0-1
I/ThermalEngine( 1024): device cpu
I/ThermalEngine( 1024): set_point 90000
I/ThermalEngine( 1024): set_point_clr 55000
I/ThermalEngine( 1024): time_constant 0
I/UpstartPropertyWatcher(  980): Property changed: init.svc.quipc_igsn=restarting
I/ThermalEngine( 1024): Sensor:tsens_tz_sensor3:59000 mC
I/ThermalEngine( 1024): Sensor:tsens_tz_sensor3:59000 mC
I/irsc_util( 1016): file_parser Number of element :3
I/ThermalEngine( 1024): Sensor:tsens_tz_sensor2:83000 mC
I/irsc_util( 1016): file_parser Number of element :3
I/ThermalEngine( 1024): Sensor:tsens_tz_sensor2:83000 mC
I/UpstartPropertyWatcher(  980): Property changed: sys.usb.config=mtp,adb
I/ThermalEngine( 1024): Sensor:tsens_tz_sensor5:79000 mC
I/ThermalEngine( 1024): Sensor:tsens_tz_sensor5:79000 mC
I/ThermalEngine( 1024): Sensor:batt_temp:40000 mC
I/ThermalEngine( 1024): Sensor:tsens_tz_sensor2:83000 mC
I/ThermalEngine( 1024): Sensor:tsens_tz_sensor5:79000 mC
I/ThermalEngine( 1024): Sensor:tsens_tz_sensor5:79000 mC
I/ThermalEngine( 1024): Sensor:tsens_tz_sensor4:60000 mC
I/UpstartPropertyWatcher(  980): Property changed: init.svc.adbd=stopped
I/ThermalEngine( 1024): Sensor:tsens_tz_sensor4:60000 mC
I/ThermalEngine( 1024): Sensor:tsens_tz_sensor3:59000 mC
I/UpstartPropertyWatcher(  980): Property changed: init.svc.ril-daemon1=running
I/ThermalEngine( 1024): Sensor:tsens_tz_sensor2:83000 mC
I/ThermalEngine( 1024): Sensor:tsens_tz_sensor1:60000 mC
I/ThermalEngine( 1024): Sensor:tsens_tz_sensor1:60000 mC
I/ThermalEngine( 1024): Sensor:tsens_tz_sensor0:69000 mC
I/ThermalEngine( 1024): Sensor:tsens_tz_sensor0:69000 mC
I/ThermalEngine( 1024): vdd_restrict_qmi_request: MODEM req level(0) is recorded and waiting for completing QMI registration
I/ThermalEngine( 1024): vdd_restrict_qmi_request: ADSP req level(0) is recorded and waiting for completing QMI registration
I/ThermalEngine( 1024): hotplug_ktm_disable_cb: write out 0
I/UpstartPropertyWatcher(  980): Property changed: sys.usb.state=mtp,adb
I/UpstartPropertyWatcher(  980): Property changed: sys.usb.state=mtp,adb
I/irsc_util( 1016): file_parser Number of element :3
I/irsc_util( 1016): file_parser Number of element :3
I/irsc_util( 1016): file_parser Number of element :3
I/irsc_util( 1016): file_parser Number of element :3
I/irsc_util( 1016): file_parser Number of element :3
I/qcom-bluetooth( 1121): /system/etc/init.qcom.bt.sh: Bluetooth Address programmed successfully 
I/irsc_util( 1016): file_parser Number of element :3
I/irsc_util( 1016): file_parser Number of element :3
I/irsc_util( 1016): file_parser Number of element :3
I/irsc_util( 1016): file_parser Number of element :3
I/irsc_util( 1016): file_parser Number of element :3
I/irsc_util( 1016): file_parser Number of element :3
I/irsc_util( 1016): file_parser Number of element :3
I/irsc_util( 1016): file_parser Number of element :3
I/irsc_util( 1016): file_parser Number of element :3
I/irsc_util( 1016): file_parser Number of element :3
I/irsc_util( 1016): file_parser Number of element :3
I/irsc_util( 1016): file_parser Number of element :3
I/irsc_util( 1016): file_parser Number of element :3
I/irsc_util( 1016): file_parser Number of element :3
I/irsc_util( 1016): file_parser Number of element :3
I/irsc_util( 1016): file_parser Number of element :3
I/irsc_util( 1016): file_parser Number of element :3
I/irsc_util( 1016): file_parser Number of element :3
I/irsc_util( 1016): file_parser Number of element :3
I/irsc_util( 1016): file_parser Number of element :3
I/irsc_util( 1016): file_parser Number of element :3
I/irsc_util( 1016): file_parser Number of element :3
I/irsc_util( 1016): file_parser Number of element :3
I/irsc_util( 1016): file_parser Number of element :3
I/irsc_util( 1016): file_parser Number of element :3
I/irsc_util( 1016): file_parser Number of element :3
I/irsc_util( 1016): file_parser Number of element :3
I/irsc_util( 1016): file_parser Number of element :3
I/irsc_util( 1016): file_parser Number of element :3
I/irsc_util( 1016): file_parser Number of element :3
I/irsc_util( 1016): file_parser Number of element :3
I/irsc_util( 1016): file_parser Number of element :3
I/irsc_util( 1016): file_parser Number of element :3
I/irsc_util( 1016): file_parser Number of element :3
I/irsc_util( 1016): file_parser Number of element :3
I/irsc_util( 1016): file_parser Number of element :3
I/irsc_util( 1016): file_parser Number of element :3
I/irsc_util( 1016): file_parser Number of element :3
I/irsc_util( 1016): file_parser Number of element :3
I/irsc_util( 1016): file_parser Number of element :3
I/irsc_util( 1016): file_parser Number of element :3
I/irsc_util( 1016): file_parser Number of element :3
D/QC-time-services( 1039): Daemon:genoff_pre_init::Base = 0
I/irsc_util( 1016): file_parser Number of element :3
D/QC-time-services( 1039): Daemon:ats_rtc_init: Time read from RTC -- year = 115, month = 11,day = 3
I/irsc_util( 1016): file_parser Number of element :3
I/irsc_util( 1016): file_parser Number of element :3
I/irsc_util( 1016): file_parser Number of element :3
I/irsc_util( 1016): file_parser Number of element :3
I/irsc_util( 1016): file_parser Number of element :3
I/irsc_util( 1016): file_parser Number of element :3
I/irsc_util( 1016): file_parser Number of element :3
I/irsc_util( 1016): file_parser Number of element :3
I/irsc_util( 1016): file_parser Number of element :3
I/irsc_util( 1016): file_parser Number of element :3
I/irsc_util( 1016): file_parser Number of element :3
I/irsc_util( 1016): file_parser Number of element :3
I/irsc_util( 1016): file_parser Number of element :3
I/irsc_util( 1016): file_parser Number of element :3
I/irsc_util( 1016): file_parser Number of element :3
I/irsc_util( 1016): file_parser Number of element :3
I/irsc_util( 1016): file_parser Number of element :3
I/irsc_util( 1016): file_parser Number of element :3
I/irsc_util( 1016): file_parser Number of element :3
I/irsc_util( 1016): file_parser Number of element :3
I/irsc_util( 1016): file_parser Number of element :3
I/irsc_util( 1016): file_parser Number of element :3
I/irsc_util( 1016): file_parser Number of element :3
I/irsc_util( 1016): file_parser Number of element :3
I/irsc_util( 1016): file_parser Number of element :3
I/irsc_util( 1016): file_parser Number of element :3
I/irsc_util( 1016): file_parser Number of element :3
I/irsc_util( 1016): file_parser Number of element :3
I/irsc_util( 1016): file_parser Number of element :3
I/irsc_util( 1016): file_parser Number of element :3
I/irsc_util( 1016): file_parser Number of element :3
E/mm-camera( 1036): isp_util_gen_hws_caps: integrating kernel vfe is pending
I/irsc_util( 1016): file_parser Number of element :3
I/irsc_util( 1016): file_parser Number of element :3
I/irsc_util( 1016): file_parser Number of element :3
I/irsc_util( 1016): file_parser Number of element :3
I/irsc_util( 1016): file_parser Number of element :3
I/irsc_util( 1016): file_parser Number of element :3
I/irsc_util( 1016): file_parser Number of element :3
I/irsc_util( 1016): file_parser Number of element :3
I/irsc_util( 1016): file_parser Number of element :3
I/irsc_util( 1016): file_parser Number of element :3
I/irsc_util( 1016): file_parser Number of element :3
I/irsc_util( 1016): file_parser Number of element :3
I/irsc_util( 1016): file_parser Number of element :3
I/irsc_util( 1016): file_parser Number of element :3
I/irsc_util( 1016): file_parser Number of element :3
I/irsc_util( 1016): file_parser Number of element :3
I/irsc_util( 1016): file_parser Number of element :3
I/irsc_util( 1016): file_parser Number of element :3
I/irsc_util( 1016): file_parser Number of element :3
I/irsc_util( 1016): file_parser Number of element :3
I/irsc_util( 1016): file_parser Number of element :3
I/irsc_util( 1016): file_parser Number of element :3
I/irsc_util( 1016): file_parser Number of element :3
I/irsc_util( 1016): file_parser Number of element :3
I/irsc_util( 1016): file_parser Number of element :3
I/irsc_util( 1016): file_parser Number of element :3
I/irsc_util( 1016): file_parser Number of element :3
I/irsc_util( 1016): file_parser Number of element :3
I/irsc_util( 1016): file_parser Number of element :3
I/irsc_util( 1016): file_parser Number of element :3
I/irsc_util( 1016): file_parser Number of element :3
I/irsc_util( 1016): file_parser Number of element :3
I/irsc_util( 1016): file_parser Number of element :3
I/irsc_util( 1016): file_parser Number of element :3
I/irsc_util( 1016): file_parser Number of element :3
I/irsc_util( 1016): file_parser Number of element :3
I/irsc_util( 1016): file_parser Number of element :3
I/irsc_util( 1016): file_parser Number of element :3
I/irsc_util( 1016): file_parser Number of element :3
I/irsc_util( 1016): file_parser Number of element :3
I/irsc_util( 1016): file_parser Number of element :3
I/irsc_util( 1016): file_parser Number of element :3
I/irsc_util( 1016): file_parser Number of element :3
I/irsc_util( 1016): file_parser Number of element :3
I/irsc_util( 1016): file_parser Number of element :3
I/irsc_util( 1016): file_parser Number of element :3
I/irsc_util( 1016): file_parser Number of element :3
I/irsc_util( 1016): file_parser Number of element :3
I/irsc_util( 1016): file_parser Number of element :3
I/irsc_util( 1016): file_parser Number of element :3
I/irsc_util( 1016): file_parser Number of element :3
I/irsc_util( 1016): file_parser Number of element :3
I/irsc_util( 1016): file_parser Number of element :3
I/irsc_util( 1016): file_parser Number of element :3
I/irsc_util( 1016): file_parser Number of element :3
V/LOWI-SERVER( 1079): [LOWIEventDispatcher] LOWIEventDispatcher
I/irsc_util( 1016): file_parser Number of element :3
I/irsc_util( 1016): file_parser Number of element :3
I/irsc_util( 1016): file_parser Number of element :3
I/irsc_util( 1016): file_parser Number of element :3
I/irsc_util( 1016): file_parser Number of element :3
I/irsc_util( 1016): file_parser Number of element :3
I/irsc_util( 1016): file_parser Number of element :3
I/irsc_util( 1016): file_parser Number of element :3
I/irsc_util( 1016): file_parser Number of element :3
I/irsc_util( 1016): file_parser Number of element :3
I/irsc_util( 1016): file_parser Number of element :3
I/irsc_util( 1016): file_parser Number of element :3
I/irsc_util( 1016): file_parser Number of element :3
I/irsc_util( 1016): file_parser Number of element :3
I/irsc_util( 1016): file_parser Number of element :3
I/irsc_util( 1016): file_parser Number of element :3
I/irsc_util( 1016): file_parser Number of element :3
I/irsc_util( 1016): file_parser Number of element :3
I/irsc_util( 1016): file_parser Number of element :3
I/irsc_util( 1016): file_parser Number of element :3
I/irsc_util( 1016): file_parser Number of element :3
I/irsc_util( 1016): file_parser Number of element :3
I/irsc_util( 1016): file_parser Number of element :3
I/irsc_util( 1016): file_parser Number of element :3
I/irsc_util( 1016): file_parser Number of element :3
I/irsc_util( 1016): file_parser Number of element :3
I/irsc_util( 1016): file_parser Number of element :3
I/irsc_util( 1016): file_parser Number of element :3
I/irsc_util( 1016): file_parser Number of element :3
I/irsc_util( 1016): file_parser Number of element :3
I/irsc_util( 1016): file_parser Number of element :3
I/irsc_util( 1016): file_parser Number of element :3
I/irsc_util( 1016): file_parser Number of element :3
I/irsc_util( 1016): file_parser Number of element :3
I/irsc_util( 1016): file_parser Number of element :3
I/irsc_util( 1016): file_parser Number of element :3
I/irsc_util( 1016): file_parser Number of element :3
V/LOWI-SERVER( 1079): [MessageQ_Client] creating client socket
I/LOWI-SERVER( 1079): [MessageQ_Client] connecting to server [/data/misc/location/mq/location-mq-s]
I/LOWI-SERVER( 1079): [MessageQ_Client] connected
V/LOWI-SERVER( 1079): [LOWIController] init
E/QCALOG  ( 1055): [MessageQ] ProcessNewMessage: [NOT_REGISTERED:80] unknown deliver target [OS-Agent]
I/irsc_util( 1016): file_parser Number of element :3
I/irsc_util( 1016): file_parser Number of element :3
I/irsc_util( 1016): file_parser Number of element :3
I/irsc_util( 1016): file_parser Number of element :3
I/irsc_util( 1016): file_parser Number of element :3
I/irsc_util( 1016): file_parser Number of element :3
I/irsc_util( 1016): file_parser Number of element :3
I/irsc_util( 1016): file_parser Number of element :3
I/irsc_util( 1016): file_parser Number of element :3
I/irsc_util( 1016): file_parser Number of element :3
I/irsc_util( 1016): file_parser Number of element :3
I/irsc_util( 1016): file_parser Number of element :3
I/irsc_util( 1016): file_parser Number of element :3
I/irsc_util( 1016): file_parser Number of element :3
I/irsc_util( 1016): file_parser Number of element :3
I/irsc_util( 1016): file_parser Number of element :3
I/irsc_util( 1016): file_parser Number of element :3
I/irsc_util( 1016): file_parser Number of element :3
I/irsc_util( 1016): file_parser Number of element :3
I/irsc_util( 1016): file_parser Number of element :3
I/irsc_util( 1016): file_parser Number of element :3
I/irsc_util( 1016): file_parser Number of element :3
I/irsc_util( 1016): file_parser Number of element :3
I/irsc_util( 1016): file_parser Number of element :3
I/irsc_util( 1016): file_parser Number of element :3
I/irsc_util( 1016): file_parser Number of element :3
I/irsc_util( 1016): file_parser Number of element :3
I/irsc_util( 1016): file_parser Number of element :3
I/irsc_util( 1016): file_parser Number of element :3
D/QC-time-services( 1039): Daemon:Value read from RTC seconds = 1449179139000
D/QC-time-services( 1039): Daemon:genoff_init_config: ATS_RTC initialized
I/irsc_util( 1016): file_parser Number of element :3
D/QC-time-services( 1039): Daemon:genoff_pre_init::Base = 1
D/QC-time-services( 1039): Daemon: Storage Name: ats_1 
D/QC-time-services( 1039): Daemon:Opening File: /data/time/ats_1
D/QC-time-services( 1039): Daemon:time_persistent_memory_opr:Genoff Read operation 
D/QC-time-services( 1039): Daemon:Unable to open filefor read
D/QC-time-services( 1039): Daemon:genoff_post_init:Error in accessing storage
D/QC-time-services( 1039): Daemon:genoff_pre_init::Base = 2
D/QC-time-services( 1039): Daemon: Storage Name: ats_2 
D/QC-time-services( 1039): Daemon:Opening File: /data/time/ats_2
D/QC-time-services( 1039): Daemon:time_persistent_memory_opr:Genoff Read operation 
D/QC-time-services( 1039): Daemon:Unable to open filefor read
D/QC-time-services( 1039): Daemon:genoff_post_init:Error in accessing storage
D/QC-time-services( 1039): Daemon:genoff_pre_init::Base = 3
D/QC-time-services( 1039): Daemon: Storage Name: ats_3 
D/QC-time-services( 1039): Daemon:Opening File: /data/time/ats_3
D/QC-time-services( 1039): Daemon:time_persistent_memory_opr:Genoff Read operation 
D/QC-time-services( 1039): Daemon:Unable to open filefor read
D/QC-time-services( 1039): Daemon:genoff_post_init:Error in accessing storage
D/QC-time-services( 1039): Daemon:genoff_pre_init::Base = 4
D/QC-time-services( 1039): Daemon: Storage Name: ats_4 
D/QC-time-services( 1039): Daemon:Opening File: /data/time/ats_4
D/QC-time-services( 1039): Daemon:time_persistent_memory_opr:Genoff Read operation 
D/QC-time-services( 1039): Daemon:Unable to open filefor read
D/QC-time-services( 1039): Daemon:genoff_post_init:Error in accessing storage
D/QC-time-services( 1039): Daemon:genoff_pre_init::Base = 5
D/QC-time-services( 1039): Daemon: Storage Name: ats_5 
D/QC-time-services( 1039): Daemon:Opening File: /data/time/ats_5
D/QC-time-services( 1039): Daemon:time_persistent_memory_opr:Genoff Read operation 
D/QC-time-services( 1039): Daemon:Unable to open filefor read
D/QC-time-services( 1039): Daemon:genoff_post_init:Error in accessing storage
D/QC-time-services( 1039): Daemon:genoff_pre_init::Base = 6
D/QC-time-services( 1039): Daemon: Storage Name: ats_6 
D/QC-time-services( 1039): Daemon:Opening File: /data/time/ats_6
D/QC-time-services( 1039): Daemon:time_persistent_memory_opr:Genoff Read operation 
D/QC-time-services( 1039): Daemon:Unable to open filefor read
D/QC-time-services( 1039): Daemon:genoff_post_init:Error in accessing storage
D/QC-time-services( 1039): Daemon:genoff_pre_init::Base = 7
D/QC-time-services( 1039): Daemon: Storage Name: ats_7 
D/QC-time-services( 1039): Daemon:Opening File: /data/time/ats_7
D/QC-time-services( 1039): Daemon:time_persistent_memory_opr:Genoff Read operation 
D/QC-time-services( 1039): Daemon:Unable to open filefor read
D/QC-time-services( 1039): Daemon:genoff_post_init:Error in accessing storage
D/QC-time-services( 1039): Daemon:genoff_pre_init::Base = 8
D/QC-time-services( 1039): Daemon: Storage Name: ats_8 
D/QC-time-services( 1039): Daemon:Opening File: /data/time/ats_8
D/QC-time-services( 1039): Daemon:time_persistent_memory_opr:Genoff Read operation 
D/QC-time-services( 1039): Daemon:Unable to open filefor read
D/QC-time-services( 1039): Daemon:genoff_post_init:Error in accessing storage
D/QC-time-services( 1039): Daemon:genoff_pre_init::Base = 9
D/QC-time-services( 1039): Daemon: Storage Name: ats_9 
D/QC-time-services( 1039): Daemon:Opening File: /data/time/ats_9
D/QC-time-services( 1039): Daemon:time_persistent_memory_opr:Genoff Read operation 
D/QC-time-services( 1039): Daemon:Unable to open filefor read
D/QC-time-services( 1039): Daemon:genoff_post_init:Error in accessing storage
D/QC-time-services( 1039): Daemon:genoff_pre_init::Base = 10
D/QC-time-services( 1039): Daemon: Storage Name: ats_10 
D/QC-time-services( 1039): Daemon:Opening File: /data/time/ats_10
D/QC-time-services( 1039): Daemon:time_persistent_memory_opr:Genoff Read operation 
D/QC-time-services( 1039): Daemon:Unable to open filefor read
D/QC-time-services( 1039): Daemon:genoff_post_init:Error in accessing storage
D/QC-time-services( 1039): Daemon:genoff_pre_init::Base = 11
D/QC-time-services( 1039): Daemon: Storage Name: ats_11 
D/QC-time-services( 1039): Daemon:Opening File: /data/time/ats_11
D/QC-time-services( 1039): Daemon:time_persistent_memory_opr:Genoff Read operation 
D/QC-time-services( 1039): Daemon:Unable to open filefor read
D/QC-time-services( 1039): Daemon:genoff_post_init:Error in accessing storage
D/QC-time-services( 1039): Daemon:genoff_pre_init::Base = 12
D/QC-time-services( 1039): Daemon: Storage Name: ats_12 
D/QC-time-services( 1039): Daemon:Opening File: /data/time/ats_12
D/QC-time-services( 1039): Daemon:time_persistent_memory_opr:Genoff Read operation 
D/QC-time-services( 1039): Daemon:Unable to open filefor read
D/QC-time-services( 1039): Daemon:genoff_post_init:Error in accessing storage
D/QC-time-services( 1039): Daemon:genoff_pre_init::Base = 13
D/QC-time-services( 1039): Daemon: Storage Name: ats_13 
D/QC-time-services( 1039): Daemon:Opening File: /data/time/ats_13
D/QC-time-services( 1039): Daemon:time_persistent_memory_opr:Genoff Read operation 
D/QC-time-services( 1039): Daemon:Unable to open filefor read
D/QC-time-services( 1039): Daemon:genoff_post_init:Error in accessing storage
D/QC-time-services( 1039): Daemon:genoff_pre_init::Base = 14
D/QC-time-services( 1039): Daemon: Storage Name: ats_14 
D/QC-time-services( 1039): Daemon:Opening File: /data/time/ats_14
D/QC-time-services( 1039): Daemon:time_persistent_memory_opr:Genoff Read operation 
D/QC-time-services( 1039): Daemon:Unable to open filefor read
D/QC-time-services( 1039): Daemon:genoff_post_init:Error in accessing storage
D/QC-time-services( 1039): Daemon:genoff_init_config: Other bases initilized, exiting genoff_init
D/QC-time-services( 1039): Daemon:genoff_opr: Base = 1, val = 0, operation = 1
D/QC-time-services( 1039): Daemon: genoff get for 1
D/QC-time-services( 1039): Daemon:rtc_get: Time read from RTC -- MM/DD/YY HH:MM:SS11/3/115 21:45:39
D/QC-time-services( 1039): Daemon:Value read from RTC seconds = 1449179139000
D/QC-time-services( 1039): Daemon:Value read from RTC seconds = 1449179139000
D/QC-time-services( 1039): Daemon:Value read from generif offset = 0
D/QC-time-services( 1039): Daemon:Final Time = 1449179139000
D/QC-time-services( 1039): Daemon:genoff_boot_tod_init: Setting system time to sec =1449179139, nsec =0
E/mm-camera( 1036): isp_tintless_create: using BE stats for tintless!, isp main version = 28
E/mm-camera( 1036): isp_tintless_open_version: E: 40
E/mm-camera( 1036): gyro_module_init: Enter
E/mm-camera( 1036): gyro_module_init: Exit successful
E/mm-camera( 1036): cpp_hardware_load_firmware:368, cpphw->hwinfo.version = 0x20000000
I/ThermalEngine( 1024): Sensor:batt_temp:40000 mC
E/mm-camera( 1036): vpe_module_init:26 name=vpe
E/mm-camera( 1036): vpe_hardware_find_subdev:716: entity.name=video0 entity.revision=0
E/mm-camera( 1036): vpe_hardware_find_subdev:716: entity.name=msm_cci entity.revision=0
E/mm-camera( 1036): vpe_hardware_find_subdev:716: entity.name=v4l-subdev0 entity.revision=0
E/mm-camera( 1036): vpe_hardware_find_subdev:716: entity.name=v4l-subdev1 entity.revision=0
E/mm-camera( 1036): vpe_hardware_find_subdev:716: entity.name=v4l-subdev2 entity.revision=0
E/mm-camera( 1036): vpe_hardware_find_subdev:716: entity.name=v4l-subdev3 entity.revision=0
E/mm-camera( 1036): vpe_hardware_find_subdev:716: entity.name=v4l-subdev4 entity.revision=0
E/mm-camera( 1036): vpe_hardware_find_subdev:716: entity.name=v4l-subdev5 entity.revision=0
E/mm-camera( 1036): vpe_hardware_find_subdev:716: entity.name=v4l-subdev6 entity.revision=0
E/mm-camera( 1036): vpe_hardware_find_subdev:716: entity.name=v4l-subdev7 entity.revision=0
E/mm-camera( 1036): vpe_hardware_find_subdev:716: entity.name=v4l-subdev8 entity.revision=0
E/mm-camera( 1036): vpe_hardware_find_subdev:716: entity.name=v4l-subdev9 entity.revision=0
E/mm-camera( 1036): vpe_hardware_find_subdev:716: entity.name=v4l-subdev10 entity.revision=0
E/mm-camera( 1036): vpe_hardware_find_subdev:716: entity.name=v4l-subdev11 entity.revision=0
E/mm-camera( 1036): vpe_hardware_find_subdev:716: entity.name=v4l-subdev12 entity.revision=12
E/mm-camera( 1036): vpe_hardware_find_subdev:716: entity.name=v4l-subdev13 entity.revision=0
E/mm-camera( 1036): vpe_hardware_find_subdev:716: entity.name=v4l-subdev14 entity.revision=0
E/mm-camera( 1036): vpe_hardware_find_subdev:711: done enumerating media entities
E/mm-camera( 1036): vpe_hardware_find_subdev:716: entity.name=video1 entity.revision=0
E/mm-camera( 1036): vpe_hardware_find_subdev:711: done enumerating media entities
E/mm-camera( 1036): vpe_hardware_find_subdev:716: entity.name=video2 entity.revision=0
E/mm-camera( 1036): vpe_hardware_find_subdev:711: done enumerating media entities
E/mm-camera( 1036): vpe_hardware_find_subdev:683: no more media devices
E/mm-camera( 1036): vpe_hardware_find_subdev:728: no vpe device found.
E/mm-camera( 1036): vpe_hardware_create:31: error: cannot find vpe subdev
E/mm-camera( 1036): vpe_module_create_vpe_ctrl:141, failed, cannnot create vpe hardware instance
E/mm-camera( 1036): vpe_module_init:34 failed
E/mm-camera( 1036): c2d_module_init:28 name=c2d
E/mm-camera( 1036): c2d_module_init:67: info: C2D module_init successful
E/mm-camera-img( 1036): img_core_get_comp:37] role 0 name qcom.wavelet
E/mm-camera-img( 1036): img_core_get_comp:42] comp_index[0] role 0 name qcom.wavelet
E/mm-camera-img( 1036): img_core_get_comp:47] find component role 0 name qcom.wavelet
E/mm-camera-img( 1036): wd_comp_load:1931] WD library loaded successfully dsp 0
E/mm-camera( 1036): module_imglib_create_port:1784 portname imglib_d2_i0
E/mm-camera-img( 1036): img_core_get_comp:37] role 2 name qcom.faceproc
E/mm-camera-img( 1036): img_core_get_comp:42] comp_index[0] role 0 name qcom.wavelet
E/mm-camera-img( 1036): img_core_get_comp:42] comp_index[1] role 1 name qcom.hdr
E/mm-camera-img( 1036): img_core_get_comp:42] comp_index[2] role 2 name qcom.faceproc
E/mm-camera-img( 1036): img_core_get_comp:47] find component role 2 name qcom.faceproc
E/mm-camera-img( 1036): img_core_get_comp:37] role 1 name qcom.hdr
E/mm-camera-img( 1036): img_core_get_comp:42] comp_index[0] role 0 name qcom.wavelet
E/mm-camera-img( 1036): img_core_get_comp:42] comp_index[1] role 1 name qcom.hdr
E/mm-camera-img( 1036): img_core_get_comp:47] find component role 1 name qcom.hdr
E/mm-camera-img( 1036): hdr_comp_load:1139] HDR library loaded successfully
E/mm-camera( 1036): Port hdr_dummy initialized
E/mm-camera-img( 1036): img_core_get_comp:37] role 4 name qcom.gen_frameproc
E/mm-camera-img( 1036): img_core_get_comp:42] comp_index[0] role 0 name qcom.wavelet
E/mm-camera-img( 1036): img_core_get_comp:42] comp_index[1] role 1 name qcom.hdr
E/mm-camera-img( 1036): img_core_get_comp:42] comp_index[2] role 2 name qcom.faceproc
E/mm-camera-img( 1036): img_core_get_comp:42] comp_index[3] role 3 name qcom.cac
E/mm-camera-img( 1036): img_core_get_comp:42] comp_index[4] role 4 name qcom.gen_frameproc
E/mm-camera-img( 1036): img_core_get_comp:47] find component role 4 name qcom.gen_frameproc
E/mm-camera-img( 1036): frameproc_comp_load:811] Error opening frameproc library libmmcamera_chromaflash_lib.so
E/mm-camera( 1036): module_imgbase_init:1070] Error rc -6
E/mm-camera( 1036): module_imglib_create_topology:644] Can not init the module imglib_chroma_flash
E/mm-camera-img( 1036): img_core_get_comp:37] role 4 name qcom.gen_frameproc
E/mm-camera-img( 1036): img_core_get_comp:42] comp_index[0] role 0 name qcom.wavelet
E/mm-camera-img( 1036): img_core_get_comp:42] comp_index[1] role 1 name qcom.hdr
E/mm-camera-img( 1036): img_core_get_comp:42] comp_index[2] role 2 name qcom.faceproc
E/mm-camera-img( 1036): img_core_get_comp:42] comp_index[3] role 3 name qcom.cac
E/mm-camera-img( 1036): img_core_get_comp:42] comp_index[4] role 4 name qcom.gen_frameproc
E/mm-camera-img( 1036): img_core_get_comp:47] find component role 4 name qcom.gen_frameproc
E/mm-camera-img( 1036): frameproc_comp_load:811] Error opening frameproc library libmmcamera_optizoom_lib.so
E/mm-camera( 1036): module_imgbase_init:1070] Error rc -6
E/mm-camera( 1036): module_imglib_create_topology:644] Can not init the module imglib_optizoom
E/mm-camera-img( 1036): img_core_get_comp:37] role 4 name qcom.gen_frameproc
E/mm-camera-img( 1036): img_core_get_comp:42] comp_index[0] role 0 name qcom.wavelet
E/mm-camera-img( 1036): img_core_get_comp:42] comp_index[1] role 1 name qcom.hdr
E/mm-camera-img( 1036): img_core_get_comp:42] comp_index[2] role 2 name qcom.faceproc
E/mm-camera-img( 1036): img_core_get_comp:42] comp_index[3] role 3 name qcom.cac
E/mm-camera-img( 1036): img_core_get_comp:42] comp_index[4] role 4 name qcom.gen_frameproc
E/mm-camera-img( 1036): img_core_get_comp:47] find component role 4 name qcom.gen_frameproc
E/mm-camera-img( 1036): frameproc_comp_load:811] Error opening frameproc library libmmcamera_ubifocus_lib.so
E/mm-camera( 1036): module_imgbase_init:1070] Error rc -6
E/mm-camera( 1036): module_imglib_create_topology:644] Can not init the module imglib_ubifocus
E/mm-camera( 1036): module_imglib_create_dummy_port:1906 portname imglib_dymmy_d1_i0
D/CameraService( 1013): virtual bool {anonymous}::TrustAgentRegistry::threadLoop() start
V/CameraServiceCompatLayer( 1013): Starting camera services (MediaRecorderFactory, CameraRecordService & CameraService)
D/MediaRecorderFactory( 1013): Creating new static instance of MediaRecorderFactory
V/ICameraRecordService( 1013): static void android::CameraRecordService::instantiate() 
V/ICameraRecordService( 1013): static android::sp<android::CameraRecordService>& android::CameraRecordService::service_instance() 
D/ICameraRecordService( 1013): Creating new static instance of CameraRecordService
V/ICameraRecordService( 1013): android::BnCameraRecordService::BnCameraRecordService() 
V/ICameraRecordService( 1013): android::CameraRecordService::CameraRecordService() 
V/ICameraRecordService( 1013): Added Binder service 'android.media.ICameraRecordService' to ServiceManager
I/CameraService( 1013): CameraService started (pid=24)
I/CameraService( 1013): Loaded "Armani Camera Wrapper" camera module
E/HAL     ( 1013): load: module=/system/lib/hw/camera.vendor.msm8226.so
E/HAL     ( 1013): dlopen failed: could not load library "libFaceDeform.so" needed by "camera.vendor.msm8226.so"; caused by could not load library "libandroid.so" needed by "libFaceDeform.so"; caused by library "libandroid.so" not found
E/CameraWrapper( 1013): failed to open vendor camera module
I/ThermalEngine( 1024): Sensor:batt_temp:40000 mC
E/QMI_FW  ( 1039): QMUXD: WARNING qmi_qmux_if_pwr_up_init failed! rc=-1
E/QMI_FW  ( 1039): QMUXD: WARNING qmi_qmux_if_pwr_up_init failed! rc=-1
E/QMI_FW  ( 1039): QMUXD: WARNING qmi_qmux_if_pwr_up_init failed! rc=-1
E/QMI_FW  ( 1039): QMUXD: WARNING qmi_qmux_if_pwr_up_init failed! rc=-1
E/QMI_FW  ( 1039): QMUXD: WARNING qmi_qmux_if_pwr_up_init failed! rc=-1
E/QMI_FW  ( 1039): QMUXD: WARNING qmi_qmux_if_pwr_up_init failed! rc=-1
E/QC-time-services( 1039): Daemon:genoff_modem_qmi_init: qmi_client_get_service_list returned -2num_services 0
I/rmt_storage( 1007): rmt_storage_connect_cb: clnt_h=0x1 conn_h=0xb8c2bda8
I/rmt_storage( 1007): rmt_storage_open_cb: /boot/modem_fs1: clnt_h=0x1: req_h=0x1 msg_id=1: Client found
I/rmt_storage( 1007): rmt_storage_open_cb: /boot/modem_fs1: clnt_h=0x1: req_h=0x1 msg_id=1: Send response: res=0 err=0
I/rmt_storage( 1007): rmt_storage_client_thread: /boot/modem_fs1: clnt_h=0x1 Worker thread started
I/rmt_storage( 1007): wake lock name: rmt_storage_-1195196696, name creation success: 23
I/rmt_storage( 1007): rmt_storage_connect_cb: clnt_h=0x2 conn_h=0xb8c2be00
I/rmt_storage( 1007): rmt_storage_open_cb: /boot/modem_fs2: clnt_h=0x2: req_h=0x2 msg_id=1: Client found
I/rmt_storage( 1007): rmt_storage_open_cb: /boot/modem_fs2: clnt_h=0x2: req_h=0x2 msg_id=1: Send response: res=0 err=0
I/rmt_storage( 1007): rmt_storage_client_thread: /boot/modem_fs2: clnt_h=0x2 Worker thread started
I/rmt_storage( 1007): wake lock name: rmt_storage_-1195195848, name creation success: 23
I/rmt_storage( 1007): rmt_storage_connect_cb: clnt_h=0x3 conn_h=0xb8c2be58
I/rmt_storage( 1007): rmt_storage_open_cb: /boot/modem_fsg: clnt_h=0x3: req_h=0x3 msg_id=1: Client found
I/rmt_storage( 1007): rmt_storage_open_cb: /boot/modem_fsg: clnt_h=0x3: req_h=0x3 msg_id=1: Send response: res=0 err=0
I/rmt_storage( 1007): rmt_storage_connect_cb: clnt_h=0x4 conn_h=0xb8c2beb0
I/rmt_storage( 1007): rmt_storage_open_cb: /boot/modem_fsc: clnt_h=0x4: req_h=0x4 msg_id=1: Client found
I/rmt_storage( 1007): rmt_storage_open_cb: /boot/modem_fsc: clnt_h=0x4: req_h=0x4 msg_id=1: Send response: res=0 err=0
I/rmt_storage( 1007): rmt_storage_client_thread: /boot/modem_fsc: clnt_h=0x4 Worker thread started
I/rmt_storage( 1007): rmt_storage_alloc_buff_cb: /boot/modem_fs1: clnt_h=0x1: req_h=0x5 msg_id=4: Alloc request received: Size: 1572864
I/rmt_storage( 1007): rmt_storage_alloc_buff_cb: /boot/modem_fs1: clnt_h=0x1: req_h=0x5 msg_id=4: Send response: res=0 err=0
I/rmt_storage( 1007): rmt_storage_rw_iovec_cb: /boot/modem_fs1: clnt_h=0x1: req_h=0x6 msg_id=3: R/W request received
I/rmt_storage( 1007): Shared mem address set to 0xb68c8000
I/rmt_storage( 1007): wakelock acquired: 1, error no: 42
I/rmt_storage( 1007): rmt_storage_client_thread: /boot/modem_fs1: clnt_h=0x1 Unblock worker thread (th_id: -1195196696)
I/rmt_storage( 1007): rmt_storage_client_thread: /boot/modem_fs1: clnt_h=0x1: req_h=0x6 msg_id=3: Bytes read = 512
I/rmt_storage( 1007): rmt_storage_client_thread: /boot/modem_fs1: clnt_h=0x1: req_h=0x6 msg_id=3: Send response: res=0 err=0
I/rmt_storage( 1007): rmt_storage_client_thread: /boot/modem_fs1: clnt_h=0x1 About to block rmt_storage client thread (th_id: -1195196696) wakelock released: 1, error no: 0
I/rmt_storage( 1007): 
I/rmt_storage( 1007): wake lock name: rmt_storage_-1195194680, name creation success: 23
I/rmt_storage( 1007): rmt_storage_client_thread: /boot/modem_fsg: clnt_h=0x3 Worker thread started
I/rmt_storage( 1007): wake lock name: rmt_storage_-1195195264, name creation success: 23
I/rmt_storage( 1007): rmt_storage_rw_iovec_cb: /boot/modem_fs2: clnt_h=0x2: req_h=0x7 msg_id=3: R/W request received
I/rmt_storage( 1007): Shared mem address set to 0xb68c8000
I/rmt_storage( 1007): wakelock acquired: 1, error no: 42
I/rmt_storage( 1007): rmt_storage_client_thread: /boot/modem_fs2: clnt_h=0x2 Unblock worker thread (th_id: -1195195848)
I/rmt_storage( 1007): rmt_storage_client_thread: /boot/modem_fs2: clnt_h=0x2: req_h=0x7 msg_id=3: Bytes read = 512
I/rmt_storage( 1007): rmt_storage_client_thread: /boot/modem_fs2: clnt_h=0x2: req_h=0x7 msg_id=3: Send response: res=0 err=0
I/rmt_storage( 1007): rmt_storage_client_thread: /boot/modem_fs2: clnt_h=0x2 About to block rmt_storage client thread (th_id: -1195195848) wakelock released: 1, error no: 0
I/rmt_storage( 1007): 
I/rmt_storage( 1007): rmt_storage_rw_iovec_cb: /boot/modem_fs2: clnt_h=0x2: req_h=0x8 msg_id=3: R/W request received
I/rmt_storage( 1007): wakelock acquired: 1, error no: 42
I/rmt_storage( 1007): rmt_storage_client_thread: /boot/modem_fs2: clnt_h=0x2 Unblock worker thread (th_id: -1195195848)
I/rmt_storage( 1007): rmt_storage_client_thread: /boot/modem_fs2: clnt_h=0x2: req_h=0x8 msg_id=3: Bytes read = 1571840
I/rmt_storage( 1007): rmt_storage_client_thread: /boot/modem_fs2: clnt_h=0x2: req_h=0x8 msg_id=3: Send response: res=0 err=0
I/rmt_storage( 1007): rmt_storage_client_thread: /boot/modem_fs2: clnt_h=0x2 About to block rmt_storage client thread (th_id: -1195195848) wakelock released: 1, error no: 0
I/rmt_storage( 1007): 
D/SensorService( 1029): nuSensorService starting...
E/Sensors ( 1020): sns_debug_main.c(438):Debug Config File missing in EFS!
E/Sensors ( 1020): sns_smr_util.c(104):Unable to initialize service 259 with QCCI, timed out (200 ms)
E/Sensors ( 1020): sns_acm_mr.c(390):Error getting info for service 3
I/ThermalEngine( 1024): Sensor:batt_temp:40100 mC
E/QMI_FW  ( 1039): QMUXD: WARNING qmi_qmux_if_pwr_up_init failed! rc=-1
E/QMI_FW  ( 1039): QMUXD: WARNING qmi_qmux_if_pwr_up_init failed! rc=-1
E/QMI_FW  ( 1039): QMUXD: WARNING qmi_qmux_if_pwr_up_init failed! rc=-1
E/QC-time-services( 1039): Daemon:genoff_modem_qmi_init: qmi_client_get_service_list returned 0num_services 1
E/QMI_FW  ( 1039): QMUXD: WARNING qmi_qmux_if_pwr_up_init failed! rc=-1
E/QMI_FW  ( 1039): QMUXD: WARNING qmi_qmux_if_pwr_up_init failed! rc=-1
E/QMI_FW  ( 1039): QMUXD: WARNING qmi_qmux_if_pwr_up_init failed! rc=-1
E/QMI_FW  ( 1039): QMUXD: WARNING qmi_qmux_if_pwr_up_init failed! rc=-1
E/QMI_FW  ( 1039): QMUXD: WARNING qmi_qmux_if_pwr_up_init failed! rc=-1
E/QMI_FW  ( 1039): QMUXD: WARNING qmi_qmux_if_pwr_up_init failed! rc=-1
E/QMI_FW  ( 1039): QMUXD: WARNING qmi_qmux_if_pwr_up_init failed! rc=-1
E/QMI_FW  ( 1039): QMUXD: WARNING qmi_qmux_if_pwr_up_init failed! rc=-1
E/QMI_FW  ( 1039): QMUXD: WARNING qmi_qmux_if_pwr_up_init failed! rc=-1
D/QC-time-services( 1039): Daemon:rtc_get: Time read from RTC -- MM/DD/YY HH:MM:SS11/3/115 21:45:42
D/QC-time-services( 1039): Daemon:Value read from RTC seconds = 1449179142000
D/QC-time-services( 1039): Daemon:genoff_modem_qmi_init: Initial transaction successfull
D/QC-time-services( 1039): Daemon: Time-services: All initializations done
E/QC-time-services( 1039): Daemon: Time-services: Waiting to acceptconnection
I/UpstartPropertyWatcher(  980): Property changed: ril.qcril_pre_init_lock_held=0
I/ThermalEngine( 1024): Sensor:tsens_tz_sensor2:90000 mC
I/ThermalEngine( 1024): Sensor:tsens_tz_sensor2:90000 mC
I/UpstartPropertyWatcher(  980): Property changed: ro.ril.svlte1x=false
I/ThermalEngine( 1024): Sensor:batt_temp:40200 mC
I/UpstartPropertyWatcher(  980): Property changed: ro.ril.svdo=false
I/ThermalEngine( 1024): qmi: Instance id 45 for fusion TS
I/ThermalEngine( 1024): Sensor:tsens_tz_sensor2:90000 mC
I/ThermalEngine( 1024): Sensor:tsens_tz_sensor2:90000 mC
I/ThermalEngine( 1024): Sensor:tsens_tz_sensor2:91000 mC
I/ThermalEngine( 1024): ACTION: CPU - Setting CPU[0] to 1497600
I/ThermalEngine( 1024): ACTION: CPU - Setting CPU[1] to 1497600
I/ThermalEngine( 1024): ACTION: CPU - Setting CPU[2] to 1497600
I/ThermalEngine( 1024): ACTION: CPU - Setting CPU[3] to 1497600
I/UpstartPropertyWatcher(  980): Property changed: ril.qcril_pre_init_lock_held=0
I/UpstartPropertyWatcher(  980): Property changed: init.svc.ppd=running
I/UpstartPropertyWatcher(  980): Property changed: init.svc.quipc_igsn=running
I/UpstartPropertyWatcher(  980): Property changed: init.svc.quipc_main=running
I/UpstartPropertyWatcher(  980): Property changed: init.svc.xtwifi_inet=running
I/UpstartPropertyWatcher(  980): Property changed: init.svc.gsiff_daemon=running
I/UpstartPropertyWatcher(  980): Property changed: persist.radio.eons.enabled=false
I/ThermalEngine( 1024): MODEM thermal mitigation available.
I/ThermalEngine( 1024): ACTION: MODEM - Pending request: pa mitigation succeeded for level 0.
I/ThermalEngine( 1024): Mitigation:Modem:0
I/ThermalEngine( 1024): ACTION: MODEM - Pending request: cpuv_restriction_cold mitigation succeeded for level 0.
I/ThermalEngine( 1024): Mitigation:VDD[MODEM-cpuv_restriction_cold]:0
I/UpstartPropertyWatcher(  980): Property changed: init.svc.xtwifi_inet=restarting
I/ThermalEngine( 1024): Sensor:tsens_tz_sensor2:90000 mC
I/ThermalEngine( 1024): ACTION: CPU - Setting CPU[0] to 1593600
I/ThermalEngine( 1024): ACTION: CPU - Setting CPU[1] to 1593600
I/ThermalEngine( 1024): ACTION: CPU - Setting CPU[2] to 1593600
I/ThermalEngine( 1024): ACTION: CPU - Setting CPU[3] to 1593600
I/UpstartPropertyWatcher(  980): Property changed: init.svc.quipc_igsn=restarting
I/ThermalEngine( 1024): Sensor:batt_temp:40300 mC
I/UpstartPropertyWatcher(  980): Property changed: ril.ecclist=911,*911,#911,112,110,119,120
I/UpstartPropertyWatcher(  980): Property changed: init.svc.quipc_main=restarting
I/ThermalEngine( 1024): Sensor:batt_temp:40300 mC
E/libsensor1( 1029): sensor1_open: Error in connect() errno=2 No such file or directory
E/sensor_reg( 1029): sensor_reg_sensor1_open: sensor1_open returned 11
E/QCALOG  ( 1055): [MessageQ] ProcessNewMessage: [XTWWAN-PE] unknown deliver target [OS-Agent]
E/QCALOG  ( 1055): [MessageQ] ProcessNewMessage: [XT-CS] unknown deliver target [OS-Agent]
E/QCALOG  ( 1055): [MessageQ] ProcessNewMessage: [XTWiFi-PE] unknown deliver target [OS-Agent]
I/ThermalEngine( 1024): Sensor:tsens_tz_sensor2:92000 mC
I/ThermalEngine( 1024): ACTION: CPU - Setting CPU[0] to 1497600
I/ThermalEngine( 1024): ACTION: CPU - Setting CPU[1] to 1497600
I/ThermalEngine( 1024): ACTION: CPU - Setting CPU[2] to 1497600
I/ThermalEngine( 1024): ACTION: CPU - Setting CPU[3] to 1497600
E/QMI_XIAOMI( 1045): qmi_xiaomi: inc async 1
E/QMI_XIAOMI( 1045): qmi_xiaomi: dec sync flag 0
I/UpstartPropertyWatcher(  980): Property changed: init.svc.gsiff_daemon=restarting
I/UpstartPropertyWatcher(  980): Property changed: init.svc.ppd=restarting
I/ThermalEngine( 1024): Sensor:batt_temp:40300 mC
I/ThermalEngine( 1024): Sensor:tsens_tz_sensor2:91000 mC
I/ThermalEngine( 1024): ACTION: CPU - Setting CPU[0] to 1401600
I/ThermalEngine( 1024): ACTION: CPU - Setting CPU[1] to 1401600
I/ThermalEngine( 1024): ACTION: CPU - Setting CPU[2] to 1401600
I/ThermalEngine( 1024): ACTION: CPU - Setting CPU[3] to 1401600
I/UpstartPropertyWatcher(  980): Property changed: persist.radio.eons.enabled=false
I/UpstartPropertyWatcher(  980): Property changed: ril.ecclist=911,*911,#911,112,110,119,120
I/UpstartPropertyWatcher(  980): Property changed: ril.ecclist1=911,*911,#911,112,110,119,120
I/wcnss_xiaomi( 1045): Found MAC address: 28:e3:1f:5a:3b:de
E/wcnss_service( 1045): WLAN MAC Addr:28:e3:1f:5a:3b:de
I/wcnss_service( 1045): WLAN MAC Addr:28:e3:1f:5a:3b:de
E/wcnss_service( 1045): CAL file not found
I/ThermalEngine( 1024): Sensor:tsens_tz_sensor2:91000 mC
I/ThermalEngine( 1024): ACTION: CPU - Setting CPU[0] to 1344000
I/ThermalEngine( 1024): ACTION: CPU - Setting CPU[1] to 1344000
I/ThermalEngine( 1024): ACTION: CPU - Setting CPU[2] to 1344000
I/ThermalEngine( 1024): ACTION: CPU - Setting CPU[3] to 1344000
I/UpstartPropertyWatcher(  980): Property changed: persist.radio.dont_use_dsd=true
I/ThermalEngine( 1024): Sensor:tsens_tz_sensor2:90000 mC
I/ThermalEngine( 1024): ACTION: CPU - Setting CPU[0] to 1401600
I/ThermalEngine( 1024): ACTION: CPU - Setting CPU[1] to 1401600
I/ThermalEngine( 1024): ACTION: CPU - Setting CPU[2] to 1401600
I/ThermalEngine( 1024): ACTION: CPU - Setting CPU[3] to 1401600
I/UpstartPropertyWatcher(  980): Property changed: persist.radio.dont_use_dsd=true
I/ThermalEngine( 1024): Sensor:tsens_tz_sensor2:88000 mC
I/ThermalEngine( 1024): ACTION: CPU - Setting CPU[0] to 1497600
I/ThermalEngine( 1024): ACTION: CPU - Setting CPU[1] to 1497600
I/ThermalEngine( 1024): ACTION: CPU - Setting CPU[2] to 1497600
I/ThermalEngine( 1024): ACTION: CPU - Setting CPU[3] to 1497600
I/ThermalEngine( 1024): Sensor:tsens_tz_sensor2:90000 mC
I/ThermalEngine( 1024): ACTION: CPU - Setting CPU[0] to 1593600
I/ThermalEngine( 1024): ACTION: CPU - Setting CPU[1] to 1593600
I/ThermalEngine( 1024): Sensor:batt_temp:40300 mC
I/ThermalEngine( 1024): ACTION: CPU - Setting CPU[2] to 1593600
I/ThermalEngine( 1024): ACTION: CPU - Setting CPU[3] to 1593600
I/ThermalEngine( 1024): Sensor:tsens_tz_sensor2:91000 mC
I/ThermalEngine( 1024): ACTION: CPU - Setting CPU[0] to 1497600
I/ThermalEngine( 1024): ACTION: CPU - Setting CPU[1] to 1497600
I/ThermalEngine( 1024): ACTION: CPU - Setting CPU[2] to 1497600
I/ThermalEngine( 1024): ACTION: CPU - Setting CPU[3] to 1497600
I/ThermalEngine( 1024): Sensor:tsens_tz_sensor2:91000 mC
I/ThermalEngine( 1024): ACTION: CPU - Setting CPU[0] to 1401600
I/ThermalEngine( 1024): ACTION: CPU - Setting CPU[1] to 1401600
I/ThermalEngine( 1024): ACTION: CPU - Setting CPU[2] to 1401600
I/ThermalEngine( 1024): ACTION: CPU - Setting CPU[3] to 1401600
I/ThermalEngine( 1024): Sensor:tsens_tz_sensor2:91000 mC
I/ThermalEngine( 1024): ACTION: CPU - Setting CPU[0] to 1344000
I/ThermalEngine( 1024): ACTION: CPU - Setting CPU[1] to 1344000
I/ThermalEngine( 1024): ACTION: CPU - Setting CPU[2] to 1344000
I/ThermalEngine( 1024): ACTION: CPU - Setting CPU[3] to 1344000
I/ThermalEngine( 1024): Sensor:tsens_tz_sensor2:88000 mC
I/ThermalEngine( 1024): ACTION: CPU - Setting CPU[0] to 1401600
I/ThermalEngine( 1024): ACTION: CPU - Setting CPU[1] to 1401600
I/ThermalEngine( 1024): ACTION: CPU - Setting CPU[2] to 1401600
I/ThermalEngine( 1024): ACTION: CPU - Setting CPU[3] to 1401600
I/ThermalEngine( 1024): Sensor:batt_temp:40200 mC
I/ThermalEngine( 1024): Sensor:tsens_tz_sensor2:89000 mC
I/ThermalEngine( 1024): ACTION: CPU - Setting CPU[0] to 1497600
I/ThermalEngine( 1024): ACTION: CPU - Setting CPU[1] to 1497600
I/ThermalEngine( 1024): ACTION: CPU - Setting CPU[2] to 1497600
I/ThermalEngine( 1024): ACTION: CPU - Setting CPU[3] to 1497600
I/ThermalEngine( 1024): Sensor:tsens_tz_sensor2:91000 mC
I/ThermalEngine( 1024): ACTION: CPU - Setting CPU[0] to 1401600
I/ThermalEngine( 1024): ACTION: CPU - Setting CPU[1] to 1401600
I/ThermalEngine( 1024): ACTION: CPU - Setting CPU[2] to 1401600
I/ThermalEngine( 1024): ACTION: CPU - Setting CPU[3] to 1401600
I/UpstartPropertyWatcher(  980): Property changed: init.svc.ppd=running
I/UpstartPropertyWatcher(  980): Property changed: init.svc.quipc_igsn=running
I/UpstartPropertyWatcher(  980): Property changed: init.svc.quipc_main=running
I/UpstartPropertyWatcher(  980): Property changed: init.svc.xtwifi_inet=running
I/UpstartPropertyWatcher(  980): Property changed: init.svc.gsiff_daemon=running
I/ThermalEngine( 1024): Sensor:tsens_tz_sensor2:91000 mC
I/ThermalEngine( 1024): ACTION: CPU - Setting CPU[0] to 1344000
I/ThermalEngine( 1024): ACTION: CPU - Setting CPU[1] to 1344000
I/ThermalEngine( 1024): ACTION: CPU - Setting CPU[2] to 1344000
I/ThermalEngine( 1024): ACTION: CPU - Setting CPU[3] to 1344000
I/UpstartPropertyWatcher(  980): Property changed: init.svc.quipc_igsn=restarting
I/ThermalEngine( 1024): Sensor:tsens_tz_sensor2:90000 mC
I/ThermalEngine( 1024): ACTION: CPU - Setting CPU[0] to 1401600
I/ThermalEngine( 1024): ACTION: CPU - Setting CPU[1] to 1401600
I/ThermalEngine( 1024): ACTION: CPU - Setting CPU[2] to 1401600
I/ThermalEngine( 1024): ACTION: CPU - Setting CPU[3] to 1401600
I/UpstartPropertyWatcher(  980): Property changed: init.svc.xtwifi_inet=restarting
I/ThermalEngine( 1024): Sensor:tsens_tz_sensor2:88000 mC
I/ThermalEngine( 1024): ACTION: CPU - Setting CPU[0] to 1497600
I/ThermalEngine( 1024): ACTION: CPU - Setting CPU[1] to 1497600
I/ThermalEngine( 1024): ACTION: CPU - Setting CPU[2] to 1497600
I/ThermalEngine( 1024): ACTION: CPU - Setting CPU[3] to 1497600
I/ThermalEngine( 1024): Sensor:batt_temp:40400 mC
I/UpstartPropertyWatcher(  980): Property changed: init.svc.quipc_main=restarting
I/UpstartPropertyWatcher(  980): Property changed: init.svc.gsiff_daemon=restarting
I/UpstartPropertyWatcher(  980): Property changed: init.svc.ppd=restarting
I/ThermalEngine( 1024): Sensor:tsens_tz_sensor2:90000 mC
I/ThermalEngine( 1024): ACTION: CPU - Setting CPU[0] to 1593600
I/ThermalEngine( 1024): ACTION: CPU - Setting CPU[1] to 1593600
I/ThermalEngine( 1024): ACTION: CPU - Setting CPU[2] to 1593600
I/ThermalEngine( 1024): ACTION: CPU - Setting CPU[3] to 1593600
I/ThermalEngine( 1024): Sensor:tsens_tz_sensor2:92000 mC
I/ThermalEngine( 1024): ACTION: CPU - Setting CPU[0] to 1497600
I/ThermalEngine( 1024): ACTION: CPU - Setting CPU[1] to 1497600
I/ThermalEngine( 1024): ACTION: CPU - Setting CPU[2] to 1497600
I/ThermalEngine( 1024): ACTION: CPU - Setting CPU[3] to 1497600
I/wcnss_service( 1045): wcnss_read_and_store_cal_data trying to read cal
I/ThermalEngine( 1024): Sensor:tsens_tz_sensor2:93000 mC
I/ThermalEngine( 1024): ACTION: CPU - Setting CPU[0] to 1401600
I/UpstartPropertyWatcher(  980): Property changed: gsm.version.ril-impl=Qualcomm RIL 1.0
I/ThermalEngine( 1024): ACTION: CPU - Setting CPU[1] to 1401600
I/ThermalEngine( 1024): ACTION: CPU - Setting CPU[2] to 1401600
I/ThermalEngine( 1024): ACTION: CPU - Setting CPU[3] to 1401600
I/ThermalEngine( 1024): Sensor:tsens_tz_sensor2:93000 mC
I/ThermalEngine( 1024): ACTION: CPU - Setting CPU[0] to 1344000
I/ThermalEngine( 1024): ACTION: CPU - Setting CPU[1] to 1344000
I/ThermalEngine( 1024): ACTION: CPU - Setting CPU[2] to 1344000
I/ThermalEngine( 1024): ACTION: CPU - Setting CPU[3] to 1344000
I/ThermalEngine( 1024): Sensor:batt_temp:40400 mC
W/sensor_reg( 1029): sensor_reg_rcv_msg: received RETRY_OPEN
W/sensor_reg( 1029): sensor_reg_rcv_msg: sensor1_open returned 0
E/Sensors ( 1020): sns_sam.c(3145):Unsupported client request type message id 33
E/qcom_sensors_hal( 1029): hal_process_sam_gravity_resp: Msg 33; Result: 1, Error: 12
E/Sensors ( 1020): sns_sam.c(3145):Unsupported client request type message id 33
E/qcom_sensors_hal( 1029): hal_process_sam_gravity_resp: Msg 33; Result: 1, Error: 12
E/Sensors ( 1020): sns_sam.c(3145):Unsupported client request type message id 33
E/qcom_sensors_hal( 1029): hal_process_sam_rotation_vector_resp: Msg 33; Result: 1, Error: 12
