E/QCALOG  (  948): [MessageQ] ProcessNewMessage: [XTWWAN-PE] unknown deliver target [OS-Agent]
I/UpstartPropertyWatcher(  881): Property changed: init.svc.ppd=running
I/UpstartPropertyWatcher(  881): Property changed: init.svc.gsiff_daemon=running
I/UpstartPropertyWatcher(  881): Property changed: init.svc.quipc_igsn=running
I/UpstartPropertyWatcher(  881): Property changed: init.svc.quipc_main=running
I/UpstartPropertyWatcher(  881): Property changed: init.svc.xtwifi_inet=running
D/libEGL  ( 3325): loaded /vendor/lib/egl/libEGL_adreno.so
D/libEGL  ( 3325): loaded /vendor/lib/egl/libGLESv1_CM_adreno.so
I/UpstartPropertyWatcher(  881): Property changed: init.svc.xtwifi_inet=restarting
I/UpstartPropertyWatcher(  881): Property changed: init.svc.quipc_igsn=restarting
D/libEGL  ( 3325): loaded /vendor/lib/egl/libGLESv2_adreno.so
I/UpstartPropertyWatcher(  881): Property changed: init.svc.ppd=restarting
I/UpstartPropertyWatcher(  881): Property changed: init.svc.quipc_main=restarting
I/UpstartPropertyWatcher(  881): Property changed: init.svc.gsiff_daemon=restarting
I/ThermalEngine(  932): Sensor:batt_temp:40800 mC
I/ThermalEngine(  932): Sensor:batt_temp:40800 mC
D/libEGL  ( 3337): loaded /vendor/lib/egl/libEGL_adreno.so
D/libEGL  ( 3337): loaded /vendor/lib/egl/libGLESv1_CM_adreno.so
D/libEGL  ( 3337): loaded /vendor/lib/egl/libGLESv2_adreno.so
I/ThermalEngine(  932): Sensor:batt_temp:40800 mC
I/ThermalEngine(  932): Sensor:batt_temp:40800 mC
I/ThermalEngine(  932): Sensor:batt_temp:40800 mC
D/libEGL  ( 3343): loaded /vendor/lib/egl/libEGL_adreno.so
D/libEGL  ( 3343): loaded /vendor/lib/egl/libGLESv1_CM_adreno.so
D/libEGL  ( 3343): loaded /vendor/lib/egl/libGLESv2_adreno.so
E/QCALOG  (  948): [MessageQ] ProcessNewMessage: [XTWiFi-PE] unknown deliver target [OS-Agent]
E/QCALOG  (  948): [MessageQ] ProcessNewMessage: [XT-CS] unknown deliver target [OS-Agent]
E/QCALOG  (  948): [MessageQ] ProcessNewMessage: [XTWWAN-PE] unknown deliver target [OS-Agent]
I/ThermalEngine(  932): Sensor:batt_temp:40800 mC
I/UpstartPropertyWatcher(  881): Property changed: init.svc.ppd=running
I/UpstartPropertyWatcher(  881): Property changed: init.svc.gsiff_daemon=running
I/UpstartPropertyWatcher(  881): Property changed: init.svc.quipc_igsn=running
I/UpstartPropertyWatcher(  881): Property changed: init.svc.quipc_main=running
I/UpstartPropertyWatcher(  881): Property changed: init.svc.quipc_igsn=restarting
I/UpstartPropertyWatcher(  881): Property changed: init.svc.xtwifi_inet=running
I/UpstartPropertyWatcher(  881): Property changed: init.svc.ppd=restarting
I/UpstartPropertyWatcher(  881): Property changed: init.svc.xtwifi_inet=restarting
I/UpstartPropertyWatcher(  881): Property changed: init.svc.quipc_main=restarting
I/UpstartPropertyWatcher(  881): Property changed: init.svc.gsiff_daemon=restarting
I/ThermalEngine(  932): Sensor:batt_temp:40800 mC
D/libEGL  ( 3354): loaded /vendor/lib/egl/libEGL_adreno.so
D/libEGL  ( 3354): loaded /vendor/lib/egl/libGLESv1_CM_adreno.so
D/libEGL  ( 3354): loaded /vendor/lib/egl/libGLESv2_adreno.so
I/ThermalEngine(  932): Sensor:batt_temp:40800 mC
I/ThermalEngine(  932): Sensor:batt_temp:40900 mC
D/libEGL  ( 3360): loaded /vendor/lib/egl/libEGL_adreno.so
D/libEGL  ( 3360): loaded /vendor/lib/egl/libGLESv1_CM_adreno.so
D/libEGL  ( 3360): loaded /vendor/lib/egl/libGLESv2_adreno.so
I/ThermalEngine(  932): Sensor:batt_temp:40900 mC
E/QCALOG  (  948): [MessageQ] ProcessNewMessage: [XTWiFi-PE] unknown deliver target [OS-Agent]
E/QCALOG  (  948): [MessageQ] ProcessNewMessage: [XT-CS] unknown deliver target [OS-Agent]
E/QCALOG  (  948): [MessageQ] ProcessNewMessage: [XTWWAN-PE] unknown deliver target [OS-Agent]
I/ThermalEngine(  932): Sensor:batt_temp:40700 mC
I/UpstartPropertyWatcher(  881): Property changed: init.svc.ppd=running
I/UpstartPropertyWatcher(  881): Property changed: init.svc.gsiff_daemon=running
I/UpstartPropertyWatcher(  881): Property changed: init.svc.quipc_igsn=running
I/UpstartPropertyWatcher(  881): Property changed: init.svc.quipc_main=running
I/UpstartPropertyWatcher(  881): Property changed: init.svc.xtwifi_inet=running
I/UpstartPropertyWatcher(  881): Property changed: init.svc.xtwifi_inet=restarting
I/UpstartPropertyWatcher(  881): Property changed: init.svc.ppd=restarting
I/UpstartPropertyWatcher(  881): Property changed: init.svc.gsiff_daemon=restarting
I/UpstartPropertyWatcher(  881): Property changed: init.svc.quipc_igsn=restarting
I/UpstartPropertyWatcher(  881): Property changed: init.svc.quipc_main=restarting
D/libEGL  ( 3366): loaded /vendor/lib/egl/libEGL_adreno.so
D/libEGL  ( 3366): loaded /vendor/lib/egl/libGLESv1_CM_adreno.so
D/libEGL  ( 3366): loaded /vendor/lib/egl/libGLESv2_adreno.so
I/ThermalEngine(  932): Sensor:batt_temp:40900 mC
I/ThermalEngine(  932): Sensor:batt_temp:40700 mC
D/libEGL  ( 3377): loaded /vendor/lib/egl/libEGL_adreno.so
D/libEGL  ( 3377): loaded /vendor/lib/egl/libGLESv1_CM_adreno.so
D/libEGL  ( 3377): loaded /vendor/lib/egl/libGLESv2_adreno.so
I/ThermalEngine(  932): Sensor:batt_temp:40900 mC
I/ThermalEngine(  932): Sensor:batt_temp:40700 mC
D/libEGL  ( 3383): loaded /vendor/lib/egl/libEGL_adreno.so
D/libEGL  ( 3383): loaded /vendor/lib/egl/libGLESv1_CM_adreno.so
D/libEGL  ( 3383): loaded /vendor/lib/egl/libGLESv2_adreno.so
E/QCALOG  (  948): [MessageQ] ProcessNewMessage: [XTWiFi-PE] unknown deliver target [OS-Agent]
E/QCALOG  (  948): [MessageQ] ProcessNewMessage: [XT-CS] unknown deliver target [OS-Agent]
E/QCALOG  (  948): [MessageQ] ProcessNewMessage: [XTWWAN-PE] unknown deliver target [OS-Agent]
I/ThermalEngine(  932): Sensor:batt_temp:40900 mC
I/UpstartPropertyWatcher(  881): Property changed: init.svc.ppd=running
I/UpstartPropertyWatcher(  881): Property changed: init.svc.gsiff_daemon=running
I/UpstartPropertyWatcher(  881): Property changed: init.svc.quipc_igsn=running
I/UpstartPropertyWatcher(  881): Property changed: init.svc.quipc_main=running
I/UpstartPropertyWatcher(  881): Property changed: init.svc.xtwifi_inet=running
I/UpstartPropertyWatcher(  881): Property changed: init.svc.quipc_igsn=restarting
I/UpstartPropertyWatcher(  881): Property changed: init.svc.quipc_main=restarting
I/UpstartPropertyWatcher(  881): Property changed: init.svc.ppd=restarting
I/UpstartPropertyWatcher(  881): Property changed: init.svc.xtwifi_inet=restarting
I/UpstartPropertyWatcher(  881): Property changed: init.svc.gsiff_daemon=restarting
I/ThermalEngine(  932): Sensor:batt_temp:40800 mC
D/libEGL  ( 3394): loaded /vendor/lib/egl/libEGL_adreno.so
D/libEGL  ( 3394): loaded /vendor/lib/egl/libGLESv1_CM_adreno.so
D/libEGL  ( 3394): loaded /vendor/lib/egl/libGLESv2_adreno.so
I/ThermalEngine(  932): Sensor:batt_temp:40900 mC
I/ThermalEngine(  932): Sensor:batt_temp:40800 mC
D/libEGL  ( 3400): loaded /vendor/lib/egl/libEGL_adreno.so
D/libEGL  ( 3400): loaded /vendor/lib/egl/libGLESv1_CM_adreno.so
D/libEGL  ( 3400): loaded /vendor/lib/egl/libGLESv2_adreno.so
I/ThermalEngine(  932): Sensor:batt_temp:40900 mC
I/UpstartPropertyWatcher(  881): Property changed: init.svc.ppd=running
I/UpstartPropertyWatcher(  881): Property changed: init.svc.gsiff_daemon=running
I/UpstartPropertyWatcher(  881): Property changed: init.svc.quipc_igsn=running
I/UpstartPropertyWatcher(  881): Property changed: init.svc.quipc_main=running
I/UpstartPropertyWatcher(  881): Property changed: init.svc.xtwifi_inet=running
I/UpstartPropertyWatcher(  881): Property changed: init.svc.xtwifi_inet=restarting
I/UpstartPropertyWatcher(  881): Property changed: init.svc.quipc_igsn=restarting
I/UpstartPropertyWatcher(  881): Property changed: init.svc.gsiff_daemon=restarting
I/UpstartPropertyWatcher(  881): Property changed: init.svc.ppd=restarting
I/UpstartPropertyWatcher(  881): Property changed: init.svc.quipc_main=restarting
E/QCALOG  (  948): [MessageQ] ProcessNewMessage: [XTWiFi-PE] unknown deliver target [OS-Agent]
E/QCALOG  (  948): [MessageQ] ProcessNewMessage: [XT-CS] unknown deliver target [OS-Agent]
E/QCALOG  (  948): [MessageQ] ProcessNewMessage: [XTWWAN-PE] unknown deliver target [OS-Agent]
I/ThermalEngine(  932): Sensor:batt_temp:40800 mC
D/libEGL  ( 3412): loaded /vendor/lib/egl/libEGL_adreno.so
D/libEGL  ( 3412): loaded /vendor/lib/egl/libGLESv1_CM_adreno.so
D/libEGL  ( 3412): loaded /vendor/lib/egl/libGLESv2_adreno.so
I/ThermalEngine(  932): Sensor:batt_temp:40900 mC
I/ThermalEngine(  932): Sensor:batt_temp:40800 mC
D/libEGL  ( 3418): loaded /vendor/lib/egl/libEGL_adreno.so
D/libEGL  ( 3418): loaded /vendor/lib/egl/libGLESv1_CM_adreno.so
D/libEGL  ( 3418): loaded /vendor/lib/egl/libGLESv2_adreno.so
I/ThermalEngine(  932): Sensor:batt_temp:40900 mC
I/ThermalEngine(  932): Sensor:batt_temp:40800 mC
I/UpstartPropertyWatcher(  881): Property changed: init.svc.ppd=running
I/UpstartPropertyWatcher(  881): Property changed: init.svc.gsiff_daemon=running
I/UpstartPropertyWatcher(  881): Property changed: init.svc.quipc_igsn=running
I/UpstartPropertyWatcher(  881): Property changed: init.svc.quipc_main=running
I/UpstartPropertyWatcher(  881): Property changed: init.svc.xtwifi_inet=running
I/UpstartPropertyWatcher(  881): Property changed: init.svc.quipc_igsn=restarting
I/UpstartPropertyWatcher(  881): Property changed: init.svc.xtwifi_inet=restarting
D/libEGL  ( 3424): loaded /vendor/lib/egl/libEGL_adreno.so
D/libEGL  ( 3424): loaded /vendor/lib/egl/libGLESv1_CM_adreno.so
I/UpstartPropertyWatcher(  881): Property changed: init.svc.ppd=restarting
I/UpstartPropertyWatcher(  881): Property changed: init.svc.gsiff_daemon=restarting
D/libEGL  ( 3424): loaded /vendor/lib/egl/libGLESv2_adreno.so
I/UpstartPropertyWatcher(  881): Property changed: init.svc.quipc_main=restarting
E/QCALOG  (  948): [MessageQ] ProcessNewMessage: [XTWiFi-PE] unknown deliver target [OS-Agent]
E/QCALOG  (  948): [MessageQ] ProcessNewMessage: [XT-CS] unknown deliver target [OS-Agent]
E/QCALOG  (  948): [MessageQ] ProcessNewMessage: [XTWWAN-PE] unknown deliver target [OS-Agent]
I/ThermalEngine(  932): Sensor:batt_temp:41000 mC
I/ThermalEngine(  932): Sensor:batt_temp:40800 mC
D/libEGL  ( 3435): loaded /vendor/lib/egl/libEGL_adreno.so
D/libEGL  ( 3435): loaded /vendor/lib/egl/libGLESv1_CM_adreno.so
D/libEGL  ( 3435): loaded /vendor/lib/egl/libGLESv2_adreno.so
I/ThermalEngine(  932): Sensor:batt_temp:41000 mC
I/ThermalEngine(  932): Sensor:batt_temp:40800 mC
D/libEGL  ( 3441): loaded /vendor/lib/egl/libEGL_adreno.so
D/libEGL  ( 3441): loaded /vendor/lib/egl/libGLESv1_CM_adreno.so
D/libEGL  ( 3441): loaded /vendor/lib/egl/libGLESv2_adreno.so
I/ThermalEngine(  932): Sensor:batt_temp:41000 mC
E/QCALOG  (  948): [MessageQ] ProcessNewMessage: [XTWiFi-PE] unknown deliver target [OS-Agent]
E/QCALOG  (  948): [MessageQ] ProcessNewMessage: [XT-CS] unknown deliver target [OS-Agent]
E/QCALOG  (  948): [MessageQ] ProcessNewMessage: [XTWWAN-PE] unknown deliver target [OS-Agent]
I/UpstartPropertyWatcher(  881): Property changed: init.svc.ppd=running
I/UpstartPropertyWatcher(  881): Property changed: init.svc.quipc_igsn=running
I/UpstartPropertyWatcher(  881): Property changed: init.svc.quipc_main=running
I/UpstartPropertyWatcher(  881): Property changed: init.svc.xtwifi_inet=running
I/UpstartPropertyWatcher(  881): Property changed: init.svc.gsiff_daemon=running
I/UpstartPropertyWatcher(  881): Property changed: init.svc.xtwifi_inet=restarting
I/UpstartPropertyWatcher(  881): Property changed: init.svc.quipc_igsn=restarting
I/UpstartPropertyWatcher(  881): Property changed: init.svc.quipc_main=restarting
I/UpstartPropertyWatcher(  881): Property changed: init.svc.ppd=restarting
I/UpstartPropertyWatcher(  881): Property changed: init.svc.gsiff_daemon=restarting
I/ThermalEngine(  932): Sensor:batt_temp:40800 mC
D/libEGL  ( 3452): loaded /vendor/lib/egl/libEGL_adreno.so
D/libEGL  ( 3452): loaded /vendor/lib/egl/libGLESv1_CM_adreno.so
D/libEGL  ( 3452): loaded /vendor/lib/egl/libGLESv2_adreno.so
I/ThermalEngine(  932): Sensor:batt_temp:41000 mC
I/ThermalEngine(  932): Sensor:batt_temp:40800 mC
D/libEGL  ( 3458): loaded /vendor/lib/egl/libEGL_adreno.so
D/libEGL  ( 3458): loaded /vendor/lib/egl/libGLESv1_CM_adreno.so
D/libEGL  ( 3458): loaded /vendor/lib/egl/libGLESv2_adreno.so
I/ThermalEngine(  932): Sensor:batt_temp:41000 mC
I/ThermalEngine(  932): Sensor:batt_temp:40800 mC
E/QCALOG  (  948): [MessageQ] ProcessNewMessage: [XTWiFi-PE] unknown deliver target [OS-Agent]
E/QCALOG  (  948): [MessageQ] ProcessNewMessage: [XT-CS] unknown deliver target [OS-Agent]
E/QCALOG  (  948): [MessageQ] ProcessNewMessage: [XTWWAN-PE] unknown deliver target [OS-Agent]
I/UpstartPropertyWatcher(  881): Property changed: init.svc.ppd=running
I/UpstartPropertyWatcher(  881): Property changed: init.svc.gsiff_daemon=running
I/UpstartPropertyWatcher(  881): Property changed: init.svc.quipc_igsn=running
I/UpstartPropertyWatcher(  881): Property changed: init.svc.quipc_main=running
I/UpstartPropertyWatcher(  881): Property changed: init.svc.xtwifi_inet=running
I/UpstartPropertyWatcher(  881): Property changed: init.svc.quipc_igsn=restarting
I/UpstartPropertyWatcher(  881): Property changed: init.svc.xtwifi_inet=restarting
D/libEGL  ( 3464): loaded /vendor/lib/egl/libEGL_adreno.so
D/libEGL  ( 3464): loaded /vendor/lib/egl/libGLESv1_CM_adreno.so
I/UpstartPropertyWatcher(  881): Property changed: init.svc.ppd=restarting
I/UpstartPropertyWatcher(  881): Property changed: init.svc.quipc_main=restarting
D/libEGL  ( 3464): loaded /vendor/lib/egl/libGLESv2_adreno.so
I/UpstartPropertyWatcher(  881): Property changed: init.svc.gsiff_daemon=restarting
I/ThermalEngine(  932): Sensor:batt_temp:41000 mC
I/ThermalEngine(  932): Sensor:batt_temp:40800 mC
D/libEGL  ( 3476): loaded /vendor/lib/egl/libEGL_adreno.so
D/libEGL  ( 3476): loaded /vendor/lib/egl/libGLESv1_CM_adreno.so
D/libEGL  ( 3476): loaded /vendor/lib/egl/libGLESv2_adreno.so
I/ThermalEngine(  932): Sensor:batt_temp:41000 mC
I/ThermalEngine(  932): Sensor:batt_temp:40800 mC
D/libEGL  ( 3482): loaded /vendor/lib/egl/libEGL_adreno.so
D/libEGL  ( 3482): loaded /vendor/lib/egl/libGLESv1_CM_adreno.so
D/libEGL  ( 3482): loaded /vendor/lib/egl/libGLESv2_adreno.so
I/ThermalEngine(  932): Sensor:batt_temp:41000 mC
E/QCALOG  (  948): [MessageQ] ProcessNewMessage: [XT-CS] unknown deliver target [OS-Agent]
E/QCALOG  (  948): [MessageQ] ProcessNewMessage: [XTWiFi-PE] unknown deliver target [OS-Agent]
E/QCALOG  (  948): [MessageQ] ProcessNewMessage: [XTWWAN-PE] unknown deliver target [OS-Agent]
I/UpstartPropertyWatcher(  881): Property changed: init.svc.ppd=running
I/UpstartPropertyWatcher(  881): Property changed: init.svc.gsiff_daemon=running
I/UpstartPropertyWatcher(  881): Property changed: init.svc.quipc_igsn=running
I/UpstartPropertyWatcher(  881): Property changed: init.svc.quipc_main=running
I/UpstartPropertyWatcher(  881): Property changed: init.svc.xtwifi_inet=running
I/UpstartPropertyWatcher(  881): Property changed: init.svc.xtwifi_inet=restarting
I/UpstartPropertyWatcher(  881): Property changed: init.svc.ppd=restarting
I/UpstartPropertyWatcher(  881): Property changed: init.svc.gsiff_daemon=restarting
I/UpstartPropertyWatcher(  881): Property changed: init.svc.quipc_main=restarting
I/UpstartPropertyWatcher(  881): Property changed: init.svc.quipc_igsn=restarting
I/ThermalEngine(  932): Sensor:batt_temp:40800 mC
D/libEGL  ( 3493): loaded /vendor/lib/egl/libEGL_adreno.so
D/libEGL  ( 3493): loaded /vendor/lib/egl/libGLESv1_CM_adreno.so
D/libEGL  ( 3493): loaded /vendor/lib/egl/libGLESv2_adreno.so
I/ThermalEngine(  932): Sensor:batt_temp:41000 mC
I/ThermalEngine(  932): Sensor:batt_temp:40800 mC
D/libEGL  ( 3499): loaded /vendor/lib/egl/libEGL_adreno.so
D/libEGL  ( 3499): loaded /vendor/lib/egl/libGLESv1_CM_adreno.so
D/libEGL  ( 3499): loaded /vendor/lib/egl/libGLESv2_adreno.so
I/ThermalEngine(  932): Sensor:batt_temp:41000 mC
I/ThermalEngine(  932): Sensor:batt_temp:40800 mC
E/QCALOG  (  948): [MessageQ] ProcessNewMessage: [XT-CS] unknown deliver target [OS-Agent]
E/QCALOG  (  948): [MessageQ] ProcessNewMessage: [XTWiFi-PE] unknown deliver target [OS-Agent]
E/QCALOG  (  948): [MessageQ] ProcessNewMessage: [XTWWAN-PE] unknown deliver target [OS-Agent]
I/UpstartPropertyWatcher(  881): Property changed: init.svc.ppd=running
I/UpstartPropertyWatcher(  881): Property changed: init.svc.gsiff_daemon=running
I/UpstartPropertyWatcher(  881): Property changed: init.svc.quipc_igsn=running
I/UpstartPropertyWatcher(  881): Property changed: init.svc.quipc_main=running
I/UpstartPropertyWatcher(  881): Property changed: init.svc.xtwifi_inet=running
I/UpstartPropertyWatcher(  881): Property changed: init.svc.xtwifi_inet=restarting
D/libEGL  ( 3505): loaded /vendor/lib/egl/libEGL_adreno.so
D/libEGL  ( 3505): loaded /vendor/lib/egl/libGLESv1_CM_adreno.so
D/libEGL  ( 3505): loaded /vendor/lib/egl/libGLESv2_adreno.so
I/UpstartPropertyWatcher(  881): Property changed: init.svc.ppd=restarting
I/UpstartPropertyWatcher(  881): Property changed: init.svc.quipc_igsn=restarting
I/UpstartPropertyWatcher(  881): Property changed: init.svc.gsiff_daemon=restarting
I/UpstartPropertyWatcher(  881): Property changed: init.svc.quipc_main=restarting
I/ThermalEngine(  932): Sensor:batt_temp:41000 mC
I/ThermalEngine(  932): Sensor:batt_temp:40900 mC
D/libEGL  ( 3518): loaded /vendor/lib/egl/libEGL_adreno.so
D/libEGL  ( 3518): loaded /vendor/lib/egl/libGLESv1_CM_adreno.so
D/libEGL  ( 3518): loaded /vendor/lib/egl/libGLESv2_adreno.so
I/ThermalEngine(  932): Sensor:batt_temp:41000 mC
I/ThermalEngine(  932): Sensor:batt_temp:40900 mC
D/libEGL  ( 3524): loaded /vendor/lib/egl/libEGL_adreno.so
D/libEGL  ( 3524): loaded /vendor/lib/egl/libGLESv1_CM_adreno.so
D/libEGL  ( 3524): loaded /vendor/lib/egl/libGLESv2_adreno.so
I/ThermalEngine(  932): Sensor:batt_temp:41000 mC
E/QCALOG  (  948): [MessageQ] ProcessNewMessage: [XT-CS] unknown deliver target [OS-Agent]
E/QCALOG  (  948): [MessageQ] ProcessNewMessage: [XTWiFi-PE] unknown deliver target [OS-Agent]
E/QCALOG  (  948): [MessageQ] ProcessNewMessage: [XTWWAN-PE] unknown deliver target [OS-Agent]
I/UpstartPropertyWatcher(  881): Property changed: init.svc.ppd=running
I/UpstartPropertyWatcher(  881): Property changed: init.svc.gsiff_daemon=running
I/UpstartPropertyWatcher(  881): Property changed: init.svc.quipc_igsn=running
I/UpstartPropertyWatcher(  881): Property changed: init.svc.quipc_main=running
I/UpstartPropertyWatcher(  881): Property changed: init.svc.xtwifi_inet=running
I/UpstartPropertyWatcher(  881): Property changed: init.svc.xtwifi_inet=restarting
I/UpstartPropertyWatcher(  881): Property changed: init.svc.quipc_igsn=restarting
I/UpstartPropertyWatcher(  881): Property changed: init.svc.ppd=restarting
I/UpstartPropertyWatcher(  881): Property changed: init.svc.quipc_main=restarting
I/UpstartPropertyWatcher(  881): Property changed: init.svc.gsiff_daemon=restarting
I/ThermalEngine(  932): Sensor:batt_temp:40900 mC
D/libEGL  ( 3535): loaded /vendor/lib/egl/libEGL_adreno.so
D/libEGL  ( 3535): loaded /vendor/lib/egl/libGLESv1_CM_adreno.so
D/libEGL  ( 3535): loaded /vendor/lib/egl/libGLESv2_adreno.so
I/ThermalEngine(  932): Sensor:batt_temp:41000 mC
I/ThermalEngine(  932): Sensor:batt_temp:41000 mC
D/libEGL  ( 3541): loaded /vendor/lib/egl/libEGL_adreno.so
D/libEGL  ( 3541): loaded /vendor/lib/egl/libGLESv1_CM_adreno.so
D/libEGL  ( 3541): loaded /vendor/lib/egl/libGLESv2_adreno.so
I/ThermalEngine(  932): Sensor:batt_temp:41000 mC
I/ThermalEngine(  932): Sensor:batt_temp:41000 mC
E/QCALOG  (  948): [MessageQ] ProcessNewMessage: [XT-CS] unknown deliver target [OS-Agent]
E/QCALOG  (  948): [MessageQ] ProcessNewMessage: [XTWiFi-PE] unknown deliver target [OS-Agent]
E/QCALOG  (  948): [MessageQ] ProcessNewMessage: [XTWWAN-PE] unknown deliver target [OS-Agent]
I/UpstartPropertyWatcher(  881): Property changed: init.svc.ppd=running
I/UpstartPropertyWatcher(  881): Property changed: init.svc.gsiff_daemon=running
I/UpstartPropertyWatcher(  881): Property changed: init.svc.quipc_igsn=running
I/UpstartPropertyWatcher(  881): Property changed: init.svc.quipc_main=running
I/UpstartPropertyWatcher(  881): Property changed: init.svc.xtwifi_inet=running
I/UpstartPropertyWatcher(  881): Property changed: init.svc.xtwifi_inet=restarting
D/libEGL  ( 3547): loaded /vendor/lib/egl/libEGL_adreno.so
D/libEGL  ( 3547): loaded /vendor/lib/egl/libGLESv1_CM_adreno.so
I/UpstartPropertyWatcher(  881): Property changed: init.svc.ppd=restarting
I/UpstartPropertyWatcher(  881): Property changed: init.svc.quipc_igsn=restarting
D/libEGL  ( 3547): loaded /vendor/lib/egl/libGLESv2_adreno.so
I/UpstartPropertyWatcher(  881): Property changed: init.svc.gsiff_daemon=restarting
I/UpstartPropertyWatcher(  881): Property changed: init.svc.quipc_main=restarting
I/ThermalEngine(  932): Sensor:batt_temp:41000 mC
I/ThermalEngine(  932): Sensor:batt_temp:41100 mC
D/libEGL  ( 3558): loaded /vendor/lib/egl/libEGL_adreno.so
D/libEGL  ( 3558): loaded /vendor/lib/egl/libGLESv1_CM_adreno.so
D/libEGL  ( 3558): loaded /vendor/lib/egl/libGLESv2_adreno.so
I/ThermalEngine(  932): Sensor:batt_temp:41000 mC
I/ThermalEngine(  932): Sensor:batt_temp:41100 mC
D/libEGL  ( 3564): loaded /vendor/lib/egl/libEGL_adreno.so
D/libEGL  ( 3564): loaded /vendor/lib/egl/libGLESv1_CM_adreno.so
D/libEGL  ( 3564): loaded /vendor/lib/egl/libGLESv2_adreno.so
I/ThermalEngine(  932): Sensor:batt_temp:41100 mC
E/QCALOG  (  948): [MessageQ] ProcessNewMessage: [LOWI-SERVER] unknown deliver target [OS-Agent]
E/QCALOG  (  948): [MessageQ] ProcessNewMessage: [XT-CS] unknown deliver target [OS-Agent]
E/QCALOG  (  948): [MessageQ] ProcessNewMessage: [XTWiFi-PE] unknown deliver target [OS-Agent]
E/QCALOG  (  948): [MessageQ] ProcessNewMessage: [XTWWAN-PE] unknown deliver target [OS-Agent]
I/UpstartPropertyWatcher(  881): Property changed: init.svc.ppd=running
I/UpstartPropertyWatcher(  881): Property changed: init.svc.gsiff_daemon=running
I/UpstartPropertyWatcher(  881): Property changed: init.svc.quipc_igsn=running
I/UpstartPropertyWatcher(  881): Property changed: init.svc.quipc_main=running
I/UpstartPropertyWatcher(  881): Property changed: init.svc.xtwifi_inet=running
I/UpstartPropertyWatcher(  881): Property changed: init.svc.quipc_igsn=restarting
I/UpstartPropertyWatcher(  881): Property changed: init.svc.xtwifi_inet=restarting
I/ThermalEngine(  932): Sensor:batt_temp:41200 mC
I/UpstartPropertyWatcher(  881): Property changed: init.svc.quipc_main=restarting
I/UpstartPropertyWatcher(  881): Property changed: init.svc.ppd=restarting
I/UpstartPropertyWatcher(  881): Property changed: init.svc.gsiff_daemon=restarting
D/libEGL  ( 3575): loaded /vendor/lib/egl/libEGL_adreno.so
D/libEGL  ( 3575): loaded /vendor/lib/egl/libGLESv1_CM_adreno.so
D/libEGL  ( 3575): loaded /vendor/lib/egl/libGLESv2_adreno.so
I/ThermalEngine(  932): Sensor:batt_temp:41100 mC
I/ThermalEngine(  932): Sensor:batt_temp:41100 mC
I/ThermalEngine(  932): Sensor:batt_temp:41100 mC
D/libEGL  ( 3581): loaded /vendor/lib/egl/libEGL_adreno.so
D/libEGL  ( 3581): loaded /vendor/lib/egl/libGLESv1_CM_adreno.so
D/libEGL  ( 3581): loaded /vendor/lib/egl/libGLESv2_adreno.so
I/ThermalEngine(  932): Sensor:batt_temp:41100 mC
I/UpstartPropertyWatcher(  881): Property changed: init.svc.ppd=running
I/UpstartPropertyWatcher(  881): Property changed: init.svc.gsiff_daemon=running
I/UpstartPropertyWatcher(  881): Property changed: init.svc.quipc_igsn=running
I/UpstartPropertyWatcher(  881): Property changed: init.svc.quipc_main=running
I/UpstartPropertyWatcher(  881): Property changed: init.svc.xtwifi_inet=running
I/UpstartPropertyWatcher(  881): Property changed: init.svc.xtwifi_inet=restarting
I/UpstartPropertyWatcher(  881): Property changed: init.svc.quipc_igsn=restarting
I/UpstartPropertyWatcher(  881): Property changed: init.svc.quipc_main=restarting
I/UpstartPropertyWatcher(  881): Property changed: init.svc.ppd=restarting
I/UpstartPropertyWatcher(  881): Property changed: init.svc.gsiff_daemon=restarting
E/QCALOG  (  948): [MessageQ] ProcessNewMessage: [XT-CS] unknown deliver target [OS-Agent]
E/QCALOG  (  948): [MessageQ] ProcessNewMessage: [XTWiFi-PE] unknown deliver target [OS-Agent]
E/QCALOG  (  948): [MessageQ] ProcessNewMessage: [XTWWAN-PE] unknown deliver target [OS-Agent]
I/ThermalEngine(  932): Sensor:batt_temp:41100 mC
D/libEGL  ( 3592): loaded /vendor/lib/egl/libEGL_adreno.so
D/libEGL  ( 3592): loaded /vendor/lib/egl/libGLESv1_CM_adreno.so
D/libEGL  ( 3592): loaded /vendor/lib/egl/libGLESv2_adreno.so
I/ThermalEngine(  932): Sensor:batt_temp:41100 mC
I/ThermalEngine(  932): Sensor:batt_temp:41000 mC
D/libEGL  ( 3598): loaded /vendor/lib/egl/libEGL_adreno.so
D/libEGL  ( 3598): loaded /vendor/lib/egl/libGLESv1_CM_adreno.so
D/libEGL  ( 3598): loaded /vendor/lib/egl/libGLESv2_adreno.so
I/ThermalEngine(  932): Sensor:batt_temp:41100 mC
I/ThermalEngine(  932): Sensor:batt_temp:41000 mC
I/UpstartPropertyWatcher(  881): Property changed: init.svc.ppd=running
I/UpstartPropertyWatcher(  881): Property changed: init.svc.gsiff_daemon=running
I/UpstartPropertyWatcher(  881): Property changed: init.svc.quipc_igsn=running
I/UpstartPropertyWatcher(  881): Property changed: init.svc.quipc_main=running
I/UpstartPropertyWatcher(  881): Property changed: init.svc.xtwifi_inet=running
I/UpstartPropertyWatcher(  881): Property changed: init.svc.gsiff_daemon=restarting
I/UpstartPropertyWatcher(  881): Property changed: init.svc.xtwifi_inet=restarting
I/UpstartPropertyWatcher(  881): Property changed: init.svc.quipc_igsn=restarting
I/UpstartPropertyWatcher(  881): Property changed: init.svc.ppd=restarting
I/UpstartPropertyWatcher(  881): Property changed: init.svc.quipc_main=restarting
E/QCALOG  (  948): [MessageQ] ProcessNewMessage: [XT-CS] unknown deliver target [OS-Agent]
E/QCALOG  (  948): [MessageQ] ProcessNewMessage: [XTWiFi-PE] unknown deliver target [OS-Agent]
D/libEGL  ( 3604): loaded /vendor/lib/egl/libEGL_adreno.so
D/libEGL  ( 3604): loaded /vendor/lib/egl/libGLESv1_CM_adreno.so
E/QCALOG  (  948): [MessageQ] ProcessNewMessage: [XTWWAN-PE] unknown deliver target [OS-Agent]
D/libEGL  ( 3604): loaded /vendor/lib/egl/libGLESv2_adreno.so
I/ThermalEngine(  932): Sensor:batt_temp:41100 mC
I/ThermalEngine(  932): Sensor:batt_temp:41000 mC
D/libEGL  ( 3615): loaded /vendor/lib/egl/libEGL_adreno.so
D/libEGL  ( 3615): loaded /vendor/lib/egl/libGLESv1_CM_adreno.so
D/libEGL  ( 3615): loaded /vendor/lib/egl/libGLESv2_adreno.so
I/ThermalEngine(  932): Sensor:batt_temp:41100 mC
I/ThermalEngine(  932): Sensor:batt_temp:41000 mC
D/libEGL  ( 3621): loaded /vendor/lib/egl/libEGL_adreno.so
D/libEGL  ( 3621): loaded /vendor/lib/egl/libGLESv1_CM_adreno.so
D/libEGL  ( 3621): loaded /vendor/lib/egl/libGLESv2_adreno.so
I/ThermalEngine(  932): Sensor:batt_temp:41100 mC
E/QCALOG  (  948): [MessageQ] ProcessNewMessage: [XT-CS] unknown deliver target [OS-Agent]
E/QCALOG  (  948): [MessageQ] ProcessNewMessage: [XTWiFi-PE] unknown deliver target [OS-Agent]
E/QCALOG  (  948): [MessageQ] ProcessNewMessage: [XTWWAN-PE] unknown deliver target [OS-Agent]
I/UpstartPropertyWatcher(  881): Property changed: init.svc.ppd=running
I/UpstartPropertyWatcher(  881): Property changed: init.svc.gsiff_daemon=running
I/UpstartPropertyWatcher(  881): Property changed: init.svc.quipc_igsn=running
I/UpstartPropertyWatcher(  881): Property changed: init.svc.quipc_main=running
I/UpstartPropertyWatcher(  881): Property changed: init.svc.xtwifi_inet=running
I/UpstartPropertyWatcher(  881): Property changed: init.svc.xtwifi_inet=restarting
I/UpstartPropertyWatcher(  881): Property changed: init.svc.quipc_igsn=restarting
I/UpstartPropertyWatcher(  881): Property changed: init.svc.gsiff_daemon=restarting
I/UpstartPropertyWatcher(  881): Property changed: init.svc.quipc_main=restarting
I/UpstartPropertyWatcher(  881): Property changed: init.svc.ppd=restarting
I/ThermalEngine(  932): Sensor:batt_temp:41000 mC
D/libEGL  ( 3632): loaded /vendor/lib/egl/libEGL_adreno.so
D/libEGL  ( 3632): loaded /vendor/lib/egl/libGLESv1_CM_adreno.so
D/libEGL  ( 3632): loaded /vendor/lib/egl/libGLESv2_adreno.so
I/ThermalEngine(  932): Sensor:batt_temp:41100 mC
I/ThermalEngine(  932): Sensor:batt_temp:41000 mC
D/libEGL  ( 3638): loaded /vendor/lib/egl/libEGL_adreno.so
D/libEGL  ( 3638): loaded /vendor/lib/egl/libGLESv1_CM_adreno.so
D/libEGL  ( 3638): loaded /vendor/lib/egl/libGLESv2_adreno.so
I/ThermalEngine(  932): Sensor:batt_temp:41100 mC
I/ThermalEngine(  932): Sensor:batt_temp:41000 mC
E/QCALOG  (  948): [MessageQ] ProcessNewMessage: [XT-CS] unknown deliver target [OS-Agent]
E/QCALOG  (  948): [MessageQ] ProcessNewMessage: [XTWiFi-PE] unknown deliver target [OS-Agent]
E/QCALOG  (  948): [MessageQ] ProcessNewMessage: [XTWWAN-PE] unknown deliver target [OS-Agent]
I/UpstartPropertyWatcher(  881): Property changed: init.svc.ppd=running
I/UpstartPropertyWatcher(  881): Property changed: init.svc.gsiff_daemon=running
I/UpstartPropertyWatcher(  881): Property changed: init.svc.quipc_igsn=running
I/UpstartPropertyWatcher(  881): Property changed: init.svc.quipc_main=running
I/UpstartPropertyWatcher(  881): Property changed: init.svc.xtwifi_inet=running
I/UpstartPropertyWatcher(  881): Property changed: init.svc.xtwifi_inet=restarting
I/UpstartPropertyWatcher(  881): Property changed: init.svc.quipc_igsn=restarting
I/UpstartPropertyWatcher(  881): Property changed: init.svc.ppd=restarting
D/libEGL  ( 3644): loaded /vendor/lib/egl/libEGL_adreno.so
D/libEGL  ( 3644): loaded /vendor/lib/egl/libGLESv1_CM_adreno.so
I/UpstartPropertyWatcher(  881): Property changed: init.svc.gsiff_daemon=restarting
I/UpstartPropertyWatcher(  881): Property changed: init.svc.quipc_main=restarting
D/libEGL  ( 3644): loaded /vendor/lib/egl/libGLESv2_adreno.so
I/ThermalEngine(  932): Sensor:batt_temp:41100 mC
I/ThermalEngine(  932): Sensor:batt_temp:41000 mC
D/libEGL  ( 3655): loaded /vendor/lib/egl/libEGL_adreno.so
D/libEGL  ( 3655): loaded /vendor/lib/egl/libGLESv1_CM_adreno.so
D/libEGL  ( 3655): loaded /vendor/lib/egl/libGLESv2_adreno.so
I/ThermalEngine(  932): Sensor:batt_temp:41100 mC
I/ThermalEngine(  932): Sensor:batt_temp:41000 mC
D/libEGL  ( 3661): loaded /vendor/lib/egl/libEGL_adreno.so
D/libEGL  ( 3661): loaded /vendor/lib/egl/libGLESv1_CM_adreno.so
D/libEGL  ( 3661): loaded /vendor/lib/egl/libGLESv2_adreno.so
I/ThermalEngine(  932): Sensor:batt_temp:41100 mC
E/QCALOG  (  948): [MessageQ] ProcessNewMessage: [XT-CS] unknown deliver target [OS-Agent]
E/QCALOG  (  948): [MessageQ] ProcessNewMessage: [XTWiFi-PE] unknown deliver target [OS-Agent]
E/QCALOG  (  948): [MessageQ] ProcessNewMessage: [XTWWAN-PE] unknown deliver target [OS-Agent]
I/UpstartPropertyWatcher(  881): Property changed: init.svc.ppd=running
I/UpstartPropertyWatcher(  881): Property changed: init.svc.gsiff_daemon=running
I/UpstartPropertyWatcher(  881): Property changed: init.svc.quipc_igsn=running
I/UpstartPropertyWatcher(  881): Property changed: init.svc.quipc_main=running
I/UpstartPropertyWatcher(  881): Property changed: init.svc.xtwifi_inet=running
I/UpstartPropertyWatcher(  881): Property changed: init.svc.xtwifi_inet=restarting
I/UpstartPropertyWatcher(  881): Property changed: init.svc.quipc_igsn=restarting
I/UpstartPropertyWatcher(  881): Property changed: init.svc.ppd=restarting
I/UpstartPropertyWatcher(  881): Property changed: init.svc.quipc_main=restarting
I/UpstartPropertyWatcher(  881): Property changed: init.svc.gsiff_daemon=restarting
I/ThermalEngine(  932): Sensor:batt_temp:41000 mC
D/libEGL  ( 3672): loaded /vendor/lib/egl/libEGL_adreno.so
D/libEGL  ( 3672): loaded /vendor/lib/egl/libGLESv1_CM_adreno.so
D/libEGL  ( 3672): loaded /vendor/lib/egl/libGLESv2_adreno.so
I/ThermalEngine(  932): Sensor:batt_temp:41200 mC
I/ThermalEngine(  932): Sensor:batt_temp:41000 mC
D/libEGL  ( 3678): loaded /vendor/lib/egl/libEGL_adreno.so
D/libEGL  ( 3678): loaded /vendor/lib/egl/libGLESv1_CM_adreno.so
D/libEGL  ( 3678): loaded /vendor/lib/egl/libGLESv2_adreno.so
I/ThermalEngine(  932): Sensor:batt_temp:41200 mC
I/ThermalEngine(  932): Sensor:batt_temp:41000 mC
E/QCALOG  (  948): [MessageQ] ProcessNewMessage: [XT-CS] unknown deliver target [OS-Agent]
E/QCALOG  (  948): [MessageQ] ProcessNewMessage: [XTWiFi-PE] unknown deliver target [OS-Agent]
E/QCALOG  (  948): [MessageQ] ProcessNewMessage: [XTWWAN-PE] unknown deliver target [OS-Agent]
I/UpstartPropertyWatcher(  881): Property changed: init.svc.ppd=running
I/UpstartPropertyWatcher(  881): Property changed: init.svc.gsiff_daemon=running
I/UpstartPropertyWatcher(  881): Property changed: init.svc.quipc_igsn=running
I/UpstartPropertyWatcher(  881): Property changed: init.svc.quipc_main=running
I/UpstartPropertyWatcher(  881): Property changed: init.svc.xtwifi_inet=running
I/UpstartPropertyWatcher(  881): Property changed: init.svc.quipc_igsn=restarting
I/UpstartPropertyWatcher(  881): Property changed: init.svc.xtwifi_inet=restarting
D/libEGL  ( 3684): loaded /vendor/lib/egl/libEGL_adreno.so
D/libEGL  ( 3684): loaded /vendor/lib/egl/libGLESv1_CM_adreno.so
D/libEGL  ( 3684): loaded /vendor/lib/egl/libGLESv2_adreno.so
I/UpstartPropertyWatcher(  881): Property changed: init.svc.ppd=restarting
I/UpstartPropertyWatcher(  881): Property changed: init.svc.quipc_main=restarting
I/UpstartPropertyWatcher(  881): Property changed: init.svc.gsiff_daemon=restarting
I/ThermalEngine(  932): Sensor:batt_temp:41200 mC
I/ThermalEngine(  932): Sensor:batt_temp:41000 mC
D/libEGL  ( 3695): loaded /vendor/lib/egl/libEGL_adreno.so
D/libEGL  ( 3695): loaded /vendor/lib/egl/libGLESv1_CM_adreno.so
D/libEGL  ( 3695): loaded /vendor/lib/egl/libGLESv2_adreno.so
I/ThermalEngine(  932): Sensor:batt_temp:41200 mC
I/ThermalEngine(  932): Sensor:batt_temp:41100 mC
D/libEGL  ( 3701): loaded /vendor/lib/egl/libEGL_adreno.so
D/libEGL  ( 3701): loaded /vendor/lib/egl/libGLESv1_CM_adreno.so
D/libEGL  ( 3701): loaded /vendor/lib/egl/libGLESv2_adreno.so
I/ThermalEngine(  932): Sensor:batt_temp:41200 mC
E/QCALOG  (  948): [MessageQ] ProcessNewMessage: [XT-CS] unknown deliver target [OS-Agent]
E/QCALOG  (  948): [MessageQ] ProcessNewMessage: [XTWiFi-PE] unknown deliver target [OS-Agent]
E/QCALOG  (  948): [MessageQ] ProcessNewMessage: [XTWWAN-PE] unknown deliver target [OS-Agent]
I/UpstartPropertyWatcher(  881): Property changed: init.svc.ppd=running
I/UpstartPropertyWatcher(  881): Property changed: init.svc.gsiff_daemon=running
I/UpstartPropertyWatcher(  881): Property changed: init.svc.quipc_igsn=running
I/UpstartPropertyWatcher(  881): Property changed: init.svc.quipc_main=running
I/UpstartPropertyWatcher(  881): Property changed: init.svc.xtwifi_inet=running
I/UpstartPropertyWatcher(  881): Property changed: init.svc.xtwifi_inet=restarting
I/UpstartPropertyWatcher(  881): Property changed: init.svc.quipc_igsn=restarting
I/UpstartPropertyWatcher(  881): Property changed: init.svc.ppd=restarting
I/UpstartPropertyWatcher(  881): Property changed: init.svc.quipc_main=restarting
I/UpstartPropertyWatcher(  881): Property changed: init.svc.gsiff_daemon=restarting
I/ThermalEngine(  932): Sensor:batt_temp:41100 mC
D/libEGL  ( 3712): loaded /vendor/lib/egl/libEGL_adreno.so
D/libEGL  ( 3712): loaded /vendor/lib/egl/libGLESv1_CM_adreno.so
D/libEGL  ( 3712): loaded /vendor/lib/egl/libGLESv2_adreno.so
I/ThermalEngine(  932): Sensor:batt_temp:41200 mC
I/ThermalEngine(  932): Sensor:batt_temp:41100 mC
D/libEGL  ( 3718): loaded /vendor/lib/egl/libEGL_adreno.so
D/libEGL  ( 3718): loaded /vendor/lib/egl/libGLESv1_CM_adreno.so
D/libEGL  ( 3718): loaded /vendor/lib/egl/libGLESv2_adreno.so
I/ThermalEngine(  932): Sensor:batt_temp:41200 mC
I/ThermalEngine(  932): Sensor:batt_temp:41100 mC
E/QCALOG  (  948): [MessageQ] ProcessNewMessage: [XTWiFi-PE] unknown deliver target [OS-Agent]
E/QCALOG  (  948): [MessageQ] ProcessNewMessage: [XT-CS] unknown deliver target [OS-Agent]
E/QCALOG  (  948): [MessageQ] ProcessNewMessage: [XTWWAN-PE] unknown deliver target [OS-Agent]
I/UpstartPropertyWatcher(  881): Property changed: init.svc.ppd=running
I/UpstartPropertyWatcher(  881): Property changed: init.svc.gsiff_daemon=running
I/UpstartPropertyWatcher(  881): Property changed: init.svc.quipc_igsn=running
I/UpstartPropertyWatcher(  881): Property changed: init.svc.quipc_main=running
I/UpstartPropertyWatcher(  881): Property changed: init.svc.xtwifi_inet=running
D/libEGL  ( 3726): loaded /vendor/lib/egl/libEGL_adreno.so
D/libEGL  ( 3726): loaded /vendor/lib/egl/libGLESv1_CM_adreno.so
I/UpstartPropertyWatcher(  881): Property changed: init.svc.quipc_igsn=restarting
D/libEGL  ( 3726): loaded /vendor/lib/egl/libGLESv2_adreno.so
I/UpstartPropertyWatcher(  881): Property changed: init.svc.gsiff_daemon=restarting
I/UpstartPropertyWatcher(  881): Property changed: init.svc.quipc_main=restarting
I/UpstartPropertyWatcher(  881): Property changed: init.svc.xtwifi_inet=restarting
I/UpstartPropertyWatcher(  881): Property changed: init.svc.ppd=restarting
I/ThermalEngine(  932): Sensor:batt_temp:41200 mC
I/ThermalEngine(  932): Sensor:batt_temp:41100 mC
D/libEGL  ( 3737): loaded /vendor/lib/egl/libEGL_adreno.so
D/libEGL  ( 3737): loaded /vendor/lib/egl/libGLESv1_CM_adreno.so
D/libEGL  ( 3737): loaded /vendor/lib/egl/libGLESv2_adreno.so
I/ThermalEngine(  932): Sensor:batt_temp:41300 mC
I/ThermalEngine(  932): Sensor:batt_temp:41300 mC
D/libEGL  ( 3743): loaded /vendor/lib/egl/libEGL_adreno.so
D/libEGL  ( 3743): loaded /vendor/lib/egl/libGLESv1_CM_adreno.so
D/libEGL  ( 3743): loaded /vendor/lib/egl/libGLESv2_adreno.so
E/QCALOG  (  948): [MessageQ] ProcessNewMessage: [XT-CS] unknown deliver target [OS-Agent]
E/QCALOG  (  948): [MessageQ] ProcessNewMessage: [XTWiFi-PE] unknown deliver target [OS-Agent]
E/QCALOG  (  948): [MessageQ] ProcessNewMessage: [XTWWAN-PE] unknown deliver target [OS-Agent]
I/ThermalEngine(  932): Sensor:batt_temp:41300 mC
I/UpstartPropertyWatcher(  881): Property changed: init.svc.ppd=running
I/UpstartPropertyWatcher(  881): Property changed: init.svc.gsiff_daemon=running
I/UpstartPropertyWatcher(  881): Property changed: init.svc.quipc_igsn=running
I/UpstartPropertyWatcher(  881): Property changed: init.svc.quipc_main=running
I/UpstartPropertyWatcher(  881): Property changed: init.svc.xtwifi_inet=running
I/UpstartPropertyWatcher(  881): Property changed: init.svc.xtwifi_inet=restarting
I/UpstartPropertyWatcher(  881): Property changed: init.svc.ppd=restarting
I/UpstartPropertyWatcher(  881): Property changed: init.svc.quipc_igsn=restarting
I/UpstartPropertyWatcher(  881): Property changed: init.svc.gsiff_daemon=restarting
I/UpstartPropertyWatcher(  881): Property changed: init.svc.quipc_main=restarting
I/ThermalEngine(  932): Sensor:batt_temp:41100 mC
D/libEGL  ( 3756): loaded /vendor/lib/egl/libEGL_adreno.so
D/libEGL  ( 3756): loaded /vendor/lib/egl/libGLESv1_CM_adreno.so
D/libEGL  ( 3756): loaded /vendor/lib/egl/libGLESv2_adreno.so
I/ThermalEngine(  932): Sensor:batt_temp:41300 mC
I/ThermalEngine(  932): Sensor:batt_temp:41200 mC
D/libEGL  ( 3763): loaded /vendor/lib/egl/libEGL_adreno.so
D/libEGL  ( 3763): loaded /vendor/lib/egl/libGLESv1_CM_adreno.so
D/libEGL  ( 3763): loaded /vendor/lib/egl/libGLESv2_adreno.so
I/ThermalEngine(  932): Sensor:batt_temp:41300 mC
I/UpstartPropertyWatcher(  881): Property changed: init.svc.ppd=running
I/UpstartPropertyWatcher(  881): Property changed: init.svc.gsiff_daemon=running
I/UpstartPropertyWatcher(  881): Property changed: init.svc.quipc_igsn=running
I/UpstartPropertyWatcher(  881): Property changed: init.svc.quipc_main=running
I/UpstartPropertyWatcher(  881): Property changed: init.svc.xtwifi_inet=running
I/UpstartPropertyWatcher(  881): Property changed: init.svc.xtwifi_inet=restarting
I/UpstartPropertyWatcher(  881): Property changed: init.svc.quipc_igsn=restarting
I/UpstartPropertyWatcher(  881): Property changed: init.svc.ppd=restarting
I/UpstartPropertyWatcher(  881): Property changed: init.svc.gsiff_daemon=restarting
I/UpstartPropertyWatcher(  881): Property changed: init.svc.quipc_main=restarting
E/QCALOG  (  948): [MessageQ] ProcessNewMessage: [XT-CS] unknown deliver target [OS-Agent]
E/QCALOG  (  948): [MessageQ] ProcessNewMessage: [XTWiFi-PE] unknown deliver target [OS-Agent]
E/QCALOG  (  948): [MessageQ] ProcessNewMessage: [XTWWAN-PE] unknown deliver target [OS-Agent]
I/ThermalEngine(  932): Sensor:batt_temp:41300 mC
D/libEGL  ( 3777): loaded /vendor/lib/egl/libEGL_adreno.so
D/libEGL  ( 3777): loaded /vendor/lib/egl/libGLESv1_CM_adreno.so
D/libEGL  ( 3777): loaded /vendor/lib/egl/libGLESv2_adreno.so
I/ThermalEngine(  932): Sensor:batt_temp:41300 mC
I/ThermalEngine(  932): Sensor:batt_temp:41300 mC
D/libEGL  ( 3783): loaded /vendor/lib/egl/libEGL_adreno.so
D/libEGL  ( 3783): loaded /vendor/lib/egl/libGLESv1_CM_adreno.so
D/libEGL  ( 3783): loaded /vendor/lib/egl/libGLESv2_adreno.so
I/ThermalEngine(  932): Sensor:batt_temp:41300 mC
I/ThermalEngine(  932): Sensor:batt_temp:41300 mC
I/UpstartPropertyWatcher(  881): Property changed: init.svc.ppd=running
I/UpstartPropertyWatcher(  881): Property changed: init.svc.quipc_igsn=running
I/UpstartPropertyWatcher(  881): Property changed: init.svc.quipc_main=running
I/UpstartPropertyWatcher(  881): Property changed: init.svc.xtwifi_inet=running
I/UpstartPropertyWatcher(  881): Property changed: init.svc.gsiff_daemon=running
I/UpstartPropertyWatcher(  881): Property changed: init.svc.quipc_igsn=restarting
D/libEGL  ( 3789): loaded /vendor/lib/egl/libEGL_adreno.so
I/UpstartPropertyWatcher(  881): Property changed: init.svc.xtwifi_inet=restarting
D/libEGL  ( 3789): loaded /vendor/lib/egl/libGLESv1_CM_adreno.so
I/UpstartPropertyWatcher(  881): Property changed: init.svc.quipc_main=restarting
D/libEGL  ( 3789): loaded /vendor/lib/egl/libGLESv2_adreno.so
I/UpstartPropertyWatcher(  881): Property changed: init.svc.ppd=restarting
I/UpstartPropertyWatcher(  881): Property changed: init.svc.gsiff_daemon=restarting
E/QCALOG  (  948): [MessageQ] ProcessNewMessage: [XT-CS] unknown deliver target [OS-Agent]
E/QCALOG  (  948): [MessageQ] ProcessNewMessage: [XTWiFi-PE] unknown deliver target [OS-Agent]
E/QCALOG  (  948): [MessageQ] ProcessNewMessage: [XTWWAN-PE] unknown deliver target [OS-Agent]
I/ThermalEngine(  932): Sensor:batt_temp:41300 mC
I/ThermalEngine(  932): Sensor:batt_temp:41300 mC
D/libEGL  ( 3800): loaded /vendor/lib/egl/libEGL_adreno.so
D/libEGL  ( 3800): loaded /vendor/lib/egl/libGLESv1_CM_adreno.so
D/libEGL  ( 3800): loaded /vendor/lib/egl/libGLESv2_adreno.so
I/ThermalEngine(  932): Sensor:batt_temp:41300 mC
I/ThermalEngine(  932): Sensor:batt_temp:41300 mC
D/libEGL  ( 3806): loaded /vendor/lib/egl/libEGL_adreno.so
D/libEGL  ( 3806): loaded /vendor/lib/egl/libGLESv1_CM_adreno.so
D/libEGL  ( 3806): loaded /vendor/lib/egl/libGLESv2_adreno.so
I/ThermalEngine(  932): Sensor:batt_temp:41300 mC
