--------- beginning of /dev/alog/main
I/UpstartPropertyWatcher(  856): Starting upstart property watcher
I/UpstartPropertyWatcher(  856): Upstart property watcher connected to socket '/dev/socket/upstart-text-bridge'
I/UpstartPropertyWatcher(  856): Notifying the entire property list
I/UpstartPropertyWatcher(  856): Property changed: af.resampler.quality=4
I/UpstartPropertyWatcher(  856): Property changed: av.offload.enable=true
I/UpstartPropertyWatcher(  856): Property changed: cm.updater.uri=http://ota.randomdroids.com/api
I/UpstartPropertyWatcher(  856): Property changed: mm.enable.qcom_parser=37491
I/UpstartPropertyWatcher(  856): Property changed: mm.enable.smoothstreaming=true
I/UpstartPropertyWatcher(  856): Property changed: ro.cm.device=armani
I/UpstartPropertyWatcher(  856): Property changed: ro.qc.sdk.izat.service_mask=0x5
I/UpstartPropertyWatcher(  856): Property changed: ro.qc.sdk.izat.premium_enabled=1
I/UpstartPropertyWatcher(  856): Property changed: ro.qc.sdk.audio.ssr=false
I/UpstartPropertyWatcher(  856): Property changed: ro.qc.sdk.audio.fluencetype=fluence
I/UpstartPropertyWatcher(  856): Property changed: ro.sf.lcd_density=320
I/UpstartPropertyWatcher(  856): Property changed: ro.com.android.dateformat=MM-dd-yyyy
I/UpstartPropertyWatcher(  856): Property changed: ro.com.android.dataroaming=true
I/UpstartPropertyWatcher(  856): Property changed: ro.cwm.forbid_mount=/persist,/firmware
I/UpstartPropertyWatcher(  856): Property changed: ro.cwm.forbid_format=/fsg,/firmware,/boot,/persist
I/UpstartPropertyWatcher(  856): Property changed: ro.cwm.enable_key_repeat=true
I/UpstartPropertyWatcher(  856): Property changed: ro.gps.agps_provider=1
I/UpstartPropertyWatcher(  856): Property changed: ro.boot.emmc=true
I/UpstartPropertyWatcher(  856): Property changed: ro.boot.modem=HM1AW
I/UpstartPropertyWatcher(  856): Property changed: ro.boot.baseband=msm
I/UpstartPropertyWatcher(  856): Property changed: ro.boot.hardware=armani
I/UpstartPropertyWatcher(  856): Property changed: ro.boot.serialno=9924b89b
I/UpstartPropertyWatcher(  856): Property changed: ro.boot.hwversion=40
I/UpstartPropertyWatcher(  856): Property changed: ro.emmc=0
I/UpstartPropertyWatcher(  856): Property changed: ro.wifi.channels=
I/UpstartPropertyWatcher(  856): Property changed: ro.allow.mock.location=0
I/UpstartPropertyWatcher(  856): Property changed: ro.board.platform=msm8226
I/UpstartPropertyWatcher(  856): Property changed: ro.build.id=KTU84Q
I/UpstartPropertyWatcher(  856): Property changed: ro.build.date=Rab Des  2 17:25:09 WIB 2015
I/UpstartPropertyWatcher(  856): Property changed: ro.build.date.utc=1449051909
I/UpstartPropertyWatcher(  856): Property changed: ro.build.host=elasrofxela
I/UpstartPropertyWatcher(  856): Property changed: ro.build.tags=test-keys
I/UpstartPropertyWatcher(  856): Property changed: ro.build.type=userdebug
I/UpstartPropertyWatcher(  856): Property changed: ro.build.user=alexforsale
I/UpstartPropertyWatcher(  856): Property changed: ro.build.display.id=phablet_armani-userdebug 4.4.4 KTU84Q eng.alexforsale.20151202.172322 test-keys
I/UpstartPropertyWatcher(  856): Property changed: ro.build.product=armani
I/UpstartPropertyWatcher(  856): Property changed: ro.build.version.sdk=19
I/UpstartPropertyWatcher(  856): Property changed: ro.build.version.base_os=
I/UpstartPropertyWatcher(  856): Property changed: ro.build.version.release=4.4.4
I/UpstartPropertyWatcher(  856): Property changed: ro.build.version.codename=REL
I/UpstartPropertyWatcher(  856): Property changed: ro.build.version.incremental=eng.alexforsale.20151202.172322
I/UpstartPropertyWatcher(  856): Property changed: ro.build.version.security_patch=2015-11-01
I/UpstartPropertyWatcher(  856): Property changed: ro.build.description=armani-user 4.4.4 KTU84P V7.0.5.0.KHCMICI release-keys
I/UpstartPropertyWatcher(  856): Property changed: ro.build.fingerprint=Xiaomi/armani/armani:4.4.4/KTU84P/V7.0.5.0.KHCMICI:user/release-keys
I/UpstartPropertyWatcher(  856): Property changed: ro.build.characteristics=default
I/UpstartPropertyWatcher(  856): Property changed: ro.crypto.fuse_sdcard=true
I/UpstartPropertyWatcher(  856): Property changed: ro.secure=1
I/UpstartPropertyWatcher(  856): Property changed: ro.vendor.extension_library=/vendor/lib/libqc-opt.so
I/UpstartPropertyWatcher(  856): Property changed: ro.carrier=unknown
I/UpstartPropertyWatcher(  856): Property changed: ro.product.cpu.abi=armeabi-v7a
I/UpstartPropertyWatcher(  856): Property changed: ro.product.cpu.abi2=armeabi
I/UpstartPropertyWatcher(  856): Property changed: ro.product.name=armani
I/UpstartPropertyWatcher(  856): Property changed: ro.product.board=MSM8226
I/UpstartPropertyWatcher(  856): Property changed: ro.product.brand=Xiaomi
I/UpstartPropertyWatcher(  856): Property changed: ro.product.model=HM 1SW
I/UpstartPropertyWatcher(  856): Property changed: ro.product.device=armani
I/UpstartPropertyWatcher(  856): Property changed: ro.product.locale.region=US
I/UpstartPropertyWatcher(  856): Property changed: ro.product.locale.language=en
I/UpstartPropertyWatcher(  856): Property changed: ro.product.manufacturer=Xiaomi
I/UpstartPropertyWatcher(  856): Property changed: ro.baseband=msm
I/UpstartPropertyWatcher(  856): Property changed: ro.bootmode=unknown
I/UpstartPropertyWatcher(  856): Property changed: ro.hardware=armani
I/UpstartPropertyWatcher(  856): Property changed: ro.opengles.version=196608
I/UpstartPropertyWatcher(  856): Property changed: ro.qualcomm.cabl=0
I/UpstartPropertyWatcher(  856): Property changed: ro.revision=0
I/UpstartPropertyWatcher(  856): Property changed: ro.serialno=9924b89b
I/UpstartPropertyWatcher(  856): Property changed: ro.telephony.call_ring.multiple=false
I/UpstartPropertyWatcher(  856): Property changed: ro.telephony.default_network=0,1
I/UpstartPropertyWatcher(  856): Property changed: ro.bootloader=unknown
I/UpstartPropertyWatcher(  856): Property changed: ro.debuggable=1
I/UpstartPropertyWatcher(  856): Property changed: ro.factorytest=0
I/UpstartPropertyWatcher(  856): Property changed: dev.pm.dyn_samplingrate=1
I/UpstartPropertyWatcher(  856): Property changed: drm.service.enabled=true
I/UpstartPropertyWatcher(  856): Property changed: mmp.enable.3g2=true
I/UpstartPropertyWatcher(  856): Property changed: net.bt.name=Android
I/UpstartPropertyWatcher(  856): Property changed: net.change=net.bt.name
I/UpstartPropertyWatcher(  856): Property changed: ril.device=qcom_msim
I/UpstartPropertyWatcher(  856): Property changed: ril.num_slots=2
I/UpstartPropertyWatcher(  856): Property changed: ril.subscription.types=RUIM
I/UpstartPropertyWatcher(  856): Property changed: use.voice.path.for.pcm.voip=true
I/UpstartPropertyWatcher(  856): Property changed: init.svc.ueventd=running
I/UpstartPropertyWatcher(  856): Property changed: init.svc.upstart-watcher=running
I/UpstartPropertyWatcher(  856): Property changed: qcom.bt.dev_power_class=1
I/UpstartPropertyWatcher(  856): Property changed: qcom.hw.aac.encoder=true
I/UpstartPropertyWatcher(  856): Property changed: rild.libargs=-d /dev/smd0
I/UpstartPropertyWatcher(  856): Property changed: rild.libpath=/vendor/lib/libril-qc-qmi-1.so
I/UpstartPropertyWatcher(  856): Property changed: vold.post_fs_data_done=1
I/UpstartPropertyWatcher(  856): Property changed: wifi.interface=wlan0
I/UpstartPropertyWatcher(  856): Property changed: audio.offload.pcm.enable=false
I/UpstartPropertyWatcher(  856): Property changed: audio.offload.buffer.size.kb=32
I/UpstartPropertyWatcher(  856): Property changed: audio.offload.disable=1
I/UpstartPropertyWatcher(  856): Property changed: audio.offload.gapless.enabled=true
I/UpstartPropertyWatcher(  856): Property changed: debug.sf.hw=1
I/UpstartPropertyWatcher(  856): Property changed: debug.sf.fb_always_on=1
I/UpstartPropertyWatcher(  856): Property changed: debug.egl.hw=1
I/UpstartPropertyWatcher(  856): Property changed: debug.mdpcomp.logs=0
I/UpstartPropertyWatcher(  856): Property changed: debug.composition.type=c2d
I/UpstartPropertyWatcher(  856): Property changed: media.stagefright.enable-aac=true
I/UpstartPropertyWatcher(  856): Property changed: media.stagefright.enable-qcp=true
I/UpstartPropertyWatcher(  856): Property changed: media.stagefright.enable-http=true
I/UpstartPropertyWatcher(  856): Property changed: media.stagefright.enable-scan=true
I/UpstartPropertyWatcher(  856): Property changed: media.stagefright.enable-fma2dp=true
I/UpstartPropertyWatcher(  856): Property changed: media.stagefright.enable-player=true
I/UpstartPropertyWatcher(  856): Property changed: dalvik.vm.heapsize=256m
I/UpstartPropertyWatcher(  856): Property changed: dalvik.vm.lockprof.threshold=500
I/UpstartPropertyWatcher(  856): Property changed: dalvik.vm.heapmaxfree=8m
I/UpstartPropertyWatcher(  856): Property changed: dalvik.vm.heapminfree=2m
I/UpstartPropertyWatcher(  856): Property changed: dalvik.vm.dexopt-flags=m=y
I/UpstartPropertyWatcher(  856): Property changed: dalvik.vm.heapstartsize=8m
I/UpstartPropertyWatcher(  856): Property changed: dalvik.vm.heapgrowthlimit=96m
I/UpstartPropertyWatcher(  856): Property changed: dalvik.vm.stack-trace-file=/data/anr/traces.txt
I/UpstartPropertyWatcher(  856): Property changed: dalvik.vm.heaptargetutilization=0.75
I/UpstartPropertyWatcher(  856): Property changed: persist.gps.qc_nlp_in_use=1
I/UpstartPropertyWatcher(  856): Property changed: persist.hwc.mdpcomp.enable=true
I/UpstartPropertyWatcher(  856): Property changed: persist.loc.nlp_name=com.qualcomm.services.location
I/UpstartPropertyWatcher(  856): Property changed: persist.sys.usb.config=mtp,adb
I/UpstartPropertyWatcher(  856): Property changed: persist.sys.wfd.virtual=0
I/UpstartPropertyWatcher(  856): Property changed: persist.sys.dalvik.vm.lib=libdvm.so
I/UpstartPropertyWatcher(  856): Property changed: persist.data.netmgrd.qos.enable=true
I/UpstartPropertyWatcher(  856): Property changed: persist.audio.fluence.speaker=false
I/UpstartPropertyWatcher(  856): Property changed: persist.audio.fluence.voicerec=true
I/UpstartPropertyWatcher(  856): Property changed: persist.audio.fluence.voicecall=true
I/UpstartPropertyWatcher(  856): Property changed: persist.debug.wfd.enable=1
I/UpstartPropertyWatcher(  856): Property changed: persist.radio.eons.enabled=false
I/UpstartPropertyWatcher(  856): Property changed: persist.radio.multisim.config=dsds
I/UpstartPropertyWatcher(  856): Property changed: persist.radio.msgtunnel.start=false
I/UpstartPropertyWatcher(  856): Property changed: persist.radio.adb_log_on=0
I/UpstartPropertyWatcher(  856): Property changed: persist.radio.dont_use_dsd=true
I/UpstartPropertyWatcher(  856): Property changed: persist.radio.apm_sim_not_pwdn=1
I/UpstartPropertyWatcher(  856): Property changed: persist.timed.enable=true
I/UpstartPropertyWatcher(  856): Property changed: persist.ubuntu.version=unknown
I/UpstartPropertyWatcher(  856): Property changed: persist.ubuntu.version.custom=unknown
I/UpstartPropertyWatcher(  856): Property changed: persist.ubuntu.version.device=unknown
I/UpstartPropertyWatcher(  856): Property changed: persist.ubuntu.version.rootfs=unknown
I/UpstartPropertyWatcher(  856): Property changed: persist.ubuntu.version.channel=unknown
I/UpstartPropertyWatcher(  856): Property changed: persist.ubuntu.default_language=unknown
I/UpstartPropertyWatcher(  856): Property changed: selinux.reload_policy=1
I/UpstartPropertyWatcher(  856): Property changed: keyguard.no_require_sim=true
I/UpstartPropertyWatcher(  856): Property changed: bluetooth.hfp.client=1
I/UpstartPropertyWatcher(  856): Notifying changes only
I/UpstartPropertyWatcher(  856): Property changed: net.tcp.buffersize.lte=524288,1048576,2097152,262144,524288,1048576
I/UpstartPropertyWatcher(  856): Property changed: net.tcp.buffersize.edge=4093,26280,35040,4096,16384,35040
I/UpstartPropertyWatcher(  856): Property changed: net.tcp.buffersize.evdo=4094,87380,262144,4096,16384,262144
I/UpstartPropertyWatcher(  856): Property changed: net.tcp.buffersize.gprs=4092,8760,11680,4096,8760,11680
I/UpstartPropertyWatcher(  856): Property changed: net.tcp.buffersize.hspa=4094,87380,1220608,4096,16384,1220608
I/UpstartPropertyWatcher(  856): Property changed: net.tcp.buffersize.umts=4094,87380,110208,4096,16384,110208
I/UpstartPropertyWatcher(  856): Property changed: net.tcp.buffersize.wifi=524288,1048576,2097152,262144,524288,1048576
I/UpstartPropertyWatcher(  856): Property changed: net.tcp.buffersize.hsdpa=4094,87380,1220608,4096,16384,1220608
I/UpstartPropertyWatcher(  856): Property changed: net.tcp.buffersize.hspap=4094,87380,1220608,4096,16384,1220608
I/UpstartPropertyWatcher(  856): Property changed: net.tcp.buffersize.hsupa=4094,87380,1220608,4096,16384,1220608
I/UpstartPropertyWatcher(  856): Property changed: net.tcp.buffersize.evdo_b=4096,87380,704512,4096,16384,262144
I/UpstartPropertyWatcher(  856): Property changed: net.tcp.buffersize.dchspap=4094,87380,1220608,4096,16384,1220608
I/UpstartPropertyWatcher(  856): Property changed: net.tcp.buffersize.default=4096,87380,704512,4096,16384,110208
I/UpstartPropertyWatcher(  856): Property changed: net.tcp.default_init_rwnd=60
I/UpstartPropertyWatcher(  856): Property changed: net.change=net.tcp.default_init_rwnd
I/UpstartPropertyWatcher(  856): Property changed: init.svc.drm=running
I/UpstartPropertyWatcher(  856): Property changed: init.svc.media=running
I/UpstartPropertyWatcher(  856): Property changed: init.svc.auditd=running
I/UpstartPropertyWatcher(  856): Property changed: init.svc.healthd=running
I/UpstartPropertyWatcher(  856): Property changed: init.svc.debuggerd=running
I/UpstartPropertyWatcher(  856): Property changed: init.svc.ril-daemon=running
I/UpstartPropertyWatcher(  856): Property changed: init.svc.rmt_storage=running
I/UpstartPropertyWatcher(  856): Property changed: init.svc.servicemanager=running
I/UpstartPropertyWatcher(  856): Property changed: init.svc.config_bluetooth=running
I/UpstartPropertyWatcher(  856): Property changed: init.svc.installd=running
I/UpstartPropertyWatcher(  856): Property changed: init.svc.irsc_util=running
I/UpstartPropertyWatcher(  856): Property changed: init.svc.qmuxd=running
I/UpstartPropertyWatcher(  856): Property changed: init.svc.netmgrd=running
I/UpstartPropertyWatcher(  856): Property changed: init.svc.sensors=running
I/UpstartPropertyWatcher(  856): Property changed: init.svc.ptt_socket_app=running
I/UpstartPropertyWatcher(  856): Property changed: init.svc.thermal-engine=running
I/UpstartPropertyWatcher(  856): Property changed: init.svc.qrngd=running
I/UpstartPropertyWatcher(  856): Property changed: init.svc.adsprpcd=running
I/UpstartPropertyWatcher(  856): Property changed: init.svc.sensorservice=running
I/UpstartPropertyWatcher(  856): Property changed: init.svc.sdcard=running
I/UpstartPropertyWatcher(  856): Property changed: init.svc.qcamerasvr=running
I/UpstartPropertyWatcher(  856): Property changed: init.svc.time_daemon=running
I/UpstartPropertyWatcher(  856): Property changed: init.svc.ppd=running
I/UpstartPropertyWatcher(  856): Property changed: init.svc.qseecomd=running
I/UpstartPropertyWatcher(  856): Property changed: init.svc.quipc_igsn=running
I/UpstartPropertyWatcher(  856): Property changed: init.svc.gsiff_daemon=running
I/UpstartPropertyWatcher(  856): Property changed: init.svc.wcnss-service=running
I/UpstartPropertyWatcher(  856): Property changed: init.svc.quipc_main=running
I/UpstartPropertyWatcher(  856): Property changed: init.svc.location_mq=running
I/UpstartPropertyWatcher(  856): Property changed: init.svc.xtwifi_inet=running
I/UpstartPropertyWatcher(  856): Property changed: init.svc.xtwifi_client=running
I/installd(  879): installd firing up
I/UpstartPropertyWatcher(  856): Property changed: init.svc.lowi-server=running
--------- beginning of /dev/alog/system
I/auditd  (  874): Starting up
D/QC-time-services(  891): Daemon:genoff_modem_qmi_init: Initiallizing QMI 
I/ThermalEngine(  885): Sensor:batt_temp:38000 mC
I/ThermalEngine(  885): Sensor:tsens_tz_sensor2:72000 mC
I/ThermalEngine(  885): Sensor:tsens_tz_sensor5:70000 mC
I/ThermalEngine(  885): Sensor:tsens_tz_sensor5:70000 mC
I/ThermalEngine(  885): Sensor:tsens_tz_sensor4:56000 mC
I/ThermalEngine(  885): Sensor:tsens_tz_sensor4:56000 mC
I/ThermalEngine(  885): Sensor:tsens_tz_sensor3:55000 mC
D/QSEECOMD: ( 1019): Init dlopen(libdrmtime.so, RTLD_NOW) succeeds
D/QSEECOMD: ( 1019): Init::Init dlsym(g_FSHandle atime_start) succeeds
D/QSEECOMAPI: ( 1019): QSEECom_register_listener 11 sb_length = 0x5000
I/ThermalEngine(  885): Sensor:tsens_tz_sensor2:72000 mC
I/UpstartPropertyWatcher(  856): Property changed: init.svc.ppd=restarting
I/ThermalEngine(  885): Sensor:tsens_tz_sensor1:55000 mC
D/QSEECOMD: ( 1019): Init atime_start ret = 0
D/QSEECOMD: ( 1019): time services: Started (Listener ID = 11)
E/QSEECOMD: ( 1019): Listener: index = 4, hierarchy = 1
D/QSEECOMD: ( 1019): Init dlopen(libdrmfs.so, RTLD_NOW) succeeds
D/QSEECOMD: ( 1019): Init::Init dlsym(g_FSHandle fs_start) succeeds
D/QSEECOMAPI: ( 1019): QSEECom_register_listener 10 sb_length = 0x5000
D/QSEECOMD: ( 1019): Init fs_start ret = 0
D/QSEECOMD: ( 1019): file system services: Started (Listener ID = 10)
D/QSEECOMD: ( 1019): QSEECOM DAEMON RUNNING 
I/ThermalEngine(  885): Sensor:tsens_tz_sensor1:55000 mC
I/UpstartPropertyWatcher(  856): Property changed: init.svc.gsiff_daemon=restarting
I/ThermalEngine(  885): Sensor:tsens_tz_sensor0:62000 mC
I/ThermalEngine(  885): Sensor:tsens_tz_sensor0:62000 mC
I/ThermalEngine(  885): vdd_restrict_qmi_request: MODEM req level(0) is recorded and waiting for completing QMI registration
I/ThermalEngine(  885): vdd_restrict_qmi_request: ADSP req level(0) is recorded and waiting for completing QMI registration
I/ThermalEngine(  885): hotplug_ktm_disable_cb: write out 0
I/UpstartPropertyWatcher(  856): Property changed: ro.bluetooth.sap=true
I/UpstartPropertyWatcher(  856): Property changed: init.svc.quipc_main=restarting
I/UpstartPropertyWatcher(  856): Property changed: ro.bluetooth.dun=true
E/mm-camera(  890): server_process_module_init:59, int mods
E/mm-camera-sensor(  890): module_sensor_init:4145 Enter
E/mm-camera-sensor(  890): sensor_probe:117 failed: to load s5k3l2_q13s01b
E/mm-camera-sensor(  890): sensor_init_probe:123 failed: to load s5k3l2_q13s01b
E/mm-camera-sensor(  890): sensor_probe:117 failed: to load s5k3l2_omiba01
E/mm-camera-sensor(  890): sensor_init_probe:123 failed: to load s5k3l2_omiba01
E/mm-camera-sensor(  890): sensor_probe:117 failed: to load ov5693_p5v40a
E/mm-camera-sensor(  890): sensor_init_probe:123 failed: to load ov5693_p5v40a
E/mm-camera-sensor(  890): sensor_probe:117 failed: to load ov5693_olq5f08
E/mm-camera-sensor(  890): sensor_init_probe:123 failed: to load ov5693_olq5f08
I/UpstartPropertyWatcher(  856): Property changed: ro.qualcomm.bluetooth.map=true
I/UpstartPropertyWatcher(  856): Property changed: ro.bluetooth.hfp.ver=1.6
E/QCALOG  (  899): [MessageQ] ProcessNewMessage: [NOT_REGISTERED:47] unknown deliver target [OS-Agent]
E/XTCC-3.0.0.6(  901): [CsStorageWwan] createOrOpenDatabase failed 4
E/XTCC-3.0.0.6(  901): [CSMgr] open AP list file, /data/misc/location/xtwifi, name = /data/misc/location/xtwifi/ap_list.txt
E/XTCC-3.0.0.6(  901): [CSMgr] open AP list file, fopen failed, name = /data/misc/location/xtwifi/ap_list.txt, errno = No such file or directory
I/UpstartPropertyWatcher(  856): Property changed: ro.qualcomm.bt.hci_transport=smd
E/QCALOG  (  899): [MessageQ] ProcessNewMessage: [NOT_REGISTERED:47] unknown deliver target [OS-Agent]
I/qcom-bluetooth( 1060): /system/etc/init.qcom.bt.sh: Bluetooth stack is Bluedroid 
I/UpstartPropertyWatcher(  856): Property changed: init.svc.config_bluetooth=stopped
I/UpstartPropertyWatcher(  856): Property changed: persist.radio.adb_log_on=0
E/mm-camera-sensor(  890): sensor_probe:117 failed: to load s5k3h2yx_omi8a02a
E/mm-camera-sensor(  890): sensor_init_probe:123 failed: to load s5k3h2yx_omi8a02a
I/UpstartPropertyWatcher(  856): Property changed: ril.qcril_pre_init_lock_held=1
I/audit_log(  874): Previous audit logfile detected, rotating
E/mm-camera-sensor(  890): sensor_probe:117 failed: to load imx134
E/mm-camera-sensor(  890): sensor_init_probe:123 failed: to load imx134
E/mm-camera-sensor(  890): sensor_probe:117 failed: to load imx135
E/mm-camera-sensor(  890): sensor_init_probe:123 failed: to load imx135
E/mm-camera-sensor(  890): sensor_probe:117 failed: to load s5k3l1yx
E/mm-camera-sensor(  890): sensor_init_probe:123 failed: to load s5k3l1yx
E/mm-camera-sensor(  890): sensor_probe:117 failed: to load imx214
E/mm-camera-sensor(  890): sensor_init_probe:123 failed: to load imx214
E/mm-camera-sensor(  890): sensor_probe:117 failed: to load imx132
E/mm-camera-sensor(  890): sensor_init_probe:123 failed: to load imx132
E/mm-camera-sensor(  890): sensor_probe:117 failed: to load ov2720
E/mm-camera-sensor(  890): sensor_init_probe:123 failed: to load ov2720
E/mm-camera-sensor(  890): sensor_probe:117 failed: to load SKUAA_ST_gc0339
E/mm-camera-sensor(  890): sensor_init_probe:123 failed: to load SKUAA_ST_gc0339
E/mm-camera-sensor(  890): sensor_probe:117 failed: to load ov8825
E/mm-camera-sensor(  890): sensor_init_probe:123 failed: to load ov8825
E/mm-camera-sensor(  890): sensor_probe:117 failed: to load ov9724
E/mm-camera-sensor(  890): sensor_init_probe:123 failed: to load ov9724
E/mm-camera-sensor(  890): sensor_probe:117 failed: to load ov8865_q8v18a
E/mm-camera-sensor(  890): sensor_init_probe:123 failed: to load ov8865_q8v18a
E/mm-camera-sensor(  890): sensor_probe:117 failed: to load ov5648_oty5f03
E/mm-camera-sensor(  890): sensor_init_probe:123 failed: to load ov5648_oty5f03
E/mm-camera-sensor(  890): sensor_probe:117 failed: to load skuf_ov12830_p12v01c
E/mm-camera-sensor(  890): sensor_init_probe:123 failed: to load skuf_ov12830_p12v01c
E/mm-camera-sensor(  890): sensor_probe:117 failed: to load skuf_ov5648_p5v23c
E/mm-camera-sensor(  890): sensor_init_probe:123 failed: to load skuf_ov5648_p5v23c
E/mm-camera-sensor(  890): sensor_probe:117 failed: to load SKUAB_ST_s5k4e1
E/mm-camera-sensor(  890): sensor_init_probe:123 failed: to load SKUAB_ST_s5k4e1
E/mm-camera-sensor(  890): sensor_probe:117 failed: to load skuab_shinetech_gc0339
E/mm-camera-sensor(  890): sensor_init_probe:123 failed: to load skuab_shinetech_gc0339
E/mm-camera-sensor(  890): sensor_probe:117 failed: to load oem_camera1
E/mm-camera-sensor(  890): sensor_init_probe:123 failed: to load oem_camera1
E/mm-camera-sensor(  890): sensor_probe:117 failed: to load oem_camera2
E/mm-camera-sensor(  890): sensor_init_probe:123 failed: to load oem_camera2
E/mm-camera-sensor(  890): sensor_probe:117 failed: to load oem_camera3
E/mm-camera-sensor(  890): sensor_init_probe:123 failed: to load oem_camera3
E/mm-camera-sensor(  890): sensor_probe:117 failed: to load oem_camera4
E/mm-camera-sensor(  890): sensor_init_probe:123 failed: to load oem_camera4
I/UpstartPropertyWatcher(  856): Property changed: persist.radio.adb_log_on=0
I/UpstartPropertyWatcher(  856): Property changed: init.svc.console=running
I/UpstartPropertyWatcher(  856): Property changed: sys.usb.config=mtp,adb
I/UpstartPropertyWatcher(  856): Property changed: init.svc.ril-daemon1=running
I/UpstartPropertyWatcher(  856): Property changed: sys.usb.state=mtp,adb
E/mm-camera(  890): isp_util_gen_hws_caps: integrating kernel vfe is pending
E/mm-camera(  890): isp_tintless_create: using BE stats for tintless!, isp main version = 28
E/mm-camera(  890): isp_tintless_open_version: E: 40
E/mm-camera(  890): gyro_module_init: Enter
E/mm-camera(  890): gyro_module_init: Exit successful
I/qrngd   (  886): qrngd has started:
I/qrngd   (  886): Reading device:'/dev/hw_random' updating entropy for device:'/dev/random'
I/irsc_util(  880): irsc tool created:0xb7ed3020
I/irsc_util(  880): Starting irsc tool
I/irsc_util(  880): Trying to open sec config file
I/qcom-bluetooth(  909): /system/etc/init.qcom.bt.sh: init.qcom.bt.sh config = onboot 
E/mm-camera(  890): cpp_hardware_load_firmware:368, cpphw->hwinfo.version = 0x20000000
I/irsc_util(  880): file_parser Number of element :0
I/irsc_util(  880): file_parser Invalid Format or Comment - '/* IPC Security Config */
I/UpstartPropertyWatcher(  856): Property changed: init.svc.xtwifi_inet=restarting
I/irsc_util(  880): '
I/irsc_util(  880): file_parser Number of element :0
I/irsc_util(  880): file_parser Invalid Format or Comment - '/* <GPS QMI Service ID - 16>:<GPS QMI Instance ID - all instances>:<Client Group ID> */
I/irsc_util(  880): '
I/irsc_util(  880): file_parser Number of element :4
I/irsc_util(  880): file_parser Number of element :5
I/irsc_util(  880): file_parser Number of element :0
I/irsc_util(  880): file_parser Invalid Format or Comment - '
I/irsc_util(  880): '
I/irsc_util(  880): file_parser Number of element :0
I/irsc_util(  880): file_parser Invalid Format or Comment - '/* Allow SS CTL service to be used by system and net_raw processes */
I/irsc_util(  880): '
I/irsc_util(  880): file_parser Number of element :4
I/irsc_util(  880): file_parser Number of element :0
I/irsc_util(  880): file_parser Invalid Format or Comment - '/* Allow Sensor services to be used by sensor process */
I/irsc_util(  880): '
I/irsc_util(  880): file_parser Number of element :3
I/irsc_util(  880): file_parser Number of element :3
I/irsc_util(  880): file_parser Number of element :3
I/irsc_util(  880): file_parser Number of element :3
I/irsc_util(  880): file_parser Number of element :3
I/irsc_util(  880): file_parser Number of element :3
I/irsc_util(  880): file_parser Number of element :3
I/irsc_util(  880): file_parser Number of element :3
I/irsc_util(  880): file_parser Number of element :3
I/irsc_util(  880): file_parser Number of element :3
I/irsc_util(  880): file_parser Number of element :3
I/irsc_util(  880): file_parser Number of element :3
I/irsc_util(  880): file_parser Number of element :3
I/irsc_util(  880): file_parser Number of element :3
I/irsc_util(  880): file_parser Number of element :3
I/irsc_util(  880): file_parser Number of element :3
I/irsc_util(  880): file_parser Number of element :3
I/irsc_util(  880): file_parser Number of element :3
I/irsc_util(  880): file_parser Number of element :3
I/irsc_util(  880): file_parser Number of element :3
I/irsc_util(  880): file_parser Number of element :3
I/irsc_util(  880): file_parser Number of element :3
I/irsc_util(  880): file_parser Number of element :3
I/irsc_util(  880): file_parser Number of element :3
I/irsc_util(  880): file_parser Number of element :3
I/irsc_util(  880): file_parser Number of element :3
I/irsc_util(  880): file_parser Number of element :3
I/irsc_util(  880): file_parser Number of element :3
I/irsc_util(  880): file_parser Number of element :3
I/irsc_util(  880): file_parser Number of element :3
I/irsc_util(  880): file_parser Number of element :3
I/irsc_util(  880): file_parser Number of element :3
I/irsc_util(  880): file_parser Number of element :3
I/irsc_util(  880): file_parser Number of element :3
I/irsc_util(  880): file_parser Number of element :3
I/irsc_util(  880): file_parser Number of element :3
I/irsc_util(  880): file_parser Number of element :3
I/irsc_util(  880): file_parser Number of element :3
I/irsc_util(  880): file_parser Number of element :3
I/irsc_util(  880): file_parser Number of element :3
I/irsc_util(  880): file_parser Number of element :3
I/irsc_util(  880): file_parser Number of element :3
I/irsc_util(  880): file_parser Number of element :3
I/irsc_util(  880): file_parser Number of element :3
I/irsc_util(  880): file_parser Number of element :3
I/irsc_util(  880): file_parser Number of element :3
I/irsc_util(  880): file_parser Number of element :3
I/irsc_util(  880): file_parser Number of element :3
I/irsc_util(  880): file_parser Number of element :3
I/irsc_util(  880): file_parser Number of element :3
I/irsc_util(  880): file_parser Number of element :3
I/irsc_util(  880): file_parser Number of element :3
I/irsc_util(  880): file_parser Number of element :3
I/irsc_util(  880): file_parser Number of element :3
I/irsc_util(  880): file_parser Number of element :3
I/irsc_util(  880): file_parser Number of element :3
I/irsc_util(  880): file_parser Number of element :3
I/irsc_util(  880): file_parser Number of element :3
I/irsc_util(  880): file_parser Number of element :3
I/irsc_util(  880): file_parser Number of element :3
I/irsc_util(  880): file_parser Number of element :3
I/irsc_util(  880): file_parser Number of element :3
I/irsc_util(  880): file_parser Number of element :3
I/irsc_util(  880): file_parser Number of element :3
I/irsc_util(  880): file_parser Number of element :3
I/irsc_util(  880): file_parser Number of element :3
I/irsc_util(  880): file_parser Number of element :3
I/irsc_util(  880): file_parser Number of element :3
I/irsc_util(  880): file_parser Number of element :3
I/irsc_util(  880): file_parser Number of element :3
I/irsc_util(  880): file_parser Number of element :3
I/irsc_util(  880): file_parser Number of element :3
I/irsc_util(  880): file_parser Number of element :3
I/irsc_util(  880): file_parser Number of element :3
I/irsc_util(  880): file_parser Number of element :3
I/irsc_util(  880): file_parser Number of element :3
I/irsc_util(  880): file_parser Number of element :3
I/irsc_util(  880): file_parser Number of element :3
I/irsc_util(  880): file_parser Number of element :3
I/irsc_util(  880): file_parser Number of element :3
I/irsc_util(  880): file_parser Number of element :3
I/irsc_util(  880): file_parser Number of element :3
I/irsc_util(  880): file_parser Number of element :3
I/irsc_util(  880): file_parser Number of element :3
I/irsc_util(  880): file_parser Number of element :3
I/irsc_util(  880): file_parser Number of element :3
I/irsc_util(  880): file_parser Number of element :3
I/irsc_util(  880): file_parser Number of element :3
I/irsc_util(  880): file_parser Number of element :3
I/irsc_util(  880): file_parser Number of element :3
I/irsc_util(  880): file_parser Number of element :3
I/irsc_util(  880): file_parser Number of element :3
I/irsc_util(  880): file_parser Number of element :3
I/irsc_util(  880): file_parser Number of element :3
I/irsc_util(  880): file_parser Number of element :3
I/irsc_util(  880): file_parser Number of element :3
I/irsc_util(  880): file_parser Number of element :3
I/irsc_util(  880): file_parser Number of element :3
I/irsc_util(  880): file_parser Number of element :3
I/irsc_util(  880): file_parser Number of element :3
I/irsc_util(  880): file_parser Number of element :3
I/irsc_util(  880): file_parser Number of element :3
I/irsc_util(  880): file_parser Number of element :3
I/irsc_util(  880): file_parser Number of element :3
I/irsc_util(  880): file_parser Number of element :3
I/irsc_util(  880): file_parser Number of element :3
I/irsc_util(  880): file_parser Number of element :3
I/irsc_util(  880): file_parser Number of element :3
I/irsc_util(  880): file_parser Number of element :3
I/irsc_util(  880): file_parser Number of element :3
I/irsc_util(  880): file_parser Number of element :3
I/irsc_util(  880): file_parser Number of element :3
I/irsc_util(  880): file_parser Number of element :3
I/irsc_util(  880): file_parser Number of element :3
I/irsc_util(  880): file_parser Number of element :3
I/irsc_util(  880): file_parser Number of element :3
I/irsc_util(  880): file_parser Number of element :3
I/irsc_util(  880): file_parser Number of element :3
I/irsc_util(  880): file_parser Number of element :3
I/irsc_util(  880): file_parser Number of element :3
I/irsc_util(  880): file_parser Number of element :3
I/irsc_util(  880): file_parser Number of element :3
I/irsc_util(  880): file_parser Number of element :3
I/irsc_util(  880): file_parser Number of element :3
I/irsc_util(  880): file_parser Number of element :3
I/irsc_util(  880): file_parser Number of element :3
I/irsc_util(  880): file_parser Number of element :3
I/irsc_util(  880): file_parser Number of element :3
I/irsc_util(  880): file_parser Number of element :3
I/irsc_util(  880): file_parser Number of element :3
I/irsc_util(  880): file_parser Number of element :3
I/irsc_util(  880): file_parser Number of element :3
I/irsc_util(  880): file_parser Number of element :3
I/irsc_util(  880): file_parser Number of element :3
I/irsc_util(  880): file_parser Number of element :3
I/irsc_util(  880): file_parser Number of element :3
I/irsc_util(  880): file_parser Number of element :3
I/irsc_util(  880): file_parser Number of element :3
I/irsc_util(  880): file_parser Number of element :3
I/irsc_util(  880): file_parser Number of element :3
I/irsc_util(  880): file_parser Number of element :3
I/irsc_util(  880): file_parser Number of element :3
I/irsc_util(  880): file_parser Number of element :3
I/irsc_util(  880): file_parser Number of element :3
I/irsc_util(  880): file_parser Number of element :3
I/irsc_util(  880): file_parser Number of element :3
I/irsc_util(  880): file_parser Number of element :3
I/irsc_util(  880): file_parser Number of element :3
I/irsc_util(  880): file_parser Number of element :3
I/irsc_util(  880): file_parser Number of element :3
I/irsc_util(  880): file_parser Number of element :3
I/irsc_util(  880): file_parser Number of element :3
I/irsc_util(  880): file_parser Number of element :3
I/DEBUG   (  875): debuggerd: Nov 29 2015 03:37:15
I/UpstartPropertyWatcher(  856): Property changed: init.svc.quipc_igsn=restarting
I/irsc_util(  880): file_parser Number of element :3
I/irsc_util(  880): file_parser Number of element :3
D/adsprpc (  887): vendor/qcom/proprietary/adsprpc/src/adsprpcd.c:21::info: calling: 0 == adsp_default_listener_register()
I/irsc_util(  880): file_parser Number of element :3
I/irsc_util(  880): file_parser Number of element :3
I/irsc_util(  880): file_parser Number of element :3
I/irsc_util(  880): file_parser Number of element :3
I/irsc_util(  880): file_parser Number of element :3
I/irsc_util(  880): file_parser Number of element :3
I/irsc_util(  880): file_parser Number of element :3
I/irsc_util(  880): file_parser Number of element :3
I/irsc_util(  880): file_parser Number of element :3
I/irsc_util(  880): file_parser Number of element :3
I/irsc_util(  880): file_parser Number of element :3
I/irsc_util(  880): file_parser Number of element :3
I/irsc_util(  880): file_parser Number of element :3
I/irsc_util(  880): file_parser Number of element :3
I/irsc_util(  880): file_parser Number of element :3
I/irsc_util(  880): file_parser Number of element :3
I/irsc_util(  880): file_parser Number of element :3
I/irsc_util(  880): file_parser Number of element :3
I/irsc_util(  880): file_parser Number of element :3
I/irsc_util(  880): file_parser Number of element :3
I/irsc_util(  880): file_parser Number of element :3
I/irsc_util(  880): file_parser Number of element :3
I/irsc_util(  880): file_parser Number of element :3
I/irsc_util(  880): file_parser Number of element :3
I/irsc_util(  880): file_parser Number of element :3
I/irsc_util(  880): file_parser Number of element :3
I/irsc_util(  880): file_parser Number of element :3
I/irsc_util(  880): file_parser Number of element :3
I/irsc_util(  880): file_parser Number of element :3
I/irsc_util(  880): file_parser Number of element :3
I/irsc_util(  880): file_parser Number of element :3
I/irsc_util(  880): file_parser Number of element :3
I/irsc_util(  880): file_parser Number of element :3
I/irsc_util(  880): file_parser Number of element :3
I/irsc_util(  880): file_parser Number of element :3
I/irsc_util(  880): file_parser Number of element :3
I/irsc_util(  880): file_parser Number of element :3
I/irsc_util(  880): file_parser Number of element :3
I/irsc_util(  880): file_parser Number of element :3
I/irsc_util(  880): file_parser Number of element :3
I/irsc_util(  880): file_parser Number of element :3
I/irsc_util(  880): file_parser Number of element :3
I/irsc_util(  880): file_parser Number of element :3
I/irsc_util(  880): file_parser Number of element :3
E/adsprpc (  887): vendor/qcom/proprietary/adsprpc/src/listener_android.c:107:listener using ion heap: -1
I/irsc_util(  880): file_parser Number of element :3
I/irsc_util(  880): file_parser Number of element :3
I/irsc_util(  880): file_parser Number of element :3
I/irsc_util(  880): file_parser Number of element :3
I/irsc_util(  880): file_parser Number of element :3
I/irsc_util(  880): file_parser Number of element :3
D/adsprpc (  887): vendor/qcom/proprietary/adsprpc/src/adsprpcd.c:21::info: passed: 0 == adsp_default_listener_register()
I/irsc_util(  880): file_parser Number of element :3
I/irsc_util(  880): file_parser Number of element :3
I/irsc_util(  880): file_parser Number of element :3
I/irsc_util(  880): file_parser Number of element :3
I/irsc_util(  880): file_parser Number of element :3
I/irsc_util(  880): file_parser Number of element :3
I/irsc_util(  880): file_parser Number of element :3
I/irsc_util(  880): file_parser Number of element :3
I/irsc_util(  880): file_parser Number of element :3
I/irsc_util(  880): file_parser Number of element :3
I/irsc_util(  880): file_parser Number of element :3
I/irsc_util(  880): file_parser Number of element :3
I/irsc_util(  880): file_parser Number of element :3
E/mm-camera(  890): vpe_module_init:26 name=vpe
E/mm-camera(  890): vpe_hardware_find_subdev:716: entity.name=video0 entity.revision=0
E/mm-camera(  890): vpe_hardware_find_subdev:716: entity.name=msm_cci entity.revision=0
E/mm-camera(  890): vpe_hardware_find_subdev:716: entity.name=v4l-subdev0 entity.revision=0
E/mm-camera(  890): vpe_hardware_find_subdev:716: entity.name=v4l-subdev1 entity.revision=0
E/mm-camera(  890): vpe_hardware_find_subdev:716: entity.name=v4l-subdev2 entity.revision=0
E/mm-camera(  890): vpe_hardware_find_subdev:716: entity.name=v4l-subdev3 entity.revision=0
E/mm-camera(  890): vpe_hardware_find_subdev:716: entity.name=v4l-subdev4 entity.revision=0
E/mm-camera(  890): vpe_hardware_find_subdev:716: entity.name=v4l-subdev5 entity.revision=0
E/mm-camera(  890): vpe_hardware_find_subdev:716: entity.name=v4l-subdev6 entity.revision=0
E/mm-camera(  890): vpe_hardware_find_subdev:716: entity.name=v4l-subdev7 entity.revision=0
E/mm-camera(  890): vpe_hardware_find_subdev:716: entity.name=v4l-subdev8 entity.revision=0
E/mm-camera(  890): vpe_hardware_find_subdev:716: entity.name=v4l-subdev9 entity.revision=0
E/mm-camera(  890): vpe_hardware_find_subdev:716: entity.name=v4l-subdev10 entity.revision=0
E/mm-camera(  890): vpe_hardware_find_subdev:716: entity.name=v4l-subdev11 entity.revision=0
E/mm-camera(  890): vpe_hardware_find_subdev:716: entity.name=v4l-subdev12 entity.revision=12
E/mm-camera(  890): vpe_hardware_find_subdev:716: entity.name=v4l-subdev13 entity.revision=0
E/mm-camera(  890): vpe_hardware_find_subdev:716: entity.name=v4l-subdev14 entity.revision=0
E/mm-camera(  890): vpe_hardware_find_subdev:711: done enumerating media entities
E/mm-camera(  890): vpe_hardware_find_subdev:716: entity.name=video1 entity.revision=0
E/mm-camera(  890): vpe_hardware_find_subdev:711: done enumerating media entities
E/mm-camera(  890): vpe_hardware_find_subdev:716: entity.name=video2 entity.revision=0
E/mm-camera(  890): vpe_hardware_find_subdev:711: done enumerating media entities
E/mm-camera(  890): vpe_hardware_find_subdev:683: no more media devices
E/mm-camera(  890): vpe_hardware_find_subdev:728: no vpe device found.
E/mm-camera(  890): vpe_hardware_create:31: error: cannot find vpe subdev
E/mm-camera(  890): vpe_module_create_vpe_ctrl:141, failed, cannnot create vpe hardware instance
E/mm-camera(  890): vpe_module_init:34 failed
E/mm-camera(  890): c2d_module_init:28 name=c2d
E/mm-camera(  890): c2d_module_init:67: info: C2D module_init successful
E/mm-camera-img(  890): img_core_get_comp:37] role 0 name qcom.wavelet
E/mm-camera-img(  890): img_core_get_comp:42] comp_index[0] role 0 name qcom.wavelet
I/irsc_util(  880): file_parser Number of element :3
I/irsc_util(  880): file_parser Number of element :3
I/irsc_util(  880): file_parser Number of element :3
I/irsc_util(  880): file_parser Number of element :3
I/irsc_util(  880): file_parser Number of element :3
I/irsc_util(  880): file_parser Number of element :3
I/irsc_util(  880): file_parser Number of element :3
I/irsc_util(  880): file_parser Number of element :3
I/irsc_util(  880): file_parser Number of element :3
I/irsc_util(  880): file_parser Number of element :3
I/irsc_util(  880): file_parser Number of element :3
E/adsprpc (  887): vendor/qcom/proprietary/adsprpc/src/apps_std_imp.c:33:apps_std fopen failed: ./oemconfig.so No such file or directory
E/adsprpc (  887): vendor/qcom/proprietary/adsprpc/src/apps_std_imp.c:33:apps_std fopen failed: /system/lib/rfsa/adsp/./oemconfig.so No such file or directory
I/irsc_util(  880): file_parser Number of element :3
I/irsc_util(  880): file_parser Number of element :3
I/irsc_util(  880): file_parser Number of element :3
I/irsc_util(  880): file_parser Number of element :3
I/irsc_util(  880): file_parser Number of element :3
I/irsc_util(  880): file_parser Number of element :3
I/irsc_util(  880): file_parser Number of element :3
I/irsc_util(  880): file_parser Number of element :3
I/irsc_util(  880): file_parser Number of element :3
I/irsc_util(  880): file_parser Number of element :3
I/irsc_util(  880): file_parser Number of element :3
I/irsc_util(  880): file_parser Number of element :3
I/irsc_util(  880): file_parser Number of element :3
I/irsc_util(  880): file_parser Number of element :3
I/irsc_util(  880): file_parser Number of element :3
I/irsc_util(  880): file_parser Number of element :3
I/irsc_util(  880): file_parser Number of element :3
I/irsc_util(  880): file_parser Number of element :3
I/irsc_util(  880): file_parser Number of element :3
I/irsc_util(  880): file_parser Number of element :3
I/irsc_util(  880): file_parser Number of element :3
I/irsc_util(  880): file_parser Number of element :3
I/irsc_util(  880): file_parser Number of element :3
I/irsc_util(  880): file_parser Number of element :3
I/irsc_util(  880): file_parser Number of element :3
I/irsc_util(  880): file_parser Number of element :3
I/irsc_util(  880): file_parser Number of element :3
I/irsc_util(  880): file_parser Number of element :0
I/irsc_util(  880): file_parser Invalid Format or Comment - '/* IPC Security Config */
I/irsc_util(  880): '
I/irsc_util(  880): file_parser Number of element :0
I/irsc_util(  880): file_parser Invalid Format or Comment - '/* <GPS QMI Service ID - 16>:<GPS QMI Instance ID - all instances>:<Client Group ID> */
I/irsc_util(  880): '
I/irsc_util(  880): file_parser Number of element :4
I/irsc_util(  880): file_parser Number of element :5
I/irsc_util(  880): file_parser Number of element :0
I/irsc_util(  880): file_parser Invalid Format or Comment - '
I/irsc_util(  880): '
I/irsc_util(  880): file_parser Number of element :0
I/irsc_util(  880): file_parser Invalid Format or Comment - '/* Allow SS CTL service to be used by system and net_raw processes */
I/irsc_util(  880): '
I/irsc_util(  880): file_parser Number of element :4
I/irsc_util(  880): file_parser Number of element :0
I/irsc_util(  880): file_parser Invalid Format or Comment - '/* Allow Sensor services to be used by sensor process */
I/irsc_util(  880): '
I/irsc_util(  880): file_parser Number of element :3
I/irsc_util(  880): file_parser Number of element :3
I/irsc_util(  880): file_parser Number of element :3
I/irsc_util(  880): file_parser Number of element :3
I/irsc_util(  880): file_parser Number of element :3
I/irsc_util(  880): file_parser Number of element :3
I/irsc_util(  880): file_parser Number of element :3
I/irsc_util(  880): file_parser Number of element :3
I/irsc_util(  880): file_parser Number of element :3
I/irsc_util(  880): file_parser Number of element :3
I/irsc_util(  880): file_parser Number of element :3
I/irsc_util(  880): file_parser Number of element :3
I/irsc_util(  880): file_parser Number of element :3
I/irsc_util(  880): file_parser Number of element :3
I/irsc_util(  880): file_parser Number of element :3
I/irsc_util(  880): file_parser Number of element :3
I/irsc_util(  880): file_parser Number of element :3
I/irsc_util(  880): file_parser Number of element :3
E/mm-camera-img(  890): img_core_get_comp:47] find component role 0 name qcom.wavelet
I/irsc_util(  880): file_parser Number of element :3
I/irsc_util(  880): file_parser Number of element :3
I/irsc_util(  880): file_parser Number of element :3
I/irsc_util(  880): file_parser Number of element :3
I/irsc_util(  880): file_parser Number of element :3
I/irsc_util(  880): file_parser Number of element :3
I/irsc_util(  880): file_parser Number of element :3
I/irsc_util(  880): file_parser Number of element :3
I/irsc_util(  880): file_parser Number of element :3
I/irsc_util(  880): file_parser Number of element :3
I/irsc_util(  880): file_parser Number of element :3
E/mm-camera-img(  890): wd_comp_load:1931] WD library loaded successfully dsp 0
E/mm-camera(  890): module_imglib_create_port:1784 portname imglib_d2_i0
I/irsc_util(  880): file_parser Number of element :3
I/irsc_util(  880): file_parser Number of element :3
I/irsc_util(  880): file_parser Number of element :3
I/irsc_util(  880): file_parser Number of element :3
I/irsc_util(  880): file_parser Number of element :3
I/irsc_util(  880): file_parser Number of element :3
I/irsc_util(  880): file_parser Number of element :3
I/irsc_util(  880): file_parser Number of element :3
I/irsc_util(  880): file_parser Number of element :3
I/irsc_util(  880): file_parser Number of element :3
I/irsc_util(  880): file_parser Number of element :3
I/irsc_util(  880): file_parser Number of element :3
I/irsc_util(  880): file_parser Number of element :3
I/irsc_util(  880): file_parser Number of element :3
I/irsc_util(  880): file_parser Number of element :3
I/irsc_util(  880): file_parser Number of element :3
I/irsc_util(  880): file_parser Number of element :3
I/irsc_util(  880): file_parser Number of element :3
I/irsc_util(  880): file_parser Number of element :3
E/mm-camera-img(  890): img_core_get_comp:37] role 2 name qcom.faceproc
E/mm-camera-img(  890): img_core_get_comp:42] comp_index[0] role 0 name qcom.wavelet
E/mm-camera-img(  890): img_core_get_comp:42] comp_index[1] role 1 name qcom.hdr
E/mm-camera-img(  890): img_core_get_comp:42] comp_index[2] role 2 name qcom.faceproc
E/mm-camera-img(  890): img_core_get_comp:47] find component role 2 name qcom.faceproc
I/qcom-bluetooth(  931): /system/etc/init.qcom.bt.sh: Bluetooth Address programmed successfully 
D/WLAN_PSA(  884): PTT_SOCKET_APP Start
V/WLAN_PSA(  884): UID 0
E/WLAN_PSA(  884): Set as Blocked Operation
I/rmt_storage(  872): No EBR found
I/rmt_storage(  872): Error (-1) parsing MBR partitions
I/rmt_storage(  872): Registering modemst1: 0x4a /boot/modem_fs1
I/rmt_storage(  872): Registering modemst2: 0x4b /boot/modem_fs2
I/rmt_storage(  872): Registering fsg: 0x58 /boot/modem_fsg
I/rmt_storage(  872): Registering ssd: 0x5d ssd
I/rmt_storage(  872): Registering fsc: 0xff /boot/modem_fsc
I/rmt_storage(  872): 5 GPT partitions found
I/irsc_util(  880): file_parser Number of element :3
E/mm-camera-img(  890): img_core_get_comp:37] role 1 name qcom.hdr
E/mm-camera-img(  890): img_core_get_comp:42] comp_index[0] role 0 name qcom.wavelet
E/mm-camera-img(  890): img_core_get_comp:42] comp_index[1] role 1 name qcom.hdr
E/mm-camera-img(  890): img_core_get_comp:47] find component role 1 name qcom.hdr
E/adsprpc (  887): vendor/qcom/proprietary/adsprpc/src/apps_std_imp.c:33:apps_std fopen failed: /system/vendor/lib/rfsa/adsp/./oemconfig.so No such file or directory
E/adsprpc (  887): vendor/qcom/proprietary/adsprpc/src/../inc/mod_table_imp.h:346::error: 2: 0 == (nErr = invoke_func_ptr(sc, pra))
E/adsprpc (  887): vendor/qcom/proprietary/adsprpc/src/apps_std_imp.c:33:apps_std fopen failed: ./voiceproc_tx.so No such file or directory
E/adsprpc (  887): vendor/qcom/proprietary/adsprpc/src/apps_std_imp.c:33:apps_std fopen failed: /system/lib/rfsa/adsp/./voiceproc_tx.so No such file or directory
E/adsprpc (  887): vendor/qcom/proprietary/adsprpc/src/apps_std_imp.c:33:apps_std fopen failed: /system/vendor/lib/rfsa/adsp/./voiceproc_tx.so No such file or directory
E/adsprpc (  887): vendor/qcom/proprietary/adsprpc/src/../inc/mod_table_imp.h:346::error: 2: 0 == (nErr = invoke_func_ptr(sc, pra))
E/adsprpc (  887): vendor/qcom/proprietary/adsprpc/src/apps_std_imp.c:33:apps_std fopen failed: ./voiceproc_rx.so No such file or directory
E/adsprpc (  887): vendor/qcom/proprietary/adsprpc/src/apps_std_imp.c:33:apps_std fopen failed: /system/lib/rfsa/adsp/./voiceproc_rx.so No such file or directory
E/adsprpc (  887): vendor/qcom/proprietary/adsprpc/src/apps_std_imp.c:33:apps_std fopen failed: /system/vendor/lib/rfsa/adsp/./voiceproc_rx.so No such file or directory
E/adsprpc (  887): vendor/qcom/proprietary/adsprpc/src/../inc/mod_table_imp.h:346::error: 2: 0 == (nErr = invoke_func_ptr(sc, pra))
I/irsc_util(  880): file_parser Number of element :3
I/irsc_util(  880): file_parser Number of element :3
I/irsc_util(  880): file_parser Number of element :3
I/irsc_util(  880): file_parser Number of element :3
I/irsc_util(  880): file_parser Number of element :3
I/irsc_util(  880): file_parser Number of element :3
I/irsc_util(  880): file_parser Number of element :3
I/irsc_util(  880): file_parser Number of element :3
I/irsc_util(  880): file_parser Number of element :3
I/irsc_util(  880): file_parser Number of element :3
I/irsc_util(  880): file_parser Number of element :3
I/irsc_util(  880): file_parser Number of element :3
I/irsc_util(  880): file_parser Number of element :3
I/irsc_util(  880): file_parser Number of element :3
I/irsc_util(  880): file_parser Number of element :3
I/irsc_util(  880): file_parser Number of element :3
I/irsc_util(  880): file_parser Number of element :3
