I/ThermalEngine( 1027): ACTION: CPU - Setting CPU[1] to 1344000
I/ThermalEngine( 1027): ACTION: CPU - Setting CPU[2] to 1344000
I/ThermalEngine( 1027): ACTION: CPU - Setting CPU[3] to 1344000
I/ThermalEngine( 1027): Sensor:tsens_tz_sensor2:87000 mC
I/ThermalEngine( 1027): ACTION: CPU - Setting CPU[0] to 1401600
I/ThermalEngine( 1027): ACTION: CPU - Setting CPU[1] to 1401600
I/ThermalEngine( 1027): ACTION: CPU - Setting CPU[2] to 1401600
I/ThermalEngine( 1027): ACTION: CPU - Setting CPU[3] to 1401600
I/ThermalEngine( 1027): Sensor:batt_temp:39400 mC
I/ThermalEngine( 1027): Sensor:tsens_tz_sensor2:87000 mC
I/ThermalEngine( 1027): ACTION: CPU - Setting CPU[0] to 1497600
I/ThermalEngine( 1027): ACTION: CPU - Setting CPU[1] to 1497600
I/ThermalEngine( 1027): ACTION: CPU - Setting CPU[2] to 1497600
I/ThermalEngine( 1027): ACTION: CPU - Setting CPU[3] to 1497600
I/ThermalEngine( 1027): Sensor:tsens_tz_sensor2:91000 mC
I/ThermalEngine( 1027): ACTION: CPU - Setting CPU[0] to 1401600
I/ThermalEngine( 1027): ACTION: CPU - Setting CPU[1] to 1401600
I/ThermalEngine( 1027): ACTION: CPU - Setting CPU[2] to 1401600
I/ThermalEngine( 1027): ACTION: CPU - Setting CPU[3] to 1401600
I/ThermalEngine( 1027): Sensor:tsens_tz_sensor2:91000 mC
I/ThermalEngine( 1027): ACTION: CPU - Setting CPU[0] to 1344000
I/ThermalEngine( 1027): ACTION: CPU - Setting CPU[1] to 1344000
I/ThermalEngine( 1027): ACTION: CPU - Setting CPU[2] to 1344000
I/ThermalEngine( 1027): ACTION: CPU - Setting CPU[3] to 1344000
I/ThermalEngine( 1027): Sensor:tsens_tz_sensor2:88000 mC
I/ThermalEngine( 1027): ACTION: CPU - Setting CPU[0] to 1401600
I/ThermalEngine( 1027): ACTION: CPU - Setting CPU[1] to 1401600
I/ThermalEngine( 1027): ACTION: CPU - Setting CPU[2] to 1401600
I/ThermalEngine( 1027): ACTION: CPU - Setting CPU[3] to 1401600
I/ThermalEngine( 1027): Sensor:batt_temp:39400 mC
I/ThermalEngine( 1027): Sensor:tsens_tz_sensor2:90000 mC
I/ThermalEngine( 1027): ACTION: CPU - Setting CPU[0] to 1497600
I/ThermalEngine( 1027): ACTION: CPU - Setting CPU[1] to 1497600
I/ThermalEngine( 1027): ACTION: CPU - Setting CPU[2] to 1497600
I/ThermalEngine( 1027): ACTION: CPU - Setting CPU[3] to 1497600
I/ThermalEngine( 1027): Sensor:tsens_tz_sensor2:90000 mC
I/ThermalEngine( 1027): ACTION: CPU - Setting CPU[0] to 1593600
I/ThermalEngine( 1027): ACTION: CPU - Setting CPU[1] to 1593600
I/ThermalEngine( 1027): ACTION: CPU - Setting CPU[2] to 1593600
I/ThermalEngine( 1027): ACTION: CPU - Setting CPU[3] to 1593600
I/ThermalEngine( 1027): Sensor:tsens_tz_sensor2:91000 mC
I/ThermalEngine( 1027): ACTION: CPU - Setting CPU[0] to 1497600
I/ThermalEngine( 1027): ACTION: CPU - Setting CPU[1] to 1497600
I/ThermalEngine( 1027): ACTION: CPU - Setting CPU[2] to 1497600
I/ThermalEngine( 1027): ACTION: CPU - Setting CPU[3] to 1497600
I/ThermalEngine( 1027): Sensor:tsens_tz_sensor2:92000 mC
I/ThermalEngine( 1027): ACTION: CPU - Setting CPU[0] to 1401600
I/ThermalEngine( 1027): ACTION: CPU - Setting CPU[1] to 1401600
I/ThermalEngine( 1027): ACTION: CPU - Setting CPU[2] to 1401600
I/ThermalEngine( 1027): ACTION: CPU - Setting CPU[3] to 1401600
I/ThermalEngine( 1027): Sensor:batt_temp:39400 mC
I/ThermalEngine( 1027): Sensor:tsens_tz_sensor2:92000 mC
I/ThermalEngine( 1027): ACTION: CPU - Setting CPU[0] to 1344000
I/ThermalEngine( 1027): ACTION: CPU - Setting CPU[1] to 1344000
I/ThermalEngine( 1027): ACTION: CPU - Setting CPU[2] to 1344000
I/ThermalEngine( 1027): ACTION: CPU - Setting CPU[3] to 1344000
I/ThermalEngine( 1027): Sensor:tsens_tz_sensor2:83000 mC
I/ThermalEngine( 1027): ACTION: CPU - Setting CPU[0] to 1401600
I/ThermalEngine( 1027): ACTION: CPU - Setting CPU[1] to 1401600
I/ThermalEngine( 1027): ACTION: CPU - Setting CPU[2] to 1401600
I/ThermalEngine( 1027): ACTION: CPU - Setting CPU[3] to 1401600
I/ThermalEngine( 1027): Sensor:tsens_tz_sensor2:83000 mC
I/ThermalEngine( 1027): ACTION: CPU - Setting CPU[0] to 1497600
I/ThermalEngine( 1027): ACTION: CPU - Setting CPU[1] to 1497600
I/ThermalEngine( 1027): ACTION: CPU - Setting CPU[2] to 1497600
I/ThermalEngine( 1027): ACTION: CPU - Setting CPU[3] to 1497600
I/ThermalEngine( 1027): Sensor:tsens_tz_sensor2:84000 mC
I/ThermalEngine( 1027): ACTION: CPU - Setting CPU[0] to 1593600
I/ThermalEngine( 1027): ACTION: CPU - Setting CPU[1] to 1593600
I/ThermalEngine( 1027): ACTION: CPU - Setting CPU[2] to 1593600
I/ThermalEngine( 1027): ACTION: CPU - Setting CPU[3] to 1593600
I/ThermalEngine( 1027): Sensor:batt_temp:39500 mC
I/ThermalEngine( 1027): Sensor:tsens_tz_sensor2:87000 mC
I/ThermalEngine( 1027): Sensor:tsens_tz_sensor2:91000 mC
I/ThermalEngine( 1027): ACTION: CPU - Setting CPU[0] to 1497600
I/ThermalEngine( 1027): ACTION: CPU - Setting CPU[1] to 1497600
I/ThermalEngine( 1027): ACTION: CPU - Setting CPU[2] to 1497600
I/ThermalEngine( 1027): ACTION: CPU - Setting CPU[3] to 1497600
I/ThermalEngine( 1027): Sensor:tsens_tz_sensor2:92000 mC
I/ThermalEngine( 1027): ACTION: CPU - Setting CPU[0] to 1401600
I/ThermalEngine( 1027): ACTION: CPU - Setting CPU[1] to 1401600
I/ThermalEngine( 1027): ACTION: CPU - Setting CPU[2] to 1401600
I/ThermalEngine( 1027): ACTION: CPU - Setting CPU[3] to 1401600
I/ThermalEngine( 1027): Sensor:tsens_tz_sensor2:92000 mC
I/ThermalEngine( 1027): ACTION: CPU - Setting CPU[0] to 1344000
I/ThermalEngine( 1027): ACTION: CPU - Setting CPU[1] to 1344000
I/ThermalEngine( 1027): ACTION: CPU - Setting CPU[2] to 1344000
I/ThermalEngine( 1027): ACTION: CPU - Setting CPU[3] to 1344000
I/ThermalEngine( 1027): Sensor:batt_temp:39400 mC
I/ThermalEngine( 1027): Sensor:tsens_tz_sensor2:88000 mC
I/ThermalEngine( 1027): ACTION: CPU - Setting CPU[0] to 1401600
I/ThermalEngine( 1027): ACTION: CPU - Setting CPU[1] to 1401600
I/ThermalEngine( 1027): ACTION: CPU - Setting CPU[2] to 1401600
I/ThermalEngine( 1027): ACTION: CPU - Setting CPU[3] to 1401600
I/UpstartPropertyWatcher(  993): Property changed: init.svc.ppd=running
I/UpstartPropertyWatcher(  993): Property changed: init.svc.gsiff_daemon=running
I/UpstartPropertyWatcher(  993): Property changed: init.svc.quipc_igsn=running
I/UpstartPropertyWatcher(  993): Property changed: init.svc.quipc_main=running
I/UpstartPropertyWatcher(  993): Property changed: init.svc.xtwifi_inet=running
I/UpstartPropertyWatcher(  993): Property changed: init.svc.ppd=restarting
I/UpstartPropertyWatcher(  993): Property changed: init.svc.quipc_igsn=restarting
I/UpstartPropertyWatcher(  993): Property changed: init.svc.quipc_main=restarting
I/UpstartPropertyWatcher(  993): Property changed: init.svc.xtwifi_inet=restarting
I/UpstartPropertyWatcher(  993): Property changed: init.svc.gsiff_daemon=restarting
I/ThermalEngine( 1027): Sensor:tsens_tz_sensor2:87000 mC
I/ThermalEngine( 1027): ACTION: CPU - Setting CPU[0] to 1497600
I/ThermalEngine( 1027): ACTION: CPU - Setting CPU[1] to 1497600
I/ThermalEngine( 1027): ACTION: CPU - Setting CPU[2] to 1497600
I/ThermalEngine( 1027): ACTION: CPU - Setting CPU[3] to 1497600
E/QCALOG  ( 1104): [MessageQ] ProcessNewMessage: [XTWiFi-PE] unknown deliver target [OS-Agent]
E/QCALOG  ( 1104): [MessageQ] ProcessNewMessage: [XTWWAN-PE] unknown deliver target [OS-Agent]
E/QCALOG  ( 1104): [MessageQ] ProcessNewMessage: [XT-CS] unknown deliver target [OS-Agent]
I/ThermalEngine( 1027): Sensor:tsens_tz_sensor2:88000 mC
I/ThermalEngine( 1027): ACTION: CPU - Setting CPU[0] to 1593600
I/ThermalEngine( 1027): ACTION: CPU - Setting CPU[1] to 1593600
I/ThermalEngine( 1027): ACTION: CPU - Setting CPU[2] to 1593600
I/ThermalEngine( 1027): ACTION: CPU - Setting CPU[3] to 1593600
I/ThermalEngine( 1027): Sensor:tsens_tz_sensor2:89000 mC
I/ThermalEngine( 1027): Sensor:batt_temp:39400 mC
I/ThermalEngine( 1027): Sensor:tsens_tz_sensor2:89000 mC
I/ThermalEngine( 1027): Sensor:tsens_tz_sensor2:89000 mC
I/ThermalEngine( 1027): Sensor:tsens_tz_sensor2:88000 mC
I/ThermalEngine( 1027): Sensor:tsens_tz_sensor2:88000 mC
I/ThermalEngine( 1027): Sensor:batt_temp:39400 mC
I/ThermalEngine( 1027): Sensor:tsens_tz_sensor2:87000 mC
I/ThermalEngine( 1027): Sensor:tsens_tz_sensor2:87000 mC
I/ThermalEngine( 1027): Sensor:tsens_tz_sensor2:88000 mC
I/ThermalEngine( 1027): Sensor:tsens_tz_sensor2:87000 mC
I/ThermalEngine( 1027): Sensor:batt_temp:39400 mC
I/ThermalEngine( 1027): Sensor:tsens_tz_sensor2:87000 mC
I/ThermalEngine( 1027): Sensor:tsens_tz_sensor2:87000 mC
I/ThermalEngine( 1027): Sensor:tsens_tz_sensor2:87000 mC
I/ThermalEngine( 1027): Sensor:tsens_tz_sensor2:87000 mC
I/ThermalEngine( 1027): Sensor:batt_temp:39500 mC
I/ThermalEngine( 1027): Sensor:tsens_tz_sensor2:87000 mC
I/ThermalEngine( 1027): Sensor:tsens_tz_sensor2:86000 mC
I/ThermalEngine( 1027): Sensor:tsens_tz_sensor2:90000 mC
I/ThermalEngine( 1027): Sensor:tsens_tz_sensor2:90000 mC
I/ThermalEngine( 1027): Sensor:batt_temp:39600 mC
I/ThermalEngine( 1027): Sensor:tsens_tz_sensor2:92000 mC
I/ThermalEngine( 1027): ACTION: CPU - Setting CPU[0] to 1497600
I/ThermalEngine( 1027): ACTION: CPU - Setting CPU[1] to 1497600
I/ThermalEngine( 1027): ACTION: CPU - Setting CPU[2] to 1497600
I/ThermalEngine( 1027): ACTION: CPU - Setting CPU[3] to 1497600
I/UpstartPropertyWatcher(  993): Property changed: init.svc.ppd=running
I/UpstartPropertyWatcher(  993): Property changed: init.svc.quipc_igsn=running
I/UpstartPropertyWatcher(  993): Property changed: init.svc.quipc_main=running
I/UpstartPropertyWatcher(  993): Property changed: init.svc.xtwifi_inet=running
I/UpstartPropertyWatcher(  993): Property changed: init.svc.gsiff_daemon=running
I/UpstartPropertyWatcher(  993): Property changed: init.svc.xtwifi_inet=restarting
I/ThermalEngine( 1027): Sensor:tsens_tz_sensor2:92000 mC
I/ThermalEngine( 1027): ACTION: CPU - Setting CPU[0] to 1401600
I/ThermalEngine( 1027): ACTION: CPU - Setting CPU[1] to 1401600
I/ThermalEngine( 1027): ACTION: CPU - Setting CPU[2] to 1401600
I/ThermalEngine( 1027): ACTION: CPU - Setting CPU[3] to 1401600
E/QCALOG  ( 1104): [MessageQ] ProcessNewMessage: [XTWiFi-PE] unknown deliver target [OS-Agent]
I/UpstartPropertyWatcher(  993): Property changed: init.svc.ppd=restarting
I/UpstartPropertyWatcher(  993): Property changed: init.svc.quipc_igsn=restarting
I/UpstartPropertyWatcher(  993): Property changed: init.svc.quipc_main=restarting
I/UpstartPropertyWatcher(  993): Property changed: init.svc.gsiff_daemon=restarting
E/QCALOG  ( 1104): [MessageQ] ProcessNewMessage: [XTWWAN-PE] unknown deliver target [OS-Agent]
E/QCALOG  ( 1104): [MessageQ] ProcessNewMessage: [XT-CS] unknown deliver target [OS-Agent]
I/ThermalEngine( 1027): Sensor:tsens_tz_sensor2:90000 mC
I/ThermalEngine( 1027): ACTION: CPU - Setting CPU[0] to 1497600
I/ThermalEngine( 1027): ACTION: CPU - Setting CPU[1] to 1497600
I/ThermalEngine( 1027): ACTION: CPU - Setting CPU[2] to 1497600
I/ThermalEngine( 1027): ACTION: CPU - Setting CPU[3] to 1497600
I/ThermalEngine( 1027): Sensor:tsens_tz_sensor2:92000 mC
I/ThermalEngine( 1027): ACTION: CPU - Setting CPU[0] to 1401600
I/ThermalEngine( 1027): ACTION: CPU - Setting CPU[1] to 1401600
I/ThermalEngine( 1027): ACTION: CPU - Setting CPU[2] to 1401600
I/ThermalEngine( 1027): ACTION: CPU - Setting CPU[3] to 1401600
I/ThermalEngine( 1027): Sensor:tsens_tz_sensor2:92000 mC
I/ThermalEngine( 1027): ACTION: CPU - Setting CPU[0] to 1344000
I/ThermalEngine( 1027): ACTION: CPU - Setting CPU[1] to 1344000
I/ThermalEngine( 1027): ACTION: CPU - Setting CPU[2] to 1344000
I/ThermalEngine( 1027): ACTION: CPU - Setting CPU[3] to 1344000
I/ThermalEngine( 1027): Sensor:batt_temp:39500 mC
I/ThermalEngine( 1027): Sensor:tsens_tz_sensor2:89000 mC
I/ThermalEngine( 1027): ACTION: CPU - Setting CPU[0] to 1401600
I/ThermalEngine( 1027): ACTION: CPU - Setting CPU[1] to 1401600
I/ThermalEngine( 1027): ACTION: CPU - Setting CPU[2] to 1401600
I/ThermalEngine( 1027): ACTION: CPU - Setting CPU[3] to 1401600
I/ThermalEngine( 1027): Sensor:tsens_tz_sensor2:88000 mC
I/ThermalEngine( 1027): ACTION: CPU - Setting CPU[0] to 1497600
I/ThermalEngine( 1027): ACTION: CPU - Setting CPU[1] to 1497600
I/ThermalEngine( 1027): ACTION: CPU - Setting CPU[2] to 1497600
I/ThermalEngine( 1027): ACTION: CPU - Setting CPU[3] to 1497600
I/ThermalEngine( 1027): Sensor:tsens_tz_sensor2:91000 mC
I/ThermalEngine( 1027): ACTION: CPU - Setting CPU[0] to 1401600
I/ThermalEngine( 1027): ACTION: CPU - Setting CPU[1] to 1401600
I/ThermalEngine( 1027): ACTION: CPU - Setting CPU[2] to 1401600
I/ThermalEngine( 1027): ACTION: CPU - Setting CPU[3] to 1401600
I/ThermalEngine( 1027): Sensor:tsens_tz_sensor2:89000 mC
I/ThermalEngine( 1027): ACTION: CPU - Setting CPU[0] to 1497600
I/ThermalEngine( 1027): ACTION: CPU - Setting CPU[1] to 1497600
I/ThermalEngine( 1027): ACTION: CPU - Setting CPU[2] to 1497600
I/ThermalEngine( 1027): ACTION: CPU - Setting CPU[3] to 1497600
I/ThermalEngine( 1027): Sensor:batt_temp:39700 mC
I/ThermalEngine( 1027): Sensor:tsens_tz_sensor2:89000 mC
I/ThermalEngine( 1027): ACTION: CPU - Setting CPU[0] to 1593600
I/ThermalEngine( 1027): ACTION: CPU - Setting CPU[1] to 1593600
I/ThermalEngine( 1027): ACTION: CPU - Setting CPU[2] to 1593600
I/ThermalEngine( 1027): ACTION: CPU - Setting CPU[3] to 1593600
I/ThermalEngine( 1027): Sensor:tsens_tz_sensor2:92000 mC
I/ThermalEngine( 1027): ACTION: CPU - Setting CPU[0] to 1497600
I/ThermalEngine( 1027): ACTION: CPU - Setting CPU[1] to 1497600
I/ThermalEngine( 1027): ACTION: CPU - Setting CPU[2] to 1497600
I/ThermalEngine( 1027): ACTION: CPU - Setting CPU[3] to 1497600
I/ThermalEngine( 1027): Sensor:tsens_tz_sensor2:93000 mC
I/ThermalEngine( 1027): ACTION: CPU - Setting CPU[0] to 1401600
I/ThermalEngine( 1027): ACTION: CPU - Setting CPU[1] to 1401600
I/ThermalEngine( 1027): ACTION: CPU - Setting CPU[2] to 1401600
I/ThermalEngine( 1027): ACTION: CPU - Setting CPU[3] to 1401600
I/ThermalEngine( 1027): Sensor:tsens_tz_sensor2:91000 mC
I/ThermalEngine( 1027): ACTION: CPU - Setting CPU[0] to 1344000
I/ThermalEngine( 1027): ACTION: CPU - Setting CPU[1] to 1344000
I/ThermalEngine( 1027): ACTION: CPU - Setting CPU[2] to 1344000
I/ThermalEngine( 1027): ACTION: CPU - Setting CPU[3] to 1344000
I/ThermalEngine( 1027): Sensor:batt_temp:39700 mC
I/ThermalEngine( 1027): Sensor:tsens_tz_sensor2:88000 mC
I/ThermalEngine( 1027): ACTION: CPU - Setting CPU[0] to 1401600
I/ThermalEngine( 1027): ACTION: CPU - Setting CPU[1] to 1401600
I/ThermalEngine( 1027): ACTION: CPU - Setting CPU[2] to 1401600
I/ThermalEngine( 1027): ACTION: CPU - Setting CPU[3] to 1401600
I/ThermalEngine( 1027): Sensor:tsens_tz_sensor2:88000 mC
I/ThermalEngine( 1027): ACTION: CPU - Setting CPU[0] to 1497600
I/ThermalEngine( 1027): ACTION: CPU - Setting CPU[1] to 1497600
I/ThermalEngine( 1027): ACTION: CPU - Setting CPU[2] to 1497600
I/ThermalEngine( 1027): ACTION: CPU - Setting CPU[3] to 1497600
I/ThermalEngine( 1027): Sensor:tsens_tz_sensor2:91000 mC
I/ThermalEngine( 1027): ACTION: CPU - Setting CPU[0] to 1401600
I/ThermalEngine( 1027): ACTION: CPU - Setting CPU[1] to 1401600
I/ThermalEngine( 1027): ACTION: CPU - Setting CPU[2] to 1401600
I/ThermalEngine( 1027): ACTION: CPU - Setting CPU[3] to 1401600
I/ThermalEngine( 1027): Sensor:tsens_tz_sensor2:91000 mC
I/ThermalEngine( 1027): ACTION: CPU - Setting CPU[0] to 1344000
I/ThermalEngine( 1027): ACTION: CPU - Setting CPU[1] to 1344000
I/ThermalEngine( 1027): ACTION: CPU - Setting CPU[2] to 1344000
I/ThermalEngine( 1027): ACTION: CPU - Setting CPU[3] to 1344000
I/ThermalEngine( 1027): Sensor:batt_temp:39700 mC
I/ThermalEngine( 1027): Sensor:tsens_tz_sensor2:88000 mC
I/ThermalEngine( 1027): ACTION: CPU - Setting CPU[0] to 1401600
I/ThermalEngine( 1027): ACTION: CPU - Setting CPU[1] to 1401600
I/ThermalEngine( 1027): ACTION: CPU - Setting CPU[2] to 1401600
I/ThermalEngine( 1027): ACTION: CPU - Setting CPU[3] to 1401600
I/ThermalEngine( 1027): Sensor:tsens_tz_sensor2:89000 mC
I/ThermalEngine( 1027): ACTION: CPU - Setting CPU[0] to 1497600
I/ThermalEngine( 1027): ACTION: CPU - Setting CPU[1] to 1497600
I/ThermalEngine( 1027): ACTION: CPU - Setting CPU[2] to 1497600
I/ThermalEngine( 1027): ACTION: CPU - Setting CPU[3] to 1497600
I/ThermalEngine( 1027): Sensor:tsens_tz_sensor2:89000 mC
I/ThermalEngine( 1027): ACTION: CPU - Setting CPU[0] to 1593600
I/ThermalEngine( 1027): ACTION: CPU - Setting CPU[1] to 1593600
I/ThermalEngine( 1027): ACTION: CPU - Setting CPU[2] to 1593600
I/ThermalEngine( 1027): ACTION: CPU - Setting CPU[3] to 1593600
I/ThermalEngine( 1027): Sensor:tsens_tz_sensor2:93000 mC
I/ThermalEngine( 1027): ACTION: CPU - Setting CPU[0] to 1497600
I/ThermalEngine( 1027): ACTION: CPU - Setting CPU[1] to 1497600
I/ThermalEngine( 1027): ACTION: CPU - Setting CPU[2] to 1497600
I/ThermalEngine( 1027): ACTION: CPU - Setting CPU[3] to 1497600
I/ThermalEngine( 1027): Sensor:batt_temp:39800 mC
E/QCALOG  ( 1104): [MessageQ] ProcessNewMessage: [XTWiFi-PE] unknown deliver target [OS-Agent]
I/ThermalEngine( 1027): Sensor:tsens_tz_sensor2:94000 mC
I/ThermalEngine( 1027): ACTION: CPU - Setting CPU[0] to 1401600
I/ThermalEngine( 1027): ACTION: CPU - Setting CPU[1] to 1401600
I/ThermalEngine( 1027): ACTION: CPU - Setting CPU[2] to 1401600
I/ThermalEngine( 1027): ACTION: CPU - Setting CPU[3] to 1401600
I/UpstartPropertyWatcher(  993): Property changed: init.svc.ppd=running
E/QCALOG  ( 1104): [MessageQ] ProcessNewMessage: [XTWWAN-PE] unknown deliver target [OS-Agent]
E/QCALOG  ( 1104): [MessageQ] ProcessNewMessage: [XT-CS] unknown deliver target [OS-Agent]
I/UpstartPropertyWatcher(  993): Property changed: init.svc.quipc_igsn=running
I/UpstartPropertyWatcher(  993): Property changed: init.svc.quipc_main=running
I/UpstartPropertyWatcher(  993): Property changed: init.svc.xtwifi_inet=running
I/UpstartPropertyWatcher(  993): Property changed: init.svc.gsiff_daemon=running
I/UpstartPropertyWatcher(  993): Property changed: init.svc.quipc_igsn=restarting
I/UpstartPropertyWatcher(  993): Property changed: init.svc.ppd=restarting
I/UpstartPropertyWatcher(  993): Property changed: init.svc.xtwifi_inet=restarting
I/UpstartPropertyWatcher(  993): Property changed: init.svc.gsiff_daemon=restarting
I/UpstartPropertyWatcher(  993): Property changed: init.svc.quipc_main=restarting
I/ThermalEngine( 1027): Sensor:tsens_tz_sensor2:92000 mC
I/ThermalEngine( 1027): ACTION: CPU - Setting CPU[0] to 1344000
I/ThermalEngine( 1027): ACTION: CPU - Setting CPU[1] to 1344000
I/ThermalEngine( 1027): ACTION: CPU - Setting CPU[2] to 1344000
I/ThermalEngine( 1027): ACTION: CPU - Setting CPU[3] to 1344000
I/ThermalEngine( 1027): Sensor:tsens_tz_sensor2:88000 mC
I/ThermalEngine( 1027): ACTION: CPU - Setting CPU[0] to 1401600
I/ThermalEngine( 1027): ACTION: CPU - Setting CPU[1] to 1401600
I/ThermalEngine( 1027): ACTION: CPU - Setting CPU[2] to 1401600
I/ThermalEngine( 1027): ACTION: CPU - Setting CPU[3] to 1401600
I/ThermalEngine( 1027): Sensor:tsens_tz_sensor2:88000 mC
I/ThermalEngine( 1027): ACTION: CPU - Setting CPU[0] to 1497600
I/ThermalEngine( 1027): ACTION: CPU - Setting CPU[1] to 1497600
I/ThermalEngine( 1027): ACTION: CPU - Setting CPU[2] to 1497600
I/ThermalEngine( 1027): ACTION: CPU - Setting CPU[3] to 1497600
I/ThermalEngine( 1027): Sensor:batt_temp:39800 mC
I/ThermalEngine( 1027): Sensor:tsens_tz_sensor2:91000 mC
I/ThermalEngine( 1027): ACTION: CPU - Setting CPU[0] to 1401600
I/ThermalEngine( 1027): ACTION: CPU - Setting CPU[1] to 1401600
I/ThermalEngine( 1027): ACTION: CPU - Setting CPU[2] to 1401600
I/ThermalEngine( 1027): ACTION: CPU - Setting CPU[3] to 1401600
I/ThermalEngine( 1027): Sensor:tsens_tz_sensor2:91000 mC
I/ThermalEngine( 1027): ACTION: CPU - Setting CPU[0] to 1344000
I/ThermalEngine( 1027): ACTION: CPU - Setting CPU[1] to 1344000
I/ThermalEngine( 1027): ACTION: CPU - Setting CPU[2] to 1344000
I/ThermalEngine( 1027): ACTION: CPU - Setting CPU[3] to 1344000
I/ThermalEngine( 1027): Sensor:tsens_tz_sensor2:89000 mC
I/ThermalEngine( 1027): ACTION: CPU - Setting CPU[0] to 1401600
I/ThermalEngine( 1027): ACTION: CPU - Setting CPU[1] to 1401600
I/ThermalEngine( 1027): ACTION: CPU - Setting CPU[2] to 1401600
I/ThermalEngine( 1027): ACTION: CPU - Setting CPU[3] to 1401600
I/ThermalEngine( 1027): Sensor:tsens_tz_sensor2:90000 mC
I/ThermalEngine( 1027): ACTION: CPU - Setting CPU[0] to 1497600
I/ThermalEngine( 1027): ACTION: CPU - Setting CPU[1] to 1497600
I/ThermalEngine( 1027): ACTION: CPU - Setting CPU[2] to 1497600
I/ThermalEngine( 1027): ACTION: CPU - Setting CPU[3] to 1497600
I/ThermalEngine( 1027): Sensor:batt_temp:39900 mC
I/ThermalEngine( 1027): Sensor:tsens_tz_sensor2:90000 mC
I/ThermalEngine( 1027): ACTION: CPU - Setting CPU[0] to 1593600
I/ThermalEngine( 1027): ACTION: CPU - Setting CPU[1] to 1593600
I/ThermalEngine( 1027): ACTION: CPU - Setting CPU[2] to 1593600
I/ThermalEngine( 1027): ACTION: CPU - Setting CPU[3] to 1593600
I/ThermalEngine( 1027): Sensor:tsens_tz_sensor2:94000 mC
I/ThermalEngine( 1027): ACTION: CPU - Setting CPU[0] to 1497600
I/ThermalEngine( 1027): ACTION: CPU - Setting CPU[1] to 1497600
I/ThermalEngine( 1027): ACTION: CPU - Setting CPU[2] to 1497600
I/ThermalEngine( 1027): ACTION: CPU - Setting CPU[3] to 1497600
I/ThermalEngine( 1027): Sensor:tsens_tz_sensor5:90000 mC
I/ThermalEngine( 1027): Sensor:tsens_tz_sensor5:90000 mC
I/ThermalEngine( 1027): Sensor:tsens_tz_sensor2:95000 mC
I/ThermalEngine( 1027): ACTION: CPU - Setting CPU[0] to 1401600
I/ThermalEngine( 1027): ACTION: CPU - Setting CPU[1] to 1401600
I/ThermalEngine( 1027): ACTION: CPU - Setting CPU[2] to 1401600
I/ThermalEngine( 1027): ACTION: CPU - Setting CPU[3] to 1401600
I/ThermalEngine( 1027): Sensor:tsens_tz_sensor5:90000 mC
I/ThermalEngine( 1027): Sensor:tsens_tz_sensor2:92000 mC
I/ThermalEngine( 1027): ACTION: CPU - Setting CPU[0] to 1344000
I/ThermalEngine( 1027): ACTION: CPU - Setting CPU[1] to 1344000
I/ThermalEngine( 1027): ACTION: CPU - Setting CPU[2] to 1344000
I/ThermalEngine( 1027): ACTION: CPU - Setting CPU[3] to 1344000
I/ThermalEngine( 1027): Sensor:tsens_tz_sensor5:88000 mC
I/ThermalEngine( 1027): Sensor:batt_temp:39800 mC
I/ThermalEngine( 1027): Sensor:tsens_tz_sensor2:92000 mC
I/ThermalEngine( 1027): ACTION: CPU - Setting CPU[0] to 1305600
I/ThermalEngine( 1027): ACTION: CPU - Setting CPU[1] to 1305600
I/ThermalEngine( 1027): ACTION: CPU - Setting CPU[2] to 1305600
I/ThermalEngine( 1027): ACTION: CPU - Setting CPU[3] to 1305600
I/ThermalEngine( 1027): Sensor:tsens_tz_sensor5:88000 mC
I/ThermalEngine( 1027): Sensor:tsens_tz_sensor2:89000 mC
I/ThermalEngine( 1027): ACTION: CPU - Setting CPU[0] to 1344000
I/ThermalEngine( 1027): ACTION: CPU - Setting CPU[1] to 1344000
I/ThermalEngine( 1027): ACTION: CPU - Setting CPU[2] to 1344000
I/ThermalEngine( 1027): ACTION: CPU - Setting CPU[3] to 1344000
I/ThermalEngine( 1027): Sensor:tsens_tz_sensor5:86000 mC
I/ThermalEngine( 1027): Sensor:tsens_tz_sensor2:87000 mC
I/ThermalEngine( 1027): ACTION: CPU - Setting CPU[0] to 1401600
I/ThermalEngine( 1027): ACTION: CPU - Setting CPU[1] to 1401600
I/ThermalEngine( 1027): ACTION: CPU - Setting CPU[2] to 1401600
I/ThermalEngine( 1027): ACTION: CPU - Setting CPU[3] to 1401600
I/ThermalEngine( 1027): Sensor:tsens_tz_sensor5:84000 mC
I/ThermalEngine( 1027): Sensor:tsens_tz_sensor2:89000 mC
I/ThermalEngine( 1027): ACTION: CPU - Setting CPU[0] to 1497600
I/ThermalEngine( 1027): ACTION: CPU - Setting CPU[1] to 1497600
I/ThermalEngine( 1027): ACTION: CPU - Setting CPU[2] to 1497600
I/ThermalEngine( 1027): ACTION: CPU - Setting CPU[3] to 1497600
I/ThermalEngine( 1027): Sensor:tsens_tz_sensor5:86000 mC
I/ThermalEngine( 1027): Sensor:batt_temp:40000 mC
I/ThermalEngine( 1027): Sensor:tsens_tz_sensor2:93000 mC
I/ThermalEngine( 1027): ACTION: CPU - Setting CPU[0] to 1401600
I/ThermalEngine( 1027): ACTION: CPU - Setting CPU[1] to 1401600
I/ThermalEngine( 1027): ACTION: CPU - Setting CPU[2] to 1401600
I/ThermalEngine( 1027): ACTION: CPU - Setting CPU[3] to 1401600
I/ThermalEngine( 1027): Sensor:tsens_tz_sensor5:89000 mC
I/ThermalEngine( 1027): Sensor:tsens_tz_sensor2:93000 mC
I/ThermalEngine( 1027): ACTION: CPU - Setting CPU[0] to 1344000
I/ThermalEngine( 1027): ACTION: CPU - Setting CPU[1] to 1344000
I/ThermalEngine( 1027): ACTION: CPU - Setting CPU[2] to 1344000
I/ThermalEngine( 1027): ACTION: CPU - Setting CPU[3] to 1344000
I/ThermalEngine( 1027): Sensor:tsens_tz_sensor5:89000 mC
I/ThermalEngine( 1027): Sensor:tsens_tz_sensor2:91000 mC
I/ThermalEngine( 1027): ACTION: CPU - Setting CPU[0] to 1305600
I/ThermalEngine( 1027): ACTION: CPU - Setting CPU[1] to 1305600
I/ThermalEngine( 1027): ACTION: CPU - Setting CPU[2] to 1305600
I/ThermalEngine( 1027): ACTION: CPU - Setting CPU[3] to 1305600
I/ThermalEngine( 1027): Sensor:tsens_tz_sensor5:87000 mC
I/ThermalEngine( 1027): Sensor:tsens_tz_sensor2:88000 mC
I/ThermalEngine( 1027): ACTION: CPU - Setting CPU[0] to 1344000
I/ThermalEngine( 1027): ACTION: CPU - Setting CPU[1] to 1344000
I/ThermalEngine( 1027): ACTION: CPU - Setting CPU[2] to 1344000
I/ThermalEngine( 1027): ACTION: CPU - Setting CPU[3] to 1344000
I/ThermalEngine( 1027): Sensor:tsens_tz_sensor5:85000 mC
I/ThermalEngine( 1027): Sensor:batt_temp:39800 mC
E/QCALOG  ( 1104): [MessageQ] ProcessNewMessage: [XTWiFi-PE] unknown deliver target [OS-Agent]
I/ThermalEngine( 1027): Sensor:tsens_tz_sensor2:87000 mC
I/ThermalEngine( 1027): ACTION: CPU - Setting CPU[0] to 1401600
I/ThermalEngine( 1027): ACTION: CPU - Setting CPU[1] to 1401600
I/ThermalEngine( 1027): ACTION: CPU - Setting CPU[2] to 1401600
I/ThermalEngine( 1027): ACTION: CPU - Setting CPU[3] to 1401600
I/ThermalEngine( 1027): Sensor:tsens_tz_sensor5:84000 mC
E/QCALOG  ( 1104): [MessageQ] ProcessNewMessage: [XTWWAN-PE] unknown deliver target [OS-Agent]
E/QCALOG  ( 1104): [MessageQ] ProcessNewMessage: [XT-CS] unknown deliver target [OS-Agent]
I/UpstartPropertyWatcher(  993): Property changed: init.svc.ppd=running
I/UpstartPropertyWatcher(  993): Property changed: init.svc.quipc_igsn=running
I/UpstartPropertyWatcher(  993): Property changed: init.svc.quipc_main=running
I/UpstartPropertyWatcher(  993): Property changed: init.svc.xtwifi_inet=running
I/UpstartPropertyWatcher(  993): Property changed: init.svc.gsiff_daemon=running
I/UpstartPropertyWatcher(  993): Property changed: init.svc.quipc_igsn=restarting
I/UpstartPropertyWatcher(  993): Property changed: init.svc.ppd=restarting
I/UpstartPropertyWatcher(  993): Property changed: init.svc.xtwifi_inet=restarting
I/UpstartPropertyWatcher(  993): Property changed: init.svc.quipc_main=restarting
I/UpstartPropertyWatcher(  993): Property changed: init.svc.gsiff_daemon=restarting
I/ThermalEngine( 1027): Sensor:tsens_tz_sensor2:89000 mC
I/ThermalEngine( 1027): ACTION: CPU - Setting CPU[0] to 1497600
I/ThermalEngine( 1027): ACTION: CPU - Setting CPU[1] to 1497600
I/ThermalEngine( 1027): ACTION: CPU - Setting CPU[2] to 1497600
I/ThermalEngine( 1027): ACTION: CPU - Setting CPU[3] to 1497600
I/ThermalEngine( 1027): Sensor:tsens_tz_sensor5:85000 mC
I/ThermalEngine( 1027): Sensor:tsens_tz_sensor2:89000 mC
I/ThermalEngine( 1027): ACTION: CPU - Setting CPU[0] to 1593600
I/ThermalEngine( 1027): ACTION: CPU - Setting CPU[1] to 1593600
I/ThermalEngine( 1027): ACTION: CPU - Setting CPU[2] to 1593600
I/ThermalEngine( 1027): ACTION: CPU - Setting CPU[3] to 1593600
I/ThermalEngine( 1027): Sensor:tsens_tz_sensor5:85000 mC
I/ThermalEngine( 1027): Sensor:tsens_tz_sensor2:93000 mC
I/ThermalEngine( 1027): ACTION: CPU - Setting CPU[0] to 1497600
I/ThermalEngine( 1027): ACTION: CPU - Setting CPU[1] to 1497600
I/ThermalEngine( 1027): ACTION: CPU - Setting CPU[2] to 1497600
I/ThermalEngine( 1027): ACTION: CPU - Setting CPU[3] to 1497600
I/ThermalEngine( 1027): Sensor:tsens_tz_sensor5:89000 mC
I/ThermalEngine( 1027): Sensor:batt_temp:40000 mC
I/ThermalEngine( 1027): Sensor:tsens_tz_sensor2:94000 mC
I/ThermalEngine( 1027): ACTION: CPU - Setting CPU[0] to 1401600
I/ThermalEngine( 1027): ACTION: CPU - Setting CPU[1] to 1401600
I/ThermalEngine( 1027): ACTION: CPU - Setting CPU[2] to 1401600
I/ThermalEngine( 1027): ACTION: CPU - Setting CPU[3] to 1401600
I/ThermalEngine( 1027): Sensor:tsens_tz_sensor5:89000 mC
I/ThermalEngine( 1027): Sensor:tsens_tz_sensor2:92000 mC
I/ThermalEngine( 1027): ACTION: CPU - Setting CPU[0] to 1344000
I/ThermalEngine( 1027): ACTION: CPU - Setting CPU[1] to 1344000
I/ThermalEngine( 1027): ACTION: CPU - Setting CPU[2] to 1344000
I/ThermalEngine( 1027): ACTION: CPU - Setting CPU[3] to 1344000
I/ThermalEngine( 1027): Sensor:tsens_tz_sensor5:88000 mC
I/ThermalEngine( 1027): Sensor:tsens_tz_sensor2:90000 mC
I/ThermalEngine( 1027): ACTION: CPU - Setting CPU[0] to 1401600
I/ThermalEngine( 1027): ACTION: CPU - Setting CPU[1] to 1401600
I/ThermalEngine( 1027): ACTION: CPU - Setting CPU[2] to 1401600
I/ThermalEngine( 1027): ACTION: CPU - Setting CPU[3] to 1401600
I/ThermalEngine( 1027): Sensor:tsens_tz_sensor5:86000 mC
I/ThermalEngine( 1027): Sensor:tsens_tz_sensor2:90000 mC
I/ThermalEngine( 1027): ACTION: CPU - Setting CPU[0] to 1497600
I/ThermalEngine( 1027): ACTION: CPU - Setting CPU[1] to 1497600
I/ThermalEngine( 1027): ACTION: CPU - Setting CPU[2] to 1497600
I/ThermalEngine( 1027): ACTION: CPU - Setting CPU[3] to 1497600
I/ThermalEngine( 1027): Sensor:tsens_tz_sensor5:86000 mC
I/ThermalEngine( 1027): Sensor:batt_temp:40000 mC
I/ThermalEngine( 1027): Sensor:tsens_tz_sensor2:91000 mC
I/ThermalEngine( 1027): ACTION: CPU - Setting CPU[0] to 1401600
I/ThermalEngine( 1027): ACTION: CPU - Setting CPU[1] to 1401600
I/ThermalEngine( 1027): ACTION: CPU - Setting CPU[2] to 1401600
I/ThermalEngine( 1027): ACTION: CPU - Setting CPU[3] to 1401600
I/ThermalEngine( 1027): Sensor:tsens_tz_sensor5:87000 mC
I/ThermalEngine( 1027): Sensor:tsens_tz_sensor2:93000 mC
I/ThermalEngine( 1027): ACTION: CPU - Setting CPU[0] to 1344000
I/ThermalEngine( 1027): ACTION: CPU - Setting CPU[1] to 1344000
I/ThermalEngine( 1027): ACTION: CPU - Setting CPU[2] to 1344000
I/ThermalEngine( 1027): ACTION: CPU - Setting CPU[3] to 1344000
I/ThermalEngine( 1027): Sensor:tsens_tz_sensor5:89000 mC
I/ThermalEngine( 1027): Sensor:tsens_tz_sensor2:90000 mC
I/ThermalEngine( 1027): ACTION: CPU - Setting CPU[0] to 1401600
I/ThermalEngine( 1027): ACTION: CPU - Setting CPU[1] to 1401600
I/ThermalEngine( 1027): ACTION: CPU - Setting CPU[2] to 1401600
I/ThermalEngine( 1027): ACTION: CPU - Setting CPU[3] to 1401600
I/ThermalEngine( 1027): Sensor:tsens_tz_sensor5:86000 mC
I/ThermalEngine( 1027): Sensor:tsens_tz_sensor2:88000 mC
I/ThermalEngine( 1027): ACTION: CPU - Setting CPU[0] to 1497600
I/ThermalEngine( 1027): ACTION: CPU - Setting CPU[1] to 1497600
I/ThermalEngine( 1027): ACTION: CPU - Setting CPU[2] to 1497600
I/ThermalEngine( 1027): ACTION: CPU - Setting CPU[3] to 1497600
I/ThermalEngine( 1027): Sensor:tsens_tz_sensor5:87000 mC
I/ThermalEngine( 1027): Sensor:batt_temp:40000 mC
I/ThermalEngine( 1027): Sensor:tsens_tz_sensor2:88000 mC
I/ThermalEngine( 1027): ACTION: CPU - Setting CPU[0] to 1593600
I/ThermalEngine( 1027): ACTION: CPU - Setting CPU[1] to 1593600
I/ThermalEngine( 1027): ACTION: CPU - Setting CPU[2] to 1593600
I/ThermalEngine( 1027): ACTION: CPU - Setting CPU[3] to 1593600
I/ThermalEngine( 1027): Sensor:tsens_tz_sensor5:87000 mC
I/ThermalEngine( 1027): Sensor:tsens_tz_sensor2:88000 mC
I/ThermalEngine( 1027): Sensor:tsens_tz_sensor5:88000 mC
I/ThermalEngine( 1027): Sensor:tsens_tz_sensor2:88000 mC
I/ThermalEngine( 1027): Sensor:tsens_tz_sensor5:89000 mC
I/ThermalEngine( 1027): Sensor:tsens_tz_sensor2:89000 mC
I/ThermalEngine( 1027): Sensor:tsens_tz_sensor5:90000 mC
I/ThermalEngine( 1027): Sensor:batt_temp:40000 mC
I/ThermalEngine( 1027): Sensor:tsens_tz_sensor2:88000 mC
I/ThermalEngine( 1027): Sensor:tsens_tz_sensor5:87000 mC
I/UpstartPropertyWatcher(  993): Property changed: init.svc.ppd=running
I/UpstartPropertyWatcher(  993): Property changed: init.svc.quipc_igsn=running
I/UpstartPropertyWatcher(  993): Property changed: init.svc.gsiff_daemon=running
I/UpstartPropertyWatcher(  993): Property changed: init.svc.quipc_main=running
I/UpstartPropertyWatcher(  993): Property changed: init.svc.xtwifi_inet=running
I/ThermalEngine( 1027): Sensor:tsens_tz_sensor2:88000 mC
I/ThermalEngine( 1027): Sensor:tsens_tz_sensor5:87000 mC
I/UpstartPropertyWatcher(  993): Property changed: init.svc.xtwifi_inet=restarting
I/UpstartPropertyWatcher(  993): Property changed: init.svc.quipc_igsn=restarting
I/UpstartPropertyWatcher(  993): Property changed: init.svc.gsiff_daemon=restarting
I/UpstartPropertyWatcher(  993): Property changed: init.svc.ppd=restarting
I/UpstartPropertyWatcher(  993): Property changed: init.svc.quipc_main=restarting
I/ThermalEngine( 1027): Sensor:tsens_tz_sensor2:89000 mC
I/ThermalEngine( 1027): Sensor:tsens_tz_sensor5:87000 mC
I/ThermalEngine( 1027): Sensor:tsens_tz_sensor2:87000 mC
I/ThermalEngine( 1027): Sensor:tsens_tz_sensor5:86000 mC
I/ThermalEngine( 1027): Sensor:batt_temp:40000 mC
E/QCALOG  ( 1104): [MessageQ] ProcessNewMessage: [XTWiFi-PE] unknown deliver target [OS-Agent]
I/ThermalEngine( 1027): Sensor:tsens_tz_sensor2:90000 mC
I/ThermalEngine( 1027): Sensor:tsens_tz_sensor5:87000 mC
E/QCALOG  ( 1104): [MessageQ] ProcessNewMessage: [XT-CS] unknown deliver target [OS-Agent]
E/QCALOG  ( 1104): [MessageQ] ProcessNewMessage: [XTWWAN-PE] unknown deliver target [OS-Agent]
I/ThermalEngine( 1027): Sensor:tsens_tz_sensor2:93000 mC
I/ThermalEngine( 1027): ACTION: CPU - Setting CPU[0] to 1497600
I/ThermalEngine( 1027): ACTION: CPU - Setting CPU[1] to 1497600
I/ThermalEngine( 1027): ACTION: CPU - Setting CPU[2] to 1497600
I/ThermalEngine( 1027): ACTION: CPU - Setting CPU[3] to 1497600
I/ThermalEngine( 1027): Sensor:tsens_tz_sensor5:89000 mC
I/ThermalEngine( 1027): Sensor:tsens_tz_sensor2:93000 mC
I/ThermalEngine( 1027): ACTION: CPU - Setting CPU[0] to 1401600
I/ThermalEngine( 1027): ACTION: CPU - Setting CPU[1] to 1401600
I/ThermalEngine( 1027): ACTION: CPU - Setting CPU[2] to 1401600
I/ThermalEngine( 1027): ACTION: CPU - Setting CPU[3] to 1401600
I/ThermalEngine( 1027): Sensor:tsens_tz_sensor5:89000 mC
I/ThermalEngine( 1027): Sensor:tsens_tz_sensor2:91000 mC
I/ThermalEngine( 1027): ACTION: CPU - Setting CPU[0] to 1344000
I/ThermalEngine( 1027): ACTION: CPU - Setting CPU[1] to 1344000
I/ThermalEngine( 1027): ACTION: CPU - Setting CPU[2] to 1344000
I/ThermalEngine( 1027): ACTION: CPU - Setting CPU[3] to 1344000
I/ThermalEngine( 1027): Sensor:tsens_tz_sensor5:88000 mC
I/ThermalEngine( 1027): Sensor:batt_temp:40000 mC
I/ThermalEngine( 1027): Sensor:tsens_tz_sensor2:86000 mC
I/ThermalEngine( 1027): ACTION: CPU - Setting CPU[0] to 1401600
I/ThermalEngine( 1027): ACTION: CPU - Setting CPU[1] to 1401600
I/ThermalEngine( 1027): ACTION: CPU - Setting CPU[2] to 1401600
I/ThermalEngine( 1027): ACTION: CPU - Setting CPU[3] to 1401600
I/ThermalEngine( 1027): Sensor:tsens_tz_sensor5:84000 mC
I/ThermalEngine( 1027): Sensor:tsens_tz_sensor2:82000 mC
I/ThermalEngine( 1027): ACTION: CPU - Setting CPU[0] to 1497600
I/ThermalEngine( 1027): ACTION: CPU - Setting CPU[1] to 1497600
I/ThermalEngine( 1027): ACTION: CPU - Setting CPU[2] to 1497600
I/ThermalEngine( 1027): ACTION: CPU - Setting CPU[3] to 1497600
I/ThermalEngine( 1027): Sensor:tsens_tz_sensor5:83000 mC
