E/OMXMaster( 2245): A component of name 'OMX.qcom.audio.decoder.aac' already exists, ignoring this one.
E/MediaCodecList( 2245): Failed to get the number of supported codec capabilities (err: -2147483648)
V/MediaCodecList( 2245): void media_codec_list_get_codec_info_at_id(size_t) 
V/MediaCodecList( 2245): const char* media_codec_list_get_codec_name(size_t) 
V/MediaCodecList( 2245): bool media_codec_list_is_encoder(size_t) 
V/MediaCodecList( 2245): size_t media_codec_list_get_num_supported_types(size_t) 
D/MediaCodecList( 2245): Number of supported codec types: 1
V/MediaCodecList( 2245): size_t media_codec_list_get_nth_supported_type_len(size_t, size_t) 
V/MediaCodecList( 2245): int media_codec_list_get_nth_supported_type(size_t, char*, size_t) 
V/MediaCodecList( 2245): size_t media_codec_list_get_num_color_formats(size_t, const char*) 
V/MediaCodecList( 2245): void media_codec_list_get_num_codec_capabilities(size_t, const char*, size_t*, size_t*) 
D/MediaCodecList( 2245): index: 31, type: 'video/3gpp'
I/OMXClient( 2245): Using client-side OMX mux.
I/OMXClient( 2245): Allocating remote Node (false remote).
E/OMXMaster( 2245): A component of name 'OMX.qcom.audio.decoder.aac' already exists, ignoring this one.
E/MediaCodecList( 2245): Failed to get the number of supported codec capabilities (err: -2147483648)
V/MediaCodecList( 2245): void media_codec_list_get_codec_info_at_id(size_t) 
V/MediaCodecList( 2245): const char* media_codec_list_get_codec_name(size_t) 
V/MediaCodecList( 2245): bool media_codec_list_is_encoder(size_t) 
V/MediaCodecList( 2245): size_t media_codec_list_get_num_supported_types(size_t) 
D/MediaCodecList( 2245): Number of supported codec types: 1
V/MediaCodecList( 2245): size_t media_codec_list_get_nth_supported_type_len(size_t, size_t) 
V/MediaCodecList( 2245): int media_codec_list_get_nth_supported_type(size_t, char*, size_t) 
V/MediaCodecList( 2245): size_t media_codec_list_get_num_color_formats(size_t, const char*) 
V/MediaCodecList( 2245): void media_codec_list_get_num_codec_capabilities(size_t, const char*, size_t*, size_t*) 
D/MediaCodecList( 2245): index: 32, type: 'video/x-ms-wmv'
I/OMXClient( 2245): Using client-side OMX mux.
I/OMXClient( 2245): Allocating remote Node (false remote).
E/OMXMaster( 2245): A component of name 'OMX.qcom.audio.decoder.aac' already exists, ignoring this one.
E/MediaCodecList( 2245): Failed to get the number of supported codec capabilities (err: -2147483648)
V/MediaCodecList( 2245): void media_codec_list_get_codec_info_at_id(size_t) 
V/MediaCodecList( 2245): const char* media_codec_list_get_codec_name(size_t) 
V/MediaCodecList( 2245): bool media_codec_list_is_encoder(size_t) 
V/MediaCodecList( 2245): size_t media_codec_list_get_num_supported_types(size_t) 
D/MediaCodecList( 2245): Number of supported codec types: 1
V/MediaCodecList( 2245): size_t media_codec_list_get_nth_supported_type_len(size_t, size_t) 
V/MediaCodecList( 2245): int media_codec_list_get_nth_supported_type(size_t, char*, size_t) 
V/MediaCodecList( 2245): size_t media_codec_list_get_num_color_formats(size_t, const char*) 
V/MediaCodecList( 2245): void media_codec_list_get_num_codec_capabilities(size_t, const char*, size_t*, size_t*) 
D/MediaCodecList( 2245): index: 33, type: 'video/divx'
I/OMXClient( 2245): Using client-side OMX mux.
I/OMXClient( 2245): Allocating remote Node (false remote).
E/OMXMaster( 2245): A component of name 'OMX.qcom.audio.decoder.aac' already exists, ignoring this one.
E/MediaCodecList( 2245): Failed to get the number of supported codec capabilities (err: -2147483648)
V/MediaCodecList( 2245): void media_codec_list_get_codec_info_at_id(size_t) 
V/MediaCodecList( 2245): const char* media_codec_list_get_codec_name(size_t) 
V/MediaCodecList( 2245): bool media_codec_list_is_encoder(size_t) 
V/MediaCodecList( 2245): size_t media_codec_list_get_num_supported_types(size_t) 
D/MediaCodecList( 2245): Number of supported codec types: 1
V/MediaCodecList( 2245): size_t media_codec_list_get_nth_supported_type_len(size_t, size_t) 
V/MediaCodecList( 2245): int media_codec_list_get_nth_supported_type(size_t, char*, size_t) 
V/MediaCodecList( 2245): size_t media_codec_list_get_num_color_formats(size_t, const char*) 
V/MediaCodecList( 2245): void media_codec_list_get_num_codec_capabilities(size_t, const char*, size_t*, size_t*) 
D/MediaCodecList( 2245): index: 34, type: 'video/divx311'
I/OMXClient( 2245): Using client-side OMX mux.
I/OMXClient( 2245): Allocating remote Node (false remote).
E/OMXMaster( 2245): A component of name 'OMX.qcom.audio.decoder.aac' already exists, ignoring this one.
E/MediaCodecList( 2245): Failed to get the number of supported codec capabilities (err: -2147483648)
V/MediaCodecList( 2245): void media_codec_list_get_codec_info_at_id(size_t) 
V/MediaCodecList( 2245): const char* media_codec_list_get_codec_name(size_t) 
V/MediaCodecList( 2245): bool media_codec_list_is_encoder(size_t) 
V/MediaCodecList( 2245): size_t media_codec_list_get_num_supported_types(size_t) 
D/MediaCodecList( 2245): Number of supported codec types: 1
V/MediaCodecList( 2245): size_t media_codec_list_get_nth_supported_type_len(size_t, size_t) 
V/MediaCodecList( 2245): int media_codec_list_get_nth_supported_type(size_t, char*, size_t) 
V/MediaCodecList( 2245): size_t media_codec_list_get_num_color_formats(size_t, const char*) 
V/MediaCodecList( 2245): void media_codec_list_get_num_codec_capabilities(size_t, const char*, size_t*, size_t*) 
D/MediaCodecList( 2245): index: 35, type: 'video/divx4'
I/OMXClient( 2245): Using client-side OMX mux.
I/OMXClient( 2245): Allocating remote Node (false remote).
E/OMXMaster( 2245): A component of name 'OMX.qcom.audio.decoder.aac' already exists, ignoring this one.
E/MediaCodecList( 2245): Failed to get the number of supported codec capabilities (err: -2147483648)
V/MediaCodecList( 2245): void media_codec_list_get_codec_info_at_id(size_t) 
V/MediaCodecList( 2245): const char* media_codec_list_get_codec_name(size_t) 
V/MediaCodecList( 2245): bool media_codec_list_is_encoder(size_t) 
V/MediaCodecList( 2245): size_t media_codec_list_get_num_supported_types(size_t) 
D/MediaCodecList( 2245): Number of supported codec types: 1
V/MediaCodecList( 2245): size_t media_codec_list_get_nth_supported_type_len(size_t, size_t) 
V/MediaCodecList( 2245): int media_codec_list_get_nth_supported_type(size_t, char*, size_t) 
V/MediaCodecList( 2245): size_t media_codec_list_get_num_color_formats(size_t, const char*) 
V/MediaCodecList( 2245): void media_codec_list_get_num_codec_capabilities(size_t, const char*, size_t*, size_t*) 
D/MediaCodecList( 2245): index: 36, type: 'video/x-vnd.on2.vp8'
I/OMXClient( 2245): Using client-side OMX mux.
I/OMXClient( 2245): Allocating remote Node (false remote).
E/OMXMaster( 2245): A component of name 'OMX.qcom.audio.decoder.aac' already exists, ignoring this one.
E/MediaCodecList( 2245): Failed to get the number of supported codec capabilities (err: -2147483648)
V/MediaCodecList( 2245): void media_codec_list_get_codec_info_at_id(size_t) 
V/MediaCodecList( 2245): const char* media_codec_list_get_codec_name(size_t) 
V/MediaCodecList( 2245): bool media_codec_list_is_encoder(size_t) 
V/MediaCodecList( 2245): size_t media_codec_list_get_num_supported_types(size_t) 
D/MediaCodecList( 2245): Number of supported codec types: 1
V/MediaCodecList( 2245): size_t media_codec_list_get_nth_supported_type_len(size_t, size_t) 
V/MediaCodecList( 2245): int media_codec_list_get_nth_supported_type(size_t, char*, size_t) 
V/MediaCodecList( 2245): size_t media_codec_list_get_num_color_formats(size_t, const char*) 
V/MediaCodecList( 2245): void media_codec_list_get_num_codec_capabilities(size_t, const char*, size_t*, size_t*) 
D/MediaCodecList( 2245): index: 37, type: 'video/hevc'
I/OMXClient( 2245): Using client-side OMX mux.
I/OMXClient( 2245): Allocating remote Node (false remote).
E/OMXMaster( 2245): A component of name 'OMX.qcom.audio.decoder.aac' already exists, ignoring this one.
E/linker  ( 2245): linker.c:1095| ERROR: Library 'libOmxVdecHevc.so' not found
E/MediaCodecList( 2245): Failed to get the number of supported codec capabilities (err: -2147483648)
V/MediaCodecList( 2245): void media_codec_list_get_codec_info_at_id(size_t) 
V/MediaCodecList( 2245): const char* media_codec_list_get_codec_name(size_t) 
V/MediaCodecList( 2245): void media_codec_list_get_codec_info_at_id(size_t) 
V/MediaCodecList( 2245): const char* media_codec_list_get_codec_name(size_t) 
V/MediaCodecList( 2245): void media_codec_list_get_codec_info_at_id(size_t) 
V/MediaCodecList( 2245): const char* media_codec_list_get_codec_name(size_t) 
V/MediaCodecList( 2245): void media_codec_list_get_codec_info_at_id(size_t) 
V/MediaCodecList( 2245): const char* media_codec_list_get_codec_name(size_t) 
V/MediaCodecList( 2245): void media_codec_list_get_codec_info_at_id(size_t) 
V/MediaCodecList( 2245): const char* media_codec_list_get_codec_name(size_t) 
V/MediaCodecList( 2245): void media_codec_list_get_codec_info_at_id(size_t) 
V/MediaCodecList( 2245): const char* media_codec_list_get_codec_name(size_t) 
V/MediaCodecList( 2245): bool media_codec_list_is_encoder(size_t) 
V/MediaCodecList( 2245): size_t media_codec_list_get_num_supported_types(size_t) 
D/MediaCodecList( 2245): Number of supported codec types: 1
V/MediaCodecList( 2245): size_t media_codec_list_get_nth_supported_type_len(size_t, size_t) 
V/MediaCodecList( 2245): int media_codec_list_get_nth_supported_type(size_t, char*, size_t) 
V/MediaCodecList( 2245): size_t media_codec_list_get_num_color_formats(size_t, const char*) 
V/MediaCodecList( 2245): void media_codec_list_get_num_codec_capabilities(size_t, const char*, size_t*, size_t*) 
D/MediaCodecList( 2245): index: 43, type: 'audio/vnd.rn-realaudio'
I/OMXClient( 2245): Using client-side OMX mux.
I/OMXClient( 2245): Allocating local Node.
E/OMXMaster( 2245): A component of name 'OMX.qcom.audio.decoder.aac' already exists, ignoring this one.
D/SoftFFmpegAudio( 2245): SoftFFmpegAudio component: OMX.ffmpeg.ra.decoder mMode: 5 mHighResAudioEnabled: 0
I/ThermalEngine( 1032): Sensor:tsens_tz_sensor2:86000 mC
I/ThermalEngine( 1032): Sensor:tsens_tz_sensor5:87000 mC
E/QCALOG  ( 1049): [MessageQ] ProcessNewMessage: [XTWiFi-PE] unknown deliver target [OS-Agent]
E/QCALOG  ( 1049): [MessageQ] ProcessNewMessage: [XTWWAN-PE] unknown deliver target [OS-Agent]
I/ThermalEngine( 1032): Sensor:batt_temp:41900 mC
I/ThermalEngine( 1032): Sensor:tsens_tz_sensor2:86000 mC
I/ThermalEngine( 1032): Sensor:tsens_tz_sensor5:87000 mC
I/ThermalEngine( 1032): Sensor:tsens_tz_sensor2:86000 mC
I/ThermalEngine( 1032): Sensor:tsens_tz_sensor5:85000 mC
I/ThermalEngine( 1032): Sensor:tsens_tz_sensor2:87000 mC
I/ThermalEngine( 1032): Sensor:tsens_tz_sensor5:85000 mC
I/ThermalEngine( 1032): Sensor:tsens_tz_sensor2:86000 mC
I/ThermalEngine( 1032): Sensor:tsens_tz_sensor5:85000 mC
I/ThermalEngine( 1032): Sensor:batt_temp:41800 mC
I/ThermalEngine( 1032): Sensor:tsens_tz_sensor2:88000 mC
I/ThermalEngine( 1032): Sensor:tsens_tz_sensor5:83000 mC
I/ThermalEngine( 1032): Sensor:tsens_tz_sensor2:88000 mC
I/ThermalEngine( 1032): Sensor:tsens_tz_sensor5:83000 mC
E/QCALOG  ( 1049): [MessageQ] ProcessNewMessage: [XT-CS] unknown deliver target [OS-Agent]
I/ThermalEngine( 1032): Sensor:tsens_tz_sensor2:83000 mC
I/ThermalEngine( 1032): Sensor:tsens_tz_sensor5:84000 mC
I/ThermalEngine( 1032): Sensor:tsens_tz_sensor2:85000 mC
I/ThermalEngine( 1032): Sensor:tsens_tz_sensor5:82000 mC
I/ThermalEngine( 1032): Sensor:batt_temp:41800 mC
I/ThermalEngine( 1032): Sensor:tsens_tz_sensor2:87000 mC
I/ThermalEngine( 1032): Sensor:tsens_tz_sensor5:81000 mC
I/ThermalEngine( 1032): Sensor:tsens_tz_sensor2:83000 mC
I/ThermalEngine( 1032): Sensor:tsens_tz_sensor5:83000 mC
I/ThermalEngine( 1032): Sensor:tsens_tz_sensor2:83000 mC
I/ThermalEngine( 1032): Sensor:tsens_tz_sensor5:83000 mC
I/ThermalEngine( 1032): Sensor:tsens_tz_sensor2:86000 mC
I/ThermalEngine( 1032): Sensor:tsens_tz_sensor5:81000 mC
I/ThermalEngine( 1032): Sensor:batt_temp:41800 mC
I/ThermalEngine( 1032): Sensor:tsens_tz_sensor2:83000 mC
I/ThermalEngine( 1032): Sensor:tsens_tz_sensor5:82000 mC
I/ThermalEngine( 1032): Sensor:tsens_tz_sensor2:82000 mC
I/ThermalEngine( 1032): Sensor:tsens_tz_sensor5:83000 mC
I/ThermalEngine( 1032): Sensor:tsens_tz_sensor2:82000 mC
I/ThermalEngine( 1032): Sensor:tsens_tz_sensor5:80000 mC
I/UpstartPropertyWatcher(  986): Property changed: init.svc.ppd=running
I/UpstartPropertyWatcher(  986): Property changed: init.svc.gsiff_daemon=running
I/UpstartPropertyWatcher(  986): Property changed: init.svc.quipc_igsn=running
I/UpstartPropertyWatcher(  986): Property changed: init.svc.quipc_main=running
I/UpstartPropertyWatcher(  986): Property changed: init.svc.xtwifi_inet=running
I/UpstartPropertyWatcher(  986): Property changed: init.svc.xtwifi_inet=restarting
I/UpstartPropertyWatcher(  986): Property changed: init.svc.quipc_igsn=restarting
I/UpstartPropertyWatcher(  986): Property changed: init.svc.ppd=restarting
I/UpstartPropertyWatcher(  986): Property changed: init.svc.gsiff_daemon=restarting
I/UpstartPropertyWatcher(  986): Property changed: init.svc.quipc_main=restarting
I/ThermalEngine( 1032): Sensor:tsens_tz_sensor2:82000 mC
I/ThermalEngine( 1032): Sensor:tsens_tz_sensor5:80000 mC
I/ThermalEngine( 1032): Sensor:batt_temp:41800 mC
I/ThermalEngine( 1032): Sensor:tsens_tz_sensor2:83000 mC
I/ThermalEngine( 1032): Sensor:tsens_tz_sensor5:81000 mC
I/ThermalEngine( 1032): Sensor:tsens_tz_sensor2:82000 mC
I/ThermalEngine( 1032): Sensor:tsens_tz_sensor5:81000 mC
I/ThermalEngine( 1032): Sensor:tsens_tz_sensor2:81000 mC
I/ThermalEngine( 1032): Sensor:tsens_tz_sensor5:82000 mC
I/ThermalEngine( 1032): Sensor:tsens_tz_sensor2:82000 mC
I/ThermalEngine( 1032): Sensor:tsens_tz_sensor5:80000 mC
E/QCALOG  ( 1049): [MessageQ] ProcessNewMessage: [XTWiFi-PE] unknown deliver target [OS-Agent]
E/QCALOG  ( 1049): [MessageQ] ProcessNewMessage: [XTWWAN-PE] unknown deliver target [OS-Agent]
I/ThermalEngine( 1032): Sensor:batt_temp:41800 mC
I/ThermalEngine( 1032): Sensor:tsens_tz_sensor2:82000 mC
I/ThermalEngine( 1032): Sensor:tsens_tz_sensor5:80000 mC
I/ThermalEngine( 1032): Sensor:tsens_tz_sensor2:81000 mC
I/ThermalEngine( 1032): Sensor:tsens_tz_sensor5:81000 mC
I/ThermalEngine( 1032): Sensor:tsens_tz_sensor2:81000 mC
I/ThermalEngine( 1032): Sensor:tsens_tz_sensor5:80000 mC
I/ThermalEngine( 1032): Sensor:tsens_tz_sensor2:81000 mC
I/ThermalEngine( 1032): Sensor:tsens_tz_sensor5:80000 mC
I/ThermalEngine( 1032): Sensor:batt_temp:41800 mC
I/ThermalEngine( 1032): Sensor:tsens_tz_sensor2:80000 mC
I/ThermalEngine( 1032): Sensor:tsens_tz_sensor5:81000 mC
I/ThermalEngine( 1032): Sensor:tsens_tz_sensor2:80000 mC
I/ThermalEngine( 1032): Sensor:tsens_tz_sensor5:81000 mC
E/QCALOG  ( 1049): [MessageQ] ProcessNewMessage: [XT-CS] unknown deliver target [OS-Agent]
I/ThermalEngine( 1032): Sensor:tsens_tz_sensor2:81000 mC
I/ThermalEngine( 1032): Sensor:tsens_tz_sensor5:80000 mC
I/ThermalEngine( 1032): Sensor:tsens_tz_sensor2:81000 mC
I/ThermalEngine( 1032): Sensor:tsens_tz_sensor5:80000 mC
I/ThermalEngine( 1032): Sensor:batt_temp:41800 mC
I/ThermalEngine( 1032): Sensor:tsens_tz_sensor2:80000 mC
I/ThermalEngine( 1032): Sensor:tsens_tz_sensor5:81000 mC
I/ThermalEngine( 1032): Sensor:tsens_tz_sensor2:81000 mC
I/ThermalEngine( 1032): Sensor:tsens_tz_sensor5:79000 mC
I/ThermalEngine( 1032): Sensor:tsens_tz_sensor2:81000 mC
I/ThermalEngine( 1032): Sensor:tsens_tz_sensor5:79000 mC
I/ThermalEngine( 1032): Sensor:tsens_tz_sensor2:80000 mC
I/ThermalEngine( 1032): Sensor:tsens_tz_sensor5:81000 mC
I/ThermalEngine( 1032): Sensor:batt_temp:41800 mC
I/ThermalEngine( 1032): Sensor:tsens_tz_sensor2:80000 mC
I/ThermalEngine( 1032): Sensor:tsens_tz_sensor5:80000 mC
I/ThermalEngine( 1032): Sensor:tsens_tz_sensor2:81000 mC
I/ThermalEngine( 1032): Sensor:tsens_tz_sensor5:79000 mC
I/ThermalEngine( 1032): Sensor:tsens_tz_sensor2:80000 mC
I/ThermalEngine( 1032): Sensor:tsens_tz_sensor5:81000 mC
I/UpstartPropertyWatcher(  986): Property changed: init.svc.ppd=running
I/UpstartPropertyWatcher(  986): Property changed: init.svc.quipc_igsn=running
I/UpstartPropertyWatcher(  986): Property changed: init.svc.gsiff_daemon=running
I/UpstartPropertyWatcher(  986): Property changed: init.svc.quipc_main=running
I/UpstartPropertyWatcher(  986): Property changed: init.svc.xtwifi_inet=running
I/UpstartPropertyWatcher(  986): Property changed: init.svc.gsiff_daemon=restarting
I/UpstartPropertyWatcher(  986): Property changed: init.svc.quipc_igsn=restarting
I/UpstartPropertyWatcher(  986): Property changed: init.svc.xtwifi_inet=restarting
I/UpstartPropertyWatcher(  986): Property changed: init.svc.ppd=restarting
I/UpstartPropertyWatcher(  986): Property changed: init.svc.quipc_main=restarting
I/ThermalEngine( 1032): Sensor:tsens_tz_sensor2:80000 mC
I/ThermalEngine( 1032): Sensor:tsens_tz_sensor5:81000 mC
I/ThermalEngine( 1032): Sensor:batt_temp:41800 mC
I/ThermalEngine( 1032): Sensor:tsens_tz_sensor2:82000 mC
I/ThermalEngine( 1032): Sensor:tsens_tz_sensor5:80000 mC
I/ThermalEngine( 1032): Sensor:tsens_tz_sensor2:81000 mC
I/ThermalEngine( 1032): Sensor:tsens_tz_sensor5:80000 mC
I/ThermalEngine( 1032): Sensor:tsens_tz_sensor2:80000 mC
I/ThermalEngine( 1032): Sensor:tsens_tz_sensor5:81000 mC
I/ThermalEngine( 1032): Sensor:tsens_tz_sensor2:81000 mC
I/ThermalEngine( 1032): Sensor:tsens_tz_sensor5:79000 mC
E/QCALOG  ( 1049): [MessageQ] ProcessNewMessage: [XTWiFi-PE] unknown deliver target [OS-Agent]
E/QCALOG  ( 1049): [MessageQ] ProcessNewMessage: [XTWWAN-PE] unknown deliver target [OS-Agent]
I/ThermalEngine( 1032): Sensor:batt_temp:41900 mC
I/ThermalEngine( 1032): Sensor:tsens_tz_sensor2:81000 mC
I/ThermalEngine( 1032): Sensor:tsens_tz_sensor5:79000 mC
I/ThermalEngine( 1032): Sensor:tsens_tz_sensor2:80000 mC
I/ThermalEngine( 1032): Sensor:tsens_tz_sensor5:80000 mC
I/ThermalEngine( 1032): Sensor:tsens_tz_sensor2:80000 mC
I/ThermalEngine( 1032): Sensor:tsens_tz_sensor5:80000 mC
I/ThermalEngine( 1032): Sensor:tsens_tz_sensor2:81000 mC
I/ThermalEngine( 1032): Sensor:tsens_tz_sensor5:79000 mC
I/ThermalEngine( 1032): Sensor:batt_temp:41900 mC
I/ThermalEngine( 1032): Sensor:tsens_tz_sensor2:79000 mC
I/ThermalEngine( 1032): Sensor:tsens_tz_sensor5:80000 mC
I/ThermalEngine( 1032): Sensor:tsens_tz_sensor2:79000 mC
I/ThermalEngine( 1032): Sensor:tsens_tz_sensor5:80000 mC
E/QCALOG  ( 1049): [MessageQ] ProcessNewMessage: [XT-CS] unknown deliver target [OS-Agent]
I/ThermalEngine( 1032): Sensor:tsens_tz_sensor2:80000 mC
I/ThermalEngine( 1032): Sensor:tsens_tz_sensor5:79000 mC
I/ThermalEngine( 1032): Sensor:tsens_tz_sensor2:80000 mC
I/ThermalEngine( 1032): Sensor:tsens_tz_sensor5:80000 mC
I/ThermalEngine( 1032): Sensor:batt_temp:41900 mC
I/ThermalEngine( 1032): Sensor:tsens_tz_sensor2:79000 mC
I/ThermalEngine( 1032): Sensor:tsens_tz_sensor5:80000 mC
I/ThermalEngine( 1032): Sensor:tsens_tz_sensor2:80000 mC
I/ThermalEngine( 1032): Sensor:tsens_tz_sensor5:81000 mC
I/ThermalEngine( 1032): Sensor:tsens_tz_sensor2:80000 mC
I/ThermalEngine( 1032): Sensor:tsens_tz_sensor5:81000 mC
I/ThermalEngine( 1032): Sensor:tsens_tz_sensor2:80000 mC
I/ThermalEngine( 1032): Sensor:tsens_tz_sensor5:80000 mC
I/ThermalEngine( 1032): Sensor:batt_temp:42000 mC
I/ThermalEngine( 1032): Sensor:tsens_tz_sensor2:77000 mC
I/ThermalEngine( 1032): Sensor:tsens_tz_sensor5:77000 mC
I/UpstartPropertyWatcher(  986): Property changed: init.svc.ppd=running
I/UpstartPropertyWatcher(  986): Property changed: init.svc.quipc_igsn=running
I/UpstartPropertyWatcher(  986): Property changed: init.svc.quipc_main=running
I/UpstartPropertyWatcher(  986): Property changed: init.svc.xtwifi_inet=running
I/UpstartPropertyWatcher(  986): Property changed: init.svc.gsiff_daemon=running
I/UpstartPropertyWatcher(  986): Property changed: init.svc.quipc_igsn=restarting
I/UpstartPropertyWatcher(  986): Property changed: init.svc.xtwifi_inet=restarting
I/UpstartPropertyWatcher(  986): Property changed: init.svc.ppd=restarting
D/libEGL  ( 2334): loaded /vendor/lib/egl/libEGL_adreno.so
I/UpstartPropertyWatcher(  986): Property changed: init.svc.quipc_main=restarting
D/libEGL  ( 2334): loaded /vendor/lib/egl/libGLESv1_CM_adreno.so
I/UpstartPropertyWatcher(  986): Property changed: init.svc.gsiff_daemon=restarting
I/ThermalEngine( 1032): Sensor:tsens_tz_sensor2:83000 mC
I/ThermalEngine( 1032): Sensor:tsens_tz_sensor5:80000 mC
D/libEGL  ( 2334): loaded /vendor/lib/egl/libGLESv2_adreno.so
I/ThermalEngine( 1032): Sensor:tsens_tz_sensor2:83000 mC
I/ThermalEngine( 1032): Sensor:tsens_tz_sensor5:82000 mC
I/ThermalEngine( 1032): Sensor:tsens_tz_sensor2:83000 mC
I/ThermalEngine( 1032): Sensor:tsens_tz_sensor5:82000 mC
I/ThermalEngine( 1032): Sensor:batt_temp:41900 mC
I/ThermalEngine( 1032): Sensor:tsens_tz_sensor2:86000 mC
I/ThermalEngine( 1032): Sensor:tsens_tz_sensor5:81000 mC
I/ThermalEngine( 1032): Sensor:tsens_tz_sensor2:85000 mC
I/ThermalEngine( 1032): Sensor:tsens_tz_sensor5:80000 mC
I/ThermalEngine( 1032): Sensor:tsens_tz_sensor2:82000 mC
I/ThermalEngine( 1032): Sensor:tsens_tz_sensor5:81000 mC
I/ThermalEngine( 1032): Sensor:tsens_tz_sensor2:81000 mC
I/ThermalEngine( 1032): Sensor:tsens_tz_sensor5:79000 mC
E/QCALOG  ( 1049): [MessageQ] ProcessNewMessage: [XTWiFi-PE] unknown deliver target [OS-Agent]
E/QCALOG  ( 1049): [MessageQ] ProcessNewMessage: [XTWWAN-PE] unknown deliver target [OS-Agent]
I/ThermalEngine( 1032): Sensor:batt_temp:42000 mC
I/ThermalEngine( 1032): Sensor:tsens_tz_sensor2:81000 mC
I/ThermalEngine( 1032): Sensor:tsens_tz_sensor5:79000 mC
I/ThermalEngine( 1032): Sensor:tsens_tz_sensor2:85000 mC
I/ThermalEngine( 1032): Sensor:tsens_tz_sensor5:80000 mC
I/ThermalEngine( 1032): Sensor:tsens_tz_sensor2:87000 mC
I/ThermalEngine( 1032): Sensor:tsens_tz_sensor5:81000 mC
I/ThermalEngine( 1032): Sensor:tsens_tz_sensor2:88000 mC
I/ThermalEngine( 1032): Sensor:tsens_tz_sensor5:81000 mC
I/ThermalEngine( 1032): Sensor:batt_temp:42000 mC
I/ThermalEngine( 1032): Sensor:tsens_tz_sensor2:88000 mC
I/ThermalEngine( 1032): Sensor:tsens_tz_sensor5:81000 mC
D/libEGL  ( 2374): loaded /vendor/lib/egl/libEGL_adreno.so
D/libEGL  ( 2374): loaded /vendor/lib/egl/libGLESv1_CM_adreno.so
D/libEGL  ( 2374): loaded /vendor/lib/egl/libGLESv2_adreno.so
I/ThermalEngine( 1032): Sensor:tsens_tz_sensor2:88000 mC
I/ThermalEngine( 1032): Sensor:tsens_tz_sensor5:81000 mC
E/QCALOG  ( 1049): [MessageQ] ProcessNewMessage: [XT-CS] unknown deliver target [OS-Agent]
I/ThermalEngine( 1032): Sensor:tsens_tz_sensor2:85000 mC
I/ThermalEngine( 1032): Sensor:tsens_tz_sensor5:83000 mC
I/ThermalEngine( 1032): Sensor:tsens_tz_sensor2:83000 mC
I/ThermalEngine( 1032): Sensor:tsens_tz_sensor5:81000 mC
I/ThermalEngine( 1032): Sensor:batt_temp:42000 mC
I/ThermalEngine( 1032): Sensor:tsens_tz_sensor2:82000 mC
I/ThermalEngine( 1032): Sensor:tsens_tz_sensor5:80000 mC
I/ThermalEngine( 1032): Sensor:tsens_tz_sensor2:82000 mC
I/ThermalEngine( 1032): Sensor:tsens_tz_sensor5:80000 mC
I/ThermalEngine( 1032): Sensor:tsens_tz_sensor2:82000 mC
I/ThermalEngine( 1032): Sensor:tsens_tz_sensor5:80000 mC
I/ThermalEngine( 1032): Sensor:tsens_tz_sensor2:74000 mC
I/ThermalEngine( 1032): Sensor:tsens_tz_sensor5:74000 mC
I/ThermalEngine( 1032): Sensor:batt_temp:41800 mC
I/ThermalEngine( 1032): Sensor:tsens_tz_sensor2:71000 mC
I/ThermalEngine( 1032): Sensor:tsens_tz_sensor5:71000 mC
I/UpstartPropertyWatcher(  986): Property changed: init.svc.ppd=running
I/UpstartPropertyWatcher(  986): Property changed: init.svc.gsiff_daemon=running
I/UpstartPropertyWatcher(  986): Property changed: init.svc.quipc_igsn=running
I/UpstartPropertyWatcher(  986): Property changed: init.svc.quipc_main=running
I/UpstartPropertyWatcher(  986): Property changed: init.svc.xtwifi_inet=running
D/libEGL  ( 2383): loaded /vendor/lib/egl/libEGL_adreno.so
D/libEGL  ( 2383): loaded /vendor/lib/egl/libGLESv1_CM_adreno.so
I/UpstartPropertyWatcher(  986): Property changed: init.svc.quipc_igsn=restarting
I/UpstartPropertyWatcher(  986): Property changed: init.svc.xtwifi_inet=restarting
D/libEGL  ( 2383): loaded /vendor/lib/egl/libGLESv2_adreno.so
I/UpstartPropertyWatcher(  986): Property changed: init.svc.gsiff_daemon=restarting
I/UpstartPropertyWatcher(  986): Property changed: init.svc.ppd=restarting
I/UpstartPropertyWatcher(  986): Property changed: init.svc.quipc_main=restarting
I/ThermalEngine( 1032): Sensor:tsens_tz_sensor2:78000 mC
I/ThermalEngine( 1032): Sensor:tsens_tz_sensor5:77000 mC
I/ThermalEngine( 1032): Sensor:tsens_tz_sensor2:78000 mC
I/ThermalEngine( 1032): Sensor:tsens_tz_sensor5:76000 mC
I/ThermalEngine( 1032): Sensor:tsens_tz_sensor2:78000 mC
I/ThermalEngine( 1032): Sensor:tsens_tz_sensor5:76000 mC
I/ThermalEngine( 1032): Sensor:batt_temp:42000 mC
I/ThermalEngine( 1032): Sensor:tsens_tz_sensor2:79000 mC
I/ThermalEngine( 1032): Sensor:tsens_tz_sensor5:77000 mC
E/QCALOG  ( 1049): [MessageQ] ProcessNewMessage: [LOWI-SERVER] unknown deliver target [OS-Agent]
I/ThermalEngine( 1032): Sensor:tsens_tz_sensor2:79000 mC
I/ThermalEngine( 1032): Sensor:tsens_tz_sensor5:77000 mC
I/ThermalEngine( 1032): Sensor:tsens_tz_sensor2:78000 mC
I/ThermalEngine( 1032): Sensor:tsens_tz_sensor5:77000 mC
I/ThermalEngine( 1032): Sensor:tsens_tz_sensor2:71000 mC
I/ThermalEngine( 1032): Sensor:tsens_tz_sensor5:71000 mC
E/QCALOG  ( 1049): [MessageQ] ProcessNewMessage: [XTWiFi-PE] unknown deliver target [OS-Agent]
E/QCALOG  ( 1049): [MessageQ] ProcessNewMessage: [XTWWAN-PE] unknown deliver target [OS-Agent]
I/ThermalEngine( 1032): Sensor:batt_temp:41800 mC
I/ThermalEngine( 1032): Sensor:tsens_tz_sensor2:71000 mC
I/ThermalEngine( 1032): Sensor:tsens_tz_sensor5:71000 mC
D/libEGL  ( 2394): loaded /vendor/lib/egl/libEGL_adreno.so
D/libEGL  ( 2394): loaded /vendor/lib/egl/libGLESv1_CM_adreno.so
D/libEGL  ( 2394): loaded /vendor/lib/egl/libGLESv2_adreno.so
I/ThermalEngine( 1032): Sensor:tsens_tz_sensor2:68000 mC
I/ThermalEngine( 1032): Sensor:tsens_tz_sensor5:69000 mC
I/ThermalEngine( 1032): Sensor:tsens_tz_sensor2:76000 mC
I/ThermalEngine( 1032): Sensor:tsens_tz_sensor5:75000 mC
I/ThermalEngine( 1032): Sensor:tsens_tz_sensor2:77000 mC
I/ThermalEngine( 1032): Sensor:tsens_tz_sensor5:76000 mC
I/ThermalEngine( 1032): Sensor:batt_temp:42000 mC
I/ThermalEngine( 1032): Sensor:tsens_tz_sensor2:77000 mC
I/ThermalEngine( 1032): Sensor:tsens_tz_sensor5:76000 mC
I/ThermalEngine( 1032): Sensor:tsens_tz_sensor2:78000 mC
I/ThermalEngine( 1032): Sensor:tsens_tz_sensor5:76000 mC
E/QCALOG  ( 1049): [MessageQ] ProcessNewMessage: [XT-CS] unknown deliver target [OS-Agent]
I/ThermalEngine( 1032): Sensor:tsens_tz_sensor2:78000 mC
I/ThermalEngine( 1032): Sensor:tsens_tz_sensor5:77000 mC
I/ThermalEngine( 1032): Sensor:tsens_tz_sensor2:70000 mC
I/ThermalEngine( 1032): Sensor:tsens_tz_sensor5:71000 mC
I/ThermalEngine( 1032): Sensor:batt_temp:41800 mC
I/ThermalEngine( 1032): Sensor:tsens_tz_sensor2:68000 mC
I/ThermalEngine( 1032): Sensor:tsens_tz_sensor5:68000 mC
D/libEGL  ( 2400): loaded /vendor/lib/egl/libEGL_adreno.so
D/libEGL  ( 2400): loaded /vendor/lib/egl/libGLESv1_CM_adreno.so
D/libEGL  ( 2400): loaded /vendor/lib/egl/libGLESv2_adreno.so
I/ThermalEngine( 1032): Sensor:tsens_tz_sensor2:68000 mC
I/ThermalEngine( 1032): Sensor:tsens_tz_sensor5:68000 mC
I/ThermalEngine( 1032): Sensor:tsens_tz_sensor2:72000 mC
I/ThermalEngine( 1032): Sensor:tsens_tz_sensor5:73000 mC
I/ThermalEngine( 1032): Sensor:tsens_tz_sensor2:75000 mC
I/ThermalEngine( 1032): Sensor:tsens_tz_sensor5:74000 mC
I/ThermalEngine( 1032): Sensor:batt_temp:42000 mC
I/ThermalEngine( 1032): Sensor:tsens_tz_sensor2:76000 mC
I/ThermalEngine( 1032): Sensor:tsens_tz_sensor5:75000 mC
I/ThermalEngine( 1032): Sensor:tsens_tz_sensor2:77000 mC
I/ThermalEngine( 1032): Sensor:tsens_tz_sensor5:75000 mC
I/UpstartPropertyWatcher(  986): Property changed: init.svc.ppd=running
I/UpstartPropertyWatcher(  986): Property changed: init.svc.gsiff_daemon=running
I/UpstartPropertyWatcher(  986): Property changed: init.svc.quipc_igsn=running
I/UpstartPropertyWatcher(  986): Property changed: init.svc.quipc_main=running
I/UpstartPropertyWatcher(  986): Property changed: init.svc.xtwifi_inet=running
I/UpstartPropertyWatcher(  986): Property changed: init.svc.quipc_igsn=restarting
I/UpstartPropertyWatcher(  986): Property changed: init.svc.xtwifi_inet=restarting
I/UpstartPropertyWatcher(  986): Property changed: init.svc.ppd=restarting
I/UpstartPropertyWatcher(  986): Property changed: init.svc.gsiff_daemon=restarting
I/UpstartPropertyWatcher(  986): Property changed: init.svc.quipc_main=restarting
I/ThermalEngine( 1032): Sensor:tsens_tz_sensor2:77000 mC
I/ThermalEngine( 1032): Sensor:tsens_tz_sensor5:75000 mC
I/ThermalEngine( 1032): Sensor:tsens_tz_sensor2:76000 mC
I/ThermalEngine( 1032): Sensor:tsens_tz_sensor5:75000 mC
I/ThermalEngine( 1032): Sensor:batt_temp:41800 mC
I/ThermalEngine( 1032): Sensor:tsens_tz_sensor2:69000 mC
I/ThermalEngine( 1032): Sensor:tsens_tz_sensor5:69000 mC
I/ThermalEngine( 1032): Sensor:tsens_tz_sensor2:67000 mC
I/ThermalEngine( 1032): Sensor:tsens_tz_sensor5:67000 mC
D/libEGL  ( 2411): loaded /vendor/lib/egl/libEGL_adreno.so
D/libEGL  ( 2411): loaded /vendor/lib/egl/libGLESv1_CM_adreno.so
D/libEGL  ( 2411): loaded /vendor/lib/egl/libGLESv2_adreno.so
I/ThermalEngine( 1032): Sensor:tsens_tz_sensor2:74000 mC
I/ThermalEngine( 1032): Sensor:tsens_tz_sensor5:73000 mC
I/ThermalEngine( 1032): Sensor:tsens_tz_sensor2:74000 mC
I/ThermalEngine( 1032): Sensor:tsens_tz_sensor5:73000 mC
E/QCALOG  ( 1049): [MessageQ] ProcessNewMessage: [XTWiFi-PE] unknown deliver target [OS-Agent]
E/QCALOG  ( 1049): [MessageQ] ProcessNewMessage: [XTWWAN-PE] unknown deliver target [OS-Agent]
I/ThermalEngine( 1032): Sensor:batt_temp:42000 mC
I/ThermalEngine( 1032): Sensor:tsens_tz_sensor2:76000 mC
I/ThermalEngine( 1032): Sensor:tsens_tz_sensor5:74000 mC
I/ThermalEngine( 1032): Sensor:tsens_tz_sensor2:76000 mC
I/ThermalEngine( 1032): Sensor:tsens_tz_sensor5:75000 mC
I/ThermalEngine( 1032): Sensor:tsens_tz_sensor2:77000 mC
I/ThermalEngine( 1032): Sensor:tsens_tz_sensor5:76000 mC
I/ThermalEngine( 1032): Sensor:tsens_tz_sensor2:70000 mC
I/ThermalEngine( 1032): Sensor:tsens_tz_sensor5:70000 mC
I/ThermalEngine( 1032): Sensor:batt_temp:41800 mC
I/ThermalEngine( 1032): Sensor:tsens_tz_sensor2:70000 mC
I/ThermalEngine( 1032): Sensor:tsens_tz_sensor5:70000 mC
I/ThermalEngine( 1032): Sensor:tsens_tz_sensor2:68000 mC
I/ThermalEngine( 1032): Sensor:tsens_tz_sensor5:68000 mC
D/libEGL  ( 2417): loaded /vendor/lib/egl/libEGL_adreno.so
D/libEGL  ( 2417): loaded /vendor/lib/egl/libGLESv1_CM_adreno.so
D/libEGL  ( 2417): loaded /vendor/lib/egl/libGLESv2_adreno.so
E/QCALOG  ( 1049): [MessageQ] ProcessNewMessage: [XT-CS] unknown deliver target [OS-Agent]
I/ThermalEngine( 1032): Sensor:tsens_tz_sensor2:71000 mC
I/ThermalEngine( 1032): Sensor:tsens_tz_sensor5:71000 mC
I/ThermalEngine( 1032): Sensor:tsens_tz_sensor2:78000 mC
I/ThermalEngine( 1032): Sensor:tsens_tz_sensor5:73000 mC
I/ThermalEngine( 1032): Sensor:batt_temp:42000 mC
I/ThermalEngine( 1032): Sensor:tsens_tz_sensor2:79000 mC
I/ThermalEngine( 1032): Sensor:tsens_tz_sensor5:74000 mC
I/ThermalEngine( 1032): Sensor:tsens_tz_sensor2:79000 mC
I/ThermalEngine( 1032): Sensor:tsens_tz_sensor5:74000 mC
I/ThermalEngine( 1032): Sensor:tsens_tz_sensor2:79000 mC
I/ThermalEngine( 1032): Sensor:tsens_tz_sensor5:75000 mC
I/ThermalEngine( 1032): Sensor:tsens_tz_sensor2:75000 mC
I/ThermalEngine( 1032): Sensor:tsens_tz_sensor5:75000 mC
I/ThermalEngine( 1032): Sensor:batt_temp:41800 mC
I/ThermalEngine( 1032): Sensor:tsens_tz_sensor2:68000 mC
I/ThermalEngine( 1032): Sensor:tsens_tz_sensor5:68000 mC
I/ThermalEngine( 1032): Sensor:tsens_tz_sensor2:66000 mC
I/ThermalEngine( 1032): Sensor:tsens_tz_sensor5:67000 mC
I/UpstartPropertyWatcher(  986): Property changed: init.svc.ppd=running
I/UpstartPropertyWatcher(  986): Property changed: init.svc.gsiff_daemon=running
I/UpstartPropertyWatcher(  986): Property changed: init.svc.quipc_igsn=running
I/UpstartPropertyWatcher(  986): Property changed: init.svc.quipc_main=running
I/UpstartPropertyWatcher(  986): Property changed: init.svc.xtwifi_inet=running
I/UpstartPropertyWatcher(  986): Property changed: init.svc.ppd=restarting
I/UpstartPropertyWatcher(  986): Property changed: init.svc.quipc_igsn=restarting
I/UpstartPropertyWatcher(  986): Property changed: init.svc.xtwifi_inet=restarting
I/UpstartPropertyWatcher(  986): Property changed: init.svc.quipc_main=restarting
I/UpstartPropertyWatcher(  986): Property changed: init.svc.gsiff_daemon=restarting
D/libEGL  ( 2423): loaded /vendor/lib/egl/libEGL_adreno.so
D/libEGL  ( 2423): loaded /vendor/lib/egl/libGLESv1_CM_adreno.so
D/libEGL  ( 2423): loaded /vendor/lib/egl/libGLESv2_adreno.so
I/ThermalEngine( 1032): Sensor:tsens_tz_sensor2:66000 mC
I/ThermalEngine( 1032): Sensor:tsens_tz_sensor5:67000 mC
I/ThermalEngine( 1032): Sensor:tsens_tz_sensor2:73000 mC
I/ThermalEngine( 1032): Sensor:tsens_tz_sensor5:72000 mC
I/ThermalEngine( 1032): Sensor:batt_temp:42000 mC
I/ThermalEngine( 1032): Sensor:tsens_tz_sensor2:75000 mC
I/ThermalEngine( 1032): Sensor:tsens_tz_sensor5:73000 mC
I/ThermalEngine( 1032): Sensor:tsens_tz_sensor2:75000 mC
I/ThermalEngine( 1032): Sensor:tsens_tz_sensor5:74000 mC
I/ThermalEngine( 1032): Sensor:tsens_tz_sensor2:76000 mC
I/ThermalEngine( 1032): Sensor:tsens_tz_sensor5:74000 mC
I/ThermalEngine( 1032): Sensor:tsens_tz_sensor2:76000 mC
I/ThermalEngine( 1032): Sensor:tsens_tz_sensor5:74000 mC
E/QCALOG  ( 1049): [MessageQ] ProcessNewMessage: [XTWiFi-PE] unknown deliver target [OS-Agent]
E/QCALOG  ( 1049): [MessageQ] ProcessNewMessage: [XTWWAN-PE] unknown deliver target [OS-Agent]
I/ThermalEngine( 1032): Sensor:batt_temp:41800 mC
I/ThermalEngine( 1032): Sensor:tsens_tz_sensor2:70000 mC
I/ThermalEngine( 1032): Sensor:tsens_tz_sensor5:69000 mC
I/ThermalEngine( 1032): Sensor:tsens_tz_sensor2:67000 mC
I/ThermalEngine( 1032): Sensor:tsens_tz_sensor5:67000 mC
D/libEGL  ( 2434): loaded /vendor/lib/egl/libEGL_adreno.so
D/libEGL  ( 2434): loaded /vendor/lib/egl/libGLESv1_CM_adreno.so
D/libEGL  ( 2434): loaded /vendor/lib/egl/libGLESv2_adreno.so
I/ThermalEngine( 1032): Sensor:tsens_tz_sensor2:68000 mC
I/ThermalEngine( 1032): Sensor:tsens_tz_sensor5:70000 mC
I/ThermalEngine( 1032): Sensor:tsens_tz_sensor2:73000 mC
I/ThermalEngine( 1032): Sensor:tsens_tz_sensor5:72000 mC
I/ThermalEngine( 1032): Sensor:batt_temp:42000 mC
I/ThermalEngine( 1032): Sensor:tsens_tz_sensor2:73000 mC
I/ThermalEngine( 1032): Sensor:tsens_tz_sensor5:72000 mC
I/ThermalEngine( 1032): Sensor:tsens_tz_sensor2:75000 mC
I/ThermalEngine( 1032): Sensor:tsens_tz_sensor5:73000 mC
E/QCALOG  ( 1049): [MessageQ] ProcessNewMessage: [XT-CS] unknown deliver target [OS-Agent]
I/ThermalEngine( 1032): Sensor:tsens_tz_sensor2:75000 mC
I/ThermalEngine( 1032): Sensor:tsens_tz_sensor5:74000 mC
I/ThermalEngine( 1032): Sensor:tsens_tz_sensor2:75000 mC
I/ThermalEngine( 1032): Sensor:tsens_tz_sensor5:74000 mC
I/ThermalEngine( 1032): Sensor:batt_temp:41800 mC
I/ThermalEngine( 1032): Sensor:tsens_tz_sensor2:68000 mC
I/ThermalEngine( 1032): Sensor:tsens_tz_sensor5:68000 mC
I/ThermalEngine( 1032): Sensor:tsens_tz_sensor2:68000 mC
I/ThermalEngine( 1032): Sensor:tsens_tz_sensor5:68000 mC
D/libEGL  ( 2440): loaded /vendor/lib/egl/libEGL_adreno.so
I/ThermalEngine( 1032): Sensor:tsens_tz_sensor2:66000 mC
I/ThermalEngine( 1032): Sensor:tsens_tz_sensor5:67000 mC
D/libEGL  ( 2440): loaded /vendor/lib/egl/libGLESv1_CM_adreno.so
D/libEGL  ( 2440): loaded /vendor/lib/egl/libGLESv2_adreno.so
I/ThermalEngine( 1032): Sensor:tsens_tz_sensor2:71000 mC
I/ThermalEngine( 1032): Sensor:tsens_tz_sensor5:72000 mC
I/ThermalEngine( 1032): Sensor:batt_temp:42000 mC
I/ThermalEngine( 1032): Sensor:tsens_tz_sensor2:73000 mC
I/ThermalEngine( 1032): Sensor:tsens_tz_sensor5:74000 mC
I/ThermalEngine( 1032): Sensor:tsens_tz_sensor2:73000 mC
I/ThermalEngine( 1032): Sensor:tsens_tz_sensor5:75000 mC
I/ThermalEngine( 1032): Sensor:tsens_tz_sensor2:73000 mC
I/ThermalEngine( 1032): Sensor:tsens_tz_sensor5:75000 mC
I/UpstartPropertyWatcher(  986): Property changed: init.svc.ppd=running
I/UpstartPropertyWatcher(  986): Property changed: init.svc.gsiff_daemon=running
I/UpstartPropertyWatcher(  986): Property changed: init.svc.quipc_igsn=running
I/UpstartPropertyWatcher(  986): Property changed: init.svc.quipc_main=running
I/UpstartPropertyWatcher(  986): Property changed: init.svc.xtwifi_inet=running
I/UpstartPropertyWatcher(  986): Property changed: init.svc.ppd=restarting
I/UpstartPropertyWatcher(  986): Property changed: init.svc.xtwifi_inet=restarting
I/UpstartPropertyWatcher(  986): Property changed: init.svc.gsiff_daemon=restarting
I/UpstartPropertyWatcher(  986): Property changed: init.svc.quipc_igsn=restarting
I/UpstartPropertyWatcher(  986): Property changed: init.svc.quipc_main=restarting
I/ThermalEngine( 1032): Sensor:tsens_tz_sensor2:74000 mC
I/ThermalEngine( 1032): Sensor:tsens_tz_sensor5:75000 mC
I/ThermalEngine( 1032): Sensor:batt_temp:41900 mC
I/ThermalEngine( 1032): Sensor:tsens_tz_sensor2:70000 mC
I/ThermalEngine( 1032): Sensor:tsens_tz_sensor5:70000 mC
I/ThermalEngine( 1032): Sensor:tsens_tz_sensor2:67000 mC
I/ThermalEngine( 1032): Sensor:tsens_tz_sensor5:67000 mC
I/ThermalEngine( 1032): Sensor:tsens_tz_sensor2:69000 mC
I/ThermalEngine( 1032): Sensor:tsens_tz_sensor5:69000 mC
D/libEGL  ( 2451): loaded /vendor/lib/egl/libEGL_adreno.so
D/libEGL  ( 2451): loaded /vendor/lib/egl/libGLESv1_CM_adreno.so
D/libEGL  ( 2451): loaded /vendor/lib/egl/libGLESv2_adreno.so
I/ThermalEngine( 1032): Sensor:tsens_tz_sensor2:69000 mC
I/ThermalEngine( 1032): Sensor:tsens_tz_sensor5:69000 mC
E/QCALOG  ( 1049): [MessageQ] ProcessNewMessage: [XTWiFi-PE] unknown deliver target [OS-Agent]
E/QCALOG  ( 1049): [MessageQ] ProcessNewMessage: [XTWWAN-PE] unknown deliver target [OS-Agent]
I/ThermalEngine( 1032): Sensor:batt_temp:42000 mC
I/ThermalEngine( 1032): Sensor:tsens_tz_sensor2:72000 mC
I/ThermalEngine( 1032): Sensor:tsens_tz_sensor5:73000 mC
I/ThermalEngine( 1032): Sensor:tsens_tz_sensor2:73000 mC
I/ThermalEngine( 1032): Sensor:tsens_tz_sensor5:75000 mC
I/ThermalEngine( 1032): Sensor:tsens_tz_sensor2:74000 mC
I/ThermalEngine( 1032): Sensor:tsens_tz_sensor5:75000 mC
I/ThermalEngine( 1032): Sensor:tsens_tz_sensor2:74000 mC
I/ThermalEngine( 1032): Sensor:tsens_tz_sensor5:75000 mC
I/ThermalEngine( 1032): Sensor:batt_temp:41900 mC
I/ThermalEngine( 1032): Sensor:tsens_tz_sensor2:74000 mC
I/ThermalEngine( 1032): Sensor:tsens_tz_sensor5:75000 mC
I/ThermalEngine( 1032): Sensor:tsens_tz_sensor2:68000 mC
I/ThermalEngine( 1032): Sensor:tsens_tz_sensor5:68000 mC
E/QCALOG  ( 1049): [MessageQ] ProcessNewMessage: [XT-CS] unknown deliver target [OS-Agent]
I/ThermalEngine( 1032): Sensor:tsens_tz_sensor2:66000 mC
I/ThermalEngine( 1032): Sensor:tsens_tz_sensor5:66000 mC
D/libEGL  ( 2457): loaded /vendor/lib/egl/libEGL_adreno.so
D/libEGL  ( 2457): loaded /vendor/lib/egl/libGLESv1_CM_adreno.so
D/libEGL  ( 2457): loaded /vendor/lib/egl/libGLESv2_adreno.so
I/ThermalEngine( 1032): Sensor:tsens_tz_sensor2:74000 mC
I/ThermalEngine( 1032): Sensor:tsens_tz_sensor5:71000 mC
I/ThermalEngine( 1032): Sensor:tsens_tz_sensor2:77000 mC
I/ThermalEngine( 1032): Sensor:tsens_tz_sensor5:73000 mC
I/ThermalEngine( 1032): Sensor:batt_temp:42100 mC
I/ThermalEngine( 1032): Sensor:tsens_tz_sensor2:77000 mC
I/ThermalEngine( 1032): Sensor:tsens_tz_sensor5:73000 mC
I/ThermalEngine( 1032): Sensor:tsens_tz_sensor2:78000 mC
I/ThermalEngine( 1032): Sensor:tsens_tz_sensor5:73000 mC
I/ThermalEngine( 1032): Sensor:tsens_tz_sensor2:79000 mC
I/ThermalEngine( 1032): Sensor:tsens_tz_sensor5:74000 mC
I/ThermalEngine( 1032): Sensor:tsens_tz_sensor2:71000 mC
I/ThermalEngine( 1032): Sensor:tsens_tz_sensor5:70000 mC
I/ThermalEngine( 1032): Sensor:batt_temp:41900 mC
I/ThermalEngine( 1032): Sensor:tsens_tz_sensor2:67000 mC
I/ThermalEngine( 1032): Sensor:tsens_tz_sensor5:67000 mC
I/ThermalEngine( 1032): Sensor:tsens_tz_sensor2:67000 mC
I/ThermalEngine( 1032): Sensor:tsens_tz_sensor5:67000 mC
I/UpstartPropertyWatcher(  986): Property changed: init.svc.ppd=running
I/UpstartPropertyWatcher(  986): Property changed: init.svc.gsiff_daemon=running
I/UpstartPropertyWatcher(  986): Property changed: init.svc.quipc_igsn=running
I/UpstartPropertyWatcher(  986): Property changed: init.svc.quipc_main=running
I/UpstartPropertyWatcher(  986): Property changed: init.svc.xtwifi_inet=running
D/libEGL  ( 2463): loaded /vendor/lib/egl/libEGL_adreno.so
D/libEGL  ( 2463): loaded /vendor/lib/egl/libGLESv1_CM_adreno.so
I/UpstartPropertyWatcher(  986): Property changed: init.svc.xtwifi_inet=restarting
I/UpstartPropertyWatcher(  986): Property changed: init.svc.gsiff_daemon=restarting
I/UpstartPropertyWatcher(  986): Property changed: init.svc.ppd=restarting
D/libEGL  ( 2463): loaded /vendor/lib/egl/libGLESv2_adreno.so
I/UpstartPropertyWatcher(  986): Property changed: init.svc.quipc_igsn=restarting
I/UpstartPropertyWatcher(  986): Property changed: init.svc.quipc_main=restarting
I/ThermalEngine( 1032): Sensor:tsens_tz_sensor2:71000 mC
I/ThermalEngine( 1032): Sensor:tsens_tz_sensor5:71000 mC
I/ThermalEngine( 1032): Sensor:tsens_tz_sensor2:80000 mC
I/ThermalEngine( 1032): Sensor:tsens_tz_sensor5:78000 mC
I/ThermalEngine( 1032): Sensor:batt_temp:42200 mC
I/ThermalEngine( 1032): Sensor:tsens_tz_sensor2:82000 mC
I/ThermalEngine( 1032): Sensor:tsens_tz_sensor5:78000 mC
I/ThermalEngine( 1032): Sensor:tsens_tz_sensor2:82000 mC
I/ThermalEngine( 1032): Sensor:tsens_tz_sensor5:78000 mC
I/ThermalEngine( 1032): Sensor:tsens_tz_sensor2:82000 mC
I/ThermalEngine( 1032): Sensor:tsens_tz_sensor5:78000 mC
E/QCALOG  ( 1049): [MessageQ] ProcessNewMessage: [XTWiFi-PE] unknown deliver target [OS-Agent]
E/QCALOG  ( 1049): [MessageQ] ProcessNewMessage: [XTWWAN-PE] unknown deliver target [OS-Agent]
I/ThermalEngine( 1032): Sensor:tsens_tz_sensor2:80000 mC
I/ThermalEngine( 1032): Sensor:tsens_tz_sensor5:80000 mC
I/ThermalEngine( 1032): Sensor:batt_temp:42100 mC
I/ThermalEngine( 1032): Sensor:tsens_tz_sensor2:77000 mC
I/ThermalEngine( 1032): Sensor:tsens_tz_sensor5:78000 mC
I/ThermalEngine( 1032): Sensor:tsens_tz_sensor2:78000 mC
I/ThermalEngine( 1032): Sensor:tsens_tz_sensor5:77000 mC
D/libEGL  ( 2475): loaded /vendor/lib/egl/libEGL_adreno.so
D/libEGL  ( 2475): loaded /vendor/lib/egl/libGLESv1_CM_adreno.so
D/libEGL  ( 2475): loaded /vendor/lib/egl/libGLESv2_adreno.so
I/ThermalEngine( 1032): Sensor:tsens_tz_sensor2:76000 mC
I/ThermalEngine( 1032): Sensor:tsens_tz_sensor5:77000 mC
I/ThermalEngine( 1032): Sensor:tsens_tz_sensor2:76000 mC
I/ThermalEngine( 1032): Sensor:tsens_tz_sensor5:77000 mC
I/ThermalEngine( 1032): Sensor:batt_temp:42100 mC
I/ThermalEngine( 1032): Sensor:tsens_tz_sensor2:76000 mC
I/ThermalEngine( 1032): Sensor:tsens_tz_sensor5:77000 mC
E/QCALOG  ( 1049): [MessageQ] ProcessNewMessage: [XT-CS] unknown deliver target [OS-Agent]
I/ThermalEngine( 1032): Sensor:tsens_tz_sensor2:76000 mC
I/ThermalEngine( 1032): Sensor:tsens_tz_sensor5:77000 mC
I/ThermalEngine( 1032): Sensor:tsens_tz_sensor2:76000 mC
I/ThermalEngine( 1032): Sensor:tsens_tz_sensor5:77000 mC
I/ThermalEngine( 1032): Sensor:tsens_tz_sensor2:72000 mC
I/ThermalEngine( 1032): Sensor:tsens_tz_sensor5:72000 mC
I/ThermalEngine( 1032): Sensor:batt_temp:42000 mC
I/ThermalEngine( 1032): Sensor:tsens_tz_sensor2:72000 mC
I/ThermalEngine( 1032): Sensor:tsens_tz_sensor5:72000 mC
I/ThermalEngine( 1032): Sensor:tsens_tz_sensor2:68000 mC
I/ThermalEngine( 1032): Sensor:tsens_tz_sensor5:68000 mC
D/libEGL  ( 2481): loaded /vendor/lib/egl/libEGL_adreno.so
D/libEGL  ( 2481): loaded /vendor/lib/egl/libGLESv1_CM_adreno.so
D/libEGL  ( 2481): loaded /vendor/lib/egl/libGLESv2_adreno.so
I/ThermalEngine( 1032): Sensor:tsens_tz_sensor2:69000 mC
I/ThermalEngine( 1032): Sensor:tsens_tz_sensor5:71000 mC
I/ThermalEngine( 1032): Sensor:tsens_tz_sensor2:73000 mC
I/ThermalEngine( 1032): Sensor:tsens_tz_sensor5:75000 mC
I/ThermalEngine( 1032): Sensor:batt_temp:42100 mC
I/ThermalEngine( 1032): Sensor:tsens_tz_sensor2:74000 mC
I/ThermalEngine( 1032): Sensor:tsens_tz_sensor5:75000 mC
I/ThermalEngine( 1032): Sensor:tsens_tz_sensor2:74000 mC
I/ThermalEngine( 1032): Sensor:tsens_tz_sensor5:75000 mC
I/UpstartPropertyWatcher(  986): Property changed: init.svc.ppd=running
I/UpstartPropertyWatcher(  986): Property changed: init.svc.gsiff_daemon=running
I/UpstartPropertyWatcher(  986): Property changed: init.svc.quipc_igsn=running
I/UpstartPropertyWatcher(  986): Property changed: init.svc.quipc_main=running
I/UpstartPropertyWatcher(  986): Property changed: init.svc.xtwifi_inet=running
I/UpstartPropertyWatcher(  986): Property changed: init.svc.quipc_igsn=restarting
I/UpstartPropertyWatcher(  986): Property changed: init.svc.xtwifi_inet=restarting
I/UpstartPropertyWatcher(  986): Property changed: init.svc.ppd=restarting
I/UpstartPropertyWatcher(  986): Property changed: init.svc.gsiff_daemon=restarting
I/UpstartPropertyWatcher(  986): Property changed: init.svc.quipc_main=restarting
I/ThermalEngine( 1032): Sensor:tsens_tz_sensor2:75000 mC
I/ThermalEngine( 1032): Sensor:tsens_tz_sensor5:76000 mC
I/ThermalEngine( 1032): Sensor:tsens_tz_sensor2:76000 mC
I/ThermalEngine( 1032): Sensor:tsens_tz_sensor5:76000 mC
I/ThermalEngine( 1032): Sensor:batt_temp:42000 mC
I/ThermalEngine( 1032): Sensor:tsens_tz_sensor2:69000 mC
I/ThermalEngine( 1032): Sensor:tsens_tz_sensor5:69000 mC
I/ThermalEngine( 1032): Sensor:tsens_tz_sensor2:67000 mC
I/ThermalEngine( 1032): Sensor:tsens_tz_sensor5:67000 mC
D/libEGL  ( 2492): loaded /vendor/lib/egl/libEGL_adreno.so
D/libEGL  ( 2492): loaded /vendor/lib/egl/libGLESv1_CM_adreno.so
D/libEGL  ( 2492): loaded /vendor/lib/egl/libGLESv2_adreno.so
E/QCALOG  ( 1049): [MessageQ] ProcessNewMessage: [XTWiFi-PE] unknown deliver target [OS-Agent]
I/ThermalEngine( 1032): Sensor:tsens_tz_sensor2:67000 mC
I/ThermalEngine( 1032): Sensor:tsens_tz_sensor5:67000 mC
E/QCALOG  ( 1049): [MessageQ] ProcessNewMessage: [XTWWAN-PE] unknown deliver target [OS-Agent]
I/ThermalEngine( 1032): Sensor:tsens_tz_sensor2:72000 mC
I/ThermalEngine( 1032): Sensor:tsens_tz_sensor5:72000 mC
I/ThermalEngine( 1032): Sensor:batt_temp:42100 mC
I/ThermalEngine( 1032): Sensor:tsens_tz_sensor2:75000 mC
I/ThermalEngine( 1032): Sensor:tsens_tz_sensor5:73000 mC
I/ThermalEngine( 1032): Sensor:tsens_tz_sensor2:75000 mC
I/ThermalEngine( 1032): Sensor:tsens_tz_sensor5:74000 mC
I/ThermalEngine( 1032): Sensor:tsens_tz_sensor2:76000 mC
I/ThermalEngine( 1032): Sensor:tsens_tz_sensor5:74000 mC
I/ThermalEngine( 1032): Sensor:tsens_tz_sensor2:76000 mC
I/ThermalEngine( 1032): Sensor:tsens_tz_sensor5:74000 mC
I/ThermalEngine( 1032): Sensor:batt_temp:42000 mC
I/ThermalEngine( 1032): Sensor:tsens_tz_sensor2:71000 mC
I/ThermalEngine( 1032): Sensor:tsens_tz_sensor5:71000 mC
E/QCALOG  ( 1049): [MessageQ] ProcessNewMessage: [XT-CS] unknown deliver target [OS-Agent]
I/ThermalEngine( 1032): Sensor:tsens_tz_sensor2:67000 mC
I/ThermalEngine( 1032): Sensor:tsens_tz_sensor5:67000 mC
D/libEGL  ( 2498): loaded /vendor/lib/egl/libEGL_adreno.so
D/libEGL  ( 2498): loaded /vendor/lib/egl/libGLESv1_CM_adreno.so
I/ThermalEngine( 1032): Sensor:tsens_tz_sensor2:68000 mC
I/ThermalEngine( 1032): Sensor:tsens_tz_sensor5:69000 mC
D/libEGL  ( 2498): loaded /vendor/lib/egl/libGLESv2_adreno.so
I/ThermalEngine( 1032): Sensor:tsens_tz_sensor2:77000 mC
I/ThermalEngine( 1032): Sensor:tsens_tz_sensor5:72000 mC
I/ThermalEngine( 1032): Sensor:batt_temp:42100 mC
I/ThermalEngine( 1032): Sensor:tsens_tz_sensor2:77000 mC
I/ThermalEngine( 1032): Sensor:tsens_tz_sensor5:72000 mC
I/ThermalEngine( 1032): Sensor:tsens_tz_sensor2:78000 mC
I/ThermalEngine( 1032): Sensor:tsens_tz_sensor5:73000 mC
I/ThermalEngine( 1032): Sensor:tsens_tz_sensor2:79000 mC
I/ThermalEngine( 1032): Sensor:tsens_tz_sensor5:74000 mC
I/ThermalEngine( 1032): Sensor:tsens_tz_sensor2:75000 mC
I/ThermalEngine( 1032): Sensor:tsens_tz_sensor5:75000 mC
I/ThermalEngine( 1032): Sensor:batt_temp:42000 mC
I/ThermalEngine( 1032): Sensor:tsens_tz_sensor2:68000 mC
I/ThermalEngine( 1032): Sensor:tsens_tz_sensor5:68000 mC
I/ThermalEngine( 1032): Sensor:tsens_tz_sensor2:68000 mC
I/ThermalEngine( 1032): Sensor:tsens_tz_sensor5:68000 mC
I/ThermalEngine( 1032): Sensor:tsens_tz_sensor2:66000 mC
I/ThermalEngine( 1032): Sensor:tsens_tz_sensor5:66000 mC
I/UpstartPropertyWatcher(  986): Property changed: init.svc.ppd=running
I/UpstartPropertyWatcher(  986): Property changed: init.svc.gsiff_daemon=running
I/UpstartPropertyWatcher(  986): Property changed: init.svc.quipc_igsn=running
I/UpstartPropertyWatcher(  986): Property changed: init.svc.quipc_main=running
I/UpstartPropertyWatcher(  986): Property changed: init.svc.xtwifi_inet=running
D/libEGL  ( 2504): loaded /vendor/lib/egl/libEGL_adreno.so
I/UpstartPropertyWatcher(  986): Property changed: init.svc.xtwifi_inet=restarting
D/libEGL  ( 2504): loaded /vendor/lib/egl/libGLESv1_CM_adreno.so
D/libEGL  ( 2504): loaded /vendor/lib/egl/libGLESv2_adreno.so
I/UpstartPropertyWatcher(  986): Property changed: init.svc.quipc_igsn=restarting
I/UpstartPropertyWatcher(  986): Property changed: init.svc.gsiff_daemon=restarting
I/UpstartPropertyWatcher(  986): Property changed: init.svc.ppd=restarting
I/UpstartPropertyWatcher(  986): Property changed: init.svc.quipc_main=restarting
I/ThermalEngine( 1032): Sensor:tsens_tz_sensor2:72000 mC
I/ThermalEngine( 1032): Sensor:tsens_tz_sensor5:72000 mC
I/ThermalEngine( 1032): Sensor:batt_temp:42100 mC
I/ThermalEngine( 1032): Sensor:tsens_tz_sensor2:73000 mC
I/ThermalEngine( 1032): Sensor:tsens_tz_sensor5:74000 mC
I/ThermalEngine( 1032): Sensor:tsens_tz_sensor2:74000 mC
I/ThermalEngine( 1032): Sensor:tsens_tz_sensor5:75000 mC
E/QCALOG  ( 1049): [MessageQ] ProcessNewMessage: [XTWiFi-PE] unknown deliver target [OS-Agent]
I/ThermalEngine( 1032): Sensor:tsens_tz_sensor2:74000 mC
I/ThermalEngine( 1032): Sensor:tsens_tz_sensor5:75000 mC
E/QCALOG  ( 1049): [MessageQ] ProcessNewMessage: [XTWWAN-PE] unknown deliver target [OS-Agent]
I/ThermalEngine( 1032): Sensor:tsens_tz_sensor2:74000 mC
