--------- beginning of /dev/alog/main
I/UpstartPropertyWatcher(  991): Starting upstart property watcher
I/UpstartPropertyWatcher(  991): Upstart property watcher connected to socket '/dev/socket/upstart-text-bridge'
I/UpstartPropertyWatcher(  991): Notifying the entire property list
I/UpstartPropertyWatcher(  991): Property changed: af.resampler.quality=4
I/UpstartPropertyWatcher(  991): Property changed: av.offload.enable=true
I/UpstartPropertyWatcher(  991): Property changed: cm.updater.uri=http://ota.randomdroids.com/api
I/UpstartPropertyWatcher(  991): Property changed: mm.enable.qcom_parser=37491
I/UpstartPropertyWatcher(  991): Property changed: mm.enable.smoothstreaming=true
I/UpstartPropertyWatcher(  991): Property changed: ro.cm.device=armani
I/UpstartPropertyWatcher(  991): Property changed: ro.qc.sdk.izat.service_mask=0x5
I/UpstartPropertyWatcher(  991): Property changed: ro.qc.sdk.izat.premium_enabled=1
I/UpstartPropertyWatcher(  991): Property changed: ro.qc.sdk.audio.ssr=false
I/UpstartPropertyWatcher(  991): Property changed: ro.qc.sdk.audio.fluencetype=fluence
I/UpstartPropertyWatcher(  991): Property changed: ro.sf.lcd_density=320
I/UpstartPropertyWatcher(  991): Property changed: ro.com.android.dateformat=MM-dd-yyyy
I/UpstartPropertyWatcher(  991): Property changed: ro.com.android.dataroaming=true
I/UpstartPropertyWatcher(  991): Property changed: ro.cwm.forbid_mount=/persist,/firmware
I/UpstartPropertyWatcher(  991): Property changed: ro.cwm.forbid_format=/fsg,/firmware,/boot,/persist
I/UpstartPropertyWatcher(  991): Property changed: ro.cwm.enable_key_repeat=true
I/UpstartPropertyWatcher(  991): Property changed: ro.gps.agps_provider=1
I/UpstartPropertyWatcher(  991): Property changed: ro.boot.emmc=true
I/UpstartPropertyWatcher(  991): Property changed: ro.boot.modem=HM1AW
I/UpstartPropertyWatcher(  991): Property changed: ro.boot.baseband=msm
I/UpstartPropertyWatcher(  991): Property changed: ro.boot.hardware=armani
I/UpstartPropertyWatcher(  991): Property changed: ro.boot.serialno=9924b89b
I/UpstartPropertyWatcher(  991): Property changed: ro.boot.hwversion=40
I/UpstartPropertyWatcher(  991): Property changed: ro.emmc=0
I/UpstartPropertyWatcher(  991): Property changed: ro.wifi.channels=
I/UpstartPropertyWatcher(  991): Property changed: ro.allow.mock.location=0
I/UpstartPropertyWatcher(  991): Property changed: ro.board.platform=msm8226
I/UpstartPropertyWatcher(  991): Property changed: ro.build.id=KTU84Q
I/UpstartPropertyWatcher(  991): Property changed: ro.build.date=Sen Nov 30 22:21:32 WIB 2015
I/UpstartPropertyWatcher(  991): Property changed: ro.build.date.utc=1448896892
I/UpstartPropertyWatcher(  991): Property changed: ro.build.host=elasrofxela
I/UpstartPropertyWatcher(  991): Property changed: ro.build.tags=test-keys
I/UpstartPropertyWatcher(  991): Property changed: ro.build.type=userdebug
I/UpstartPropertyWatcher(  991): Property changed: ro.build.user=alexforsale
I/UpstartPropertyWatcher(  991): Property changed: ro.build.display.id=phablet_armani-userdebug 4.4.4 KTU84Q eng.alexforsale.20151130.222021 test-keys
I/UpstartPropertyWatcher(  991): Property changed: ro.build.product=armani
I/UpstartPropertyWatcher(  991): Property changed: ro.build.version.sdk=19
I/UpstartPropertyWatcher(  991): Property changed: ro.build.version.base_os=
I/UpstartPropertyWatcher(  991): Property changed: ro.build.version.release=4.4.4
I/UpstartPropertyWatcher(  991): Property changed: ro.build.version.codename=REL
I/UpstartPropertyWatcher(  991): Property changed: ro.build.version.incremental=eng.alexforsale.20151130.222021
I/UpstartPropertyWatcher(  991): Property changed: ro.build.version.security_patch=2015-11-01
I/UpstartPropertyWatcher(  991): Property changed: ro.build.description=armani-user 4.4.4 KTU84P V7.0.5.0.KHCMICI release-keys
I/UpstartPropertyWatcher(  991): Property changed: ro.build.fingerprint=Xiaomi/armani/armani:4.4.4/KTU84P/V7.0.5.0.KHCMICI:user/release-keys
I/UpstartPropertyWatcher(  991): Property changed: ro.build.characteristics=default
I/UpstartPropertyWatcher(  991): Property changed: ro.crypto.fuse_sdcard=true
I/UpstartPropertyWatcher(  991): Property changed: ro.secure=1
I/UpstartPropertyWatcher(  991): Property changed: ro.vendor.extension_library=/vendor/lib/libqc-opt.so
I/UpstartPropertyWatcher(  991): Property changed: ro.carrier=unknown
I/UpstartPropertyWatcher(  991): Property changed: ro.product.cpu.abi=armeabi-v7a
I/UpstartPropertyWatcher(  991): Property changed: ro.product.cpu.abi2=armeabi
I/UpstartPropertyWatcher(  991): Property changed: ro.product.name=armani
I/UpstartPropertyWatcher(  991): Property changed: ro.product.board=MSM8226
I/UpstartPropertyWatcher(  991): Property changed: ro.product.brand=Xiaomi
I/UpstartPropertyWatcher(  991): Property changed: ro.product.model=HM 1SW
I/UpstartPropertyWatcher(  991): Property changed: ro.product.device=armani
I/UpstartPropertyWatcher(  991): Property changed: ro.product.locale.region=US
I/UpstartPropertyWatcher(  991): Property changed: ro.product.locale.language=en
I/UpstartPropertyWatcher(  991): Property changed: ro.product.manufacturer=Xiaomi
I/UpstartPropertyWatcher(  991): Property changed: ro.baseband=msm
I/UpstartPropertyWatcher(  991): Property changed: ro.bootmode=unknown
I/UpstartPropertyWatcher(  991): Property changed: ro.hardware=armani
I/UpstartPropertyWatcher(  991): Property changed: ro.opengles.version=196608
I/UpstartPropertyWatcher(  991): Property changed: ro.qualcomm.cabl=0
I/UpstartPropertyWatcher(  991): Property changed: ro.revision=0
I/UpstartPropertyWatcher(  991): Property changed: ro.serialno=9924b89b
I/UpstartPropertyWatcher(  991): Property changed: ro.telephony.call_ring.multiple=false
I/UpstartPropertyWatcher(  991): Property changed: ro.telephony.default_network=0,1
I/UpstartPropertyWatcher(  991): Property changed: ro.bootloader=unknown
I/UpstartPropertyWatcher(  991): Property changed: ro.debuggable=1
I/UpstartPropertyWatcher(  991): Property changed: ro.factorytest=0
I/UpstartPropertyWatcher(  991): Property changed: dev.pm.dyn_samplingrate=1
I/UpstartPropertyWatcher(  991): Property changed: drm.service.enabled=true
I/UpstartPropertyWatcher(  991): Property changed: mmp.enable.3g2=true
I/UpstartPropertyWatcher(  991): Property changed: net.bt.name=Android
I/UpstartPropertyWatcher(  991): Property changed: net.change=net.bt.name
I/UpstartPropertyWatcher(  991): Property changed: ril.device=qcom_msim
I/UpstartPropertyWatcher(  991): Property changed: ril.num_slots=2
I/UpstartPropertyWatcher(  991): Property changed: ril.subscription.types=RUIM
I/UpstartPropertyWatcher(  991): Property changed: use.voice.path.for.pcm.voip=true
I/UpstartPropertyWatcher(  991): Property changed: init.svc.ueventd=running
I/UpstartPropertyWatcher(  991): Property changed: init.svc.upstart-watcher=running
I/UpstartPropertyWatcher(  991): Property changed: qcom.bt.dev_power_class=1
I/UpstartPropertyWatcher(  991): Property changed: qcom.hw.aac.encoder=true
I/UpstartPropertyWatcher(  991): Property changed: rild.libargs=-d /dev/smd0
I/UpstartPropertyWatcher(  991): Property changed: rild.libpath=/vendor/lib/libril-qc-qmi-1.so
I/UpstartPropertyWatcher(  991): Property changed: vold.post_fs_data_done=1
I/UpstartPropertyWatcher(  991): Property changed: wifi.interface=wlan0
I/UpstartPropertyWatcher(  991): Property changed: audio.offload.pcm.enable=false
I/UpstartPropertyWatcher(  991): Property changed: audio.offload.buffer.size.kb=32
I/UpstartPropertyWatcher(  991): Property changed: audio.offload.disable=1
I/UpstartPropertyWatcher(  991): Property changed: audio.offload.gapless.enabled=true
I/UpstartPropertyWatcher(  991): Property changed: debug.sf.hw=1
I/UpstartPropertyWatcher(  991): Property changed: debug.sf.fb_always_on=1
I/UpstartPropertyWatcher(  991): Property changed: debug.egl.hw=1
I/UpstartPropertyWatcher(  991): Property changed: debug.mdpcomp.logs=0
I/UpstartPropertyWatcher(  991): Property changed: debug.composition.type=c2d
I/UpstartPropertyWatcher(  991): Property changed: media.stagefright.enable-aac=true
I/UpstartPropertyWatcher(  991): Property changed: media.stagefright.enable-qcp=true
I/UpstartPropertyWatcher(  991): Property changed: media.stagefright.enable-http=true
I/UpstartPropertyWatcher(  991): Property changed: media.stagefright.enable-scan=true
I/UpstartPropertyWatcher(  991): Property changed: media.stagefright.enable-fma2dp=true
I/UpstartPropertyWatcher(  991): Property changed: media.stagefright.enable-player=true
I/UpstartPropertyWatcher(  991): Property changed: dalvik.vm.heapsize=256m
I/UpstartPropertyWatcher(  991): Property changed: dalvik.vm.lockprof.threshold=500
I/UpstartPropertyWatcher(  991): Property changed: dalvik.vm.heapmaxfree=8m
I/UpstartPropertyWatcher(  991): Property changed: dalvik.vm.heapminfree=2m
I/UpstartPropertyWatcher(  991): Property changed: dalvik.vm.dexopt-flags=m=y
I/UpstartPropertyWatcher(  991): Property changed: dalvik.vm.heapstartsize=8m
I/UpstartPropertyWatcher(  991): Property changed: dalvik.vm.heapgrowthlimit=96m
I/UpstartPropertyWatcher(  991): Property changed: dalvik.vm.stack-trace-file=/data/anr/traces.txt
I/UpstartPropertyWatcher(  991): Property changed: dalvik.vm.heaptargetutilization=0.75
I/UpstartPropertyWatcher(  991): Property changed: persist.gps.qc_nlp_in_use=1
I/UpstartPropertyWatcher(  991): Property changed: persist.hwc.mdpcomp.enable=true
I/UpstartPropertyWatcher(  991): Property changed: persist.loc.nlp_name=com.qualcomm.services.location
I/UpstartPropertyWatcher(  991): Property changed: persist.sys.usb.config=mtp,adb
I/UpstartPropertyWatcher(  991): Property changed: persist.sys.wfd.virtual=0
I/UpstartPropertyWatcher(  991): Property changed: persist.sys.dalvik.vm.lib=libdvm.so
I/UpstartPropertyWatcher(  991): Property changed: persist.data.netmgrd.qos.enable=true
I/UpstartPropertyWatcher(  991): Property changed: persist.audio.fluence.speaker=false
I/UpstartPropertyWatcher(  991): Property changed: persist.audio.fluence.voicerec=true
I/UpstartPropertyWatcher(  991): Property changed: persist.audio.fluence.voicecall=true
I/UpstartPropertyWatcher(  991): Property changed: persist.debug.wfd.enable=1
I/UpstartPropertyWatcher(  991): Property changed: persist.radio.multisim.config=dsds
I/UpstartPropertyWatcher(  991): Property changed: persist.radio.msgtunnel.start=false
I/UpstartPropertyWatcher(  991): Property changed: persist.radio.dont_use_dsd=true
I/UpstartPropertyWatcher(  991): Property changed: persist.radio.apm_sim_not_pwdn=1
I/UpstartPropertyWatcher(  991): Property changed: persist.timed.enable=true
I/UpstartPropertyWatcher(  991): Property changed: persist.ubuntu.version=unknown
I/UpstartPropertyWatcher(  991): Property changed: persist.ubuntu.version.custom=unknown
I/UpstartPropertyWatcher(  991): Property changed: persist.ubuntu.version.device=unknown
I/UpstartPropertyWatcher(  991): Property changed: persist.ubuntu.version.rootfs=unknown
I/UpstartPropertyWatcher(  991): Property changed: persist.ubuntu.version.channel=unknown
I/UpstartPropertyWatcher(  991): Property changed: persist.ubuntu.default_language=unknown
I/UpstartPropertyWatcher(  991): Property changed: selinux.reload_policy=1
I/UpstartPropertyWatcher(  991): Property changed: keyguard.no_require_sim=true
I/UpstartPropertyWatcher(  991): Property changed: bluetooth.hfp.client=1
I/UpstartPropertyWatcher(  991): Notifying changes only
I/UpstartPropertyWatcher(  991): Property changed: net.tcp.buffersize.default=4096,87380,704512,4096,16384,110208
I/UpstartPropertyWatcher(  991): Property changed: net.change=net.tcp.buffersize.default
I/UpstartPropertyWatcher(  991): Property changed: net.tcp.buffersize.wifi=524288,1048576,2097152,262144,524288,1048576
I/UpstartPropertyWatcher(  991): Property changed: net.change=net.tcp.buffersize.wifi
I/UpstartPropertyWatcher(  991): Property changed: net.tcp.buffersize.lte=524288,1048576,2097152,262144,524288,1048576
I/UpstartPropertyWatcher(  991): Property changed: net.change=net.tcp.buffersize.lte
I/UpstartPropertyWatcher(  991): Property changed: net.tcp.buffersize.umts=4094,87380,110208,4096,16384,110208
I/UpstartPropertyWatcher(  991): Property changed: net.change=net.tcp.buffersize.umts
I/UpstartPropertyWatcher(  991): Property changed: net.tcp.buffersize.hspa=4094,87380,1220608,4096,16384,1220608
I/UpstartPropertyWatcher(  991): Property changed: net.change=net.tcp.buffersize.hspa
I/UpstartPropertyWatcher(  991): Property changed: net.tcp.buffersize.hsupa=4094,87380,1220608,4096,16384,1220608
I/UpstartPropertyWatcher(  991): Property changed: net.change=net.tcp.buffersize.hsupa
I/UpstartPropertyWatcher(  991): Property changed: net.tcp.buffersize.edge=4093,26280,35040,4096,16384,35040
I/UpstartPropertyWatcher(  991): Property changed: net.tcp.buffersize.evdo=4094,87380,262144,4096,16384,262144
I/UpstartPropertyWatcher(  991): Property changed: net.tcp.buffersize.gprs=4092,8760,11680,4096,8760,11680
I/UpstartPropertyWatcher(  991): Property changed: net.tcp.buffersize.hsdpa=4094,87380,1220608,4096,16384,1220608
I/UpstartPropertyWatcher(  991): Property changed: net.tcp.buffersize.hspap=4094,87380,1220608,4096,16384,1220608
I/UpstartPropertyWatcher(  991): Property changed: net.tcp.buffersize.evdo_b=4096,87380,704512,4096,16384,262144
I/UpstartPropertyWatcher(  991): Property changed: net.tcp.buffersize.dchspap=4094,87380,1220608,4096,16384,1220608
I/UpstartPropertyWatcher(  991): Property changed: net.tcp.default_init_rwnd=60
I/UpstartPropertyWatcher(  991): Property changed: net.change=net.tcp.default_init_rwnd
I/UpstartPropertyWatcher(  991): Property changed: init.svc.healthd=running
I/UpstartPropertyWatcher(  991): Property changed: init.svc.rmt_storage=running
I/UpstartPropertyWatcher(  991): Property changed: init.svc.servicemanager=running
I/UpstartPropertyWatcher(  991): Property changed: init.svc.config_bluetooth=running
I/UpstartPropertyWatcher(  991): Property changed: init.svc.auditd=running
I/UpstartPropertyWatcher(  991): Property changed: init.svc.debuggerd=running
I/UpstartPropertyWatcher(  991): Property changed: init.svc.ril-daemon=running
I/UpstartPropertyWatcher(  991): Property changed: init.svc.drm=running
I/UpstartPropertyWatcher(  991): Property changed: init.svc.media=running
I/UpstartPropertyWatcher(  991): Property changed: init.svc.installd=running
I/UpstartPropertyWatcher(  991): Property changed: init.svc.irsc_util=running
I/UpstartPropertyWatcher(  991): Property changed: init.svc.qmuxd=running
I/UpstartPropertyWatcher(  991): Property changed: init.svc.netmgrd=running
I/UpstartPropertyWatcher(  991): Property changed: init.svc.sensors=running
I/UpstartPropertyWatcher(  991): Property changed: init.svc.ptt_socket_app=running
I/UpstartPropertyWatcher(  991): Property changed: init.svc.thermal-engine=running
I/UpstartPropertyWatcher(  991): Property changed: init.svc.qrngd=running
I/UpstartPropertyWatcher(  991): Property changed: init.svc.adsprpcd=running
I/qcom-bluetooth( 1032): /system/etc/init.qcom.bt.sh: init.qcom.bt.sh config = onboot 
I/UpstartPropertyWatcher(  991): Property changed: sys.usb.config=mtp
I/rmt_storage( 1016): No EBR found
I/rmt_storage( 1016): Error (-1) parsing MBR partitions
I/rmt_storage( 1016): Registering modemst1: 0x4a /boot/modem_fs1
I/rmt_storage( 1016): Registering modemst2: 0x4b /boot/modem_fs2
I/rmt_storage( 1016): Registering fsg: 0x58 /boot/modem_fsg
I/rmt_storage( 1016): Registering ssd: 0x5d ssd
I/rmt_storage( 1016): Registering fsc: 0xff /boot/modem_fsc
I/rmt_storage( 1016): 5 GPT partitions found
I/UpstartPropertyWatcher(  991): Property changed: init.svc.sensorservice=running
I/UpstartPropertyWatcher(  991): Property changed: init.svc.sdcard=running
I/DEBUG   ( 1019): debuggerd: Nov 29 2015 03:37:15
I/UpstartPropertyWatcher(  991): Property changed: init.svc.qcamerasvr=running
I/installd( 1023): installd firing up
D/adsprpc ( 1033): vendor/qcom/proprietary/adsprpc/src/adsprpcd.c:21::info: calling: 0 == adsp_default_listener_register()
I/UpstartPropertyWatcher(  991): Property changed: init.svc.time_daemon=running
D/WLAN_PSA( 1029): PTT_SOCKET_APP Start
V/WLAN_PSA( 1029): UID 0
E/WLAN_PSA( 1029): Set as Blocked Operation
I/qcom-bluetooth( 1051): /system/etc/init.qcom.bt.sh: Bluetooth Address programmed successfully 
I/UpstartPropertyWatcher(  991): Property changed: init.svc.qseecomd=running
D/adsprpc ( 1033): vendor/qcom/proprietary/adsprpc/src/adsprpcd.c:21::info: passed: 0 == adsp_default_listener_register()
E/cutils  ( 1023): Failed to read /data/.layout_version: No such file or directory
D/installd( 1023): Upgrading /data/media for multi-user
I/UpstartPropertyWatcher(  991): Property changed: init.svc.wcnss-service=running
--------- beginning of /dev/alog/system
I/auditd  ( 1018): Starting up
I/irsc_util( 1024): file_parser Number of element :0
I/irsc_util( 1024): file_parser Invalid Format or Comment - '
I/irsc_util( 1024): '
I/irsc_util( 1024): file_parser Number of element :0
I/irsc_util( 1024): file_parser Invalid Format or Comment - '/* Allow SS CTL service to be used by system and net_raw processes */
I/irsc_util( 1024): '
I/irsc_util( 1024): file_parser Number of element :4
I/irsc_util( 1024): file_parser Number of element :0
D/QC-time-services( 1052): Daemon:genoff_modem_qmi_init: Initiallizing QMI 
I/irsc_util( 1024): file_parser Invalid Format or Comment - '/* Allow Sensor services to be used by sensor process */
I/irsc_util( 1024): '
I/irsc_util( 1024): file_parser Number of element :3
I/irsc_util( 1024): file_parser Number of element :3
I/irsc_util( 1024): file_parser Number of element :3
I/irsc_util( 1024): file_parser Number of element :3
I/irsc_util( 1024): file_parser Number of element :3
I/irsc_util( 1024): file_parser Number of element :3
V/LOWI-SERVER( 1127): [LOWIEventDispatcher] LOWIEventDispatcher
V/LOWI-SERVER( 1127): [MessageQ_Client] creating client socket
D/QSEECOMD: ( 1053): qseecom listener services process entry PPID = 1
E/QSEECOMD: ( 1053): Listener: index = 0, hierarchy = 0
I/LOWI-SERVER( 1127): [MessageQ_Client] connecting to server [/data/misc/location/mq/location-mq-s]
I/LOWI-SERVER( 1127): [MessageQ_Client] connected
I/irsc_util( 1024): file_parser Number of element :3
V/LOWI-SERVER( 1127): [LOWIController] init
E/QCALOG  ( 1102): [MessageQ] ProcessNewMessage: [NOT_REGISTERED:117] unknown deliver target [OS-Agent]
I/irsc_util( 1024): file_parser Number of element :3
I/irsc_util( 1024): file_parser Number of element :3
I/irsc_util( 1024): file_parser Number of element :3
I/irsc_util( 1024): file_parser Number of element :3
I/irsc_util( 1024): file_parser Number of element :3
I/irsc_util( 1024): file_parser Number of element :3
I/irsc_util( 1024): file_parser Number of element :3
I/UpstartPropertyWatcher(  991): Property changed: init.svc.console=running
I/irsc_util( 1024): file_parser Number of element :3
I/irsc_util( 1024): file_parser Number of element :3
I/irsc_util( 1024): file_parser Number of element :3
I/irsc_util( 1024): file_parser Number of element :3
I/irsc_util( 1024): file_parser Number of element :3
D/QSEECOMD: ( 1053): Init dlopen(librpmb.so, RTLD_NOW) succeeds
D/QSEECOMD: ( 1053): Init::Init dlsym(g_FSHandle rpmb_init_service) succeeds
I/irsc_util( 1024): file_parser Number of element :3
I/irsc_util( 1024): file_parser Number of element :3
I/irsc_util( 1024): file_parser Number of element :3
I/irsc_util( 1024): file_parser Number of element :3
I/irsc_util( 1024): file_parser Number of element :3
I/irsc_util( 1024): file_parser Number of element :3
I/irsc_util( 1024): file_parser Number of element :3
I/irsc_util( 1024): file_parser Number of element :3
I/irsc_util( 1024): file_parser Number of element :3
I/irsc_util( 1024): file_parser Number of element :3
I/irsc_util( 1024): file_parser Number of element :3
I/irsc_util( 1024): file_parser Number of element :3
I/irsc_util( 1024): file_parser Number of element :3
I/rpmb    ( 1053): RPMB Mult = 2048, Rel_sec_cnt = 1
E/DrmLibRpmb( 1053): rpmb_init succeeded! with ret = 0
D/QSEECOMD: ( 1053): Init rpmb_init_service ret = 0
D/QSEECOMD: ( 1053): RPMB system services: init (Listener ID = 8192)
E/QSEECOMD: ( 1053): Listener: index = 1, hierarchy = 0
I/irsc_util( 1024): file_parser Number of element :3
I/irsc_util( 1024): file_parser Number of element :3
I/irsc_util( 1024): file_parser Number of element :3
I/irsc_util( 1024): file_parser Number of element :3
I/irsc_util( 1024): file_parser Number of element :3
I/irsc_util( 1024): file_parser Number of element :3
I/irsc_util( 1024): file_parser Number of element :3
I/irsc_util( 1024): file_parser Number of element :3
I/irsc_util( 1024): file_parser Number of element :3
I/irsc_util( 1024): file_parser Number of element :3
I/irsc_util( 1024): file_parser Number of element :3
I/irsc_util( 1024): file_parser Number of element :3
I/irsc_util( 1024): file_parser Number of element :3
I/irsc_util( 1024): file_parser Number of element :3
I/irsc_util( 1024): file_parser Number of element :3
I/irsc_util( 1024): file_parser Number of element :3
I/irsc_util( 1024): file_parser Number of element :3
I/irsc_util( 1024): file_parser Number of element :3
D/QSEECOMD: ( 1053): Init dlopen(libssd.so, RTLD_NOW) succeeds
D/QSEECOMD: ( 1053): Init::Init dlsym(g_FSHandle ssd_init_service) succeeds
E/SSD     ( 1053): ssd_init_service succeeded!
D/QSEECOMD: ( 1053): Init ssd_init_service ret = 0
D/QSEECOMD: ( 1053): SSD system services: init (Listener ID = 12288)
E/QSEECOMD: ( 1053): Listener: index = 2, hierarchy = 0
E/QSEECOMD: ( 1053): Init dlopen(libsecureui.so, RLTD_NOW) is failed....
D/QSEECOMD: ( 1053): SEC_UI_INIT failed, shall not start secure ui listener
D/QSEECOMAPI: ( 1053): QSEECom_get_handle sb_length = 0x400
D/QSEECOMAPI: ( 1053): App is not loaded in QSEE
I/irsc_util( 1024): file_parser Number of element :3
I/irsc_util( 1024): file_parser Number of element :3
I/irsc_util( 1024): file_parser Number of element :3
I/irsc_util( 1024): file_parser Number of element :3
I/irsc_util( 1024): file_parser Number of element :3
I/irsc_util( 1024): file_parser Number of element :3
I/irsc_util( 1024): file_parser Number of element :3
I/UpstartPropertyWatcher(  991): Property changed: sys.usb.config=mtp,adb
I/irsc_util( 1024): file_parser Number of element :3
I/irsc_util( 1024): file_parser Number of element :3
I/irsc_util( 1024): file_parser Number of element :3
I/irsc_util( 1024): file_parser Number of element :3
I/irsc_util( 1024): file_parser Number of element :3
I/irsc_util( 1024): file_parser Number of element :3
I/irsc_util( 1024): file_parser Number of element :3
I/irsc_util( 1024): file_parser Number of element :3
I/irsc_util( 1024): file_parser Number of element :3
I/irsc_util( 1024): file_parser Number of element :3
I/irsc_util( 1024): file_parser Number of element :3
I/irsc_util( 1024): file_parser Number of element :3
I/irsc_util( 1024): file_parser Number of element :3
I/irsc_util( 1024): file_parser Number of element :3
I/irsc_util( 1024): file_parser Number of element :3
I/irsc_util( 1024): file_parser Number of element :3
I/irsc_util( 1024): file_parser Number of element :3
I/irsc_util( 1024): file_parser Number of element :3
I/irsc_util( 1024): file_parser Number of element :3
I/irsc_util( 1024): file_parser Number of element :3
I/irsc_util( 1024): file_parser Number of element :3
I/irsc_util( 1024): file_parser Number of element :3
I/irsc_util( 1024): file_parser Number of element :3
I/irsc_util( 1024): file_parser Number of element :3
I/irsc_util( 1024): file_parser Number of element :3
I/irsc_util( 1024): file_parser Number of element :3
I/irsc_util( 1024): file_parser Number of element :3
I/irsc_util( 1024): file_parser Number of element :3
I/irsc_util( 1024): file_parser Number of element :3
I/irsc_util( 1024): file_parser Number of element :3
I/irsc_util( 1024): file_parser Number of element :3
I/irsc_util( 1024): file_parser Number of element :3
I/irsc_util( 1024): file_parser Number of element :3
I/irsc_util( 1024): file_parser Number of element :3
I/irsc_util( 1024): file_parser Number of element :3
I/irsc_util( 1024): file_parser Number of element :3
I/irsc_util( 1024): file_parser Number of element :3
I/irsc_util( 1024): file_parser Number of element :3
I/irsc_util( 1024): file_parser Number of element :3
I/irsc_util( 1024): file_parser Number of element :3
I/irsc_util( 1024): file_parser Number of element :3
I/irsc_util( 1024): file_parser Number of element :3
I/irsc_util( 1024): file_parser Number of element :3
I/irsc_util( 1024): file_parser Number of element :3
I/irsc_util( 1024): file_parser Number of element :3
I/irsc_util( 1024): file_parser Number of element :3
I/irsc_util( 1024): file_parser Number of element :3
I/irsc_util( 1024): file_parser Number of element :3
I/irsc_util( 1024): file_parser Number of element :3
I/irsc_util( 1024): file_parser Number of element :3
I/irsc_util( 1024): file_parser Number of element :3
I/irsc_util( 1024): file_parser Number of element :3
I/irsc_util( 1024): file_parser Number of element :3
I/irsc_util( 1024): file_parser Number of element :3
I/irsc_util( 1024): file_parser Number of element :3
I/UpstartPropertyWatcher(  991): Property changed: init.svc.ril-daemon1=running
I/irsc_util( 1024): file_parser Number of element :3
I/irsc_util( 1024): file_parser Number of element :3
I/irsc_util( 1024): file_parser Number of element :3
I/irsc_util( 1024): file_parser Number of element :3
I/irsc_util( 1024): file_parser Number of element :3
I/irsc_util( 1024): file_parser Number of element :3
I/irsc_util( 1024): file_parser Number of element :3
I/irsc_util( 1024): file_parser Number of element :3
I/irsc_util( 1024): file_parser Number of element :3
I/irsc_util( 1024): file_parser Number of element :3
I/irsc_util( 1024): file_parser Number of element :3
I/irsc_util( 1024): file_parser Number of element :3
I/irsc_util( 1024): file_parser Number of element :3
I/irsc_util( 1024): file_parser Number of element :3
I/irsc_util( 1024): file_parser Number of element :3
I/irsc_util( 1024): file_parser Number of element :3
I/irsc_util( 1024): file_parser Number of element :3
I/irsc_util( 1024): file_parser Number of element :3
I/irsc_util( 1024): file_parser Number of element :3
I/irsc_util( 1024): file_parser Number of element :3
I/irsc_util( 1024): file_parser Number of element :3
I/UpstartPropertyWatcher(  991): Property changed: ro.qualcomm.bluetooth.hfp=true
I/UpstartPropertyWatcher(  991): Property changed: init.svc.adbd=stopped
I/irsc_util( 1024): file_parser Number of element :3
I/irsc_util( 1024): file_parser Number of element :3
I/irsc_util( 1024): file_parser Number of element :3
I/irsc_util( 1024): file_parser Number of element :3
I/irsc_util( 1024): file_parser Number of element :3
I/irsc_util( 1024): file_parser Number of element :3
I/irsc_util( 1024): file_parser Number of element :3
I/irsc_util( 1024): file_parser Number of element :3
I/irsc_util( 1024): file_parser Number of element :3
I/irsc_util( 1024): file_parser Number of element :3
I/irsc_util( 1024): file_parser Number of element :3
I/UpstartPropertyWatcher(  991): Property changed: sys.usb.state=mtp,adb
I/irsc_util( 1024): file_parser Number of element :3
I/irsc_util( 1024): file_parser Number of element :3
I/irsc_util( 1024): file_parser Number of element :3
I/irsc_util( 1024): file_parser Number of element :3
I/irsc_util( 1024): file_parser Number of element :3
I/irsc_util( 1024): file_parser Number of element :3
I/irsc_util( 1024): file_parser Number of element :3
I/irsc_util( 1024): file_parser Number of element :3
I/irsc_util( 1024): file_parser Number of element :3
I/irsc_util( 1024): file_parser Number of element :3
I/irsc_util( 1024): file_parser Number of element :3
I/irsc_util( 1024): file_parser Number of element :3
I/irsc_util( 1024): file_parser Number of element :3
I/irsc_util( 1024): file_parser Number of element :3
I/irsc_util( 1024): file_parser Number of element :3
I/irsc_util( 1024): file_parser Number of element :3
I/irsc_util( 1024): file_parser Number of element :3
I/irsc_util( 1024): file_parser Number of element :3
I/irsc_util( 1024): file_parser Number of element :3
I/irsc_util( 1024): file_parser Number of element :3
I/irsc_util( 1024): file_parser Number of element :3
I/irsc_util( 1024): file_parser Number of element :3
I/irsc_util( 1024): file_parser Number of element :3
I/irsc_util( 1024): file_parser Number of element :3
I/irsc_util( 1024): file_parser Number of element :3
I/irsc_util( 1024): file_parser Number of element :3
I/irsc_util( 1024): file_parser Number of element :3
I/irsc_util( 1024): file_parser Number of element :3
I/irsc_util( 1024): file_parser Number of element :3
I/irsc_util( 1024): file_parser Number of element :3
I/irsc_util( 1024): file_parser Number of element :3
I/irsc_util( 1024): file_parser Number of element :3
I/irsc_util( 1024): file_parser Number of element :3
I/irsc_util( 1024): file_parser Number of element :3
I/irsc_util( 1024): file_parser Number of element :3
I/irsc_util( 1024): file_parser Number of element :3
I/irsc_util( 1024): file_parser Number of element :3
I/irsc_util( 1024): file_parser Number of element :3
I/irsc_util( 1024): file_parser Number of element :3
I/irsc_util( 1024): file_parser Number of element :3
I/irsc_util( 1024): file_parser Number of element :3
I/irsc_util( 1024): file_parser Number of element :3
I/irsc_util( 1024): file_parser Number of element :3
I/irsc_util( 1024): file_parser Number of element :3
I/irsc_util( 1024): file_parser Number of element :3
I/irsc_util( 1024): file_parser Number of element :3
I/irsc_util( 1024): file_parser Number of element :3
I/irsc_util( 1024): file_parser Number of element :3
I/irsc_util( 1024): file_parser Number of element :3
I/irsc_util( 1024): file_parser Number of element :3
I/irsc_util( 1024): file_parser Number of element :3
I/irsc_util( 1024): file_parser Number of element :3
I/irsc_util( 1024): file_parser Number of element :3
I/irsc_util( 1024): file_parser Number of element :3
I/irsc_util( 1024): file_parser Number of element :3
I/irsc_util( 1024): file_parser Number of element :3
I/irsc_util( 1024): file_parser Number of element :3
I/irsc_util( 1024): file_parser Number of element :3
I/irsc_util( 1024): file_parser Number of element :3
I/irsc_util( 1024): file_parser Number of element :3
I/irsc_util( 1024): file_parser Number of element :3
I/irsc_util( 1024): file_parser Number of element :3
I/irsc_util( 1024): file_parser Number of element :3
I/irsc_util( 1024): file_parser Number of element :3
I/irsc_util( 1024): file_parser Number of element :3
I/irsc_util( 1024): file_parser Number of element :3
I/irsc_util( 1024): file_parser Number of element :3
I/irsc_util( 1024): file_parser Number of element :3
I/irsc_util( 1024): file_parser Number of element :3
I/irsc_util( 1024): file_parser Number of element :3
I/irsc_util( 1024): file_parser Number of element :3
I/irsc_util( 1024): file_parser Number of element :3
I/irsc_util( 1024): file_parser Number of element :3
I/irsc_util( 1024): file_parser Number of element :3
I/irsc_util( 1024): file_parser Number of element :3
I/irsc_util( 1024): file_parser Number of element :3
I/irsc_util( 1024): file_parser Number of element :3
I/irsc_util( 1024): file_parser Number of element :3
I/irsc_util( 1024): file_parser Number of element :3
I/irsc_util( 1024): file_parser Number of element :3
I/irsc_util( 1024): file_parser Number of element :3
I/irsc_util( 1024): file_parser Number of element :3
I/irsc_util( 1024): file_parser Number of element :3
I/irsc_util( 1024): file_parser Number of element :3
I/irsc_util( 1024): file_parser Number of element :3
I/irsc_util( 1024): file_parser Number of element :3
I/irsc_util( 1024): file_parser Number of element :3
I/irsc_util( 1024): file_parser Number of element :3
I/irsc_util( 1024): file_parser Number of element :3
I/irsc_util( 1024): file_parser Number of element :3
I/irsc_util( 1024): file_parser Number of element :3
I/irsc_util( 1024): file_parser Number of element :3
I/irsc_util( 1024): file_parser Number of element :3
I/irsc_util( 1024): file_parser Number of element :3
I/irsc_util( 1024): file_parser Number of element :3
I/irsc_util( 1024): file_parser Number of element :3
I/irsc_util( 1024): file_parser Number of element :3
I/irsc_util( 1024): file_parser Number of element :3
I/irsc_util( 1024): file_parser Number of element :3
I/irsc_util( 1024): file_parser Number of element :3
I/irsc_util( 1024): file_parser Number of element :3
I/irsc_util( 1024): file_parser Number of element :3
I/irsc_util( 1024): file_parser Number of element :3
I/irsc_util( 1024): file_parser Number of element :3
I/irsc_util( 1024): file_parser Number of element :3
I/irsc_util( 1024): file_parser Number of element :3
I/irsc_util( 1024): file_parser Number of element :3
I/irsc_util( 1024): file_parser Number of element :3
I/irsc_util( 1024): file_parser Number of element :3
I/irsc_util( 1024): file_parser Number of element :3
I/irsc_util( 1024): file_parser Number of element :3
I/irsc_util( 1024): file_parser Number of element :3
I/irsc_util( 1024): file_parser Number of element :0
I/irsc_util( 1024): file_parser Invalid Format or Comment - '/* IPC Security Config */
I/irsc_util( 1024): '
I/irsc_util( 1024): file_parser Number of element :0
I/irsc_util( 1024): file_parser Invalid Format or Comment - '/* <GPS QMI Service ID - 16>:<GPS QMI Instance ID - all instances>:<Client Group ID> */
I/irsc_util( 1024): '
I/irsc_util( 1024): file_parser Number of element :4
I/irsc_util( 1024): file_parser Number of element :5
I/irsc_util( 1024): file_parser Number of element :0
I/irsc_util( 1024): file_parser Invalid Format or Comment - '
I/irsc_util( 1024): '
I/irsc_util( 1024): file_parser Number of element :0
I/irsc_util( 1024): file_parser Invalid Format or Comment - '/* Allow SS CTL service to be used by system and net_raw processes */
I/irsc_util( 1024): '
I/irsc_util( 1024): file_parser Number of element :4
I/irsc_util( 1024): file_parser Number of element :0
I/irsc_util( 1024): file_parser Invalid Format or Comment - '/* Allow Sensor services to be used by sensor process */
I/irsc_util( 1024): '
I/irsc_util( 1024): file_parser Number of element :3
I/irsc_util( 1024): file_parser Number of element :3
I/irsc_util( 1024): file_parser Number of element :3
I/irsc_util( 1024): file_parser Number of element :3
I/irsc_util( 1024): file_parser Number of element :3
I/irsc_util( 1024): file_parser Number of element :3
I/irsc_util( 1024): file_parser Number of element :3
I/irsc_util( 1024): file_parser Number of element :3
I/irsc_util( 1024): file_parser Number of element :3
I/irsc_util( 1024): file_parser Number of element :3
I/irsc_util( 1024): file_parser Number of element :3
I/irsc_util( 1024): file_parser Number of element :3
I/irsc_util( 1024): file_parser Number of element :3
I/irsc_util( 1024): file_parser Number of element :3
I/irsc_util( 1024): file_parser Number of element :3
I/irsc_util( 1024): file_parser Number of element :3
I/irsc_util( 1024): file_parser Number of element :3
I/irsc_util( 1024): file_parser Number of element :3
I/irsc_util( 1024): file_parser Number of element :3
I/irsc_util( 1024): file_parser Number of element :3
I/irsc_util( 1024): file_parser Number of element :3
I/irsc_util( 1024): file_parser Number of element :3
I/irsc_util( 1024): file_parser Number of element :3
I/irsc_util( 1024): file_parser Number of element :3
I/irsc_util( 1024): file_parser Number of element :3
I/irsc_util( 1024): file_parser Number of element :3
I/irsc_util( 1024): file_parser Number of element :3
I/irsc_util( 1024): file_parser Number of element :3
I/irsc_util( 1024): file_parser Number of element :3
I/irsc_util( 1024): file_parser Number of element :3
I/irsc_util( 1024): file_parser Number of element :3
I/irsc_util( 1024): file_parser Number of element :3
I/irsc_util( 1024): file_parser Number of element :3
I/irsc_util( 1024): file_parser Number of element :3
I/irsc_util( 1024): file_parser Number of element :3
I/irsc_util( 1024): file_parser Number of element :3
I/irsc_util( 1024): file_parser Number of element :3
I/irsc_util( 1024): file_parser Number of element :3
I/irsc_util( 1024): file_parser Number of element :3
I/irsc_util( 1024): file_parser Number of element :3
I/irsc_util( 1024): file_parser Number of element :3
I/irsc_util( 1024): file_parser Number of element :3
I/irsc_util( 1024): file_parser Number of element :3
I/irsc_util( 1024): file_parser Number of element :3
I/irsc_util( 1024): file_parser Number of element :3
I/irsc_util( 1024): file_parser Number of element :3
I/irsc_util( 1024): file_parser Number of element :3
I/irsc_util( 1024): file_parser Number of element :3
I/irsc_util( 1024): file_parser Number of element :3
I/irsc_util( 1024): file_parser Number of element :3
I/irsc_util( 1024): file_parser Number of element :3
I/irsc_util( 1024): file_parser Number of element :3
I/irsc_util( 1024): file_parser Number of element :3
I/irsc_util( 1024): file_parser Number of element :3
I/irsc_util( 1024): file_parser Number of element :3
I/irsc_util( 1024): file_parser Number of element :3
I/irsc_util( 1024): file_parser Number of element :3
I/irsc_util( 1024): file_parser Number of element :3
I/irsc_util( 1024): file_parser Number of element :3
I/irsc_util( 1024): file_parser Number of element :3
I/irsc_util( 1024): file_parser Number of element :3
I/irsc_util( 1024): file_parser Number of element :3
I/irsc_util( 1024): file_parser Number of element :3
I/irsc_util( 1024): file_parser Number of element :3
I/irsc_util( 1024): file_parser Number of element :3
I/irsc_util( 1024): file_parser Number of element :3
I/irsc_util( 1024): file_parser Number of element :3
I/irsc_util( 1024): file_parser Number of element :3
I/irsc_util( 1024): file_parser Number of element :3
I/irsc_util( 1024): file_parser Number of element :3
I/irsc_util( 1024): file_parser Number of element :3
I/irsc_util( 1024): file_parser Number of element :3
I/irsc_util( 1024): file_parser Number of element :3
I/irsc_util( 1024): file_parser Number of element :3
I/irsc_util( 1024): file_parser Number of element :3
I/irsc_util( 1024): file_parser Number of element :3
I/irsc_util( 1024): file_parser Number of element :3
I/irsc_util( 1024): file_parser Number of element :3
I/irsc_util( 1024): file_parser Number of element :3
I/irsc_util( 1024): file_parser Number of element :3
I/irsc_util( 1024): file_parser Number of element :3
I/irsc_util( 1024): file_parser Number of element :3
I/irsc_util( 1024): file_parser Number of element :3
I/irsc_util( 1024): file_parser Number of element :3
I/irsc_util( 1024): file_parser Number of element :3
I/irsc_util( 1024): file_parser Number of element :3
I/irsc_util( 1024): file_parser Number of element :3
I/irsc_util( 1024): file_parser Number of element :3
I/irsc_util( 1024): file_parser Number of element :3
I/irsc_util( 1024): file_parser Number of element :3
I/irsc_util( 1024): file_parser Number of element :3
I/irsc_util( 1024): file_parser Number of element :3
I/irsc_util( 1024): file_parser Number of element :3
I/irsc_util( 1024): file_parser Number of element :3
I/irsc_util( 1024): file_parser Number of element :3
I/irsc_util( 1024): file_parser Number of element :3
I/irsc_util( 1024): file_parser Number of element :3
I/irsc_util( 1024): file_parser Number of element :3
I/irsc_util( 1024): file_parser Number of element :3
I/irsc_util( 1024): file_parser Number of element :3
I/irsc_util( 1024): file_parser Number of element :3
I/irsc_util( 1024): file_parser Number of element :3
I/irsc_util( 1024): file_parser Number of element :3
I/irsc_util( 1024): file_parser Number of element :3
I/irsc_util( 1024): file_parser Number of element :3
I/irsc_util( 1024): file_parser Number of element :3
I/irsc_util( 1024): file_parser Number of element :3
I/irsc_util( 1024): file_parser Number of element :3
I/irsc_util( 1024): file_parser Number of element :3
I/irsc_util( 1024): file_parser Number of element :3
I/irsc_util( 1024): file_parser Number of element :3
I/irsc_util( 1024): file_parser Number of element :3
I/irsc_util( 1024): file_parser Number of element :3
I/irsc_util( 1024): file_parser Number of element :3
I/irsc_util( 1024): file_parser Number of element :3
I/irsc_util( 1024): file_parser Number of element :3
I/UpstartPropertyWatcher(  991): Property changed: ro.qualcomm.bluetooth.hsp=true
I/UpstartPropertyWatcher(  991): Property changed: sys.usb.state=mtp,adb
I/UpstartPropertyWatcher(  991): Property changed: init.svc.quipc_main=restarting
I/irsc_util( 1024): file_parser Number of element :3
I/irsc_util( 1024): file_parser Number of element :3
I/irsc_util( 1024): file_parser Number of element :3
I/irsc_util( 1024): file_parser Number of element :3
I/irsc_util( 1024): file_parser Number of element :3
I/irsc_util( 1024): file_parser Number of element :3
I/irsc_util( 1024): file_parser Number of element :3
I/irsc_util( 1024): file_parser Number of element :3
I/irsc_util( 1024): file_parser Number of element :3
I/irsc_util( 1024): file_parser Number of element :3
I/irsc_util( 1024): file_parser Number of element :3
I/irsc_util( 1024): file_parser Number of element :3
I/irsc_util( 1024): file_parser Number of element :3
I/irsc_util( 1024): file_parser Number of element :3
I/irsc_util( 1024): file_parser Number of element :3
I/irsc_util( 1024): file_parser Number of element :3
I/irsc_util( 1024): file_parser Number of element :3
I/irsc_util( 1024): file_parser Number of element :3
I/irsc_util( 1024): file_parser Number of element :3
I/irsc_util( 1024): file_parser Number of element :3
I/irsc_util( 1024): file_parser Number of element :3
I/irsc_util( 1024): file_parser Number of element :3
I/irsc_util( 1024): file_parser Number of element :3
I/irsc_util( 1024): file_parser Number of element :3
I/irsc_util( 1024): file_parser Number of element :3
I/irsc_util( 1024): file_parser Number of element :3
I/irsc_util( 1024): file_parser Number of element :3
I/irsc_util( 1024): file_parser Number of element :3
I/irsc_util( 1024): file_parser Number of element :3
I/irsc_util( 1024): file_parser Number of element :3
I/irsc_util( 1024): file_parser Number of element :3
I/irsc_util( 1024): file_parser Number of element :3
I/irsc_util( 1024): file_parser Number of element :3
I/irsc_util( 1024): file_parser Number of element :3
I/irsc_util( 1024): file_parser Number of element :3
I/irsc_util( 1024): file_parser Number of element :3
I/irsc_util( 1024): file_parser Number of element :3
I/irsc_util( 1024): file_parser Number of element :3
I/irsc_util( 1024): file_parser Number of element :3
I/irsc_util( 1024): file_parser Number of element :3
I/irsc_util( 1024): file_parser Number of element :3
I/irsc_util( 1024): file_parser Number of element :3
I/irsc_util( 1024): file_parser Number of element :3
I/irsc_util( 1024): file_parser Number of element :3
I/irsc_util( 1024): file_parser Number of element :3
I/irsc_util( 1024): file_parser Number of element :3
I/irsc_util( 1024): file_parser Number of element :3
I/irsc_util( 1024): file_parser Number of element :3
I/irsc_util( 1024): file_parser Number of element :3
I/irsc_util( 1024): file_parser Number of element :3
I/irsc_util( 1024): file_parser Number of element :3
I/irsc_util( 1024): file_parser Number of element :3
I/irsc_util( 1024): file_parser Number of element :3
I/irsc_util( 1024): file_parser Number of element :3
I/irsc_util( 1024): file_parser Number of element :3
I/irsc_util( 1024): file_parser Number of element :3
I/irsc_util( 1024): file_parser Number of element :3
I/irsc_util( 1024): file_parser Number of element :3
I/irsc_util( 1024): file_parser Number of element :3
I/irsc_util( 1024): file_parser Number of element :3
I/irsc_util( 1024): file_parser Number of element :3
I/irsc_util( 1024): file_parser Number of element :3
I/irsc_util( 1024): file_parser Number of element :3
I/irsc_util( 1024): file_parser Number of element :3
I/irsc_util( 1024): file_parser Number of element :3
I/irsc_util( 1024): file_parser Number of element :3
I/irsc_util( 1024): file_parser Number of element :3
I/irsc_util( 1024): file_parser Number of element :3
I/irsc_util( 1024): file_parser Number of element :3
I/irsc_util( 1024): file_parser Number of element :3
I/irsc_util( 1024): file_parser Number of element :3
I/irsc_util( 1024): file_parser Number of element :3
I/irsc_util( 1024): file_parser Number of element :3
I/irsc_util( 1024): file_parser Number of element :3
I/irsc_util( 1024): file_parser Number of element :3
I/irsc_util( 1024): file_parser Number of element :3
I/irsc_util( 1024): file_parser Number of element :3
I/irsc_util( 1024): file_parser Number of element :3
I/irsc_util( 1024): file_parser Number of element :3
I/irsc_util( 1024): file_parser Number of element :3
I/irsc_util( 1024): file_parser Number of element :3
I/irsc_util( 1024): file_parser Number of element :3
I/irsc_util( 1024): file_parser Number of element :3
I/irsc_util( 1024): file_parser Number of element :3
I/irsc_util( 1024): file_parser Number of element :3
I/irsc_util( 1024): file_parser Number of element :3
I/irsc_util( 1024): file_parser Number of element :3
I/irsc_util( 1024): file_parser Number of element :3
I/irsc_util( 1024): file_parser Number of element :3
I/irsc_util( 1024): file_parser Number of element :3
I/irsc_util( 1024): file_parser Number of element :3
I/irsc_util( 1024): file_parser Number of element :3
I/irsc_util( 1024): file_parser Number of element :3
I/irsc_util( 1024): file_parser Number of element :3
I/irsc_util( 1024): file_parser Number of element :3
I/irsc_util( 1024): file_parser Number of element :3
I/irsc_util( 1024): file_parser Number of element :3
I/irsc_util( 1024): file_parser Number of element :3
I/irsc_util( 1024): file_parser Number of element :3
I/irsc_util( 1024): file_parser Number of element :3
I/irsc_util( 1024): file_parser Number of element :3
I/irsc_util( 1024): file_parser Number of element :3
I/irsc_util( 1024): file_parser Number of element :3
I/irsc_util( 1024): file_parser Number of element :3
I/irsc_util( 1024): file_parser Number of element :3
I/irsc_util( 1024): file_parser Number of element :3
I/irsc_util( 1024): file_parser Number of element :3
I/irsc_util( 1024): file_parser Number of element :3
I/irsc_util( 1024): file_parser Number of element :3
I/irsc_util( 1024): file_parser Number of element :3
I/irsc_util( 1024): file_parser Number of element :3
I/irsc_util( 1024): file_parser Number of element :3
E/QCALOG  ( 1102): [MessageQ] ProcessNewMessage: [NOT_REGISTERED:110] unknown deliver target [OS-Agent]
I/irsc_util( 1024): file_parser Number of element :3
I/irsc_util( 1024): file_parser Number of element :3
I/irsc_util( 1024): file_parser Number of element :3
I/irsc_util( 1024): file_parser Number of element :3
I/irsc_util( 1024): file_parser Number of element :3
I/irsc_util( 1024): file_parser Number of element :3
I/irsc_util( 1024): file_parser Number of element :3
I/irsc_util( 1024): file_parser Number of element :3
I/irsc_util( 1024): file_parser Number of element :3
I/irsc_util( 1024): file_parser Number of element :3
I/irsc_util( 1024): file_parser Number of element :3
I/irsc_util( 1024): file_parser Number of element :3
I/irsc_util( 1024): file_parser Number of element :3
I/irsc_util( 1024): file_parser Number of element :3
E/XTCC-3.0.0.6( 1120): [CsStorageWwan] createOrOpenDatabase failed 4
I/irsc_util( 1024): file_parser Number of element :3
E/XTCC-3.0.0.6( 1120): [CSMgr] open AP list file, /data/misc/location/xtwifi, name = /data/misc/location/xtwifi/ap_list.txt
E/XTCC-3.0.0.6( 1120): [CSMgr] open AP list file, fopen failed, name = /data/misc/location/xtwifi/ap_list.txt, errno = No such file or directory
I/irsc_util( 1024): file_parser Number of element :3
I/irsc_util( 1024): file_parser Number of element :3
I/irsc_util( 1024): file_parser Number of element :3
I/irsc_util( 1024): file_parser Number of element :3
I/irsc_util( 1024): file_parser Number of element :3
E/QCALOG  ( 1102): [MessageQ] ProcessNewMessage: [NOT_REGISTERED:110] unknown deliver target [OS-Agent]
I/irsc_util( 1024): file_parser Number of element :3
I/irsc_util( 1024): file_parser Number of element :3
I/irsc_util( 1024): file_parser Number of element :3
I/irsc_util( 1024): file_parser Number of element :3
I/irsc_util( 1024): file_parser Number of element :3
I/irsc_util( 1024): file_parser Number of element :3
I/irsc_util( 1024): file_parser Number of element :3
I/irsc_util( 1024): file_parser Number of element :3
I/irsc_util( 1024): Feed the sec config info to the router
I/irsc_util( 1024): Num of entries:259
I/UpstartPropertyWatcher(  991): Property changed: ro.qualcomm.bluetooth.pbap=true
I/UpstartPropertyWatcher(  991): Property changed: ro.qualcomm.bluetooth.ftp=true
I/UpstartPropertyWatcher(  991): Property changed: init.svc.ppd=restarting
E/mm-camera-sensor( 1050): sensor_probe:117 failed: to load s5k3h2yx_omi8a02a
E/mm-camera-sensor( 1050): sensor_init_probe:123 failed: to load s5k3h2yx_omi8a02a
I/UpstartPropertyWatcher(  991): Property changed: ro.qualcomm.bluetooth.nap=true
I/UpstartPropertyWatcher(  991): Property changed: init.svc.irsc_util=stopped
I/UpstartPropertyWatcher(  991): Property changed: ro.bluetooth.sap=true
D/QSEECOMAPI: ( 1053): Loaded image: APP id = 2
I/UpstartPropertyWatcher(  991): Property changed: sys.keymaster.loaded=true
D/QSEECOMD: ( 1053): Parent qseecom daemon process paused!! 
I/UpstartPropertyWatcher(  991): Property changed: ro.bluetooth.dun=true
D/QSEECOMD: ( 1164): qseecom listener service threads starting!!! 
D/QSEECOMD: ( 1164): Total listener services to start = 5
E/QSEECOMD: ( 1164): Listener: index = 0, hierarchy = 1
D/QSEECOMD: ( 1164): Init dlopen(librpmb.so, RTLD_NOW) succeeds
D/QSEECOMD: ( 1164): Init::Init dlsym(g_FSHandle rpmb_start) succeeds
D/QSEECOMAPI: ( 1164): QSEECom_register_listener 8192 sb_length = 0x5000
D/QSEECOMD: ( 1164): Init rpmb_start ret = 0
