--------- beginning of /dev/alog/main
I/UpstartPropertyWatcher(  993): Starting upstart property watcher
I/UpstartPropertyWatcher(  993): Upstart property watcher connected to socket '/dev/socket/upstart-text-bridge'
I/UpstartPropertyWatcher(  993): Notifying the entire property list
I/UpstartPropertyWatcher(  993): Property changed: af.resampler.quality=4
I/UpstartPropertyWatcher(  993): Property changed: av.offload.enable=true
I/UpstartPropertyWatcher(  993): Property changed: cm.updater.uri=http://ota.randomdroids.com/api
I/UpstartPropertyWatcher(  993): Property changed: mm.enable.qcom_parser=37491
I/UpstartPropertyWatcher(  993): Property changed: mm.enable.smoothstreaming=true
I/UpstartPropertyWatcher(  993): Property changed: ro.cm.device=armani
I/UpstartPropertyWatcher(  993): Property changed: ro.qc.sdk.izat.service_mask=0x5
I/UpstartPropertyWatcher(  993): Property changed: ro.qc.sdk.izat.premium_enabled=1
I/UpstartPropertyWatcher(  993): Property changed: ro.qc.sdk.audio.ssr=false
I/UpstartPropertyWatcher(  993): Property changed: ro.qc.sdk.audio.fluencetype=fluence
I/UpstartPropertyWatcher(  993): Property changed: ro.sf.lcd_density=320
I/UpstartPropertyWatcher(  993): Property changed: ro.com.android.dateformat=MM-dd-yyyy
I/UpstartPropertyWatcher(  993): Property changed: ro.com.android.dataroaming=true
I/UpstartPropertyWatcher(  993): Property changed: ro.cwm.forbid_mount=/persist,/firmware
I/UpstartPropertyWatcher(  993): Property changed: ro.cwm.forbid_format=/fsg,/firmware,/boot,/persist
I/UpstartPropertyWatcher(  993): Property changed: ro.cwm.enable_key_repeat=true
I/UpstartPropertyWatcher(  993): Property changed: ro.gps.agps_provider=1
I/UpstartPropertyWatcher(  993): Property changed: ro.boot.emmc=true
I/UpstartPropertyWatcher(  993): Property changed: ro.boot.modem=HM1AW
I/UpstartPropertyWatcher(  993): Property changed: ro.boot.baseband=msm
I/UpstartPropertyWatcher(  993): Property changed: ro.boot.hardware=armani
I/UpstartPropertyWatcher(  993): Property changed: ro.boot.serialno=9924b89b
I/UpstartPropertyWatcher(  993): Property changed: ro.boot.hwversion=40
I/UpstartPropertyWatcher(  993): Property changed: ro.emmc=0
I/UpstartPropertyWatcher(  993): Property changed: ro.wifi.channels=
I/UpstartPropertyWatcher(  993): Property changed: ro.allow.mock.location=0
I/UpstartPropertyWatcher(  993): Property changed: ro.board.platform=msm8226
I/UpstartPropertyWatcher(  993): Property changed: ro.build.id=KTU84Q
I/UpstartPropertyWatcher(  993): Property changed: ro.build.date=Rab Des  2 17:25:09 WIB 2015
I/UpstartPropertyWatcher(  993): Property changed: ro.build.date.utc=1449051909
I/UpstartPropertyWatcher(  993): Property changed: ro.build.host=elasrofxela
I/UpstartPropertyWatcher(  993): Property changed: ro.build.tags=test-keys
I/UpstartPropertyWatcher(  993): Property changed: ro.build.type=userdebug
I/UpstartPropertyWatcher(  993): Property changed: ro.build.user=alexforsale
I/UpstartPropertyWatcher(  993): Property changed: ro.build.display.id=phablet_armani-userdebug 4.4.4 KTU84Q eng.alexforsale.20151202.172322 test-keys
I/UpstartPropertyWatcher(  993): Property changed: ro.build.product=armani
I/UpstartPropertyWatcher(  993): Property changed: ro.build.version.sdk=19
I/UpstartPropertyWatcher(  993): Property changed: ro.build.version.base_os=
I/UpstartPropertyWatcher(  993): Property changed: ro.build.version.release=4.4.4
I/UpstartPropertyWatcher(  993): Property changed: ro.build.version.codename=REL
I/UpstartPropertyWatcher(  993): Property changed: ro.build.version.incremental=eng.alexforsale.20151202.172322
I/UpstartPropertyWatcher(  993): Property changed: ro.build.version.security_patch=2015-11-01
I/UpstartPropertyWatcher(  993): Property changed: ro.build.description=armani-user 4.4.4 KTU84P V7.0.5.0.KHCMICI release-keys
I/UpstartPropertyWatcher(  993): Property changed: ro.build.fingerprint=Xiaomi/armani/armani:4.4.4/KTU84P/V7.0.5.0.KHCMICI:user/release-keys
I/UpstartPropertyWatcher(  993): Property changed: ro.build.characteristics=default
I/UpstartPropertyWatcher(  993): Property changed: ro.crypto.fuse_sdcard=true
I/UpstartPropertyWatcher(  993): Property changed: ro.secure=1
I/UpstartPropertyWatcher(  993): Property changed: ro.vendor.extension_library=/vendor/lib/libqc-opt.so
I/UpstartPropertyWatcher(  993): Property changed: ro.carrier=unknown
I/UpstartPropertyWatcher(  993): Property changed: ro.product.cpu.abi=armeabi-v7a
I/UpstartPropertyWatcher(  993): Property changed: ro.product.cpu.abi2=armeabi
I/UpstartPropertyWatcher(  993): Property changed: ro.product.name=armani
I/UpstartPropertyWatcher(  993): Property changed: ro.product.board=MSM8226
I/UpstartPropertyWatcher(  993): Property changed: ro.product.brand=Xiaomi
I/UpstartPropertyWatcher(  993): Property changed: ro.product.model=HM 1SW
I/UpstartPropertyWatcher(  993): Property changed: ro.product.device=armani
I/UpstartPropertyWatcher(  993): Property changed: ro.product.locale.region=US
I/UpstartPropertyWatcher(  993): Property changed: ro.product.locale.language=en
I/UpstartPropertyWatcher(  993): Property changed: ro.product.manufacturer=Xiaomi
I/UpstartPropertyWatcher(  993): Property changed: ro.baseband=msm
I/UpstartPropertyWatcher(  993): Property changed: ro.bootmode=unknown
I/UpstartPropertyWatcher(  993): Property changed: ro.hardware=armani
I/UpstartPropertyWatcher(  993): Property changed: ro.opengles.version=196608
I/UpstartPropertyWatcher(  993): Property changed: ro.qualcomm.cabl=0
I/UpstartPropertyWatcher(  993): Property changed: ro.revision=0
I/UpstartPropertyWatcher(  993): Property changed: ro.serialno=9924b89b
I/UpstartPropertyWatcher(  993): Property changed: ro.telephony.call_ring.multiple=false
I/UpstartPropertyWatcher(  993): Property changed: ro.telephony.default_network=0,1
I/UpstartPropertyWatcher(  993): Property changed: ro.bootloader=unknown
I/UpstartPropertyWatcher(  993): Property changed: ro.debuggable=1
I/UpstartPropertyWatcher(  993): Property changed: ro.factorytest=0
I/UpstartPropertyWatcher(  993): Property changed: dev.pm.dyn_samplingrate=1
I/UpstartPropertyWatcher(  993): Property changed: drm.service.enabled=true
I/UpstartPropertyWatcher(  993): Property changed: mmp.enable.3g2=true
I/UpstartPropertyWatcher(  993): Property changed: net.bt.name=Android
I/UpstartPropertyWatcher(  993): Property changed: net.change=net.bt.name
I/UpstartPropertyWatcher(  993): Property changed: ril.device=qcom_msim
I/UpstartPropertyWatcher(  993): Property changed: ril.num_slots=2
I/UpstartPropertyWatcher(  993): Property changed: ril.subscription.types=RUIM
I/UpstartPropertyWatcher(  993): Property changed: use.voice.path.for.pcm.voip=true
I/UpstartPropertyWatcher(  993): Property changed: init.svc.ueventd=running
I/UpstartPropertyWatcher(  993): Property changed: init.svc.upstart-watcher=running
I/UpstartPropertyWatcher(  993): Property changed: qcom.bt.dev_power_class=1
I/UpstartPropertyWatcher(  993): Property changed: qcom.hw.aac.encoder=true
I/UpstartPropertyWatcher(  993): Property changed: rild.libargs=-d /dev/smd0
I/UpstartPropertyWatcher(  993): Property changed: rild.libpath=/vendor/lib/libril-qc-qmi-1.so
I/UpstartPropertyWatcher(  993): Property changed: vold.post_fs_data_done=1
I/UpstartPropertyWatcher(  993): Property changed: wifi.interface=wlan0
I/UpstartPropertyWatcher(  993): Property changed: audio.offload.pcm.enable=false
I/UpstartPropertyWatcher(  993): Property changed: audio.offload.buffer.size.kb=32
I/UpstartPropertyWatcher(  993): Property changed: audio.offload.disable=1
I/UpstartPropertyWatcher(  993): Property changed: audio.offload.gapless.enabled=true
I/UpstartPropertyWatcher(  993): Property changed: debug.sf.hw=1
I/UpstartPropertyWatcher(  993): Property changed: debug.sf.fb_always_on=1
I/UpstartPropertyWatcher(  993): Property changed: debug.egl.hw=1
I/UpstartPropertyWatcher(  993): Property changed: debug.mdpcomp.logs=0
I/UpstartPropertyWatcher(  993): Property changed: debug.composition.type=c2d
I/UpstartPropertyWatcher(  993): Property changed: media.stagefright.enable-aac=true
I/UpstartPropertyWatcher(  993): Property changed: media.stagefright.enable-qcp=true
I/UpstartPropertyWatcher(  993): Property changed: media.stagefright.enable-http=true
I/UpstartPropertyWatcher(  993): Property changed: media.stagefright.enable-scan=true
I/UpstartPropertyWatcher(  993): Property changed: media.stagefright.enable-fma2dp=true
I/UpstartPropertyWatcher(  993): Property changed: media.stagefright.enable-player=true
I/UpstartPropertyWatcher(  993): Property changed: dalvik.vm.heapsize=256m
I/UpstartPropertyWatcher(  993): Property changed: dalvik.vm.lockprof.threshold=500
I/UpstartPropertyWatcher(  993): Property changed: dalvik.vm.heapmaxfree=8m
I/UpstartPropertyWatcher(  993): Property changed: dalvik.vm.heapminfree=2m
I/UpstartPropertyWatcher(  993): Property changed: dalvik.vm.dexopt-flags=m=y
I/UpstartPropertyWatcher(  993): Property changed: dalvik.vm.heapstartsize=8m
I/UpstartPropertyWatcher(  993): Property changed: dalvik.vm.heapgrowthlimit=96m
I/UpstartPropertyWatcher(  993): Property changed: dalvik.vm.stack-trace-file=/data/anr/traces.txt
I/UpstartPropertyWatcher(  993): Property changed: dalvik.vm.heaptargetutilization=0.75
I/UpstartPropertyWatcher(  993): Property changed: persist.gps.qc_nlp_in_use=1
I/UpstartPropertyWatcher(  993): Property changed: persist.hwc.mdpcomp.enable=true
I/UpstartPropertyWatcher(  993): Property changed: persist.loc.nlp_name=com.qualcomm.services.location
I/UpstartPropertyWatcher(  993): Property changed: persist.sys.usb.config=mtp,adb
I/UpstartPropertyWatcher(  993): Property changed: persist.sys.wfd.virtual=0
I/UpstartPropertyWatcher(  993): Property changed: persist.sys.dalvik.vm.lib=libdvm.so
I/UpstartPropertyWatcher(  993): Property changed: persist.data.netmgrd.qos.enable=true
I/UpstartPropertyWatcher(  993): Property changed: persist.audio.fluence.speaker=false
I/UpstartPropertyWatcher(  993): Property changed: persist.audio.fluence.voicerec=true
I/UpstartPropertyWatcher(  993): Property changed: persist.audio.fluence.voicecall=true
I/UpstartPropertyWatcher(  993): Property changed: persist.debug.wfd.enable=1
I/UpstartPropertyWatcher(  993): Property changed: persist.radio.multisim.config=dsds
I/UpstartPropertyWatcher(  993): Property changed: persist.radio.msgtunnel.start=false
I/UpstartPropertyWatcher(  993): Property changed: persist.radio.dont_use_dsd=true
I/UpstartPropertyWatcher(  993): Property changed: persist.radio.apm_sim_not_pwdn=1
I/UpstartPropertyWatcher(  993): Property changed: persist.timed.enable=true
I/UpstartPropertyWatcher(  993): Property changed: persist.ubuntu.version=unknown
I/UpstartPropertyWatcher(  993): Property changed: persist.ubuntu.version.custom=unknown
I/UpstartPropertyWatcher(  993): Property changed: persist.ubuntu.version.device=unknown
I/UpstartPropertyWatcher(  993): Property changed: persist.ubuntu.version.rootfs=unknown
I/UpstartPropertyWatcher(  993): Property changed: persist.ubuntu.version.channel=unknown
I/UpstartPropertyWatcher(  993): Property changed: persist.ubuntu.default_language=unknown
I/UpstartPropertyWatcher(  993): Property changed: selinux.reload_policy=1
I/UpstartPropertyWatcher(  993): Property changed: keyguard.no_require_sim=true
I/UpstartPropertyWatcher(  993): Property changed: bluetooth.hfp.client=1
I/UpstartPropertyWatcher(  993): Notifying changes only
I/UpstartPropertyWatcher(  993): Property changed: net.tcp.buffersize.wifi=524288,1048576,2097152,262144,524288,1048576
I/UpstartPropertyWatcher(  993): Property changed: net.tcp.buffersize.default=4096,87380,704512,4096,16384,110208
I/UpstartPropertyWatcher(  993): Property changed: net.change=net.tcp.buffersize.wifi
I/UpstartPropertyWatcher(  993): Property changed: net.tcp.buffersize.lte=524288,1048576,2097152,262144,524288,1048576
I/UpstartPropertyWatcher(  993): Property changed: net.tcp.buffersize.hspa=4094,87380,1220608,4096,16384,1220608
I/UpstartPropertyWatcher(  993): Property changed: net.tcp.buffersize.umts=4094,87380,110208,4096,16384,110208
I/UpstartPropertyWatcher(  993): Property changed: net.tcp.buffersize.hsupa=4094,87380,1220608,4096,16384,1220608
I/UpstartPropertyWatcher(  993): Property changed: net.change=net.tcp.buffersize.hspa
I/UpstartPropertyWatcher(  993): Property changed: net.tcp.buffersize.edge=4093,26280,35040,4096,16384,35040
I/UpstartPropertyWatcher(  993): Property changed: net.tcp.buffersize.evdo=4094,87380,262144,4096,16384,262144
I/UpstartPropertyWatcher(  993): Property changed: net.tcp.buffersize.gprs=4092,8760,11680,4096,8760,11680
I/UpstartPropertyWatcher(  993): Property changed: net.tcp.buffersize.hsdpa=4094,87380,1220608,4096,16384,1220608
I/UpstartPropertyWatcher(  993): Property changed: net.tcp.buffersize.hspap=4094,87380,1220608,4096,16384,1220608
I/UpstartPropertyWatcher(  993): Property changed: net.tcp.buffersize.evdo_b=4096,87380,704512,4096,16384,262144
I/UpstartPropertyWatcher(  993): Property changed: net.tcp.buffersize.dchspap=4094,87380,1220608,4096,16384,1220608
I/UpstartPropertyWatcher(  993): Property changed: net.tcp.default_init_rwnd=60
I/UpstartPropertyWatcher(  993): Property changed: net.change=net.tcp.default_init_rwnd
I/UpstartPropertyWatcher(  993): Property changed: init.svc.healthd=running
I/UpstartPropertyWatcher(  993): Property changed: init.svc.servicemanager=running
I/UpstartPropertyWatcher(  993): Property changed: init.svc.auditd=running
I/UpstartPropertyWatcher(  993): Property changed: init.svc.debuggerd=running
I/UpstartPropertyWatcher(  993): Property changed: init.svc.ril-daemon=running
I/UpstartPropertyWatcher(  993): Property changed: init.svc.rmt_storage=running
I/UpstartPropertyWatcher(  993): Property changed: init.svc.config_bluetooth=running
I/UpstartPropertyWatcher(  993): Property changed: init.svc.drm=running
I/UpstartPropertyWatcher(  993): Property changed: init.svc.media=running
I/UpstartPropertyWatcher(  993): Property changed: init.svc.installd=running
I/UpstartPropertyWatcher(  993): Property changed: init.svc.irsc_util=running
I/UpstartPropertyWatcher(  993): Property changed: init.svc.qmuxd=running
I/UpstartPropertyWatcher(  993): Property changed: init.svc.netmgrd=running
I/UpstartPropertyWatcher(  993): Property changed: init.svc.sensors=running
I/UpstartPropertyWatcher(  993): Property changed: init.svc.ptt_socket_app=running
I/UpstartPropertyWatcher(  993): Property changed: init.svc.thermal-engine=running
I/UpstartPropertyWatcher(  993): Property changed: init.svc.qrngd=running
I/UpstartPropertyWatcher(  993): Property changed: init.svc.adsprpcd=running
I/UpstartPropertyWatcher(  993): Property changed: init.svc.sensorservice=running
I/DEBUG   ( 1017): debuggerd: Nov 29 2015 03:37:15
I/qrngd   ( 1028): qrngd has started:
I/qrngd   ( 1028): Reading device:'/dev/hw_random' updating entropy for device:'/dev/random'
--------- beginning of /dev/alog/system
I/auditd  ( 1016): Starting up
D/QC-time-services( 1037): Daemon:genoff_modem_qmi_init: Initiallizing QMI 
I/UpstartPropertyWatcher(  993): Property changed: init.svc.quipc_main=restarting
I/UpstartPropertyWatcher(  993): Property changed: persist.radio.adb_log_on=0
I/UpstartPropertyWatcher(  993): Property changed: init.svc.gsiff_daemon=restarting
E/QCALOG  ( 1104): [MessageQ] ProcessNewMessage: [NOT_REGISTERED:107] unknown deliver target [OS-Agent]
I/UpstartPropertyWatcher(  993): Property changed: ro.qualcomm.bluetooth.hfp=true
E/mm-camera( 1036): server_process_module_init:59, int mods
E/mm-camera-sensor( 1036): module_sensor_init:4145 Enter
E/mm-camera-sensor( 1036): sensor_probe:117 failed: to load s5k3l2_q13s01b
E/mm-camera-sensor( 1036): sensor_init_probe:123 failed: to load s5k3l2_q13s01b
E/XTCC-3.0.0.6( 1107): [CsStorageWwan] createOrOpenDatabase failed 4
E/mm-camera-sensor( 1036): sensor_probe:117 failed: to load s5k3l2_omiba01
E/XTCC-3.0.0.6( 1107): [CSMgr] open AP list file, /data/misc/location/xtwifi, name = /data/misc/location/xtwifi/ap_list.txt
E/mm-camera-sensor( 1036): sensor_init_probe:123 failed: to load s5k3l2_omiba01
E/XTCC-3.0.0.6( 1107): [CSMgr] open AP list file, fopen failed, name = /data/misc/location/xtwifi/ap_list.txt, errno = No such file or directory
E/mm-camera-sensor( 1036): sensor_probe:117 failed: to load ov5693_p5v40a
E/mm-camera-sensor( 1036): sensor_init_probe:123 failed: to load ov5693_p5v40a
E/mm-camera-sensor( 1036): sensor_probe:117 failed: to load ov5693_olq5f08
E/mm-camera-sensor( 1036): sensor_init_probe:123 failed: to load ov5693_olq5f08
E/QCALOG  ( 1104): [MessageQ] ProcessNewMessage: [NOT_REGISTERED:107] unknown deliver target [OS-Agent]
I/UpstartPropertyWatcher(  993): Property changed: ro.qualcomm.bluetooth.hsp=true
D/QSEECOMAPI: ( 1042): Loaded image: APP id = 2
I/UpstartPropertyWatcher(  993): Property changed: sys.keymaster.loaded=true
D/QSEECOMD: ( 1042): Parent qseecom daemon process paused!! 
D/QSEECOMD: ( 1153): qseecom listener service threads starting!!! 
D/QSEECOMD: ( 1153): Total listener services to start = 5
E/QSEECOMD: ( 1153): Listener: index = 0, hierarchy = 1
D/QSEECOMD: ( 1153): Init dlopen(librpmb.so, RTLD_NOW) succeeds
D/QSEECOMD: ( 1153): Init::Init dlsym(g_FSHandle rpmb_start) succeeds
D/QSEECOMAPI: ( 1153): QSEECom_register_listener 8192 sb_length = 0x5000
D/QSEECOMD: ( 1153): Init rpmb_start ret = 0
D/QSEECOMD: ( 1153): RPMB system services: Started (Listener ID = 8192)
E/QSEECOMD: ( 1153): Listener: index = 1, hierarchy = 1
D/QSEECOMD: ( 1153): Init dlopen(libssd.so, RTLD_NOW) succeeds
D/QSEECOMD: ( 1153): Init::Init dlsym(g_FSHandle ssd_start) succeeds
D/QSEECOMAPI: ( 1153): QSEECom_register_listener 12288 sb_length = 0x5000
D/QSEECOMD: ( 1153): Init ssd_start ret = 0
D/QSEECOMD: ( 1153): SSD system services: Started (Listener ID = 12288)
E/QSEECOMD: ( 1153): Listener: index = 2, hierarchy = 1
E/QSEECOMD: ( 1153): Init dlopen(libsecureui.so, RLTD_NOW) is failed....
E/QSEECOMD: ( 1153): Listener: index = 3, hierarchy = 1
D/QSEECOMD: ( 1153): Init dlopen(libdrmtime.so, RTLD_NOW) succeeds
D/QSEECOMD: ( 1153): Init::Init dlsym(g_FSHandle atime_start) succeeds
D/QSEECOMAPI: ( 1153): QSEECom_register_listener 11 sb_length = 0x5000
I/UpstartPropertyWatcher(  993): Property changed: ro.qualcomm.bluetooth.pbap=true
I/UpstartPropertyWatcher(  993): Property changed: ro.qualcomm.bluetooth.ftp=true
D/QSEECOMD: ( 1153): Init atime_start ret = 0
D/QSEECOMD: ( 1153): time services: Started (Listener ID = 11)
E/QSEECOMD: ( 1153): Listener: index = 4, hierarchy = 1
D/QSEECOMD: ( 1153): Init dlopen(libdrmfs.so, RTLD_NOW) succeeds
D/QSEECOMD: ( 1153): Init::Init dlsym(g_FSHandle fs_start) succeeds
D/QSEECOMAPI: ( 1153): QSEECom_register_listener 10 sb_length = 0x5000
D/QSEECOMD: ( 1153): Init fs_start ret = 0
D/QSEECOMD: ( 1153): file system services: Started (Listener ID = 10)
D/QSEECOMD: ( 1153): QSEECOM DAEMON RUNNING 
I/UpstartPropertyWatcher(  993): Property changed: ro.qualcomm.bluetooth.nap=true
I/UpstartPropertyWatcher(  993): Property changed: ro.bluetooth.sap=true
E/mm-camera-sensor( 1036): sensor_probe:117 failed: to load s5k3h2yx_omi8a02a
E/mm-camera-sensor( 1036): sensor_init_probe:123 failed: to load s5k3h2yx_omi8a02a
I/UpstartPropertyWatcher(  993): Property changed: ro.bluetooth.dun=true
I/UpstartPropertyWatcher(  993): Property changed: ro.qualcomm.bluetooth.map=true
I/UpstartPropertyWatcher(  993): Property changed: persist.radio.adb_log_on=0
I/UpstartPropertyWatcher(  993): Property changed: ro.bluetooth.hfp.ver=1.6
I/UpstartPropertyWatcher(  993): Property changed: ril.qcril_pre_init_lock_held=1
I/UpstartPropertyWatcher(  993): Property changed: ro.qualcomm.bt.hci_transport=smd
I/qcom-bluetooth( 1179): /system/etc/init.qcom.bt.sh: Bluetooth stack is Bluedroid 
I/UpstartPropertyWatcher(  993): Property changed: init.svc.config_bluetooth=stopped
E/mm-camera-sensor( 1036): sensor_probe:117 failed: to load imx134
E/mm-camera-sensor( 1036): sensor_init_probe:123 failed: to load imx134
E/mm-camera-sensor( 1036): sensor_probe:117 failed: to load imx135
E/mm-camera-sensor( 1036): sensor_init_probe:123 failed: to load imx135
E/mm-camera-sensor( 1036): sensor_probe:117 failed: to load s5k3l1yx
E/mm-camera-sensor( 1036): sensor_init_probe:123 failed: to load s5k3l1yx
E/mm-camera-sensor( 1036): sensor_probe:117 failed: to load imx214
E/mm-camera-sensor( 1036): sensor_init_probe:123 failed: to load imx214
E/mm-camera-sensor( 1036): sensor_probe:117 failed: to load imx132
E/mm-camera-sensor( 1036): sensor_init_probe:123 failed: to load imx132
E/mm-camera-sensor( 1036): sensor_probe:117 failed: to load ov2720
E/mm-camera-sensor( 1036): sensor_init_probe:123 failed: to load ov2720
E/mm-camera-sensor( 1036): sensor_probe:117 failed: to load SKUAA_ST_gc0339
E/mm-camera-sensor( 1036): sensor_init_probe:123 failed: to load SKUAA_ST_gc0339
E/mm-camera-sensor( 1036): sensor_probe:117 failed: to load ov8825
E/mm-camera-sensor( 1036): sensor_init_probe:123 failed: to load ov8825
E/mm-camera-sensor( 1036): sensor_probe:117 failed: to load ov9724
E/mm-camera-sensor( 1036): sensor_init_probe:123 failed: to load ov9724
E/mm-camera-sensor( 1036): sensor_probe:117 failed: to load ov8865_q8v18a
E/mm-camera-sensor( 1036): sensor_init_probe:123 failed: to load ov8865_q8v18a
E/mm-camera-sensor( 1036): sensor_probe:117 failed: to load ov5648_oty5f03
E/mm-camera-sensor( 1036): sensor_init_probe:123 failed: to load ov5648_oty5f03
E/mm-camera-sensor( 1036): sensor_probe:117 failed: to load skuf_ov12830_p12v01c
E/mm-camera-sensor( 1036): sensor_init_probe:123 failed: to load skuf_ov12830_p12v01c
E/mm-camera-sensor( 1036): sensor_probe:117 failed: to load skuf_ov5648_p5v23c
E/mm-camera-sensor( 1036): sensor_init_probe:123 failed: to load skuf_ov5648_p5v23c
E/mm-camera-sensor( 1036): sensor_probe:117 failed: to load SKUAB_ST_s5k4e1
E/mm-camera-sensor( 1036): sensor_init_probe:123 failed: to load SKUAB_ST_s5k4e1
E/mm-camera-sensor( 1036): sensor_probe:117 failed: to load skuab_shinetech_gc0339
E/mm-camera-sensor( 1036): sensor_init_probe:123 failed: to load skuab_shinetech_gc0339
E/mm-camera-sensor( 1036): sensor_probe:117 failed: to load oem_camera1
E/mm-camera-sensor( 1036): sensor_init_probe:123 failed: to load oem_camera1
E/mm-camera-sensor( 1036): sensor_probe:117 failed: to load oem_camera2
E/mm-camera-sensor( 1036): sensor_init_probe:123 failed: to load oem_camera2
E/mm-camera-sensor( 1036): sensor_probe:117 failed: to load oem_camera3
E/mm-camera-sensor( 1036): sensor_init_probe:123 failed: to load oem_camera3
E/mm-camera-sensor( 1036): sensor_probe:117 failed: to load oem_camera4
E/mm-camera-sensor( 1036): sensor_init_probe:123 failed: to load oem_camera4
E/mm-camera( 1036): isp_util_gen_hws_caps: integrating kernel vfe is pending
E/mm-camera( 1036): isp_tintless_create: using BE stats for tintless!, isp main version = 28
E/mm-camera( 1036): isp_tintless_open_version: E: 40
E/mm-camera( 1036): gyro_module_init: Enter
E/mm-camera( 1036): gyro_module_init: Exit successful
E/mm-camera( 1036): cpp_hardware_load_firmware:368, cpphw->hwinfo.version = 0x20000000
D/CameraService( 1020): virtual bool {anonymous}::TrustAgentRegistry::threadLoop() start
E/mm-camera( 1036): vpe_module_init:26 name=vpe
E/mm-camera( 1036): vpe_hardware_find_subdev:716: entity.name=video0 entity.revision=0
E/mm-camera( 1036): vpe_hardware_find_subdev:716: entity.name=msm_cci entity.revision=0
E/mm-camera( 1036): vpe_hardware_find_subdev:716: entity.name=v4l-subdev0 entity.revision=0
E/mm-camera( 1036): vpe_hardware_find_subdev:716: entity.name=v4l-subdev1 entity.revision=0
E/mm-camera( 1036): vpe_hardware_find_subdev:716: entity.name=v4l-subdev2 entity.revision=0
E/mm-camera( 1036): vpe_hardware_find_subdev:716: entity.name=v4l-subdev3 entity.revision=0
E/mm-camera( 1036): vpe_hardware_find_subdev:716: entity.name=v4l-subdev4 entity.revision=0
E/mm-camera( 1036): vpe_hardware_find_subdev:716: entity.name=v4l-subdev5 entity.revision=0
E/mm-camera( 1036): vpe_hardware_find_subdev:716: entity.name=v4l-subdev6 entity.revision=0
E/mm-camera( 1036): vpe_hardware_find_subdev:716: entity.name=v4l-subdev7 entity.revision=0
E/mm-camera( 1036): vpe_hardware_find_subdev:716: entity.name=v4l-subdev8 entity.revision=0
E/mm-camera( 1036): vpe_hardware_find_subdev:716: entity.name=v4l-subdev9 entity.revision=0
E/mm-camera( 1036): vpe_hardware_find_subdev:716: entity.name=v4l-subdev10 entity.revision=0
E/mm-camera( 1036): vpe_hardware_find_subdev:716: entity.name=v4l-subdev11 entity.revision=0
E/mm-camera( 1036): vpe_hardware_find_subdev:716: entity.name=v4l-subdev12 entity.revision=12
E/mm-camera( 1036): vpe_hardware_find_subdev:716: entity.name=v4l-subdev13 entity.revision=0
E/mm-camera( 1036): vpe_hardware_find_subdev:716: entity.name=v4l-subdev14 entity.revision=0
E/mm-camera( 1036): vpe_hardware_find_subdev:711: done enumerating media entities
E/mm-camera( 1036): vpe_hardware_find_subdev:716: entity.name=video1 entity.revision=0
E/mm-camera( 1036): vpe_hardware_find_subdev:711: done enumerating media entities
E/mm-camera( 1036): vpe_hardware_find_subdev:716: entity.name=video2 entity.revision=0
E/mm-camera( 1036): vpe_hardware_find_subdev:711: done enumerating media entities
E/mm-camera( 1036): vpe_hardware_find_subdev:683: no more media devices
E/mm-camera( 1036): vpe_hardware_find_subdev:728: no vpe device found.
E/mm-camera( 1036): vpe_hardware_create:31: error: cannot find vpe subdev
E/mm-camera( 1036): vpe_module_create_vpe_ctrl:141, failed, cannnot create vpe hardware instance
E/mm-camera( 1036): vpe_module_init:34 failed
E/mm-camera( 1036): c2d_module_init:28 name=c2d
E/mm-camera( 1036): c2d_module_init:67: info: C2D module_init successful
E/mm-camera-img( 1036): img_core_get_comp:37] role 0 name qcom.wavelet
E/mm-camera-img( 1036): img_core_get_comp:42] comp_index[0] role 0 name qcom.wavelet
E/mm-camera-img( 1036): img_core_get_comp:47] find component role 0 name qcom.wavelet
E/mm-camera-img( 1036): wd_comp_load:1931] WD library loaded successfully dsp 0
E/mm-camera( 1036): module_imglib_create_port:1784 portname imglib_d2_i0
E/mm-camera-img( 1036): img_core_get_comp:37] role 2 name qcom.faceproc
E/mm-camera-img( 1036): img_core_get_comp:42] comp_index[0] role 0 name qcom.wavelet
E/mm-camera-img( 1036): img_core_get_comp:42] comp_index[1] role 1 name qcom.hdr
E/mm-camera-img( 1036): img_core_get_comp:42] comp_index[2] role 2 name qcom.faceproc
E/mm-camera-img( 1036): img_core_get_comp:47] find component role 2 name qcom.faceproc
V/CameraServiceCompatLayer( 1020): Starting camera services (MediaRecorderFactory, CameraRecordService & CameraService)
D/MediaRecorderFactory( 1020): Creating new static instance of MediaRecorderFactory
V/ICameraRecordService( 1020): static void android::CameraRecordService::instantiate() 
V/ICameraRecordService( 1020): static android::sp<android::CameraRecordService>& android::CameraRecordService::service_instance() 
D/ICameraRecordService( 1020): Creating new static instance of CameraRecordService
V/ICameraRecordService( 1020): android::BnCameraRecordService::BnCameraRecordService() 
V/ICameraRecordService( 1020): android::CameraRecordService::CameraRecordService() 
V/ICameraRecordService( 1020): Added Binder service 'android.media.ICameraRecordService' to ServiceManager
I/CameraService( 1020): CameraService started (pid=24)
E/mm-camera-img( 1036): img_core_get_comp:37] role 1 name qcom.hdr
E/mm-camera-img( 1036): img_core_get_comp:42] comp_index[0] role 0 name qcom.wavelet
E/mm-camera-img( 1036): img_core_get_comp:42] comp_index[1] role 1 name qcom.hdr
E/mm-camera-img( 1036): img_core_get_comp:47] find component role 1 name qcom.hdr
I/CameraService( 1020): Loaded "Armani Camera Wrapper" camera module
I/audit_log( 1016): Previous audit logfile not detected
E/mm-camera-img( 1036): hdr_comp_load:1139] HDR library loaded successfully
E/mm-camera( 1036): Port hdr_dummy initialized
E/mm-camera-img( 1036): img_core_get_comp:37] role 4 name qcom.gen_frameproc
E/mm-camera-img( 1036): img_core_get_comp:42] comp_index[0] role 0 name qcom.wavelet
E/mm-camera-img( 1036): img_core_get_comp:42] comp_index[1] role 1 name qcom.hdr
E/mm-camera-img( 1036): img_core_get_comp:42] comp_index[2] role 2 name qcom.faceproc
E/mm-camera-img( 1036): img_core_get_comp:42] comp_index[3] role 3 name qcom.cac
E/mm-camera-img( 1036): img_core_get_comp:42] comp_index[4] role 4 name qcom.gen_frameproc
E/mm-camera-img( 1036): img_core_get_comp:47] find component role 4 name qcom.gen_frameproc
E/mm-camera-img( 1036): frameproc_comp_load:811] Error opening frameproc library libmmcamera_chromaflash_lib.so
E/mm-camera( 1036): module_imgbase_init:1070] Error rc -6
E/mm-camera( 1036): module_imglib_create_topology:644] Can not init the module imglib_chroma_flash
E/mm-camera-img( 1036): img_core_get_comp:37] role 4 name qcom.gen_frameproc
E/mm-camera-img( 1036): img_core_get_comp:42] comp_index[0] role 0 name qcom.wavelet
E/mm-camera-img( 1036): img_core_get_comp:42] comp_index[1] role 1 name qcom.hdr
E/mm-camera-img( 1036): img_core_get_comp:42] comp_index[2] role 2 name qcom.faceproc
E/mm-camera-img( 1036): img_core_get_comp:42] comp_index[3] role 3 name qcom.cac
E/mm-camera-img( 1036): img_core_get_comp:42] comp_index[4] role 4 name qcom.gen_frameproc
E/mm-camera-img( 1036): img_core_get_comp:47] find component role 4 name qcom.gen_frameproc
E/mm-camera-img( 1036): frameproc_comp_load:811] Error opening frameproc library libmmcamera_optizoom_lib.so
E/mm-camera( 1036): module_imgbase_init:1070] Error rc -6
E/mm-camera( 1036): module_imglib_create_topology:644] Can not init the module imglib_optizoom
E/mm-camera-img( 1036): img_core_get_comp:37] role 4 name qcom.gen_frameproc
E/mm-camera-img( 1036): img_core_get_comp:42] comp_index[0] role 0 name qcom.wavelet
E/mm-camera-img( 1036): img_core_get_comp:42] comp_index[1] role 1 name qcom.hdr
E/mm-camera-img( 1036): img_core_get_comp:42] comp_index[2] role 2 name qcom.faceproc
E/mm-camera-img( 1036): img_core_get_comp:42] comp_index[3] role 3 name qcom.cac
E/mm-camera-img( 1036): img_core_get_comp:42] comp_index[4] role 4 name qcom.gen_frameproc
E/mm-camera-img( 1036): img_core_get_comp:47] find component role 4 name qcom.gen_frameproc
E/mm-camera-img( 1036): frameproc_comp_load:811] Error opening frameproc library libmmcamera_ubifocus_lib.so
E/mm-camera( 1036): module_imgbase_init:1070] Error rc -6
I/UpstartPropertyWatcher(  993): Property changed: init.svc.sdcard=running
I/UpstartPropertyWatcher(  993): Property changed: init.svc.qcamerasvr=running
E/mm-camera( 1036): module_imglib_create_topology:644] Can not init the module imglib_ubifocus
E/mm-camera( 1036): module_imglib_create_dummy_port:1906 portname imglib_dymmy_d1_i0
I/irsc_util( 1022): irsc tool created:0xb7af1020
I/irsc_util( 1022): Starting irsc tool
I/irsc_util( 1022): Trying to open sec config file
I/irsc_util( 1022): file_parser Number of element :0
I/irsc_util( 1022): file_parser Invalid Format or Comment - '/* IPC Security Config */
I/irsc_util( 1022): '
I/irsc_util( 1022): file_parser Number of element :0
I/irsc_util( 1022): file_parser Invalid Format or Comment - '/* <GPS QMI Service ID - 16>:<GPS QMI Instance ID - all instances>:<Client Group ID> */
I/irsc_util( 1022): '
I/irsc_util( 1022): file_parser Number of element :4
I/irsc_util( 1022): file_parser Number of element :5
I/irsc_util( 1022): file_parser Number of element :0
I/irsc_util( 1022): file_parser Invalid Format or Comment - '
I/installd( 1021): installd firing up
I/irsc_util( 1022): '
E/cutils  ( 1021): Failed to read /data/.layout_version: No such file or directory
I/irsc_util( 1022): file_parser Number of element :0
I/irsc_util( 1022): file_parser Invalid Format or Comment - '/* Allow SS CTL service to be used by system and net_raw processes */
I/irsc_util( 1022): '
D/installd( 1021): Upgrading /data/media for multi-user
I/irsc_util( 1022): file_parser Number of element :4
I/irsc_util( 1022): file_parser Number of element :0
I/irsc_util( 1022): file_parser Invalid Format or Comment - '/* Allow Sensor services to be used by sensor process */
I/irsc_util( 1022): '
I/irsc_util( 1022): file_parser Number of element :3
I/irsc_util( 1022): file_parser Number of element :3
I/irsc_util( 1022): file_parser Number of element :3
I/irsc_util( 1022): file_parser Number of element :3
D/installd( 1021): Upgrading to shared /data/media/obb
I/irsc_util( 1022): file_parser Number of element :3
I/irsc_util( 1022): file_parser Number of element :3
I/irsc_util( 1022): file_parser Number of element :3
I/irsc_util( 1022): file_parser Number of element :3
I/irsc_util( 1022): file_parser Number of element :3
I/irsc_util( 1022): file_parser Number of element :3
I/irsc_util( 1022): file_parser Number of element :3
I/irsc_util( 1022): file_parser Number of element :3
I/irsc_util( 1022): file_parser Number of element :3
I/irsc_util( 1022): file_parser Number of element :3
I/irsc_util( 1022): file_parser Number of element :3
I/irsc_util( 1022): file_parser Number of element :3
I/irsc_util( 1022): file_parser Number of element :3
I/irsc_util( 1022): file_parser Number of element :3
I/irsc_util( 1022): file_parser Number of element :3
I/irsc_util( 1022): file_parser Number of element :3
I/irsc_util( 1022): file_parser Number of element :3
I/irsc_util( 1022): file_parser Number of element :3
I/irsc_util( 1022): file_parser Number of element :3
I/irsc_util( 1022): file_parser Number of element :3
I/irsc_util( 1022): file_parser Number of element :3
I/irsc_util( 1022): file_parser Number of element :3
I/irsc_util( 1022): file_parser Number of element :3
I/irsc_util( 1022): file_parser Number of element :3
I/irsc_util( 1022): file_parser Number of element :3
I/irsc_util( 1022): file_parser Number of element :3
D/WLAN_PSA( 1026): PTT_SOCKET_APP Start
I/irsc_util( 1022): file_parser Number of element :3
V/WLAN_PSA( 1026): UID 0
I/irsc_util( 1022): file_parser Number of element :3
E/WLAN_PSA( 1026): Set as Blocked Operation
I/irsc_util( 1022): file_parser Number of element :3
I/irsc_util( 1022): file_parser Number of element :3
I/irsc_util( 1022): file_parser Number of element :3
I/irsc_util( 1022): file_parser Number of element :3
I/irsc_util( 1022): file_parser Number of element :3
I/irsc_util( 1022): file_parser Number of element :3
I/irsc_util( 1022): file_parser Number of element :3
I/irsc_util( 1022): file_parser Number of element :3
I/irsc_util( 1022): file_parser Number of element :3
I/irsc_util( 1022): file_parser Number of element :3
I/irsc_util( 1022): file_parser Number of element :3
I/irsc_util( 1022): file_parser Number of element :3
I/irsc_util( 1022): file_parser Number of element :3
D/adsprpc ( 1029): vendor/qcom/proprietary/adsprpc/src/adsprpcd.c:21::info: calling: 0 == adsp_default_listener_register()
I/irsc_util( 1022): file_parser Number of element :3
I/irsc_util( 1022): file_parser Number of element :3
I/irsc_util( 1022): file_parser Number of element :3
I/irsc_util( 1022): file_parser Number of element :3
I/irsc_util( 1022): file_parser Number of element :3
I/irsc_util( 1022): file_parser Number of element :3
I/irsc_util( 1022): file_parser Number of element :3
I/irsc_util( 1022): file_parser Number of element :3
I/irsc_util( 1022): file_parser Number of element :3
I/irsc_util( 1022): file_parser Number of element :3
I/irsc_util( 1022): file_parser Number of element :3
I/irsc_util( 1022): file_parser Number of element :3
I/irsc_util( 1022): file_parser Number of element :3
I/irsc_util( 1022): file_parser Number of element :3
I/irsc_util( 1022): file_parser Number of element :3
I/irsc_util( 1022): file_parser Number of element :3
E/adsprpc ( 1029): vendor/qcom/proprietary/adsprpc/src/listener_android.c:107:listener using ion heap: -1
I/irsc_util( 1022): file_parser Number of element :3
I/irsc_util( 1022): file_parser Number of element :3
I/irsc_util( 1022): file_parser Number of element :3
D/adsprpc ( 1029): vendor/qcom/proprietary/adsprpc/src/adsprpcd.c:21::info: passed: 0 == adsp_default_listener_register()
I/irsc_util( 1022): file_parser Number of element :3
I/irsc_util( 1022): file_parser Number of element :3
I/irsc_util( 1022): file_parser Number of element :3
I/irsc_util( 1022): file_parser Number of element :3
I/irsc_util( 1022): file_parser Number of element :3
I/irsc_util( 1022): file_parser Number of element :3
I/irsc_util( 1022): file_parser Number of element :3
I/irsc_util( 1022): file_parser Number of element :3
I/irsc_util( 1022): file_parser Number of element :3
I/irsc_util( 1022): file_parser Number of element :3
I/irsc_util( 1022): file_parser Number of element :3
I/irsc_util( 1022): file_parser Number of element :3
E/HAL     ( 1020): load: module=/system/lib/hw/camera.vendor.msm8226.so
E/HAL     ( 1020): dlopen failed: could not load library "libFaceDeform.so" needed by "camera.vendor.msm8226.so"; caused by could not load library "libandroid.so" needed by "libFaceDeform.so"; caused by library "libandroid.so" not found
E/CameraWrapper( 1020): failed to open vendor camera module
I/irsc_util( 1022): file_parser Number of element :3
I/irsc_util( 1022): file_parser Number of element :3
I/irsc_util( 1022): file_parser Number of element :3
I/irsc_util( 1022): file_parser Number of element :3
I/irsc_util( 1022): file_parser Number of element :3
I/irsc_util( 1022): file_parser Number of element :3
I/irsc_util( 1022): file_parser Number of element :3
I/irsc_util( 1022): file_parser Number of element :3
I/irsc_util( 1022): file_parser Number of element :3
I/irsc_util( 1022): file_parser Number of element :3
I/irsc_util( 1022): file_parser Number of element :3
I/irsc_util( 1022): file_parser Number of element :3
I/irsc_util( 1022): file_parser Number of element :3
I/irsc_util( 1022): file_parser Number of element :3
I/irsc_util( 1022): file_parser Number of element :3
I/irsc_util( 1022): file_parser Number of element :3
I/irsc_util( 1022): file_parser Number of element :3
I/irsc_util( 1022): file_parser Number of element :3
I/irsc_util( 1022): file_parser Number of element :3
I/irsc_util( 1022): file_parser Number of element :3
I/irsc_util( 1022): file_parser Number of element :3
I/irsc_util( 1022): file_parser Number of element :3
I/irsc_util( 1022): file_parser Number of element :3
I/irsc_util( 1022): file_parser Number of element :3
I/irsc_util( 1022): file_parser Number of element :3
I/irsc_util( 1022): file_parser Number of element :3
I/irsc_util( 1022): file_parser Number of element :3
I/irsc_util( 1022): file_parser Number of element :3
I/irsc_util( 1022): file_parser Number of element :3
I/irsc_util( 1022): file_parser Number of element :3
I/irsc_util( 1022): file_parser Number of element :3
I/irsc_util( 1022): file_parser Number of element :3
I/irsc_util( 1022): file_parser Number of element :3
I/irsc_util( 1022): file_parser Number of element :3
I/irsc_util( 1022): file_parser Number of element :3
I/irsc_util( 1022): file_parser Number of element :3
I/irsc_util( 1022): file_parser Number of element :3
I/irsc_util( 1022): file_parser Number of element :3
I/irsc_util( 1022): file_parser Number of element :3
I/irsc_util( 1022): file_parser Number of element :3
I/irsc_util( 1022): file_parser Number of element :3
I/irsc_util( 1022): file_parser Number of element :3
I/irsc_util( 1022): file_parser Number of element :3
I/irsc_util( 1022): file_parser Number of element :3
I/irsc_util( 1022): file_parser Number of element :3
I/irsc_util( 1022): file_parser Number of element :3
I/irsc_util( 1022): file_parser Number of element :3
I/irsc_util( 1022): file_parser Number of element :3
I/irsc_util( 1022): file_parser Number of element :3
I/rmt_storage( 1014): No EBR found
I/rmt_storage( 1014): Error (-1) parsing MBR partitions
I/irsc_util( 1022): file_parser Number of element :3
I/irsc_util( 1022): file_parser Number of element :3
I/irsc_util( 1022): file_parser Number of element :3
I/irsc_util( 1022): file_parser Number of element :3
I/irsc_util( 1022): file_parser Number of element :3
I/irsc_util( 1022): file_parser Number of element :3
I/irsc_util( 1022): file_parser Number of element :3
I/irsc_util( 1022): file_parser Number of element :3
I/irsc_util( 1022): file_parser Number of element :3
I/irsc_util( 1022): file_parser Number of element :3
I/irsc_util( 1022): file_parser Number of element :3
I/irsc_util( 1022): file_parser Number of element :3
I/rmt_storage( 1014): Registering modemst1: 0x4a /boot/modem_fs1
I/rmt_storage( 1014): Registering modemst2: 0x4b /boot/modem_fs2
I/irsc_util( 1022): file_parser Number of element :3
I/irsc_util( 1022): file_parser Number of element :3
I/irsc_util( 1022): file_parser Number of element :3
I/irsc_util( 1022): file_parser Number of element :3
I/irsc_util( 1022): file_parser Number of element :3
I/irsc_util( 1022): file_parser Number of element :3
I/irsc_util( 1022): file_parser Number of element :3
I/irsc_util( 1022): file_parser Number of element :3
I/irsc_util( 1022): file_parser Number of element :3
I/irsc_util( 1022): file_parser Number of element :3
I/irsc_util( 1022): file_parser Number of element :3
I/irsc_util( 1022): file_parser Number of element :3
I/irsc_util( 1022): file_parser Number of element :3
I/irsc_util( 1022): file_parser Number of element :3
I/irsc_util( 1022): file_parser Number of element :3
I/irsc_util( 1022): file_parser Number of element :3
I/irsc_util( 1022): file_parser Number of element :3
I/irsc_util( 1022): file_parser Number of element :3
I/irsc_util( 1022): file_parser Number of element :3
I/irsc_util( 1022): file_parser Number of element :3
I/irsc_util( 1022): file_parser Number of element :3
I/irsc_util( 1022): file_parser Number of element :3
I/irsc_util( 1022): file_parser Number of element :3
I/irsc_util( 1022): file_parser Number of element :3
I/irsc_util( 1022): file_parser Number of element :3
I/irsc_util( 1022): file_parser Number of element :3
I/irsc_util( 1022): file_parser Number of element :3
I/irsc_util( 1022): file_parser Number of element :3
I/irsc_util( 1022): file_parser Number of element :3
I/irsc_util( 1022): file_parser Number of element :3
D/WLAN_PSA( 1026): FTM Test App: Diag_LSM_Init succeeded with 1 retries. 
D/WLAN_PSA( 1026): PTT_SOCKET_APP Init done, wait clients
I/irsc_util( 1022): file_parser Number of element :3
I/irsc_util( 1022): file_parser Number of element :3
I/irsc_util( 1022): file_parser Number of element :3
I/irsc_util( 1022): file_parser Number of element :3
I/irsc_util( 1022): file_parser Number of element :3
I/irsc_util( 1022): file_parser Number of element :3
I/irsc_util( 1022): file_parser Number of element :3
E/adsprpc ( 1029): vendor/qcom/proprietary/adsprpc/src/apps_std_imp.c:33:apps_std fopen failed: ./oemconfig.so No such file or directory
I/irsc_util( 1022): file_parser Number of element :3
I/irsc_util( 1022): file_parser Number of element :3
E/adsprpc ( 1029): vendor/qcom/proprietary/adsprpc/src/apps_std_imp.c:33:apps_std fopen failed: /system/lib/rfsa/adsp/./oemconfig.so No such file or directory
I/irsc_util( 1022): file_parser Number of element :3
I/irsc_util( 1022): file_parser Number of element :3
I/irsc_util( 1022): file_parser Number of element :3
I/rmt_storage( 1014): Registering fsg: 0x58 /boot/modem_fsg
I/rmt_storage( 1014): Registering ssd: 0x5d ssd
I/rmt_storage( 1014): Registering fsc: 0xff /boot/modem_fsc
I/rmt_storage( 1014): 5 GPT partitions found
I/UpstartPropertyWatcher(  993): Property changed: init.svc.time_daemon=running
I/UpstartPropertyWatcher(  993): Property changed: init.svc.qseecomd=running
I/irsc_util( 1022): file_parser Number of element :3
I/irsc_util( 1022): file_parser Number of element :3
I/irsc_util( 1022): file_parser Number of element :3
I/irsc_util( 1022): file_parser Number of element :3
I/irsc_util( 1022): file_parser Number of element :3
I/irsc_util( 1022): file_parser Number of element :3
I/irsc_util( 1022): file_parser Number of element :3
I/irsc_util( 1022): file_parser Number of element :3
I/irsc_util( 1022): file_parser Number of element :3
I/irsc_util( 1022): file_parser Number of element :3
I/irsc_util( 1022): file_parser Number of element :3
I/irsc_util( 1022): file_parser Number of element :3
I/irsc_util( 1022): file_parser Number of element :3
I/irsc_util( 1022): file_parser Number of element :3
I/irsc_util( 1022): file_parser Number of element :3
I/irsc_util( 1022): file_parser Number of element :3
I/irsc_util( 1022): file_parser Number of element :3
I/irsc_util( 1022): file_parser Number of element :3
I/irsc_util( 1022): file_parser Number of element :3
I/irsc_util( 1022): file_parser Number of element :3
I/irsc_util( 1022): file_parser Number of element :3
I/irsc_util( 1022): file_parser Number of element :3
I/irsc_util( 1022): file_parser Number of element :3
I/irsc_util( 1022): file_parser Number of element :3
I/irsc_util( 1022): file_parser Number of element :3
I/irsc_util( 1022): file_parser Number of element :3
I/irsc_util( 1022): file_parser Number of element :3
I/irsc_util( 1022): file_parser Number of element :3
I/irsc_util( 1022): file_parser Number of element :3
I/irsc_util( 1022): file_parser Number of element :3
I/irsc_util( 1022): file_parser Number of element :3
I/irsc_util( 1022): file_parser Number of element :3
I/irsc_util( 1022): file_parser Number of element :3
I/irsc_util( 1022): file_parser Number of element :3
I/irsc_util( 1022): file_parser Number of element :3
I/irsc_util( 1022): file_parser Number of element :3
I/irsc_util( 1022): file_parser Number of element :3
I/irsc_util( 1022): file_parser Number of element :3
I/irsc_util( 1022): file_parser Number of element :3
I/irsc_util( 1022): file_parser Number of element :3
I/irsc_util( 1022): file_parser Number of element :3
I/irsc_util( 1022): file_parser Number of element :3
I/irsc_util( 1022): file_parser Number of element :3
I/irsc_util( 1022): file_parser Number of element :3
I/irsc_util( 1022): file_parser Number of element :3
I/irsc_util( 1022): file_parser Number of element :3
I/irsc_util( 1022): file_parser Number of element :3
I/irsc_util( 1022): file_parser Number of element :3
I/irsc_util( 1022): file_parser Number of element :3
I/irsc_util( 1022): file_parser Number of element :3
I/irsc_util( 1022): file_parser Number of element :3
I/irsc_util( 1022): file_parser Number of element :3
I/irsc_util( 1022): file_parser Number of element :3
I/irsc_util( 1022): file_parser Number of element :3
I/irsc_util( 1022): file_parser Number of element :3
I/irsc_util( 1022): file_parser Number of element :3
I/irsc_util( 1022): file_parser Number of element :3
I/irsc_util( 1022): file_parser Number of element :3
I/irsc_util( 1022): file_parser Number of element :3
I/irsc_util( 1022): file_parser Number of element :3
I/irsc_util( 1022): file_parser Number of element :3
D/QC-time-services( 1037): Daemon:genoff_pre_init::Base = 0
D/QC-time-services( 1037): Daemon:ats_rtc_init: Time read from RTC -- year = 115, month = 11,day = 3
I/irsc_util( 1022): file_parser Number of element :3
I/irsc_util( 1022): file_parser Number of element :3
I/irsc_util( 1022): file_parser Number of element :3
I/irsc_util( 1022): file_parser Number of element :3
I/irsc_util( 1022): file_parser Number of element :3
I/irsc_util( 1022): file_parser Number of element :3
I/irsc_util( 1022): file_parser Number of element :3
I/irsc_util( 1022): file_parser Number of element :3
I/irsc_util( 1022): file_parser Number of element :3
I/irsc_util( 1022): file_parser Number of element :3
I/irsc_util( 1022): file_parser Number of element :3
I/irsc_util( 1022): file_parser Number of element :3
I/irsc_util( 1022): file_parser Number of element :3
I/irsc_util( 1022): file_parser Number of element :3
I/irsc_util( 1022): file_parser Number of element :3
I/irsc_util( 1022): file_parser Number of element :3
I/irsc_util( 1022): file_parser Number of element :0
I/irsc_util( 1022): file_parser Invalid Format or Comment - '/* IPC Security Config */
I/irsc_util( 1022): '
I/irsc_util( 1022): file_parser Number of element :0
I/irsc_util( 1022): file_parser Invalid Format or Comment - '/* <GPS QMI Service ID - 16>:<GPS QMI Instance ID - all instances>:<Client Group ID> */
I/irsc_util( 1022): '
I/irsc_util( 1022): file_parser Number of element :4
I/irsc_util( 1022): file_parser Number of element :5
I/irsc_util( 1022): file_parser Number of element :0
I/irsc_util( 1022): file_parser Invalid Format or Comment - '
I/irsc_util( 1022): '
I/irsc_util( 1022): file_parser Number of element :0
I/irsc_util( 1022): file_parser Invalid Format or Comment - '/* Allow SS CTL service to be used by system and net_raw processes */
I/irsc_util( 1022): '
I/irsc_util( 1022): file_parser Number of element :4
I/irsc_util( 1022): file_parser Number of element :0
I/irsc_util( 1022): file_parser Invalid Format or Comment - '/* Allow Sensor services to be used by sensor process */
I/irsc_util( 1022): '
I/irsc_util( 1022): file_parser Number of element :3
I/irsc_util( 1022): file_parser Number of element :3
I/irsc_util( 1022): file_parser Number of element :3
I/irsc_util( 1022): file_parser Number of element :3
I/irsc_util( 1022): file_parser Number of element :3
I/irsc_util( 1022): file_parser Number of element :3
I/irsc_util( 1022): file_parser Number of element :3
I/irsc_util( 1022): file_parser Number of element :3
I/irsc_util( 1022): file_parser Number of element :3
I/irsc_util( 1022): file_parser Number of element :3
I/irsc_util( 1022): file_parser Number of element :3
I/irsc_util( 1022): file_parser Number of element :3
I/irsc_util( 1022): file_parser Number of element :3
I/irsc_util( 1022): file_parser Number of element :3
I/irsc_util( 1022): file_parser Number of element :3
E/adsprpc ( 1029): vendor/qcom/proprietary/adsprpc/src/apps_std_imp.c:33:apps_std fopen failed: /system/vendor/lib/rfsa/adsp/./oemconfig.so No such file or directory
E/adsprpc ( 1029): vendor/qcom/proprietary/adsprpc/src/../inc/mod_table_imp.h:346::error: 2: 0 == (nErr = invoke_func_ptr(sc, pra))
I/irsc_util( 1022): file_parser Number of element :3
