--------- beginning of /dev/alog/main
I/UpstartPropertyWatcher(  881): Starting upstart property watcher
I/UpstartPropertyWatcher(  881): Upstart property watcher connected to socket '/dev/socket/upstart-text-bridge'
I/UpstartPropertyWatcher(  881): Notifying the entire property list
I/UpstartPropertyWatcher(  881): Property changed: af.resampler.quality=4
I/UpstartPropertyWatcher(  881): Property changed: av.offload.enable=true
I/UpstartPropertyWatcher(  881): Property changed: cm.updater.uri=http://ota.randomdroids.com/api
I/UpstartPropertyWatcher(  881): Property changed: mm.enable.qcom_parser=37491
I/UpstartPropertyWatcher(  881): Property changed: mm.enable.smoothstreaming=true
I/UpstartPropertyWatcher(  881): Property changed: ro.cm.device=armani
I/UpstartPropertyWatcher(  881): Property changed: ro.qc.sdk.izat.service_mask=0x5
I/UpstartPropertyWatcher(  881): Property changed: ro.qc.sdk.izat.premium_enabled=1
I/UpstartPropertyWatcher(  881): Property changed: ro.qc.sdk.audio.ssr=false
I/UpstartPropertyWatcher(  881): Property changed: ro.qc.sdk.audio.fluencetype=fluence
I/UpstartPropertyWatcher(  881): Property changed: ro.sf.lcd_density=320
I/UpstartPropertyWatcher(  881): Property changed: ro.com.android.dateformat=MM-dd-yyyy
I/UpstartPropertyWatcher(  881): Property changed: ro.com.android.dataroaming=true
I/UpstartPropertyWatcher(  881): Property changed: ro.cwm.forbid_mount=/persist,/firmware
I/UpstartPropertyWatcher(  881): Property changed: ro.cwm.forbid_format=/fsg,/firmware,/boot,/persist
I/UpstartPropertyWatcher(  881): Property changed: ro.cwm.enable_key_repeat=true
I/UpstartPropertyWatcher(  881): Property changed: ro.gps.agps_provider=1
I/UpstartPropertyWatcher(  881): Property changed: ro.boot.emmc=true
I/UpstartPropertyWatcher(  881): Property changed: ro.boot.modem=HM1AW
I/UpstartPropertyWatcher(  881): Property changed: ro.boot.baseband=msm
I/UpstartPropertyWatcher(  881): Property changed: ro.boot.hardware=armani
I/UpstartPropertyWatcher(  881): Property changed: ro.boot.serialno=9924b89b
I/UpstartPropertyWatcher(  881): Property changed: ro.boot.hwversion=40
I/UpstartPropertyWatcher(  881): Property changed: ro.emmc=0
I/UpstartPropertyWatcher(  881): Property changed: ro.wifi.channels=
I/UpstartPropertyWatcher(  881): Property changed: ro.allow.mock.location=0
I/UpstartPropertyWatcher(  881): Property changed: ro.board.platform=msm8226
I/UpstartPropertyWatcher(  881): Property changed: ro.build.id=KTU84Q
I/UpstartPropertyWatcher(  881): Property changed: ro.build.date=Sen Nov 30 22:21:32 WIB 2015
I/UpstartPropertyWatcher(  881): Property changed: ro.build.date.utc=1448896892
I/UpstartPropertyWatcher(  881): Property changed: ro.build.host=elasrofxela
I/UpstartPropertyWatcher(  881): Property changed: ro.build.tags=test-keys
I/UpstartPropertyWatcher(  881): Property changed: ro.build.type=userdebug
I/UpstartPropertyWatcher(  881): Property changed: ro.build.user=alexforsale
I/UpstartPropertyWatcher(  881): Property changed: ro.build.display.id=phablet_armani-userdebug 4.4.4 KTU84Q eng.alexforsale.20151130.222021 test-keys
I/UpstartPropertyWatcher(  881): Property changed: ro.build.product=armani
I/UpstartPropertyWatcher(  881): Property changed: ro.build.version.sdk=19
I/UpstartPropertyWatcher(  881): Property changed: ro.build.version.base_os=
I/UpstartPropertyWatcher(  881): Property changed: ro.build.version.release=4.4.4
I/UpstartPropertyWatcher(  881): Property changed: ro.build.version.codename=REL
I/UpstartPropertyWatcher(  881): Property changed: ro.build.version.incremental=eng.alexforsale.20151130.222021
I/UpstartPropertyWatcher(  881): Property changed: ro.build.version.security_patch=2015-11-01
I/UpstartPropertyWatcher(  881): Property changed: ro.build.description=armani-user 4.4.4 KTU84P V7.0.5.0.KHCMICI release-keys
I/UpstartPropertyWatcher(  881): Property changed: ro.build.fingerprint=Xiaomi/armani/armani:4.4.4/KTU84P/V7.0.5.0.KHCMICI:user/release-keys
I/UpstartPropertyWatcher(  881): Property changed: ro.build.characteristics=default
I/UpstartPropertyWatcher(  881): Property changed: ro.crypto.fuse_sdcard=true
I/UpstartPropertyWatcher(  881): Property changed: ro.secure=1
I/UpstartPropertyWatcher(  881): Property changed: ro.vendor.extension_library=/vendor/lib/libqc-opt.so
I/UpstartPropertyWatcher(  881): Property changed: ro.carrier=unknown
I/UpstartPropertyWatcher(  881): Property changed: ro.product.cpu.abi=armeabi-v7a
I/UpstartPropertyWatcher(  881): Property changed: ro.product.cpu.abi2=armeabi
I/UpstartPropertyWatcher(  881): Property changed: ro.product.name=armani
I/UpstartPropertyWatcher(  881): Property changed: ro.product.board=MSM8226
I/UpstartPropertyWatcher(  881): Property changed: ro.product.brand=Xiaomi
I/UpstartPropertyWatcher(  881): Property changed: ro.product.model=HM 1SW
I/UpstartPropertyWatcher(  881): Property changed: ro.product.device=armani
I/UpstartPropertyWatcher(  881): Property changed: ro.product.locale.region=US
I/UpstartPropertyWatcher(  881): Property changed: ro.product.locale.language=en
I/UpstartPropertyWatcher(  881): Property changed: ro.product.manufacturer=Xiaomi
I/UpstartPropertyWatcher(  881): Property changed: ro.baseband=msm
I/UpstartPropertyWatcher(  881): Property changed: ro.bootmode=unknown
I/UpstartPropertyWatcher(  881): Property changed: ro.hardware=armani
I/UpstartPropertyWatcher(  881): Property changed: ro.opengles.version=196608
I/UpstartPropertyWatcher(  881): Property changed: ro.qualcomm.cabl=0
I/UpstartPropertyWatcher(  881): Property changed: ro.revision=0
I/UpstartPropertyWatcher(  881): Property changed: ro.serialno=9924b89b
I/UpstartPropertyWatcher(  881): Property changed: ro.telephony.call_ring.multiple=false
I/UpstartPropertyWatcher(  881): Property changed: ro.telephony.default_network=0,1
I/UpstartPropertyWatcher(  881): Property changed: ro.bootloader=unknown
I/UpstartPropertyWatcher(  881): Property changed: ro.debuggable=1
I/UpstartPropertyWatcher(  881): Property changed: ro.factorytest=0
I/UpstartPropertyWatcher(  881): Property changed: dev.pm.dyn_samplingrate=1
I/UpstartPropertyWatcher(  881): Property changed: drm.service.enabled=true
I/UpstartPropertyWatcher(  881): Property changed: mmp.enable.3g2=true
I/UpstartPropertyWatcher(  881): Property changed: net.bt.name=Android
I/UpstartPropertyWatcher(  881): Property changed: net.change=net.bt.name
I/UpstartPropertyWatcher(  881): Property changed: ril.device=qcom_msim
I/UpstartPropertyWatcher(  881): Property changed: ril.num_slots=2
I/UpstartPropertyWatcher(  881): Property changed: ril.subscription.types=RUIM
I/UpstartPropertyWatcher(  881): Property changed: use.voice.path.for.pcm.voip=true
I/UpstartPropertyWatcher(  881): Property changed: init.svc.ueventd=running
I/UpstartPropertyWatcher(  881): Property changed: init.svc.upstart-watcher=running
I/UpstartPropertyWatcher(  881): Property changed: qcom.bt.dev_power_class=1
I/UpstartPropertyWatcher(  881): Property changed: qcom.hw.aac.encoder=true
I/UpstartPropertyWatcher(  881): Property changed: rild.libargs=-d /dev/smd0
I/UpstartPropertyWatcher(  881): Property changed: rild.libpath=/vendor/lib/libril-qc-qmi-1.so
I/UpstartPropertyWatcher(  881): Property changed: vold.post_fs_data_done=1
I/UpstartPropertyWatcher(  881): Property changed: wifi.interface=wlan0
I/UpstartPropertyWatcher(  881): Property changed: audio.offload.pcm.enable=false
I/UpstartPropertyWatcher(  881): Property changed: audio.offload.buffer.size.kb=32
I/UpstartPropertyWatcher(  881): Property changed: audio.offload.disable=1
I/UpstartPropertyWatcher(  881): Property changed: audio.offload.gapless.enabled=true
I/UpstartPropertyWatcher(  881): Property changed: debug.sf.hw=1
I/UpstartPropertyWatcher(  881): Property changed: debug.sf.fb_always_on=1
I/UpstartPropertyWatcher(  881): Property changed: debug.egl.hw=1
I/UpstartPropertyWatcher(  881): Property changed: debug.mdpcomp.logs=0
I/UpstartPropertyWatcher(  881): Property changed: debug.composition.type=c2d
I/UpstartPropertyWatcher(  881): Property changed: media.stagefright.enable-aac=true
I/UpstartPropertyWatcher(  881): Property changed: media.stagefright.enable-qcp=true
I/UpstartPropertyWatcher(  881): Property changed: media.stagefright.enable-http=true
I/UpstartPropertyWatcher(  881): Property changed: media.stagefright.enable-scan=true
I/UpstartPropertyWatcher(  881): Property changed: media.stagefright.enable-fma2dp=true
I/UpstartPropertyWatcher(  881): Property changed: media.stagefright.enable-player=true
I/UpstartPropertyWatcher(  881): Property changed: dalvik.vm.heapsize=256m
I/UpstartPropertyWatcher(  881): Property changed: dalvik.vm.lockprof.threshold=500
I/UpstartPropertyWatcher(  881): Property changed: dalvik.vm.heapmaxfree=8m
I/UpstartPropertyWatcher(  881): Property changed: dalvik.vm.heapminfree=2m
I/UpstartPropertyWatcher(  881): Property changed: dalvik.vm.dexopt-flags=m=y
I/UpstartPropertyWatcher(  881): Property changed: dalvik.vm.heapstartsize=8m
I/UpstartPropertyWatcher(  881): Property changed: dalvik.vm.heapgrowthlimit=96m
I/UpstartPropertyWatcher(  881): Property changed: dalvik.vm.stack-trace-file=/data/anr/traces.txt
I/UpstartPropertyWatcher(  881): Property changed: dalvik.vm.heaptargetutilization=0.75
I/UpstartPropertyWatcher(  881): Property changed: persist.gps.qc_nlp_in_use=1
I/UpstartPropertyWatcher(  881): Property changed: persist.hwc.mdpcomp.enable=true
I/UpstartPropertyWatcher(  881): Property changed: persist.loc.nlp_name=com.qualcomm.services.location
I/UpstartPropertyWatcher(  881): Property changed: persist.sys.usb.config=mtp,adb
I/UpstartPropertyWatcher(  881): Property changed: persist.sys.wfd.virtual=0
I/UpstartPropertyWatcher(  881): Property changed: persist.sys.dalvik.vm.lib=libdvm.so
I/UpstartPropertyWatcher(  881): Property changed: persist.data.netmgrd.qos.enable=true
I/UpstartPropertyWatcher(  881): Property changed: persist.audio.fluence.speaker=false
I/UpstartPropertyWatcher(  881): Property changed: persist.audio.fluence.voicerec=true
I/UpstartPropertyWatcher(  881): Property changed: persist.audio.fluence.voicecall=true
I/UpstartPropertyWatcher(  881): Property changed: persist.debug.wfd.enable=1
I/UpstartPropertyWatcher(  881): Property changed: persist.radio.eons.enabled=false
I/UpstartPropertyWatcher(  881): Property changed: persist.radio.multisim.config=dsds
I/UpstartPropertyWatcher(  881): Property changed: persist.radio.msgtunnel.start=false
I/UpstartPropertyWatcher(  881): Property changed: persist.radio.adb_log_on=0
I/UpstartPropertyWatcher(  881): Property changed: persist.radio.dont_use_dsd=true
I/UpstartPropertyWatcher(  881): Property changed: persist.radio.apm_sim_not_pwdn=1
I/UpstartPropertyWatcher(  881): Property changed: persist.timed.enable=true
I/UpstartPropertyWatcher(  881): Property changed: persist.ubuntu.version=unknown
I/UpstartPropertyWatcher(  881): Property changed: persist.ubuntu.version.custom=unknown
I/UpstartPropertyWatcher(  881): Property changed: persist.ubuntu.version.device=unknown
I/UpstartPropertyWatcher(  881): Property changed: persist.ubuntu.version.rootfs=unknown
I/UpstartPropertyWatcher(  881): Property changed: persist.ubuntu.version.channel=unknown
I/UpstartPropertyWatcher(  881): Property changed: persist.ubuntu.default_language=unknown
I/UpstartPropertyWatcher(  881): Property changed: selinux.reload_policy=1
I/UpstartPropertyWatcher(  881): Property changed: keyguard.no_require_sim=true
I/UpstartPropertyWatcher(  881): Property changed: bluetooth.hfp.client=1
I/UpstartPropertyWatcher(  881): Notifying changes only
I/UpstartPropertyWatcher(  881): Property changed: net.tcp.buffersize.lte=524288,1048576,2097152,262144,524288,1048576
I/UpstartPropertyWatcher(  881): Property changed: net.tcp.buffersize.hspa=4094,87380,1220608,4096,16384,1220608
I/UpstartPropertyWatcher(  881): Property changed: net.tcp.buffersize.umts=4094,87380,110208,4096,16384,110208
I/UpstartPropertyWatcher(  881): Property changed: net.tcp.buffersize.wifi=524288,1048576,2097152,262144,524288,1048576
I/UpstartPropertyWatcher(  881): Property changed: net.tcp.buffersize.hsdpa=4094,87380,1220608,4096,16384,1220608
I/UpstartPropertyWatcher(  881): Property changed: net.tcp.buffersize.hspap=4094,87380,1220608,4096,16384,1220608
I/UpstartPropertyWatcher(  881): Property changed: net.tcp.buffersize.hsupa=4094,87380,1220608,4096,16384,1220608
I/UpstartPropertyWatcher(  881): Property changed: net.tcp.buffersize.dchspap=4094,87380,1220608,4096,16384,1220608
I/UpstartPropertyWatcher(  881): Property changed: net.tcp.buffersize.default=4096,87380,704512,4096,16384,110208
I/UpstartPropertyWatcher(  881): Property changed: net.change=net.tcp.buffersize.edge
I/UpstartPropertyWatcher(  881): Property changed: net.tcp.buffersize.edge=4093,26280,35040,4096,16384,35040
I/UpstartPropertyWatcher(  881): Property changed: net.tcp.buffersize.gprs=4092,8760,11680,4096,8760,11680
I/UpstartPropertyWatcher(  881): Property changed: net.change=net.tcp.buffersize.gprs
I/UpstartPropertyWatcher(  881): Property changed: net.tcp.buffersize.evdo=4094,87380,262144,4096,16384,262144
I/UpstartPropertyWatcher(  881): Property changed: net.change=net.tcp.buffersize.evdo
I/UpstartPropertyWatcher(  881): Property changed: net.tcp.buffersize.evdo_b=4096,87380,704512,4096,16384,262144
I/UpstartPropertyWatcher(  881): Property changed: net.change=net.tcp.buffersize.evdo_b
I/UpstartPropertyWatcher(  881): Property changed: net.tcp.default_init_rwnd=60
I/UpstartPropertyWatcher(  881): Property changed: net.change=net.tcp.default_init_rwnd
I/UpstartPropertyWatcher(  881): Property changed: init.svc.healthd=running
I/UpstartPropertyWatcher(  881): Property changed: init.svc.servicemanager=running
I/UpstartPropertyWatcher(  881): Property changed: init.svc.drm=running
I/UpstartPropertyWatcher(  881): Property changed: init.svc.auditd=running
I/UpstartPropertyWatcher(  881): Property changed: init.svc.debuggerd=running
I/UpstartPropertyWatcher(  881): Property changed: init.svc.ril-daemon=running
I/UpstartPropertyWatcher(  881): Property changed: init.svc.rmt_storage=running
I/UpstartPropertyWatcher(  881): Property changed: init.svc.config_bluetooth=running
I/UpstartPropertyWatcher(  881): Property changed: init.svc.media=running
I/UpstartPropertyWatcher(  881): Property changed: init.svc.installd=running
I/UpstartPropertyWatcher(  881): Property changed: init.svc.irsc_util=running
I/UpstartPropertyWatcher(  881): Property changed: init.svc.qmuxd=running
I/UpstartPropertyWatcher(  881): Property changed: init.svc.netmgrd=running
I/UpstartPropertyWatcher(  881): Property changed: init.svc.sensors=running
I/DEBUG   (  919): debuggerd: Nov 29 2015 03:37:15
--------- beginning of /dev/alog/system
I/auditd  (  918): Starting up
I/UpstartPropertyWatcher(  881): Property changed: init.svc.ptt_socket_app=running
I/audit_log(  918): Previous audit logfile detected, rotating
I/UpstartPropertyWatcher(  881): Property changed: init.svc.thermal-engine=running
I/UpstartPropertyWatcher(  881): Property changed: init.svc.qrngd=running
I/UpstartPropertyWatcher(  881): Property changed: init.svc.adsprpcd=running
I/UpstartPropertyWatcher(  881): Property changed: init.svc.sensorservice=running
I/UpstartPropertyWatcher(  881): Property changed: init.svc.sdcard=running
I/UpstartPropertyWatcher(  881): Property changed: init.svc.qcamerasvr=running
I/UpstartPropertyWatcher(  881): Property changed: init.svc.time_daemon=running
I/UpstartPropertyWatcher(  881): Property changed: init.svc.qseecomd=running
I/UpstartPropertyWatcher(  881): Property changed: init.svc.wcnss-service=running
I/UpstartPropertyWatcher(  881): Property changed: init.svc.ppd=running
I/UpstartPropertyWatcher(  881): Property changed: init.svc.gsiff_daemon=running
I/installd(  925): installd firing up
I/UpstartPropertyWatcher(  881): Property changed: init.svc.quipc_igsn=running
I/UpstartPropertyWatcher(  881): Property changed: init.svc.quipc_main=running
I/UpstartPropertyWatcher(  881): Property changed: init.svc.location_mq=running
I/irsc_util(  926): irsc tool created:0xb7cf5020
I/irsc_util(  926): Starting irsc tool
I/irsc_util(  926): Trying to open sec config file
I/UpstartPropertyWatcher(  881): Property changed: init.svc.xtwifi_inet=running
I/UpstartPropertyWatcher(  881): Property changed: init.svc.xtwifi_client=running
I/irsc_util(  926): file_parser Number of element :0
I/irsc_util(  926): file_parser Invalid Format or Comment - '/* IPC Security Config */
I/irsc_util(  926): '
I/irsc_util(  926): file_parser Number of element :0
I/irsc_util(  926): file_parser Invalid Format or Comment - '/* <GPS QMI Service ID - 16>:<GPS QMI Instance ID - all instances>:<Client Group ID> */
I/irsc_util(  926): '
I/irsc_util(  926): file_parser Number of element :4
I/irsc_util(  926): file_parser Number of element :5
I/irsc_util(  926): file_parser Number of element :0
I/irsc_util(  926): file_parser Invalid Format or Comment - '
I/irsc_util(  926): '
I/irsc_util(  926): file_parser Number of element :0
I/irsc_util(  926): file_parser Invalid Format or Comment - '/* Allow SS CTL service to be used by system and net_raw processes */
I/irsc_util(  926): '
I/irsc_util(  926): file_parser Number of element :4
I/irsc_util(  926): file_parser Number of element :0
I/irsc_util(  926): file_parser Invalid Format or Comment - '/* Allow Sensor services to be used by sensor process */
I/irsc_util(  926): '
I/irsc_util(  926): file_parser Number of element :3
I/irsc_util(  926): file_parser Number of element :3
I/irsc_util(  926): file_parser Number of element :3
I/irsc_util(  926): file_parser Number of element :3
I/irsc_util(  926): file_parser Number of element :3
I/irsc_util(  926): file_parser Number of element :3
I/irsc_util(  926): file_parser Number of element :3
I/irsc_util(  926): file_parser Number of element :3
I/irsc_util(  926): file_parser Number of element :3
I/irsc_util(  926): file_parser Number of element :3
I/irsc_util(  926): file_parser Number of element :3
I/irsc_util(  926): file_parser Number of element :3
I/irsc_util(  926): file_parser Number of element :3
I/irsc_util(  926): file_parser Number of element :3
I/irsc_util(  926): file_parser Number of element :3
I/irsc_util(  926): file_parser Number of element :3
I/rmt_storage(  916): No EBR found
I/rmt_storage(  916): Error (-1) parsing MBR partitions
I/rmt_storage(  916): Registering modemst1: 0x4a /boot/modem_fs1
I/rmt_storage(  916): Registering modemst2: 0x4b /boot/modem_fs2
I/rmt_storage(  916): Registering fsg: 0x58 /boot/modem_fsg
I/rmt_storage(  916): Registering ssd: 0x5d ssd
I/rmt_storage(  916): Registering fsc: 0xff /boot/modem_fsc
I/rmt_storage(  916): 5 GPT partitions found
I/irsc_util(  926): file_parser Number of element :3
I/irsc_util(  926): file_parser Number of element :3
I/irsc_util(  926): file_parser Number of element :3
I/irsc_util(  926): file_parser Number of element :3
I/irsc_util(  926): file_parser Number of element :3
I/irsc_util(  926): file_parser Number of element :3
I/irsc_util(  926): file_parser Number of element :3
I/irsc_util(  926): file_parser Number of element :3
I/irsc_util(  926): file_parser Number of element :3
I/irsc_util(  926): file_parser Number of element :3
I/irsc_util(  926): file_parser Number of element :3
I/irsc_util(  926): file_parser Number of element :3
I/irsc_util(  926): file_parser Number of element :3
I/irsc_util(  926): file_parser Number of element :3
I/irsc_util(  926): file_parser Number of element :3
I/qrngd   (  933): qrngd has started:
I/qrngd   (  933): Reading device:'/dev/hw_random' updating entropy for device:'/dev/random'
I/irsc_util(  926): file_parser Number of element :3
I/irsc_util(  926): file_parser Number of element :3
I/irsc_util(  926): file_parser Number of element :3
I/irsc_util(  926): file_parser Number of element :3
I/irsc_util(  926): file_parser Number of element :3
I/irsc_util(  926): file_parser Number of element :3
I/irsc_util(  926): file_parser Number of element :3
I/irsc_util(  926): file_parser Number of element :3
I/irsc_util(  926): file_parser Number of element :3
I/irsc_util(  926): file_parser Number of element :3
I/irsc_util(  926): file_parser Number of element :3
I/irsc_util(  926): file_parser Number of element :3
I/irsc_util(  926): file_parser Number of element :3
I/irsc_util(  926): file_parser Number of element :3
I/irsc_util(  926): file_parser Number of element :3
I/irsc_util(  926): file_parser Number of element :3
I/irsc_util(  926): file_parser Number of element :3
I/irsc_util(  926): file_parser Number of element :3
I/irsc_util(  926): file_parser Number of element :3
I/irsc_util(  926): file_parser Number of element :3
I/irsc_util(  926): file_parser Number of element :3
I/irsc_util(  926): file_parser Number of element :3
I/irsc_util(  926): file_parser Number of element :3
I/irsc_util(  926): file_parser Number of element :3
I/irsc_util(  926): file_parser Number of element :3
I/irsc_util(  926): file_parser Number of element :3
I/irsc_util(  926): file_parser Number of element :3
I/irsc_util(  926): file_parser Number of element :3
I/irsc_util(  926): file_parser Number of element :3
I/irsc_util(  926): file_parser Number of element :3
I/irsc_util(  926): file_parser Number of element :3
I/irsc_util(  926): file_parser Number of element :3
I/irsc_util(  926): file_parser Number of element :3
I/irsc_util(  926): file_parser Number of element :3
I/irsc_util(  926): file_parser Number of element :3
I/irsc_util(  926): file_parser Number of element :3
I/irsc_util(  926): file_parser Number of element :3
I/irsc_util(  926): file_parser Number of element :3
I/irsc_util(  926): file_parser Number of element :3
I/irsc_util(  926): file_parser Number of element :3
I/irsc_util(  926): file_parser Number of element :3
I/irsc_util(  926): file_parser Number of element :3
I/irsc_util(  926): file_parser Number of element :3
I/irsc_util(  926): file_parser Number of element :3
I/irsc_util(  926): file_parser Number of element :3
I/irsc_util(  926): file_parser Number of element :3
I/irsc_util(  926): file_parser Number of element :3
I/irsc_util(  926): file_parser Number of element :3
I/irsc_util(  926): file_parser Number of element :3
I/irsc_util(  926): file_parser Number of element :3
I/irsc_util(  926): file_parser Number of element :3
I/irsc_util(  926): file_parser Number of element :3
I/irsc_util(  926): file_parser Number of element :3
I/irsc_util(  926): file_parser Number of element :3
I/irsc_util(  926): file_parser Number of element :3
I/irsc_util(  926): file_parser Number of element :3
I/irsc_util(  926): file_parser Number of element :3
I/irsc_util(  926): file_parser Number of element :3
I/irsc_util(  926): file_parser Number of element :3
I/irsc_util(  926): file_parser Number of element :3
I/irsc_util(  926): file_parser Number of element :3
I/irsc_util(  926): file_parser Number of element :3
I/irsc_util(  926): file_parser Number of element :3
I/irsc_util(  926): file_parser Number of element :3
I/irsc_util(  926): file_parser Number of element :3
I/irsc_util(  926): file_parser Number of element :3
I/irsc_util(  926): file_parser Number of element :3
I/irsc_util(  926): file_parser Number of element :3
I/irsc_util(  926): file_parser Number of element :3
I/irsc_util(  926): file_parser Number of element :3
I/irsc_util(  926): file_parser Number of element :3
I/irsc_util(  926): file_parser Number of element :3
I/irsc_util(  926): file_parser Number of element :3
I/irsc_util(  926): file_parser Number of element :3
I/irsc_util(  926): file_parser Number of element :3
I/irsc_util(  926): file_parser Number of element :3
I/irsc_util(  926): file_parser Number of element :3
I/irsc_util(  926): file_parser Number of element :3
I/irsc_util(  926): file_parser Number of element :3
I/irsc_util(  926): file_parser Number of element :3
I/irsc_util(  926): file_parser Number of element :3
I/irsc_util(  926): file_parser Number of element :3
I/irsc_util(  926): file_parser Number of element :3
I/irsc_util(  926): file_parser Number of element :3
I/irsc_util(  926): file_parser Number of element :3
I/irsc_util(  926): file_parser Number of element :3
I/irsc_util(  926): file_parser Number of element :3
I/irsc_util(  926): file_parser Number of element :3
I/irsc_util(  926): file_parser Number of element :3
I/irsc_util(  926): file_parser Number of element :3
I/irsc_util(  926): file_parser Number of element :3
I/irsc_util(  926): file_parser Number of element :3
I/irsc_util(  926): file_parser Number of element :3
I/irsc_util(  926): file_parser Number of element :3
I/irsc_util(  926): file_parser Number of element :3
I/irsc_util(  926): file_parser Number of element :3
I/irsc_util(  926): file_parser Number of element :3
I/irsc_util(  926): file_parser Number of element :3
I/irsc_util(  926): file_parser Number of element :3
I/irsc_util(  926): file_parser Number of element :3
I/irsc_util(  926): file_parser Number of element :3
I/irsc_util(  926): file_parser Number of element :3
I/irsc_util(  926): file_parser Number of element :3
I/irsc_util(  926): file_parser Number of element :3
I/irsc_util(  926): file_parser Number of element :3
I/irsc_util(  926): file_parser Number of element :3
I/irsc_util(  926): file_parser Number of element :3
I/irsc_util(  926): file_parser Number of element :3
I/irsc_util(  926): file_parser Number of element :3
I/irsc_util(  926): file_parser Number of element :3
I/irsc_util(  926): file_parser Number of element :3
I/irsc_util(  926): file_parser Number of element :3
I/irsc_util(  926): file_parser Number of element :3
I/irsc_util(  926): file_parser Number of element :3
I/irsc_util(  926): file_parser Number of element :3
I/irsc_util(  926): file_parser Number of element :3
I/irsc_util(  926): file_parser Number of element :3
I/irsc_util(  926): file_parser Number of element :3
I/irsc_util(  926): file_parser Number of element :3
I/irsc_util(  926): file_parser Number of element :3
I/irsc_util(  926): file_parser Number of element :3
I/irsc_util(  926): file_parser Number of element :3
I/irsc_util(  926): file_parser Number of element :3
I/irsc_util(  926): file_parser Number of element :3
I/irsc_util(  926): file_parser Number of element :3
I/irsc_util(  926): file_parser Number of element :3
I/irsc_util(  926): file_parser Number of element :3
I/irsc_util(  926): file_parser Number of element :3
I/irsc_util(  926): file_parser Number of element :3
I/irsc_util(  926): file_parser Number of element :3
I/irsc_util(  926): file_parser Number of element :3
I/irsc_util(  926): file_parser Number of element :3
I/irsc_util(  926): file_parser Number of element :3
I/irsc_util(  926): file_parser Number of element :3
I/irsc_util(  926): file_parser Number of element :3
I/irsc_util(  926): file_parser Number of element :3
I/irsc_util(  926): file_parser Number of element :3
I/irsc_util(  926): file_parser Number of element :3
I/irsc_util(  926): file_parser Number of element :3
I/irsc_util(  926): file_parser Number of element :3
I/irsc_util(  926): file_parser Number of element :3
I/irsc_util(  926): file_parser Number of element :3
I/irsc_util(  926): file_parser Number of element :3
I/irsc_util(  926): file_parser Number of element :3
I/irsc_util(  926): file_parser Number of element :3
I/irsc_util(  926): file_parser Number of element :3
I/irsc_util(  926): file_parser Number of element :3
I/irsc_util(  926): file_parser Number of element :3
I/irsc_util(  926): file_parser Number of element :3
I/irsc_util(  926): file_parser Number of element :3
I/irsc_util(  926): file_parser Number of element :3
I/irsc_util(  926): file_parser Number of element :3
I/irsc_util(  926): file_parser Number of element :3
I/irsc_util(  926): file_parser Number of element :3
I/irsc_util(  926): file_parser Number of element :3
I/irsc_util(  926): file_parser Number of element :3
I/irsc_util(  926): file_parser Number of element :3
I/irsc_util(  926): file_parser Number of element :3
I/irsc_util(  926): file_parser Number of element :3
I/irsc_util(  926): file_parser Number of element :3
I/irsc_util(  926): file_parser Number of element :3
I/irsc_util(  926): file_parser Number of element :3
I/irsc_util(  926): file_parser Number of element :3
I/irsc_util(  926): file_parser Number of element :3
I/irsc_util(  926): file_parser Number of element :3
I/irsc_util(  926): file_parser Number of element :3
I/irsc_util(  926): file_parser Number of element :3
I/irsc_util(  926): file_parser Number of element :3
I/irsc_util(  926): file_parser Number of element :3
I/irsc_util(  926): file_parser Number of element :3
I/irsc_util(  926): file_parser Number of element :3
I/irsc_util(  926): file_parser Number of element :3
I/irsc_util(  926): file_parser Number of element :3
I/irsc_util(  926): file_parser Number of element :3
I/irsc_util(  926): file_parser Number of element :3
I/irsc_util(  926): file_parser Number of element :3
I/irsc_util(  926): file_parser Number of element :3
I/irsc_util(  926): file_parser Number of element :3
I/irsc_util(  926): file_parser Number of element :3
I/irsc_util(  926): file_parser Number of element :3
I/irsc_util(  926): file_parser Number of element :3
I/irsc_util(  926): file_parser Number of element :3
I/irsc_util(  926): file_parser Number of element :3
I/irsc_util(  926): file_parser Number of element :3
I/irsc_util(  926): file_parser Number of element :3
I/irsc_util(  926): file_parser Number of element :3
I/irsc_util(  926): file_parser Number of element :3
I/irsc_util(  926): file_parser Number of element :3
I/irsc_util(  926): file_parser Number of element :3
I/irsc_util(  926): file_parser Number of element :3
I/irsc_util(  926): file_parser Number of element :3
I/irsc_util(  926): file_parser Number of element :3
I/irsc_util(  926): file_parser Number of element :3
I/irsc_util(  926): file_parser Number of element :3
I/irsc_util(  926): file_parser Number of element :3
I/irsc_util(  926): file_parser Number of element :3
I/irsc_util(  926): file_parser Number of element :3
I/irsc_util(  926): file_parser Number of element :3
I/irsc_util(  926): file_parser Number of element :3
I/irsc_util(  926): file_parser Number of element :3
I/irsc_util(  926): file_parser Number of element :3
I/irsc_util(  926): file_parser Number of element :3
I/irsc_util(  926): file_parser Number of element :3
I/irsc_util(  926): file_parser Number of element :3
I/irsc_util(  926): file_parser Number of element :3
I/irsc_util(  926): file_parser Number of element :3
I/irsc_util(  926): file_parser Number of element :3
I/irsc_util(  926): file_parser Number of element :3
I/irsc_util(  926): file_parser Number of element :3
I/irsc_util(  926): file_parser Number of element :3
I/irsc_util(  926): file_parser Number of element :3
I/irsc_util(  926): file_parser Number of element :3
I/irsc_util(  926): file_parser Number of element :3
I/irsc_util(  926): file_parser Number of element :3
I/irsc_util(  926): file_parser Number of element :3
I/irsc_util(  926): file_parser Number of element :3
I/irsc_util(  926): file_parser Number of element :3
D/adsprpc (  934): vendor/qcom/proprietary/adsprpc/src/adsprpcd.c:21::info: calling: 0 == adsp_default_listener_register()
D/adsprpc (  934): vendor/qcom/proprietary/adsprpc/src/adsprpcd.c:21::info: passed: 0 == adsp_default_listener_register()
I/UpstartPropertyWatcher(  881): Property changed: init.svc.lowi-server=running
E/wcnss_service(  942): source file do not exist /system/etc/wifi/WCNSS_qcom_cfg.ini
D/WLAN_PSA(  931): PTT_SOCKET_APP Start
V/WLAN_PSA(  931): UID 0
E/WLAN_PSA(  931): Set as Blocked Operation
D/QC-time-services(  940): Daemon:genoff_modem_qmi_init: Initiallizing QMI 
I/irsc_util(  926): file_parser Number of element :3
E/adsprpc (  934): vendor/qcom/proprietary/adsprpc/src/apps_std_imp.c:33:apps_std fopen failed: ./voiceproc_rx.so No such file or directory
I/irsc_util(  926): file_parser Number of element :3
E/adsprpc (  934): vendor/qcom/proprietary/adsprpc/src/apps_std_imp.c:33:apps_std fopen failed: /system/lib/rfsa/adsp/./voiceproc_rx.so No such file or directory
E/adsprpc (  934): vendor/qcom/proprietary/adsprpc/src/apps_std_imp.c:33:apps_std fopen failed: /system/vendor/lib/rfsa/adsp/./voiceproc_rx.so No such file or directory
E/adsprpc (  934): vendor/qcom/proprietary/adsprpc/src/../inc/mod_table_imp.h:346::error: 2: 0 == (nErr = invoke_func_ptr(sc, pra))
I/irsc_util(  926): file_parser Number of element :3
I/irsc_util(  926): file_parser Number of element :3
I/irsc_util(  926): file_parser Number of element :3
I/irsc_util(  926): file_parser Number of element :3
I/irsc_util(  926): file_parser Number of element :3
I/irsc_util(  926): file_parser Number of element :3
I/irsc_util(  926): file_parser Number of element :3
I/irsc_util(  926): file_parser Number of element :3
I/irsc_util(  926): file_parser Number of element :3
I/irsc_util(  926): file_parser Number of element :3
I/irsc_util(  926): file_parser Number of element :3
I/qcom-bluetooth( 1002): /system/etc/init.qcom.bt.sh: Bluetooth Address programmed successfully 
I/irsc_util(  926): file_parser Number of element :3
I/irsc_util(  926): file_parser Number of element :3
I/irsc_util(  926): file_parser Number of element :3
I/irsc_util(  926): file_parser Number of element :3
I/irsc_util(  926): file_parser Number of element :3
I/irsc_util(  926): file_parser Number of element :3
I/irsc_util(  926): file_parser Number of element :3
I/irsc_util(  926): file_parser Number of element :3
I/irsc_util(  926): file_parser Number of element :3
I/irsc_util(  926): file_parser Number of element :3
I/irsc_util(  926): file_parser Number of element :3
I/irsc_util(  926): file_parser Number of element :3
I/irsc_util(  926): file_parser Number of element :3
I/irsc_util(  926): file_parser Number of element :3
I/irsc_util(  926): file_parser Number of element :3
I/irsc_util(  926): file_parser Number of element :3
V/LOWI-SERVER(  956): [MessageQ_Client] creating client socket
I/irsc_util(  926): file_parser Number of element :3
I/LOWI-SERVER(  956): [MessageQ_Client] connecting to server [/data/misc/location/mq/location-mq-s]
I/LOWI-SERVER(  956): [MessageQ_Client] connected
V/LOWI-SERVER(  956): [LOWIController] init
E/QCALOG  (  948): [MessageQ] ProcessNewMessage: [NOT_REGISTERED:52] unknown deliver target [OS-Agent]
I/irsc_util(  926): file_parser Number of element :3
I/irsc_util(  926): file_parser Number of element :3
I/UpstartPropertyWatcher(  881): Property changed: init.svc.quipc_igsn=restarting
I/irsc_util(  926): file_parser Number of element :3
D/QSEECOMD: (  941): qseecom listener services process entry PPID = 1
E/QSEECOMD: (  941): Listener: index = 0, hierarchy = 0
I/irsc_util(  926): file_parser Number of element :3
I/irsc_util(  926): file_parser Number of element :3
I/irsc_util(  926): file_parser Number of element :3
I/irsc_util(  926): file_parser Number of element :3
I/irsc_util(  926): file_parser Number of element :3
I/irsc_util(  926): file_parser Number of element :3
I/irsc_util(  926): file_parser Number of element :3
I/irsc_util(  926): file_parser Number of element :3
I/irsc_util(  926): file_parser Number of element :3
D/QSEECOMD: (  941): Init dlopen(librpmb.so, RTLD_NOW) succeeds
D/QSEECOMD: (  941): Init::Init dlsym(g_FSHandle rpmb_init_service) succeeds
I/irsc_util(  926): file_parser Number of element :3
I/irsc_util(  926): file_parser Number of element :3
I/irsc_util(  926): file_parser Number of element :3
I/irsc_util(  926): file_parser Number of element :3
I/irsc_util(  926): file_parser Number of element :3
I/irsc_util(  926): file_parser Number of element :3
I/irsc_util(  926): file_parser Number of element :3
I/irsc_util(  926): file_parser Number of element :3
I/irsc_util(  926): file_parser Number of element :3
I/irsc_util(  926): file_parser Number of element :3
I/irsc_util(  926): file_parser Number of element :3
I/ThermalEngine(  932): Thermal daemon started
I/irsc_util(  926): file_parser Number of element :3
I/irsc_util(  926): file_parser Number of element :3
I/irsc_util(  926): file_parser Number of element :3
I/irsc_util(  926): file_parser Number of element :3
I/irsc_util(  926): file_parser Number of element :3
I/irsc_util(  926): file_parser Number of element :3
I/irsc_util(  926): file_parser Number of element :3
I/irsc_util(  926): file_parser Number of element :3
I/irsc_util(  926): file_parser Number of element :3
I/irsc_util(  926): file_parser Number of element :3
I/irsc_util(  926): file_parser Number of element :3
I/irsc_util(  926): file_parser Number of element :3
I/irsc_util(  926): file_parser Number of element :3
I/irsc_util(  926): file_parser Number of element :3
I/irsc_util(  926): file_parser Number of element :3
I/irsc_util(  926): file_parser Number of element :3
I/irsc_util(  926): file_parser Number of element :3
I/irsc_util(  926): file_parser Number of element :3
I/irsc_util(  926): file_parser Number of element :3
I/irsc_util(  926): file_parser Number of element :3
I/irsc_util(  926): file_parser Number of element :3
I/irsc_util(  926): file_parser Number of element :3
I/irsc_util(  926): file_parser Number of element :3
I/irsc_util(  926): file_parser Number of element :3
I/irsc_util(  926): file_parser Number of element :3
I/irsc_util(  926): file_parser Number of element :3
I/irsc_util(  926): file_parser Number of element :3
I/irsc_util(  926): file_parser Number of element :3
I/irsc_util(  926): file_parser Number of element :3
I/irsc_util(  926): file_parser Number of element :3
I/irsc_util(  926): file_parser Number of element :3
I/irsc_util(  926): file_parser Number of element :3
I/irsc_util(  926): file_parser Number of element :3
I/irsc_util(  926): file_parser Number of element :3
I/irsc_util(  926): file_parser Number of element :3
I/irsc_util(  926): file_parser Number of element :3
I/irsc_util(  926): file_parser Number of element :3
I/irsc_util(  926): file_parser Number of element :3
I/irsc_util(  926): file_parser Number of element :3
I/irsc_util(  926): file_parser Number of element :3
I/irsc_util(  926): file_parser Number of element :3
I/qcom-bluetooth(  949): /system/etc/init.qcom.bt.sh: init.qcom.bt.sh config = onboot 
I/irsc_util(  926): file_parser Number of element :3
I/irsc_util(  926): file_parser Number of element :3
I/irsc_util(  926): file_parser Number of element :3
I/irsc_util(  926): file_parser Number of element :3
I/irsc_util(  926): file_parser Number of element :3
I/irsc_util(  926): file_parser Number of element :3
I/irsc_util(  926): file_parser Number of element :3
I/irsc_util(  926): file_parser Number of element :3
I/irsc_util(  926): file_parser Number of element :3
I/irsc_util(  926): file_parser Number of element :3
I/irsc_util(  926): file_parser Number of element :3
I/irsc_util(  926): file_parser Number of element :3
I/irsc_util(  926): file_parser Number of element :3
I/irsc_util(  926): file_parser Number of element :3
I/irsc_util(  926): file_parser Number of element :3
I/irsc_util(  926): file_parser Number of element :3
I/irsc_util(  926): file_parser Number of element :3
I/irsc_util(  926): file_parser Number of element :3
I/irsc_util(  926): file_parser Number of element :3
I/irsc_util(  926): file_parser Number of element :3
I/irsc_util(  926): file_parser Number of element :3
I/irsc_util(  926): file_parser Number of element :3
I/irsc_util(  926): file_parser Number of element :3
I/irsc_util(  926): file_parser Number of element :3
I/irsc_util(  926): file_parser Number of element :3
I/irsc_util(  926): file_parser Number of element :3
I/irsc_util(  926): file_parser Number of element :3
I/irsc_util(  926): file_parser Number of element :3
I/irsc_util(  926): file_parser Number of element :3
I/irsc_util(  926): file_parser Number of element :3
I/irsc_util(  926): file_parser Number of element :3
I/irsc_util(  926): file_parser Number of element :3
I/irsc_util(  926): file_parser Number of element :3
I/irsc_util(  926): file_parser Number of element :3
I/irsc_util(  926): file_parser Number of element :3
I/irsc_util(  926): file_parser Number of element :3
I/irsc_util(  926): file_parser Number of element :3
I/irsc_util(  926): file_parser Number of element :3
I/irsc_util(  926): file_parser Number of element :3
I/irsc_util(  926): file_parser Number of element :3
I/irsc_util(  926): file_parser Number of element :3
I/irsc_util(  926): file_parser Number of element :3
I/irsc_util(  926): file_parser Number of element :3
I/irsc_util(  926): file_parser Number of element :3
I/irsc_util(  926): file_parser Number of element :3
I/irsc_util(  926): file_parser Number of element :3
I/irsc_util(  926): file_parser Number of element :3
I/irsc_util(  926): file_parser Number of element :3
I/irsc_util(  926): file_parser Number of element :3
I/irsc_util(  926): file_parser Number of element :3
I/irsc_util(  926): file_parser Number of element :3
I/irsc_util(  926): file_parser Number of element :3
I/irsc_util(  926): file_parser Number of element :3
I/irsc_util(  926): file_parser Number of element :3
I/irsc_util(  926): file_parser Number of element :3
I/irsc_util(  926): file_parser Number of element :3
I/irsc_util(  926): file_parser Number of element :3
I/irsc_util(  926): file_parser Number of element :3
I/irsc_util(  926): file_parser Number of element :3
I/irsc_util(  926): file_parser Number of element :3
I/irsc_util(  926): file_parser Number of element :3
I/irsc_util(  926): file_parser Number of element :3
I/irsc_util(  926): file_parser Number of element :0
I/irsc_util(  926): file_parser Invalid Format or Comment - '/* IPC Security Config */
I/irsc_util(  926): '
I/UpstartPropertyWatcher(  881): Property changed: init.svc.xtwifi_inet=restarting
I/irsc_util(  926): file_parser Number of element :0
I/irsc_util(  926): file_parser Invalid Format or Comment - '/* <GPS QMI Service ID - 16>:<GPS QMI Instance ID - all instances>:<Client Group ID> */
I/irsc_util(  926): '
I/irsc_util(  926): file_parser Number of element :4
I/irsc_util(  926): file_parser Number of element :3
I/irsc_util(  926): file_parser Number of element :3
I/irsc_util(  926): file_parser Number of element :3
I/irsc_util(  926): file_parser Number of element :3
I/irsc_util(  926): file_parser Number of element :3
I/irsc_util(  926): file_parser Number of element :3
I/irsc_util(  926): file_parser Number of element :3
I/irsc_util(  926): file_parser Number of element :3
I/irsc_util(  926): file_parser Number of element :3
I/irsc_util(  926): file_parser Number of element :3
I/irsc_util(  926): file_parser Number of element :3
I/irsc_util(  926): file_parser Number of element :3
I/irsc_util(  926): file_parser Number of element :3
I/irsc_util(  926): file_parser Number of element :3
I/irsc_util(  926): file_parser Number of element :3
I/irsc_util(  926): file_parser Number of element :3
I/irsc_util(  926): file_parser Number of element :3
I/irsc_util(  926): file_parser Number of element :3
I/irsc_util(  926): file_parser Number of element :3
I/irsc_util(  926): file_parser Number of element :3
I/irsc_util(  926): file_parser Number of element :3
I/irsc_util(  926): file_parser Number of element :3
I/irsc_util(  926): file_parser Number of element :3
I/irsc_util(  926): file_parser Number of element :3
I/irsc_util(  926): file_parser Number of element :3
I/irsc_util(  926): file_parser Number of element :3
I/irsc_util(  926): file_parser Number of element :3
I/irsc_util(  926): file_parser Number of element :3
I/irsc_util(  926): file_parser Number of element :3
I/irsc_util(  926): file_parser Number of element :3
I/irsc_util(  926): file_parser Number of element :3
I/irsc_util(  926): file_parser Number of element :3
I/irsc_util(  926): file_parser Number of element :3
I/irsc_util(  926): file_parser Number of element :3
I/irsc_util(  926): file_parser Number of element :3
I/irsc_util(  926): file_parser Number of element :3
E/adsprpc (  934): vendor/qcom/proprietary/adsprpc/src/listener_android.c:107:listener using ion heap: -1
I/irsc_util(  926): file_parser Number of element :5
I/irsc_util(  926): file_parser Number of element :0
I/irsc_util(  926): file_parser Invalid Format or Comment - '
I/UpstartPropertyWatcher(  881): Property changed: init.svc.console=running
I/irsc_util(  926): '
I/UpstartPropertyWatcher(  881): Property changed: sys.usb.config=mtp,adb
I/UpstartPropertyWatcher(  881): Property changed: init.svc.ril-daemon1=running
I/irsc_util(  926): file_parser Number of element :0
I/irsc_util(  926): file_parser Invalid Format or Comment - '/* Allow SS CTL service to be used by system and net_raw processes */
I/irsc_util(  926): '
I/ThermalEngine(  932): devices_manager_init: Init
I/irsc_util(  926): file_parser Number of element :4
I/ThermalEngine(  932): Number of gpus :1
I/Thermal-IOCTL(  932): KTM IOCTL interface "/dev/msm_thermal_query" opened
I/irsc_util(  926): file_parser Number of element :0
E/adsprpc (  934): vendor/qcom/proprietary/adsprpc/src/apps_std_imp.c:33:apps_std fopen failed: ./oemconfig.so No such file or directory
E/adsprpc (  934): vendor/qcom/proprietary/adsprpc/src/apps_std_imp.c:33:apps_std fopen failed: /system/lib/rfsa/adsp/./oemconfig.so No such file or directory
I/ThermalEngine(  932): vdd_rstr_init: Init KTM VDD RSTR enabled: 0
I/ThermalEngine(  932): sensors_manager_init: Init
I/irsc_util(  926): file_parser Invalid Format or Comment - '/* Allow Sensor services to be used by sensor process */
I/irsc_util(  926): file_parser Number of element :3
I/irsc_util(  926): file_parser Number of element :3
I/irsc_util(  926): file_parser Number of element :3
I/irsc_util(  926): file_parser Number of element :3
I/irsc_util(  926): file_parser Number of element :3
I/irsc_util(  926): file_parser Number of element :3
E/mm-camera(  938): server_process_module_init:59, int mods
I/irsc_util(  926): file_parser Number of element :3
E/mm-camera-sensor(  938): module_sensor_init:4145 Enter
I/irsc_util(  926): file_parser Number of element :3
I/irsc_util(  926): file_parser Number of element :3
I/irsc_util(  926): file_parser Number of element :3
E/mm-camera-sensor(  938): sensor_probe:117 failed: to load s5k3l2_q13s01b
E/mm-camera-sensor(  938): sensor_init_probe:123 failed: to load s5k3l2_q13s01b
I/irsc_util(  926): file_parser Number of element :3
E/mm-camera-sensor(  938): sensor_probe:117 failed: to load s5k3l2_omiba01
E/mm-camera-sensor(  938): sensor_init_probe:123 failed: to load s5k3l2_omiba01
E/mm-camera-sensor(  938): sensor_probe:117 failed: to load ov5693_p5v40a
E/mm-camera-sensor(  938): sensor_init_probe:123 failed: to load ov5693_p5v40a
I/irsc_util(  926): file_parser Number of element :3
I/irsc_util(  926): file_parser Number of element :3
I/irsc_util(  926): file_parser Number of element :3
E/mm-camera-sensor(  938): sensor_probe:117 failed: to load ov5693_olq5f08
E/mm-camera-sensor(  938): sensor_init_probe:123 failed: to load ov5693_olq5f08
I/irsc_util(  926): file_parser Number of element :3
I/irsc_util(  926): file_parser Number of element :3
I/irsc_util(  926): file_parser Number of element :3
I/irsc_util(  926): file_parser Number of element :3
I/irsc_util(  926): file_parser Number of element :3
I/irsc_util(  926): file_parser Number of element :3
I/irsc_util(  926): file_parser Number of element :3
I/irsc_util(  926): file_parser Number of element :3
I/irsc_util(  926): file_parser Number of element :3
I/irsc_util(  926): file_parser Number of element :3
I/irsc_util(  926): file_parser Number of element :3
I/irsc_util(  926): file_parser Number of element :3
I/irsc_util(  926): '
E/adsprpc (  934): vendor/qcom/proprietary/adsprpc/src/apps_std_imp.c:33:apps_std fopen failed: /system/vendor/lib/rfsa/adsp/./oemconfig.so No such file or directory
E/adsprpc (  934): vendor/qcom/proprietary/adsprpc/src/../inc/mod_table_imp.h:346::error: 2: 0 == (nErr = invoke_func_ptr(sc, pra))
I/irsc_util(  926): file_parser Number of element :3
I/irsc_util(  926): file_parser Number of element :3
D/QC-time-services(  940): Daemon:genoff_pre_init::Base = 0
I/irsc_util(  926): file_parser Number of element :3
D/QC-time-services(  940): Daemon:ats_rtc_init: Time read from RTC -- year = 115, month = 10,day = 30
I/irsc_util(  926): file_parser Number of element :3
E/adsprpc (  934): vendor/qcom/proprietary/adsprpc/src/apps_std_imp.c:33:apps_std fopen failed: ./voiceproc_tx.so No such file or directory
E/adsprpc (  934): vendor/qcom/proprietary/adsprpc/src/apps_std_imp.c:33:apps_std fopen failed: /system/lib/rfsa/adsp/./voiceproc_tx.so No such file or directory
E/adsprpc (  934): vendor/qcom/proprietary/adsprpc/src/apps_std_imp.c:33:apps_std fopen failed: /system/vendor/lib/rfsa/adsp/./voiceproc_tx.so No such file or directory
E/adsprpc (  934): vendor/qcom/proprietary/adsprpc/src/../inc/mod_table_imp.h:346::error: 2: 0 == (nErr = invoke_func_ptr(sc, pra))
I/UpstartPropertyWatcher(  881): Property changed: sys.usb.state=mtp,adb
I/irsc_util(  926): file_parser Number of element :3
I/irsc_util(  926): file_parser Number of element :3
I/rpmb    (  941): RPMB Mult = 2048, Rel_sec_cnt = 1
E/DrmLibRpmb(  941): rpmb_init succeeded! with ret = 0
D/QSEECOMD: (  941): Init rpmb_init_service ret = 0
D/QSEECOMD: (  941): RPMB system services: init (Listener ID = 8192)
E/QSEECOMD: (  941): Listener: index = 1, hierarchy = 0
I/UpstartPropertyWatcher(  881): Property changed: init.svc.gsiff_daemon=restarting
D/QC-time-services(  940): Daemon:Value read from RTC seconds = 1448921889000
D/QC-time-services(  940): Daemon:genoff_init_config: ATS_RTC initialized
D/QC-time-services(  940): Daemon:genoff_pre_init::Base = 1
D/QC-time-services(  940): Daemon: Storage Name: ats_1 
D/QC-time-services(  940): Daemon:Opening File: /data/time/ats_1
D/QC-time-services(  940): Daemon:time_persistent_memory_opr:Genoff Read operation 
I/irsc_util(  926): file_parser Number of element :3
