I/ThermalEngine( 1024): Sensor:tsens_tz_sensor2:85000 mC
I/ThermalEngine( 1024): Sensor:tsens_tz_sensor5:84000 mC
I/ThermalEngine( 1024): Sensor:tsens_tz_sensor2:88000 mC
I/ThermalEngine( 1024): Sensor:tsens_tz_sensor5:85000 mC
I/ThermalEngine( 1024): Sensor:tsens_tz_sensor2:90000 mC
I/ThermalEngine( 1024): Sensor:tsens_tz_sensor5:83000 mC
I/ThermalEngine( 1024): Sensor:tsens_tz_sensor2:85000 mC
I/ThermalEngine( 1024): Sensor:tsens_tz_sensor5:84000 mC
I/ThermalEngine( 1024): Sensor:batt_temp:41000 mC
I/ThermalEngine( 1024): Sensor:tsens_tz_sensor2:88000 mC
I/ThermalEngine( 1024): Sensor:tsens_tz_sensor5:85000 mC
I/ThermalEngine( 1024): Sensor:tsens_tz_sensor2:88000 mC
I/ThermalEngine( 1024): Sensor:tsens_tz_sensor5:85000 mC
I/ThermalEngine( 1024): Sensor:tsens_tz_sensor2:83000 mC
I/ThermalEngine( 1024): Sensor:tsens_tz_sensor5:84000 mC
I/ThermalEngine( 1024): Sensor:tsens_tz_sensor2:86000 mC
I/ThermalEngine( 1024): Sensor:tsens_tz_sensor5:81000 mC
I/UpstartPropertyWatcher(  980): Property changed: init.svc.ppd=running
I/UpstartPropertyWatcher(  980): Property changed: init.svc.gsiff_daemon=running
I/UpstartPropertyWatcher(  980): Property changed: init.svc.quipc_igsn=running
I/UpstartPropertyWatcher(  980): Property changed: init.svc.quipc_main=running
I/UpstartPropertyWatcher(  980): Property changed: init.svc.xtwifi_inet=running
I/ThermalEngine( 1024): Sensor:batt_temp:41100 mC
I/UpstartPropertyWatcher(  980): Property changed: init.svc.quipc_igsn=restarting
I/UpstartPropertyWatcher(  980): Property changed: init.svc.xtwifi_inet=restarting
I/UpstartPropertyWatcher(  980): Property changed: init.svc.quipc_main=restarting
I/UpstartPropertyWatcher(  980): Property changed: init.svc.gsiff_daemon=restarting
I/UpstartPropertyWatcher(  980): Property changed: init.svc.ppd=restarting
I/ThermalEngine( 1024): Sensor:tsens_tz_sensor2:82000 mC
I/ThermalEngine( 1024): Sensor:tsens_tz_sensor5:83000 mC
I/ThermalEngine( 1024): Sensor:tsens_tz_sensor2:83000 mC
I/ThermalEngine( 1024): Sensor:tsens_tz_sensor5:82000 mC
I/ThermalEngine( 1024): Sensor:tsens_tz_sensor2:83000 mC
I/ThermalEngine( 1024): Sensor:tsens_tz_sensor5:82000 mC
I/ThermalEngine( 1024): Sensor:tsens_tz_sensor2:85000 mC
I/ThermalEngine( 1024): Sensor:tsens_tz_sensor5:80000 mC
I/ThermalEngine( 1024): Sensor:batt_temp:41000 mC
I/ThermalEngine( 1024): Sensor:tsens_tz_sensor2:82000 mC
I/ThermalEngine( 1024): Sensor:tsens_tz_sensor5:82000 mC
I/ThermalEngine( 1024): Sensor:tsens_tz_sensor2:84000 mC
I/ThermalEngine( 1024): Sensor:tsens_tz_sensor5:80000 mC
I/ThermalEngine( 1024): Sensor:tsens_tz_sensor2:83000 mC
I/ThermalEngine( 1024): Sensor:tsens_tz_sensor5:80000 mC
I/ThermalEngine( 1024): Sensor:tsens_tz_sensor2:83000 mC
I/ThermalEngine( 1024): Sensor:tsens_tz_sensor5:80000 mC
I/ThermalEngine( 1024): Sensor:batt_temp:41000 mC
I/ThermalEngine( 1024): Sensor:tsens_tz_sensor2:81000 mC
I/ThermalEngine( 1024): Sensor:tsens_tz_sensor5:80000 mC
E/QCALOG  ( 1055): [MessageQ] ProcessNewMessage: [XT-CS] unknown deliver target [OS-Agent]
E/QCALOG  ( 1055): [MessageQ] ProcessNewMessage: [XTWWAN-PE] unknown deliver target [OS-Agent]
E/QCALOG  ( 1055): [MessageQ] ProcessNewMessage: [XTWiFi-PE] unknown deliver target [OS-Agent]
I/ThermalEngine( 1024): Sensor:tsens_tz_sensor2:81000 mC
I/ThermalEngine( 1024): Sensor:tsens_tz_sensor5:79000 mC
I/ThermalEngine( 1024): Sensor:tsens_tz_sensor2:81000 mC
I/ThermalEngine( 1024): Sensor:tsens_tz_sensor5:78000 mC
I/ThermalEngine( 1024): Sensor:tsens_tz_sensor2:83000 mC
I/ThermalEngine( 1024): Sensor:tsens_tz_sensor5:81000 mC
I/ThermalEngine( 1024): Sensor:batt_temp:41000 mC
I/ThermalEngine( 1024): Sensor:tsens_tz_sensor2:83000 mC
I/ThermalEngine( 1024): Sensor:tsens_tz_sensor5:81000 mC
I/ThermalEngine( 1024): Sensor:tsens_tz_sensor2:81000 mC
I/ThermalEngine( 1024): Sensor:tsens_tz_sensor5:78000 mC
I/ThermalEngine( 1024): Sensor:tsens_tz_sensor2:79000 mC
I/ThermalEngine( 1024): Sensor:tsens_tz_sensor5:80000 mC
I/ThermalEngine( 1024): Sensor:tsens_tz_sensor2:80000 mC
I/ThermalEngine( 1024): Sensor:tsens_tz_sensor5:78000 mC
I/ThermalEngine( 1024): Sensor:batt_temp:41000 mC
I/ThermalEngine( 1024): Sensor:tsens_tz_sensor2:80000 mC
I/ThermalEngine( 1024): Sensor:tsens_tz_sensor5:79000 mC
I/ThermalEngine( 1024): Sensor:tsens_tz_sensor2:80000 mC
I/ThermalEngine( 1024): Sensor:tsens_tz_sensor5:79000 mC
I/ThermalEngine( 1024): Sensor:tsens_tz_sensor2:79000 mC
I/ThermalEngine( 1024): Sensor:tsens_tz_sensor5:80000 mC
I/ThermalEngine( 1024): Sensor:tsens_tz_sensor2:80000 mC
I/ThermalEngine( 1024): Sensor:tsens_tz_sensor5:78000 mC
I/ThermalEngine( 1024): Sensor:batt_temp:41000 mC
I/UpstartPropertyWatcher(  980): Property changed: init.svc.ppd=running
I/UpstartPropertyWatcher(  980): Property changed: init.svc.quipc_igsn=running
I/UpstartPropertyWatcher(  980): Property changed: init.svc.gsiff_daemon=running
I/UpstartPropertyWatcher(  980): Property changed: init.svc.quipc_main=running
I/UpstartPropertyWatcher(  980): Property changed: init.svc.xtwifi_inet=running
I/UpstartPropertyWatcher(  980): Property changed: init.svc.quipc_igsn=restarting
I/UpstartPropertyWatcher(  980): Property changed: init.svc.xtwifi_inet=restarting
I/UpstartPropertyWatcher(  980): Property changed: init.svc.ppd=restarting
I/UpstartPropertyWatcher(  980): Property changed: init.svc.gsiff_daemon=restarting
I/UpstartPropertyWatcher(  980): Property changed: init.svc.quipc_main=restarting
I/ThermalEngine( 1024): Sensor:tsens_tz_sensor2:79000 mC
I/ThermalEngine( 1024): Sensor:tsens_tz_sensor5:79000 mC
I/ThermalEngine( 1024): Sensor:tsens_tz_sensor2:79000 mC
I/ThermalEngine( 1024): Sensor:tsens_tz_sensor5:79000 mC
I/ThermalEngine( 1024): Sensor:tsens_tz_sensor2:79000 mC
I/ThermalEngine( 1024): Sensor:tsens_tz_sensor5:79000 mC
I/ThermalEngine( 1024): Sensor:tsens_tz_sensor2:80000 mC
I/ThermalEngine( 1024): Sensor:tsens_tz_sensor5:78000 mC
I/ThermalEngine( 1024): Sensor:batt_temp:41000 mC
I/ThermalEngine( 1024): Sensor:tsens_tz_sensor2:78000 mC
I/ThermalEngine( 1024): Sensor:tsens_tz_sensor5:79000 mC
I/ThermalEngine( 1024): Sensor:tsens_tz_sensor2:79000 mC
I/ThermalEngine( 1024): Sensor:tsens_tz_sensor5:78000 mC
I/ThermalEngine( 1024): Sensor:tsens_tz_sensor2:79000 mC
I/ThermalEngine( 1024): Sensor:tsens_tz_sensor5:78000 mC
I/ThermalEngine( 1024): Sensor:tsens_tz_sensor2:79000 mC
I/ThermalEngine( 1024): Sensor:tsens_tz_sensor5:78000 mC
I/ThermalEngine( 1024): Sensor:batt_temp:41000 mC
I/ThermalEngine( 1024): Sensor:tsens_tz_sensor2:78000 mC
I/ThermalEngine( 1024): Sensor:tsens_tz_sensor5:79000 mC
E/QCALOG  ( 1055): [MessageQ] ProcessNewMessage: [XT-CS] unknown deliver target [OS-Agent]
E/QCALOG  ( 1055): [MessageQ] ProcessNewMessage: [XTWWAN-PE] unknown deliver target [OS-Agent]
E/QCALOG  ( 1055): [MessageQ] ProcessNewMessage: [XTWiFi-PE] unknown deliver target [OS-Agent]
I/ThermalEngine( 1024): Sensor:tsens_tz_sensor2:79000 mC
I/ThermalEngine( 1024): Sensor:tsens_tz_sensor5:77000 mC
I/ThermalEngine( 1024): Sensor:tsens_tz_sensor2:78000 mC
I/ThermalEngine( 1024): Sensor:tsens_tz_sensor5:78000 mC
I/ThermalEngine( 1024): Sensor:tsens_tz_sensor2:78000 mC
I/ThermalEngine( 1024): Sensor:tsens_tz_sensor5:78000 mC
I/ThermalEngine( 1024): Sensor:batt_temp:41000 mC
I/ThermalEngine( 1024): Sensor:tsens_tz_sensor2:78000 mC
I/ThermalEngine( 1024): Sensor:tsens_tz_sensor5:78000 mC
I/ThermalEngine( 1024): Sensor:tsens_tz_sensor2:79000 mC
I/ThermalEngine( 1024): Sensor:tsens_tz_sensor5:77000 mC
I/ThermalEngine( 1024): Sensor:tsens_tz_sensor2:78000 mC
I/ThermalEngine( 1024): Sensor:tsens_tz_sensor5:79000 mC
I/ThermalEngine( 1024): Sensor:tsens_tz_sensor2:79000 mC
I/ThermalEngine( 1024): Sensor:tsens_tz_sensor5:77000 mC
I/ThermalEngine( 1024): Sensor:batt_temp:41000 mC
I/ThermalEngine( 1024): Sensor:tsens_tz_sensor2:78000 mC
I/ThermalEngine( 1024): Sensor:tsens_tz_sensor5:78000 mC
I/ThermalEngine( 1024): Sensor:tsens_tz_sensor2:78000 mC
I/ThermalEngine( 1024): Sensor:tsens_tz_sensor5:78000 mC
I/ThermalEngine( 1024): Sensor:tsens_tz_sensor2:78000 mC
I/ThermalEngine( 1024): Sensor:tsens_tz_sensor5:78000 mC
I/ThermalEngine( 1024): Sensor:tsens_tz_sensor2:79000 mC
I/ThermalEngine( 1024): Sensor:tsens_tz_sensor5:77000 mC
I/ThermalEngine( 1024): Sensor:batt_temp:41000 mC
I/UpstartPropertyWatcher(  980): Property changed: init.svc.ppd=running
I/UpstartPropertyWatcher(  980): Property changed: init.svc.gsiff_daemon=running
I/UpstartPropertyWatcher(  980): Property changed: init.svc.quipc_igsn=running
I/UpstartPropertyWatcher(  980): Property changed: init.svc.quipc_main=running
I/UpstartPropertyWatcher(  980): Property changed: init.svc.xtwifi_inet=running
I/ThermalEngine( 1024): Sensor:tsens_tz_sensor2:78000 mC
I/ThermalEngine( 1024): Sensor:tsens_tz_sensor5:78000 mC
I/UpstartPropertyWatcher(  980): Property changed: init.svc.quipc_igsn=restarting
I/UpstartPropertyWatcher(  980): Property changed: init.svc.ppd=restarting
I/UpstartPropertyWatcher(  980): Property changed: init.svc.xtwifi_inet=restarting
I/UpstartPropertyWatcher(  980): Property changed: init.svc.gsiff_daemon=restarting
I/UpstartPropertyWatcher(  980): Property changed: init.svc.quipc_main=restarting
I/ThermalEngine( 1024): Sensor:tsens_tz_sensor2:78000 mC
I/ThermalEngine( 1024): Sensor:tsens_tz_sensor5:78000 mC
I/ThermalEngine( 1024): Sensor:tsens_tz_sensor2:78000 mC
I/ThermalEngine( 1024): Sensor:tsens_tz_sensor5:78000 mC
I/ThermalEngine( 1024): Sensor:tsens_tz_sensor2:79000 mC
I/ThermalEngine( 1024): Sensor:tsens_tz_sensor5:77000 mC
I/ThermalEngine( 1024): Sensor:batt_temp:41000 mC
I/ThermalEngine( 1024): Sensor:tsens_tz_sensor2:78000 mC
I/ThermalEngine( 1024): Sensor:tsens_tz_sensor5:78000 mC
I/ThermalEngine( 1024): Sensor:tsens_tz_sensor2:79000 mC
I/ThermalEngine( 1024): Sensor:tsens_tz_sensor5:77000 mC
I/ThermalEngine( 1024): Sensor:tsens_tz_sensor2:78000 mC
I/ThermalEngine( 1024): Sensor:tsens_tz_sensor5:78000 mC
I/ThermalEngine( 1024): Sensor:tsens_tz_sensor2:78000 mC
I/ThermalEngine( 1024): Sensor:tsens_tz_sensor5:78000 mC
I/ThermalEngine( 1024): Sensor:batt_temp:41000 mC
I/ThermalEngine( 1024): Sensor:tsens_tz_sensor2:77000 mC
I/ThermalEngine( 1024): Sensor:tsens_tz_sensor5:78000 mC
E/QCALOG  ( 1055): [MessageQ] ProcessNewMessage: [XT-CS] unknown deliver target [OS-Agent]
E/QCALOG  ( 1055): [MessageQ] ProcessNewMessage: [XTWWAN-PE] unknown deliver target [OS-Agent]
E/QCALOG  ( 1055): [MessageQ] ProcessNewMessage: [XTWiFi-PE] unknown deliver target [OS-Agent]
I/ThermalEngine( 1024): Sensor:tsens_tz_sensor2:76000 mC
I/ThermalEngine( 1024): Sensor:tsens_tz_sensor5:76000 mC
I/ThermalEngine( 1024): Sensor:tsens_tz_sensor2:81000 mC
I/ThermalEngine( 1024): Sensor:tsens_tz_sensor5:79000 mC
D/libEGL  ( 2316): loaded /vendor/lib/egl/libEGL_adreno.so
D/libEGL  ( 2316): loaded /vendor/lib/egl/libGLESv1_CM_adreno.so
D/libEGL  ( 2316): loaded /vendor/lib/egl/libGLESv2_adreno.so
I/ThermalEngine( 1024): Sensor:tsens_tz_sensor2:80000 mC
I/ThermalEngine( 1024): Sensor:tsens_tz_sensor5:80000 mC
I/ThermalEngine( 1024): Sensor:batt_temp:41100 mC
I/ThermalEngine( 1024): Sensor:tsens_tz_sensor2:80000 mC
I/ThermalEngine( 1024): Sensor:tsens_tz_sensor5:80000 mC
I/ThermalEngine( 1024): Sensor:tsens_tz_sensor2:82000 mC
I/ThermalEngine( 1024): Sensor:tsens_tz_sensor5:81000 mC
I/ThermalEngine( 1024): Sensor:tsens_tz_sensor2:79000 mC
I/ThermalEngine( 1024): Sensor:tsens_tz_sensor5:80000 mC
I/ThermalEngine( 1024): Sensor:tsens_tz_sensor2:78000 mC
I/ThermalEngine( 1024): Sensor:tsens_tz_sensor5:79000 mC
I/ThermalEngine( 1024): Sensor:batt_temp:41100 mC
I/ThermalEngine( 1024): Sensor:tsens_tz_sensor2:83000 mC
I/ThermalEngine( 1024): Sensor:tsens_tz_sensor5:77000 mC
I/ThermalEngine( 1024): Sensor:tsens_tz_sensor2:83000 mC
I/ThermalEngine( 1024): Sensor:tsens_tz_sensor5:77000 mC
I/ThermalEngine( 1024): Sensor:tsens_tz_sensor2:83000 mC
I/ThermalEngine( 1024): Sensor:tsens_tz_sensor5:78000 mC
I/UpstartPropertyWatcher(  980): Property changed: init.svc.ppd=running
I/UpstartPropertyWatcher(  980): Property changed: init.svc.gsiff_daemon=running
I/UpstartPropertyWatcher(  980): Property changed: init.svc.quipc_igsn=running
I/UpstartPropertyWatcher(  980): Property changed: init.svc.quipc_main=running
I/UpstartPropertyWatcher(  980): Property changed: init.svc.xtwifi_inet=running
I/UpstartPropertyWatcher(  980): Property changed: init.svc.quipc_igsn=restarting
I/UpstartPropertyWatcher(  980): Property changed: init.svc.xtwifi_inet=restarting
I/UpstartPropertyWatcher(  980): Property changed: init.svc.ppd=restarting
I/UpstartPropertyWatcher(  980): Property changed: init.svc.gsiff_daemon=restarting
I/UpstartPropertyWatcher(  980): Property changed: init.svc.quipc_main=restarting
I/ThermalEngine( 1024): Sensor:tsens_tz_sensor2:84000 mC
I/ThermalEngine( 1024): Sensor:tsens_tz_sensor5:80000 mC
I/ThermalEngine( 1024): Sensor:batt_temp:41100 mC
I/ThermalEngine( 1024): Sensor:tsens_tz_sensor2:81000 mC
I/ThermalEngine( 1024): Sensor:tsens_tz_sensor5:83000 mC
I/ThermalEngine( 1024): Sensor:tsens_tz_sensor2:81000 mC
I/ThermalEngine( 1024): Sensor:tsens_tz_sensor5:83000 mC
D/libEGL  ( 2358): loaded /vendor/lib/egl/libEGL_adreno.so
D/libEGL  ( 2358): loaded /vendor/lib/egl/libGLESv1_CM_adreno.so
D/libEGL  ( 2358): loaded /vendor/lib/egl/libGLESv2_adreno.so
I/ThermalEngine( 1024): Sensor:tsens_tz_sensor2:81000 mC
I/ThermalEngine( 1024): Sensor:tsens_tz_sensor5:83000 mC
I/ThermalEngine( 1024): Sensor:tsens_tz_sensor2:86000 mC
I/ThermalEngine( 1024): Sensor:tsens_tz_sensor5:83000 mC
I/ThermalEngine( 1024): Sensor:batt_temp:41100 mC
I/ThermalEngine( 1024): Sensor:tsens_tz_sensor2:81000 mC
I/ThermalEngine( 1024): Sensor:tsens_tz_sensor5:82000 mC
I/ThermalEngine( 1024): Sensor:tsens_tz_sensor2:80000 mC
I/ThermalEngine( 1024): Sensor:tsens_tz_sensor5:81000 mC
I/ThermalEngine( 1024): Sensor:tsens_tz_sensor2:80000 mC
I/ThermalEngine( 1024): Sensor:tsens_tz_sensor5:81000 mC
I/ThermalEngine( 1024): Sensor:tsens_tz_sensor2:80000 mC
I/ThermalEngine( 1024): Sensor:tsens_tz_sensor5:81000 mC
I/ThermalEngine( 1024): Sensor:batt_temp:41100 mC
E/QCALOG  ( 1055): [MessageQ] ProcessNewMessage: [XT-CS] unknown deliver target [OS-Agent]
E/QCALOG  ( 1055): [MessageQ] ProcessNewMessage: [XTWWAN-PE] unknown deliver target [OS-Agent]
E/QCALOG  ( 1055): [MessageQ] ProcessNewMessage: [XTWiFi-PE] unknown deliver target [OS-Agent]
I/ThermalEngine( 1024): Sensor:tsens_tz_sensor2:78000 mC
I/ThermalEngine( 1024): Sensor:tsens_tz_sensor5:77000 mC
I/ThermalEngine( 1024): Sensor:tsens_tz_sensor2:76000 mC
I/ThermalEngine( 1024): Sensor:tsens_tz_sensor5:76000 mC
D/libEGL  ( 2367): loaded /vendor/lib/egl/libEGL_adreno.so
D/libEGL  ( 2367): loaded /vendor/lib/egl/libGLESv1_CM_adreno.so
D/libEGL  ( 2367): loaded /vendor/lib/egl/libGLESv2_adreno.so
I/ThermalEngine( 1024): Sensor:tsens_tz_sensor2:77000 mC
I/ThermalEngine( 1024): Sensor:tsens_tz_sensor5:77000 mC
I/ThermalEngine( 1024): Sensor:tsens_tz_sensor2:82000 mC
I/ThermalEngine( 1024): Sensor:tsens_tz_sensor5:77000 mC
I/ThermalEngine( 1024): Sensor:tsens_tz_sensor2:82000 mC
I/ThermalEngine( 1024): Sensor:tsens_tz_sensor5:77000 mC
I/ThermalEngine( 1024): Sensor:batt_temp:41100 mC
I/ThermalEngine( 1024): Sensor:tsens_tz_sensor2:82000 mC
I/ThermalEngine( 1024): Sensor:tsens_tz_sensor5:77000 mC
I/ThermalEngine( 1024): Sensor:tsens_tz_sensor2:82000 mC
I/ThermalEngine( 1024): Sensor:tsens_tz_sensor5:77000 mC
I/ThermalEngine( 1024): Sensor:tsens_tz_sensor2:78000 mC
I/ThermalEngine( 1024): Sensor:tsens_tz_sensor5:77000 mC
I/ThermalEngine( 1024): Sensor:tsens_tz_sensor2:76000 mC
I/ThermalEngine( 1024): Sensor:tsens_tz_sensor5:75000 mC
I/ThermalEngine( 1024): Sensor:batt_temp:41100 mC
I/ThermalEngine( 1024): Sensor:tsens_tz_sensor2:76000 mC
I/ThermalEngine( 1024): Sensor:tsens_tz_sensor5:75000 mC
D/libEGL  ( 2373): loaded /vendor/lib/egl/libEGL_adreno.so
D/libEGL  ( 2373): loaded /vendor/lib/egl/libGLESv1_CM_adreno.so
I/ThermalEngine( 1024): Sensor:tsens_tz_sensor2:75000 mC
I/ThermalEngine( 1024): Sensor:tsens_tz_sensor5:75000 mC
D/libEGL  ( 2373): loaded /vendor/lib/egl/libGLESv2_adreno.so
I/ThermalEngine( 1024): Sensor:tsens_tz_sensor2:80000 mC
I/ThermalEngine( 1024): Sensor:tsens_tz_sensor5:75000 mC
I/ThermalEngine( 1024): Sensor:tsens_tz_sensor2:81000 mC
I/ThermalEngine( 1024): Sensor:tsens_tz_sensor5:76000 mC
I/ThermalEngine( 1024): Sensor:batt_temp:41100 mC
E/QCALOG  ( 1055): [MessageQ] ProcessNewMessage: [LOWI-SERVER] unknown deliver target [OS-Agent]
I/ThermalEngine( 1024): Sensor:tsens_tz_sensor2:81000 mC
I/ThermalEngine( 1024): Sensor:tsens_tz_sensor5:76000 mC
I/ThermalEngine( 1024): Sensor:tsens_tz_sensor2:82000 mC
I/ThermalEngine( 1024): Sensor:tsens_tz_sensor5:76000 mC
I/UpstartPropertyWatcher(  980): Property changed: init.svc.ppd=running
I/UpstartPropertyWatcher(  980): Property changed: init.svc.gsiff_daemon=running
I/UpstartPropertyWatcher(  980): Property changed: init.svc.quipc_igsn=running
I/UpstartPropertyWatcher(  980): Property changed: init.svc.quipc_main=running
I/UpstartPropertyWatcher(  980): Property changed: init.svc.xtwifi_inet=running
I/UpstartPropertyWatcher(  980): Property changed: init.svc.xtwifi_inet=restarting
I/UpstartPropertyWatcher(  980): Property changed: init.svc.gsiff_daemon=restarting
I/UpstartPropertyWatcher(  980): Property changed: init.svc.quipc_igsn=restarting
I/UpstartPropertyWatcher(  980): Property changed: init.svc.ppd=restarting
I/UpstartPropertyWatcher(  980): Property changed: init.svc.quipc_main=restarting
I/ThermalEngine( 1024): Sensor:tsens_tz_sensor2:83000 mC
I/ThermalEngine( 1024): Sensor:tsens_tz_sensor5:78000 mC
I/ThermalEngine( 1024): Sensor:tsens_tz_sensor2:76000 mC
I/ThermalEngine( 1024): Sensor:tsens_tz_sensor5:75000 mC
I/ThermalEngine( 1024): Sensor:batt_temp:41100 mC
I/ThermalEngine( 1024): Sensor:tsens_tz_sensor2:75000 mC
I/ThermalEngine( 1024): Sensor:tsens_tz_sensor5:74000 mC
I/ThermalEngine( 1024): Sensor:tsens_tz_sensor2:75000 mC
I/ThermalEngine( 1024): Sensor:tsens_tz_sensor5:74000 mC
D/libEGL  ( 2384): loaded /vendor/lib/egl/libEGL_adreno.so
D/libEGL  ( 2384): loaded /vendor/lib/egl/libGLESv1_CM_adreno.so
D/libEGL  ( 2384): loaded /vendor/lib/egl/libGLESv2_adreno.so
I/ThermalEngine( 1024): Sensor:tsens_tz_sensor2:79000 mC
I/ThermalEngine( 1024): Sensor:tsens_tz_sensor5:75000 mC
E/QCALOG  ( 1055): [MessageQ] ProcessNewMessage: [XT-CS] unknown deliver target [OS-Agent]
E/QCALOG  ( 1055): [MessageQ] ProcessNewMessage: [XTWWAN-PE] unknown deliver target [OS-Agent]
E/QCALOG  ( 1055): [MessageQ] ProcessNewMessage: [XTWiFi-PE] unknown deliver target [OS-Agent]
I/ThermalEngine( 1024): Sensor:tsens_tz_sensor2:77000 mC
I/ThermalEngine( 1024): Sensor:tsens_tz_sensor5:76000 mC
I/ThermalEngine( 1024): Sensor:batt_temp:41100 mC
I/ThermalEngine( 1024): Sensor:tsens_tz_sensor2:77000 mC
I/ThermalEngine( 1024): Sensor:tsens_tz_sensor5:76000 mC
I/ThermalEngine( 1024): Sensor:tsens_tz_sensor2:78000 mC
I/ThermalEngine( 1024): Sensor:tsens_tz_sensor5:76000 mC
I/ThermalEngine( 1024): Sensor:tsens_tz_sensor2:78000 mC
I/ThermalEngine( 1024): Sensor:tsens_tz_sensor5:76000 mC
I/ThermalEngine( 1024): Sensor:tsens_tz_sensor2:76000 mC
I/ThermalEngine( 1024): Sensor:tsens_tz_sensor5:75000 mC
I/ThermalEngine( 1024): Sensor:batt_temp:41100 mC
I/ThermalEngine( 1024): Sensor:tsens_tz_sensor2:74000 mC
I/ThermalEngine( 1024): Sensor:tsens_tz_sensor5:74000 mC
I/ThermalEngine( 1024): Sensor:tsens_tz_sensor2:74000 mC
I/ThermalEngine( 1024): Sensor:tsens_tz_sensor5:74000 mC
D/libEGL  ( 2390): loaded /vendor/lib/egl/libEGL_adreno.so
D/libEGL  ( 2390): loaded /vendor/lib/egl/libGLESv1_CM_adreno.so
D/libEGL  ( 2390): loaded /vendor/lib/egl/libGLESv2_adreno.so
I/ThermalEngine( 1024): Sensor:tsens_tz_sensor2:79000 mC
I/ThermalEngine( 1024): Sensor:tsens_tz_sensor5:75000 mC
I/ThermalEngine( 1024): Sensor:tsens_tz_sensor2:79000 mC
I/ThermalEngine( 1024): Sensor:tsens_tz_sensor5:75000 mC
I/ThermalEngine( 1024): Sensor:batt_temp:41200 mC
I/ThermalEngine( 1024): Sensor:tsens_tz_sensor2:80000 mC
I/ThermalEngine( 1024): Sensor:tsens_tz_sensor5:75000 mC
I/ThermalEngine( 1024): Sensor:tsens_tz_sensor2:81000 mC
I/ThermalEngine( 1024): Sensor:tsens_tz_sensor5:75000 mC
I/UpstartPropertyWatcher(  980): Property changed: init.svc.ppd=running
I/UpstartPropertyWatcher(  980): Property changed: init.svc.quipc_igsn=running
I/UpstartPropertyWatcher(  980): Property changed: init.svc.quipc_main=running
I/UpstartPropertyWatcher(  980): Property changed: init.svc.xtwifi_inet=running
I/UpstartPropertyWatcher(  980): Property changed: init.svc.gsiff_daemon=running
I/UpstartPropertyWatcher(  980): Property changed: init.svc.xtwifi_inet=restarting
I/UpstartPropertyWatcher(  980): Property changed: init.svc.quipc_igsn=restarting
I/UpstartPropertyWatcher(  980): Property changed: init.svc.quipc_main=restarting
I/UpstartPropertyWatcher(  980): Property changed: init.svc.ppd=restarting
I/UpstartPropertyWatcher(  980): Property changed: init.svc.gsiff_daemon=restarting
I/ThermalEngine( 1024): Sensor:tsens_tz_sensor2:80000 mC
I/ThermalEngine( 1024): Sensor:tsens_tz_sensor5:77000 mC
I/ThermalEngine( 1024): Sensor:tsens_tz_sensor2:75000 mC
I/ThermalEngine( 1024): Sensor:tsens_tz_sensor5:75000 mC
I/ThermalEngine( 1024): Sensor:batt_temp:41100 mC
I/ThermalEngine( 1024): Sensor:tsens_tz_sensor2:75000 mC
I/ThermalEngine( 1024): Sensor:tsens_tz_sensor5:75000 mC
I/ThermalEngine( 1024): Sensor:tsens_tz_sensor2:74000 mC
I/ThermalEngine( 1024): Sensor:tsens_tz_sensor5:74000 mC
D/libEGL  ( 2401): loaded /vendor/lib/egl/libEGL_adreno.so
D/libEGL  ( 2401): loaded /vendor/lib/egl/libGLESv1_CM_adreno.so
D/libEGL  ( 2401): loaded /vendor/lib/egl/libGLESv2_adreno.so
I/ThermalEngine( 1024): Sensor:tsens_tz_sensor2:76000 mC
I/ThermalEngine( 1024): Sensor:tsens_tz_sensor5:74000 mC
I/ThermalEngine( 1024): Sensor:tsens_tz_sensor2:76000 mC
I/ThermalEngine( 1024): Sensor:tsens_tz_sensor5:75000 mC
I/ThermalEngine( 1024): Sensor:batt_temp:41200 mC
I/ThermalEngine( 1024): Sensor:tsens_tz_sensor2:77000 mC
I/ThermalEngine( 1024): Sensor:tsens_tz_sensor5:75000 mC
I/ThermalEngine( 1024): Sensor:tsens_tz_sensor2:77000 mC
I/ThermalEngine( 1024): Sensor:tsens_tz_sensor5:75000 mC
I/ThermalEngine( 1024): Sensor:tsens_tz_sensor2:77000 mC
I/ThermalEngine( 1024): Sensor:tsens_tz_sensor5:75000 mC
E/QCALOG  ( 1055): [MessageQ] ProcessNewMessage: [XT-CS] unknown deliver target [OS-Agent]
E/QCALOG  ( 1055): [MessageQ] ProcessNewMessage: [XTWWAN-PE] unknown deliver target [OS-Agent]
E/QCALOG  ( 1055): [MessageQ] ProcessNewMessage: [XTWiFi-PE] unknown deliver target [OS-Agent]
I/ThermalEngine( 1024): Sensor:tsens_tz_sensor2:75000 mC
I/ThermalEngine( 1024): Sensor:tsens_tz_sensor5:75000 mC
I/ThermalEngine( 1024): Sensor:batt_temp:41100 mC
I/ThermalEngine( 1024): Sensor:tsens_tz_sensor2:74000 mC
I/ThermalEngine( 1024): Sensor:tsens_tz_sensor5:74000 mC
I/ThermalEngine( 1024): Sensor:tsens_tz_sensor2:73000 mC
I/ThermalEngine( 1024): Sensor:tsens_tz_sensor5:73000 mC
D/libEGL  ( 2407): loaded /vendor/lib/egl/libEGL_adreno.so
D/libEGL  ( 2407): loaded /vendor/lib/egl/libGLESv1_CM_adreno.so
D/libEGL  ( 2407): loaded /vendor/lib/egl/libGLESv2_adreno.so
I/ThermalEngine( 1024): Sensor:tsens_tz_sensor2:73000 mC
I/ThermalEngine( 1024): Sensor:tsens_tz_sensor5:73000 mC
I/ThermalEngine( 1024): Sensor:tsens_tz_sensor2:76000 mC
I/ThermalEngine( 1024): Sensor:tsens_tz_sensor5:74000 mC
I/ThermalEngine( 1024): Sensor:batt_temp:41200 mC
I/ThermalEngine( 1024): Sensor:tsens_tz_sensor2:76000 mC
I/ThermalEngine( 1024): Sensor:tsens_tz_sensor5:75000 mC
I/ThermalEngine( 1024): Sensor:tsens_tz_sensor2:77000 mC
I/ThermalEngine( 1024): Sensor:tsens_tz_sensor5:75000 mC
I/ThermalEngine( 1024): Sensor:tsens_tz_sensor2:77000 mC
I/ThermalEngine( 1024): Sensor:tsens_tz_sensor5:76000 mC
I/ThermalEngine( 1024): Sensor:tsens_tz_sensor2:77000 mC
I/ThermalEngine( 1024): Sensor:tsens_tz_sensor5:76000 mC
I/ThermalEngine( 1024): Sensor:batt_temp:41100 mC
I/ThermalEngine( 1024): Sensor:tsens_tz_sensor2:74000 mC
I/ThermalEngine( 1024): Sensor:tsens_tz_sensor5:74000 mC
I/ThermalEngine( 1024): Sensor:tsens_tz_sensor2:73000 mC
I/ThermalEngine( 1024): Sensor:tsens_tz_sensor5:73000 mC
I/UpstartPropertyWatcher(  980): Property changed: init.svc.ppd=running
I/UpstartPropertyWatcher(  980): Property changed: init.svc.gsiff_daemon=running
I/UpstartPropertyWatcher(  980): Property changed: init.svc.quipc_igsn=running
I/UpstartPropertyWatcher(  980): Property changed: init.svc.quipc_main=running
I/UpstartPropertyWatcher(  980): Property changed: init.svc.xtwifi_inet=running
D/libEGL  ( 2413): loaded /vendor/lib/egl/libEGL_adreno.so
D/libEGL  ( 2413): loaded /vendor/lib/egl/libGLESv1_CM_adreno.so
I/UpstartPropertyWatcher(  980): Property changed: init.svc.quipc_igsn=restarting
D/libEGL  ( 2413): loaded /vendor/lib/egl/libGLESv2_adreno.so
I/UpstartPropertyWatcher(  980): Property changed: init.svc.gsiff_daemon=restarting
I/UpstartPropertyWatcher(  980): Property changed: init.svc.xtwifi_inet=restarting
I/UpstartPropertyWatcher(  980): Property changed: init.svc.ppd=restarting
I/UpstartPropertyWatcher(  980): Property changed: init.svc.quipc_main=restarting
I/ThermalEngine( 1024): Sensor:tsens_tz_sensor2:78000 mC
I/ThermalEngine( 1024): Sensor:tsens_tz_sensor5:77000 mC
I/ThermalEngine( 1024): Sensor:tsens_tz_sensor2:75000 mC
I/ThermalEngine( 1024): Sensor:tsens_tz_sensor5:76000 mC
I/ThermalEngine( 1024): Sensor:batt_temp:41200 mC
I/ThermalEngine( 1024): Sensor:tsens_tz_sensor2:75000 mC
I/ThermalEngine( 1024): Sensor:tsens_tz_sensor5:76000 mC
I/ThermalEngine( 1024): Sensor:tsens_tz_sensor2:75000 mC
I/ThermalEngine( 1024): Sensor:tsens_tz_sensor5:76000 mC
I/ThermalEngine( 1024): Sensor:tsens_tz_sensor2:75000 mC
I/ThermalEngine( 1024): Sensor:tsens_tz_sensor5:76000 mC
I/ThermalEngine( 1024): Sensor:tsens_tz_sensor2:75000 mC
I/ThermalEngine( 1024): Sensor:tsens_tz_sensor5:75000 mC
I/ThermalEngine( 1024): Sensor:batt_temp:41100 mC
I/ThermalEngine( 1024): Sensor:tsens_tz_sensor2:74000 mC
I/ThermalEngine( 1024): Sensor:tsens_tz_sensor5:74000 mC
I/ThermalEngine( 1024): Sensor:tsens_tz_sensor2:74000 mC
I/ThermalEngine( 1024): Sensor:tsens_tz_sensor5:74000 mC
D/libEGL  ( 2424): loaded /vendor/lib/egl/libEGL_adreno.so
D/libEGL  ( 2424): loaded /vendor/lib/egl/libGLESv1_CM_adreno.so
D/libEGL  ( 2424): loaded /vendor/lib/egl/libGLESv2_adreno.so
I/ThermalEngine( 1024): Sensor:tsens_tz_sensor2:73000 mC
I/ThermalEngine( 1024): Sensor:tsens_tz_sensor5:73000 mC
E/QCALOG  ( 1055): [MessageQ] ProcessNewMessage: [XT-CS] unknown deliver target [OS-Agent]
E/QCALOG  ( 1055): [MessageQ] ProcessNewMessage: [XTWWAN-PE] unknown deliver target [OS-Agent]
E/QCALOG  ( 1055): [MessageQ] ProcessNewMessage: [XTWiFi-PE] unknown deliver target [OS-Agent]
I/ThermalEngine( 1024): Sensor:tsens_tz_sensor2:75000 mC
I/ThermalEngine( 1024): Sensor:tsens_tz_sensor5:76000 mC
I/ThermalEngine( 1024): Sensor:batt_temp:41200 mC
I/ThermalEngine( 1024): Sensor:tsens_tz_sensor2:75000 mC
I/ThermalEngine( 1024): Sensor:tsens_tz_sensor5:76000 mC
I/ThermalEngine( 1024): Sensor:tsens_tz_sensor2:75000 mC
I/ThermalEngine( 1024): Sensor:tsens_tz_sensor5:76000 mC
I/ThermalEngine( 1024): Sensor:tsens_tz_sensor2:75000 mC
I/ThermalEngine( 1024): Sensor:tsens_tz_sensor5:76000 mC
I/ThermalEngine( 1024): Sensor:tsens_tz_sensor2:76000 mC
I/ThermalEngine( 1024): Sensor:tsens_tz_sensor5:76000 mC
I/ThermalEngine( 1024): Sensor:batt_temp:41200 mC
I/ThermalEngine( 1024): Sensor:tsens_tz_sensor2:74000 mC
I/ThermalEngine( 1024): Sensor:tsens_tz_sensor5:74000 mC
I/ThermalEngine( 1024): Sensor:tsens_tz_sensor2:73000 mC
I/ThermalEngine( 1024): Sensor:tsens_tz_sensor5:73000 mC
D/libEGL  ( 2430): loaded /vendor/lib/egl/libEGL_adreno.so
D/libEGL  ( 2430): loaded /vendor/lib/egl/libGLESv1_CM_adreno.so
D/libEGL  ( 2430): loaded /vendor/lib/egl/libGLESv2_adreno.so
I/ThermalEngine( 1024): Sensor:tsens_tz_sensor2:75000 mC
I/ThermalEngine( 1024): Sensor:tsens_tz_sensor5:74000 mC
I/ThermalEngine( 1024): Sensor:tsens_tz_sensor2:75000 mC
I/ThermalEngine( 1024): Sensor:tsens_tz_sensor5:74000 mC
I/ThermalEngine( 1024): Sensor:batt_temp:41300 mC
I/ThermalEngine( 1024): Sensor:tsens_tz_sensor2:76000 mC
I/ThermalEngine( 1024): Sensor:tsens_tz_sensor5:74000 mC
I/ThermalEngine( 1024): Sensor:tsens_tz_sensor2:76000 mC
I/ThermalEngine( 1024): Sensor:tsens_tz_sensor5:75000 mC
I/UpstartPropertyWatcher(  980): Property changed: init.svc.ppd=running
I/UpstartPropertyWatcher(  980): Property changed: init.svc.gsiff_daemon=running
I/UpstartPropertyWatcher(  980): Property changed: init.svc.quipc_igsn=running
I/UpstartPropertyWatcher(  980): Property changed: init.svc.quipc_main=running
I/UpstartPropertyWatcher(  980): Property changed: init.svc.xtwifi_inet=running
I/UpstartPropertyWatcher(  980): Property changed: init.svc.xtwifi_inet=restarting
I/UpstartPropertyWatcher(  980): Property changed: init.svc.quipc_igsn=restarting
I/UpstartPropertyWatcher(  980): Property changed: init.svc.ppd=restarting
I/UpstartPropertyWatcher(  980): Property changed: init.svc.gsiff_daemon=restarting
I/UpstartPropertyWatcher(  980): Property changed: init.svc.quipc_main=restarting
I/ThermalEngine( 1024): Sensor:tsens_tz_sensor2:77000 mC
I/ThermalEngine( 1024): Sensor:tsens_tz_sensor5:75000 mC
I/ThermalEngine( 1024): Sensor:tsens_tz_sensor2:75000 mC
I/ThermalEngine( 1024): Sensor:tsens_tz_sensor5:74000 mC
I/ThermalEngine( 1024): Sensor:batt_temp:41200 mC
I/ThermalEngine( 1024): Sensor:tsens_tz_sensor2:75000 mC
I/ThermalEngine( 1024): Sensor:tsens_tz_sensor5:74000 mC
I/ThermalEngine( 1024): Sensor:tsens_tz_sensor2:74000 mC
I/ThermalEngine( 1024): Sensor:tsens_tz_sensor5:73000 mC
D/libEGL  ( 2441): loaded /vendor/lib/egl/libEGL_adreno.so
D/libEGL  ( 2441): loaded /vendor/lib/egl/libGLESv1_CM_adreno.so
D/libEGL  ( 2441): loaded /vendor/lib/egl/libGLESv2_adreno.so
I/ThermalEngine( 1024): Sensor:tsens_tz_sensor2:75000 mC
I/ThermalEngine( 1024): Sensor:tsens_tz_sensor5:74000 mC
I/ThermalEngine( 1024): Sensor:tsens_tz_sensor2:75000 mC
I/ThermalEngine( 1024): Sensor:tsens_tz_sensor5:76000 mC
I/ThermalEngine( 1024): Sensor:batt_temp:41300 mC
I/ThermalEngine( 1024): Sensor:tsens_tz_sensor2:76000 mC
I/ThermalEngine( 1024): Sensor:tsens_tz_sensor5:77000 mC
I/ThermalEngine( 1024): Sensor:tsens_tz_sensor2:76000 mC
I/ThermalEngine( 1024): Sensor:tsens_tz_sensor5:77000 mC
I/ThermalEngine( 1024): Sensor:tsens_tz_sensor2:76000 mC
I/ThermalEngine( 1024): Sensor:tsens_tz_sensor5:77000 mC
E/QCALOG  ( 1055): [MessageQ] ProcessNewMessage: [XT-CS] unknown deliver target [OS-Agent]
E/QCALOG  ( 1055): [MessageQ] ProcessNewMessage: [XTWWAN-PE] unknown deliver target [OS-Agent]
E/QCALOG  ( 1055): [MessageQ] ProcessNewMessage: [XTWiFi-PE] unknown deliver target [OS-Agent]
I/ThermalEngine( 1024): Sensor:tsens_tz_sensor2:76000 mC
I/ThermalEngine( 1024): Sensor:tsens_tz_sensor5:75000 mC
I/ThermalEngine( 1024): Sensor:batt_temp:41200 mC
I/ThermalEngine( 1024): Sensor:tsens_tz_sensor2:74000 mC
I/ThermalEngine( 1024): Sensor:tsens_tz_sensor5:74000 mC
I/ThermalEngine( 1024): Sensor:tsens_tz_sensor2:73000 mC
I/ThermalEngine( 1024): Sensor:tsens_tz_sensor5:73000 mC
D/libEGL  ( 2447): loaded /vendor/lib/egl/libEGL_adreno.so
D/libEGL  ( 2447): loaded /vendor/lib/egl/libGLESv1_CM_adreno.so
D/libEGL  ( 2447): loaded /vendor/lib/egl/libGLESv2_adreno.so
I/ThermalEngine( 1024): Sensor:tsens_tz_sensor2:73000 mC
I/ThermalEngine( 1024): Sensor:tsens_tz_sensor5:73000 mC
I/ThermalEngine( 1024): Sensor:tsens_tz_sensor2:78000 mC
I/ThermalEngine( 1024): Sensor:tsens_tz_sensor5:74000 mC
I/ThermalEngine( 1024): Sensor:batt_temp:41300 mC
I/ThermalEngine( 1024): Sensor:tsens_tz_sensor2:80000 mC
I/ThermalEngine( 1024): Sensor:tsens_tz_sensor5:75000 mC
I/ThermalEngine( 1024): Sensor:tsens_tz_sensor2:80000 mC
I/ThermalEngine( 1024): Sensor:tsens_tz_sensor5:75000 mC
I/ThermalEngine( 1024): Sensor:tsens_tz_sensor2:80000 mC
I/ThermalEngine( 1024): Sensor:tsens_tz_sensor5:75000 mC
I/ThermalEngine( 1024): Sensor:tsens_tz_sensor2:80000 mC
I/ThermalEngine( 1024): Sensor:tsens_tz_sensor5:75000 mC
I/ThermalEngine( 1024): Sensor:batt_temp:41300 mC
I/ThermalEngine( 1024): Sensor:tsens_tz_sensor2:74000 mC
I/ThermalEngine( 1024): Sensor:tsens_tz_sensor5:74000 mC
I/ThermalEngine( 1024): Sensor:tsens_tz_sensor2:73000 mC
I/ThermalEngine( 1024): Sensor:tsens_tz_sensor5:73000 mC
I/UpstartPropertyWatcher(  980): Property changed: init.svc.ppd=running
I/UpstartPropertyWatcher(  980): Property changed: init.svc.gsiff_daemon=running
I/UpstartPropertyWatcher(  980): Property changed: init.svc.quipc_igsn=running
I/UpstartPropertyWatcher(  980): Property changed: init.svc.quipc_main=running
I/UpstartPropertyWatcher(  980): Property changed: init.svc.xtwifi_inet=running
I/UpstartPropertyWatcher(  980): Property changed: init.svc.quipc_igsn=restarting
D/libEGL  ( 2453): loaded /vendor/lib/egl/libEGL_adreno.so
I/UpstartPropertyWatcher(  980): Property changed: init.svc.xtwifi_inet=restarting
D/libEGL  ( 2453): loaded /vendor/lib/egl/libGLESv1_CM_adreno.so
D/libEGL  ( 2453): loaded /vendor/lib/egl/libGLESv2_adreno.so
I/UpstartPropertyWatcher(  980): Property changed: init.svc.gsiff_daemon=restarting
I/UpstartPropertyWatcher(  980): Property changed: init.svc.quipc_main=restarting
I/UpstartPropertyWatcher(  980): Property changed: init.svc.ppd=restarting
I/ThermalEngine( 1024): Sensor:tsens_tz_sensor2:76000 mC
I/ThermalEngine( 1024): Sensor:tsens_tz_sensor5:74000 mC
I/ThermalEngine( 1024): Sensor:tsens_tz_sensor2:75000 mC
I/ThermalEngine( 1024): Sensor:tsens_tz_sensor5:76000 mC
I/ThermalEngine( 1024): Sensor:batt_temp:41300 mC
I/ThermalEngine( 1024): Sensor:tsens_tz_sensor2:75000 mC
I/ThermalEngine( 1024): Sensor:tsens_tz_sensor5:76000 mC
I/ThermalEngine( 1024): Sensor:tsens_tz_sensor2:76000 mC
I/ThermalEngine( 1024): Sensor:tsens_tz_sensor5:77000 mC
I/ThermalEngine( 1024): Sensor:tsens_tz_sensor2:76000 mC
I/ThermalEngine( 1024): Sensor:tsens_tz_sensor5:77000 mC
I/ThermalEngine( 1024): Sensor:tsens_tz_sensor2:76000 mC
I/ThermalEngine( 1024): Sensor:tsens_tz_sensor5:75000 mC
I/ThermalEngine( 1024): Sensor:batt_temp:41300 mC
I/ThermalEngine( 1024): Sensor:tsens_tz_sensor2:74000 mC
I/ThermalEngine( 1024): Sensor:tsens_tz_sensor5:74000 mC
I/ThermalEngine( 1024): Sensor:tsens_tz_sensor2:74000 mC
I/ThermalEngine( 1024): Sensor:tsens_tz_sensor5:74000 mC
D/libEGL  ( 2464): loaded /vendor/lib/egl/libEGL_adreno.so
D/libEGL  ( 2464): loaded /vendor/lib/egl/libGLESv1_CM_adreno.so
D/libEGL  ( 2464): loaded /vendor/lib/egl/libGLESv2_adreno.so
I/ThermalEngine( 1024): Sensor:tsens_tz_sensor2:73000 mC
I/ThermalEngine( 1024): Sensor:tsens_tz_sensor5:73000 mC
E/QCALOG  ( 1055): [MessageQ] ProcessNewMessage: [XT-CS] unknown deliver target [OS-Agent]
E/QCALOG  ( 1055): [MessageQ] ProcessNewMessage: [XTWWAN-PE] unknown deliver target [OS-Agent]
E/QCALOG  ( 1055): [MessageQ] ProcessNewMessage: [XTWiFi-PE] unknown deliver target [OS-Agent]
I/ThermalEngine( 1024): Sensor:tsens_tz_sensor2:75000 mC
I/ThermalEngine( 1024): Sensor:tsens_tz_sensor5:76000 mC
I/ThermalEngine( 1024): Sensor:batt_temp:41300 mC
I/ThermalEngine( 1024): Sensor:tsens_tz_sensor2:75000 mC
I/ThermalEngine( 1024): Sensor:tsens_tz_sensor5:77000 mC
I/ThermalEngine( 1024): Sensor:tsens_tz_sensor2:76000 mC
I/ThermalEngine( 1024): Sensor:tsens_tz_sensor5:77000 mC
I/ThermalEngine( 1024): Sensor:tsens_tz_sensor2:76000 mC
I/ThermalEngine( 1024): Sensor:tsens_tz_sensor5:77000 mC
I/ThermalEngine( 1024): Sensor:tsens_tz_sensor2:76000 mC
I/ThermalEngine( 1024): Sensor:tsens_tz_sensor5:77000 mC
I/ThermalEngine( 1024): Sensor:batt_temp:41300 mC
I/ThermalEngine( 1024): Sensor:tsens_tz_sensor2:74000 mC
I/ThermalEngine( 1024): Sensor:tsens_tz_sensor5:74000 mC
I/ThermalEngine( 1024): Sensor:tsens_tz_sensor2:73000 mC
I/ThermalEngine( 1024): Sensor:tsens_tz_sensor5:73000 mC
I/ThermalEngine( 1024): Sensor:tsens_tz_sensor2:74000 mC
I/ThermalEngine( 1024): Sensor:tsens_tz_sensor5:75000 mC
D/libEGL  ( 2470): loaded /vendor/lib/egl/libEGL_adreno.so
D/libEGL  ( 2470): loaded /vendor/lib/egl/libGLESv1_CM_adreno.so
D/libEGL  ( 2470): loaded /vendor/lib/egl/libGLESv2_adreno.so
I/ThermalEngine( 1024): Sensor:tsens_tz_sensor2:74000 mC
I/ThermalEngine( 1024): Sensor:tsens_tz_sensor5:75000 mC
I/ThermalEngine( 1024): Sensor:batt_temp:41300 mC
I/ThermalEngine( 1024): Sensor:tsens_tz_sensor2:79000 mC
I/ThermalEngine( 1024): Sensor:tsens_tz_sensor5:74000 mC
I/ThermalEngine( 1024): Sensor:tsens_tz_sensor2:80000 mC
I/ThermalEngine( 1024): Sensor:tsens_tz_sensor5:75000 mC
I/ThermalEngine( 1024): Sensor:tsens_tz_sensor2:80000 mC
I/ThermalEngine( 1024): Sensor:tsens_tz_sensor5:75000 mC
I/UpstartPropertyWatcher(  980): Property changed: init.svc.ppd=running
I/UpstartPropertyWatcher(  980): Property changed: init.svc.gsiff_daemon=running
I/UpstartPropertyWatcher(  980): Property changed: init.svc.quipc_igsn=running
I/UpstartPropertyWatcher(  980): Property changed: init.svc.quipc_main=running
I/UpstartPropertyWatcher(  980): Property changed: init.svc.xtwifi_inet=running
I/UpstartPropertyWatcher(  980): Property changed: init.svc.xtwifi_inet=restarting
I/UpstartPropertyWatcher(  980): Property changed: init.svc.quipc_igsn=restarting
I/UpstartPropertyWatcher(  980): Property changed: init.svc.ppd=restarting
I/UpstartPropertyWatcher(  980): Property changed: init.svc.quipc_main=restarting
I/UpstartPropertyWatcher(  980): Property changed: init.svc.gsiff_daemon=restarting
I/ThermalEngine( 1024): Sensor:tsens_tz_sensor2:76000 mC
I/ThermalEngine( 1024): Sensor:tsens_tz_sensor5:75000 mC
I/ThermalEngine( 1024): Sensor:batt_temp:41300 mC
I/ThermalEngine( 1024): Sensor:tsens_tz_sensor2:76000 mC
I/ThermalEngine( 1024): Sensor:tsens_tz_sensor5:75000 mC
I/ThermalEngine( 1024): Sensor:tsens_tz_sensor2:74000 mC
I/ThermalEngine( 1024): Sensor:tsens_tz_sensor5:74000 mC
I/ThermalEngine( 1024): Sensor:tsens_tz_sensor2:73000 mC
I/ThermalEngine( 1024): Sensor:tsens_tz_sensor5:73000 mC
D/libEGL  ( 2481): loaded /vendor/lib/egl/libEGL_adreno.so
D/libEGL  ( 2481): loaded /vendor/lib/egl/libGLESv1_CM_adreno.so
D/libEGL  ( 2481): loaded /vendor/lib/egl/libGLESv2_adreno.so
I/ThermalEngine( 1024): Sensor:tsens_tz_sensor2:79000 mC
I/ThermalEngine( 1024): Sensor:tsens_tz_sensor5:74000 mC
I/ThermalEngine( 1024): Sensor:batt_temp:41300 mC
I/ThermalEngine( 1024): Sensor:tsens_tz_sensor2:80000 mC
I/ThermalEngine( 1024): Sensor:tsens_tz_sensor5:75000 mC
I/ThermalEngine( 1024): Sensor:tsens_tz_sensor2:80000 mC
I/ThermalEngine( 1024): Sensor:tsens_tz_sensor5:75000 mC
I/ThermalEngine( 1024): Sensor:tsens_tz_sensor2:80000 mC
I/ThermalEngine( 1024): Sensor:tsens_tz_sensor5:75000 mC
E/QCALOG  ( 1055): [MessageQ] ProcessNewMessage: [XT-CS] unknown deliver target [OS-Agent]
E/QCALOG  ( 1055): [MessageQ] ProcessNewMessage: [XTWWAN-PE] unknown deliver target [OS-Agent]
E/QCALOG  ( 1055): [MessageQ] ProcessNewMessage: [XTWiFi-PE] unknown deliver target [OS-Agent]
I/ThermalEngine( 1024): Sensor:tsens_tz_sensor2:78000 mC
I/ThermalEngine( 1024): Sensor:tsens_tz_sensor5:76000 mC
I/ThermalEngine( 1024): Sensor:batt_temp:41300 mC
I/ThermalEngine( 1024): Sensor:tsens_tz_sensor2:74000 mC
I/ThermalEngine( 1024): Sensor:tsens_tz_sensor5:74000 mC
I/ThermalEngine( 1024): Sensor:tsens_tz_sensor2:73000 mC
I/ThermalEngine( 1024): Sensor:tsens_tz_sensor5:73000 mC
I/ThermalEngine( 1024): Sensor:tsens_tz_sensor2:73000 mC
I/ThermalEngine( 1024): Sensor:tsens_tz_sensor5:73000 mC
D/libEGL  ( 2487): loaded /vendor/lib/egl/libEGL_adreno.so
D/libEGL  ( 2487): loaded /vendor/lib/egl/libGLESv1_CM_adreno.so
D/libEGL  ( 2487): loaded /vendor/lib/egl/libGLESv2_adreno.so
I/ThermalEngine( 1024): Sensor:tsens_tz_sensor2:74000 mC
I/ThermalEngine( 1024): Sensor:tsens_tz_sensor5:75000 mC
I/ThermalEngine( 1024): Sensor:batt_temp:41400 mC
I/ThermalEngine( 1024): Sensor:tsens_tz_sensor2:79000 mC
I/ThermalEngine( 1024): Sensor:tsens_tz_sensor5:74000 mC
I/ThermalEngine( 1024): Sensor:tsens_tz_sensor2:80000 mC
I/ThermalEngine( 1024): Sensor:tsens_tz_sensor5:75000 mC
I/ThermalEngine( 1024): Sensor:tsens_tz_sensor2:80000 mC
I/ThermalEngine( 1024): Sensor:tsens_tz_sensor5:75000 mC
I/ThermalEngine( 1024): Sensor:tsens_tz_sensor2:80000 mC
I/ThermalEngine( 1024): Sensor:tsens_tz_sensor5:75000 mC
I/ThermalEngine( 1024): Sensor:batt_temp:41300 mC
I/ThermalEngine( 1024): Sensor:tsens_tz_sensor2:75000 mC
I/ThermalEngine( 1024): Sensor:tsens_tz_sensor5:74000 mC
I/ThermalEngine( 1024): Sensor:tsens_tz_sensor2:74000 mC
I/ThermalEngine( 1024): Sensor:tsens_tz_sensor5:73000 mC
I/ThermalEngine( 1024): Sensor:tsens_tz_sensor2:73000 mC
I/ThermalEngine( 1024): Sensor:tsens_tz_sensor5:73000 mC
I/UpstartPropertyWatcher(  980): Property changed: init.svc.ppd=running
I/UpstartPropertyWatcher(  980): Property changed: init.svc.gsiff_daemon=running
I/UpstartPropertyWatcher(  980): Property changed: init.svc.quipc_igsn=running
I/UpstartPropertyWatcher(  980): Property changed: init.svc.quipc_main=running
I/UpstartPropertyWatcher(  980): Property changed: init.svc.xtwifi_inet=running
D/libEGL  ( 2493): loaded /vendor/lib/egl/libEGL_adreno.so
D/libEGL  ( 2493): loaded /vendor/lib/egl/libGLESv1_CM_adreno.so
I/UpstartPropertyWatcher(  980): Property changed: init.svc.xtwifi_inet=restarting
D/libEGL  ( 2493): loaded /vendor/lib/egl/libGLESv2_adreno.so
I/UpstartPropertyWatcher(  980): Property changed: init.svc.quipc_igsn=restarting
I/UpstartPropertyWatcher(  980): Property changed: init.svc.ppd=restarting
I/UpstartPropertyWatcher(  980): Property changed: init.svc.gsiff_daemon=restarting
I/UpstartPropertyWatcher(  980): Property changed: init.svc.quipc_main=restarting
I/ThermalEngine( 1024): Sensor:tsens_tz_sensor2:73000 mC
I/ThermalEngine( 1024): Sensor:tsens_tz_sensor5:73000 mC
I/ThermalEngine( 1024): Sensor:batt_temp:41400 mC
I/ThermalEngine( 1024): Sensor:tsens_tz_sensor2:75000 mC
I/ThermalEngine( 1024): Sensor:tsens_tz_sensor5:76000 mC
I/ThermalEngine( 1024): Sensor:tsens_tz_sensor2:75000 mC
I/ThermalEngine( 1024): Sensor:tsens_tz_sensor5:76000 mC
I/ThermalEngine( 1024): Sensor:tsens_tz_sensor2:75000 mC
I/ThermalEngine( 1024): Sensor:tsens_tz_sensor5:76000 mC
I/ThermalEngine( 1024): Sensor:tsens_tz_sensor2:77000 mC
I/ThermalEngine( 1024): Sensor:tsens_tz_sensor5:76000 mC
I/ThermalEngine( 1024): Sensor:batt_temp:41300 mC
I/ThermalEngine( 1024): Sensor:tsens_tz_sensor2:77000 mC
I/ThermalEngine( 1024): Sensor:tsens_tz_sensor5:76000 mC
I/ThermalEngine( 1024): Sensor:tsens_tz_sensor2:74000 mC
I/ThermalEngine( 1024): Sensor:tsens_tz_sensor5:74000 mC
I/ThermalEngine( 1024): Sensor:tsens_tz_sensor2:73000 mC
I/ThermalEngine( 1024): Sensor:tsens_tz_sensor5:73000 mC
D/libEGL  ( 2504): loaded /vendor/lib/egl/libEGL_adreno.so
D/libEGL  ( 2504): loaded /vendor/lib/egl/libGLESv1_CM_adreno.so
D/libEGL  ( 2504): loaded /vendor/lib/egl/libGLESv2_adreno.so
E/QCALOG  ( 1055): [MessageQ] ProcessNewMessage: [XT-CS] unknown deliver target [OS-Agent]
E/QCALOG  ( 1055): [MessageQ] ProcessNewMessage: [XTWWAN-PE] unknown deliver target [OS-Agent]
E/QCALOG  ( 1055): [MessageQ] ProcessNewMessage: [XTWiFi-PE] unknown deliver target [OS-Agent]
I/ThermalEngine( 1024): Sensor:tsens_tz_sensor2:75000 mC
I/ThermalEngine( 1024): Sensor:tsens_tz_sensor5:76000 mC
I/ThermalEngine( 1024): Sensor:batt_temp:41400 mC
I/ThermalEngine( 1024): Sensor:tsens_tz_sensor2:75000 mC
I/ThermalEngine( 1024): Sensor:tsens_tz_sensor5:77000 mC
I/ThermalEngine( 1024): Sensor:tsens_tz_sensor2:75000 mC
I/ThermalEngine( 1024): Sensor:tsens_tz_sensor5:77000 mC
I/ThermalEngine( 1024): Sensor:tsens_tz_sensor2:76000 mC
I/ThermalEngine( 1024): Sensor:tsens_tz_sensor5:77000 mC
I/rmt_storage( 1007): rmt_storage_connect_cb: clnt_h=0x5 conn_h=0xb8c2c178
I/rmt_storage( 1007): rmt_storage_rw_iovec_cb: /boot/modem_fs1: clnt_h=0x1: req_h=0x9 msg_id=3: R/W request received
I/rmt_storage( 1007): wakelock acquired: 1, error no: 42
I/rmt_storage( 1007): rmt_storage_client_thread: /boot/modem_fs1: clnt_h=0x1 Unblock worker thread (th_id: -1195196696)
I/ThermalEngine( 1024): Sensor:tsens_tz_sensor2:76000 mC
I/ThermalEngine( 1024): Sensor:tsens_tz_sensor5:77000 mC
I/rmt_storage( 1007): rmt_storage_client_thread: /boot/modem_fs1: clnt_h=0x1: req_h=0x9 msg_id=3: Bytes written = 1572864
I/rmt_storage( 1007): rmt_storage_client_thread: /boot/modem_fs1: clnt_h=0x1: req_h=0x9 msg_id=3: Send response: res=0 err=0
I/rmt_storage( 1007): rmt_storage_client_thread: /boot/modem_fs1: clnt_h=0x1 About to block rmt_storage client thread (th_id: -1195196696) wakelock released: 1, error no: 0
I/rmt_storage( 1007): 
I/rmt_storage( 1007): rmt_storage_disconnect_cb: clnt_h=0x0x5 conn_h=0x0xb8c2c178
I/ThermalEngine( 1024): Sensor:batt_temp:41300 mC
I/ThermalEngine( 1024): Sensor:tsens_tz_sensor2:75000 mC
I/ThermalEngine( 1024): Sensor:tsens_tz_sensor5:75000 mC
I/ThermalEngine( 1024): Sensor:tsens_tz_sensor2:74000 mC
I/ThermalEngine( 1024): Sensor:tsens_tz_sensor5:74000 mC
I/ThermalEngine( 1024): Sensor:tsens_tz_sensor2:74000 mC
I/ThermalEngine( 1024): Sensor:tsens_tz_sensor5:74000 mC
D/libEGL  ( 2510): loaded /vendor/lib/egl/libEGL_adreno.so
D/libEGL  ( 2510): loaded /vendor/lib/egl/libGLESv1_CM_adreno.so
D/libEGL  ( 2510): loaded /vendor/lib/egl/libGLESv2_adreno.so
I/ThermalEngine( 1024): Sensor:tsens_tz_sensor2:73000 mC
I/ThermalEngine( 1024): Sensor:tsens_tz_sensor5:73000 mC
I/ThermalEngine( 1024): Sensor:batt_temp:41400 mC
I/ThermalEngine( 1024): Sensor:tsens_tz_sensor2:79000 mC
I/ThermalEngine( 1024): Sensor:tsens_tz_sensor5:74000 mC
I/ThermalEngine( 1024): Sensor:tsens_tz_sensor2:80000 mC
I/ThermalEngine( 1024): Sensor:tsens_tz_sensor5:75000 mC
I/ThermalEngine( 1024): Sensor:tsens_tz_sensor2:80000 mC
I/ThermalEngine( 1024): Sensor:tsens_tz_sensor5:75000 mC
I/UpstartPropertyWatcher(  980): Property changed: init.svc.ppd=running
I/UpstartPropertyWatcher(  980): Property changed: init.svc.gsiff_daemon=running
I/UpstartPropertyWatcher(  980): Property changed: init.svc.quipc_igsn=running
I/UpstartPropertyWatcher(  980): Property changed: init.svc.quipc_main=running
I/UpstartPropertyWatcher(  980): Property changed: init.svc.xtwifi_inet=running
I/UpstartPropertyWatcher(  980): Property changed: init.svc.xtwifi_inet=restarting
I/UpstartPropertyWatcher(  980): Property changed: init.svc.quipc_igsn=restarting
I/UpstartPropertyWatcher(  980): Property changed: init.svc.ppd=restarting
I/UpstartPropertyWatcher(  980): Property changed: init.svc.gsiff_daemon=restarting
I/UpstartPropertyWatcher(  980): Property changed: init.svc.quipc_main=restarting
I/ThermalEngine( 1024): Sensor:tsens_tz_sensor2:80000 mC
I/ThermalEngine( 1024): Sensor:tsens_tz_sensor5:75000 mC
I/ThermalEngine( 1024): Sensor:batt_temp:41400 mC
I/ThermalEngine( 1024): Sensor:tsens_tz_sensor2:78000 mC
I/ThermalEngine( 1024): Sensor:tsens_tz_sensor5:77000 mC
I/ThermalEngine( 1024): Sensor:tsens_tz_sensor2:74000 mC
I/ThermalEngine( 1024): Sensor:tsens_tz_sensor5:74000 mC
I/ThermalEngine( 1024): Sensor:tsens_tz_sensor2:73000 mC
I/ThermalEngine( 1024): Sensor:tsens_tz_sensor5:73000 mC
D/libEGL  ( 2527): loaded /vendor/lib/egl/libEGL_adreno.so
D/libEGL  ( 2527): loaded /vendor/lib/egl/libGLESv1_CM_adreno.so
D/libEGL  ( 2527): loaded /vendor/lib/egl/libGLESv2_adreno.so
I/ThermalEngine( 1024): Sensor:tsens_tz_sensor2:78000 mC
I/ThermalEngine( 1024): Sensor:tsens_tz_sensor5:74000 mC
I/ThermalEngine( 1024): Sensor:batt_temp:41500 mC
I/ThermalEngine( 1024): Sensor:tsens_tz_sensor2:78000 mC
I/ThermalEngine( 1024): Sensor:tsens_tz_sensor5:74000 mC
I/ThermalEngine( 1024): Sensor:tsens_tz_sensor2:80000 mC
I/ThermalEngine( 1024): Sensor:tsens_tz_sensor5:75000 mC
I/ThermalEngine( 1024): Sensor:tsens_tz_sensor2:80000 mC
I/ThermalEngine( 1024): Sensor:tsens_tz_sensor5:75000 mC
E/QCALOG  ( 1055): [MessageQ] ProcessNewMessage: [XT-CS] unknown deliver target [OS-Agent]
E/QCALOG  ( 1055): [MessageQ] ProcessNewMessage: [XTWWAN-PE] unknown deliver target [OS-Agent]
E/QCALOG  ( 1055): [MessageQ] ProcessNewMessage: [XTWiFi-PE] unknown deliver target [OS-Agent]
I/ThermalEngine( 1024): Sensor:tsens_tz_sensor2:80000 mC
I/ThermalEngine( 1024): Sensor:tsens_tz_sensor5:75000 mC
I/ThermalEngine( 1024): Sensor:batt_temp:41400 mC
I/ThermalEngine( 1024): Sensor:tsens_tz_sensor2:75000 mC
I/ThermalEngine( 1024): Sensor:tsens_tz_sensor5:74000 mC
I/ThermalEngine( 1024): Sensor:tsens_tz_sensor2:75000 mC
I/ThermalEngine( 1024): Sensor:tsens_tz_sensor5:74000 mC
I/ThermalEngine( 1024): Sensor:tsens_tz_sensor2:74000 mC
I/ThermalEngine( 1024): Sensor:tsens_tz_sensor5:73000 mC
D/libEGL  ( 2533): loaded /vendor/lib/egl/libEGL_adreno.so
D/libEGL  ( 2533): loaded /vendor/lib/egl/libGLESv1_CM_adreno.so
D/libEGL  ( 2533): loaded /vendor/lib/egl/libGLESv2_adreno.so
I/ThermalEngine( 1024): Sensor:tsens_tz_sensor2:74000 mC
I/ThermalEngine( 1024): Sensor:tsens_tz_sensor5:74000 mC
I/ThermalEngine( 1024): Sensor:batt_temp:41500 mC
I/ThermalEngine( 1024): Sensor:tsens_tz_sensor2:76000 mC
I/ThermalEngine( 1024): Sensor:tsens_tz_sensor5:74000 mC
I/ThermalEngine( 1024): Sensor:tsens_tz_sensor2:76000 mC
I/ThermalEngine( 1024): Sensor:tsens_tz_sensor5:75000 mC
I/ThermalEngine( 1024): Sensor:tsens_tz_sensor2:76000 mC
I/ThermalEngine( 1024): Sensor:tsens_tz_sensor5:75000 mC
I/ThermalEngine( 1024): Sensor:tsens_tz_sensor2:77000 mC
I/ThermalEngine( 1024): Sensor:tsens_tz_sensor5:75000 mC
I/ThermalEngine( 1024): Sensor:batt_temp:41400 mC
I/ThermalEngine( 1024): Sensor:tsens_tz_sensor2:76000 mC
I/ThermalEngine( 1024): Sensor:tsens_tz_sensor5:75000 mC
I/ThermalEngine( 1024): Sensor:tsens_tz_sensor2:74000 mC
I/ThermalEngine( 1024): Sensor:tsens_tz_sensor5:74000 mC
I/ThermalEngine( 1024): Sensor:tsens_tz_sensor2:73000 mC
I/ThermalEngine( 1024): Sensor:tsens_tz_sensor5:73000 mC
I/UpstartPropertyWatcher(  980): Property changed: init.svc.ppd=running
I/UpstartPropertyWatcher(  980): Property changed: init.svc.gsiff_daemon=running
I/UpstartPropertyWatcher(  980): Property changed: init.svc.quipc_igsn=running
I/UpstartPropertyWatcher(  980): Property changed: init.svc.quipc_main=running
I/UpstartPropertyWatcher(  980): Property changed: init.svc.xtwifi_inet=running
