I/ThermalEngine( 1032): Sensor:tsens_tz_sensor5:80000 mC
I/ThermalEngine( 1032): Sensor:batt_temp:40600 mC
I/ThermalEngine( 1032): Sensor:tsens_tz_sensor2:79000 mC
I/ThermalEngine( 1032): Sensor:tsens_tz_sensor5:80000 mC
I/ThermalEngine( 1032): Sensor:tsens_tz_sensor2:80000 mC
I/ThermalEngine( 1032): Sensor:tsens_tz_sensor5:78000 mC
I/ThermalEngine( 1032): Sensor:tsens_tz_sensor2:80000 mC
I/ThermalEngine( 1032): Sensor:tsens_tz_sensor5:79000 mC
I/ThermalEngine( 1032): Sensor:tsens_tz_sensor2:79000 mC
I/ThermalEngine( 1032): Sensor:tsens_tz_sensor5:80000 mC
I/ThermalEngine( 1032): Sensor:batt_temp:40700 mC
I/ThermalEngine( 1032): Sensor:tsens_tz_sensor2:80000 mC
I/ThermalEngine( 1032): Sensor:tsens_tz_sensor5:78000 mC
I/ThermalEngine( 1032): Sensor:tsens_tz_sensor2:80000 mC
I/ThermalEngine( 1032): Sensor:tsens_tz_sensor5:78000 mC
I/ThermalEngine( 1032): Sensor:tsens_tz_sensor2:79000 mC
I/ThermalEngine( 1032): Sensor:tsens_tz_sensor5:79000 mC
I/ThermalEngine( 1032): Sensor:tsens_tz_sensor2:79000 mC
I/ThermalEngine( 1032): Sensor:tsens_tz_sensor5:79000 mC
I/ThermalEngine( 1032): Sensor:batt_temp:40700 mC
I/ThermalEngine( 1032): Sensor:tsens_tz_sensor2:79000 mC
I/ThermalEngine( 1032): Sensor:tsens_tz_sensor5:77000 mC
I/ThermalEngine( 1032): Sensor:tsens_tz_sensor2:78000 mC
I/ThermalEngine( 1032): Sensor:tsens_tz_sensor5:79000 mC
I/ThermalEngine( 1032): Sensor:tsens_tz_sensor2:78000 mC
I/ThermalEngine( 1032): Sensor:tsens_tz_sensor5:79000 mC
I/UpstartPropertyWatcher(  985): Property changed: init.svc.ppd=running
I/UpstartPropertyWatcher(  985): Property changed: init.svc.quipc_igsn=running
I/UpstartPropertyWatcher(  985): Property changed: init.svc.xtwifi_inet=running
I/UpstartPropertyWatcher(  985): Property changed: init.svc.xtwifi_inet=restarting
I/UpstartPropertyWatcher(  985): Property changed: init.svc.quipc_igsn=restarting
I/UpstartPropertyWatcher(  985): Property changed: init.svc.ppd=restarting
I/ThermalEngine( 1032): Sensor:tsens_tz_sensor2:79000 mC
I/ThermalEngine( 1032): Sensor:tsens_tz_sensor5:77000 mC
I/ThermalEngine( 1032): Sensor:batt_temp:40700 mC
I/ThermalEngine( 1032): Sensor:tsens_tz_sensor2:79000 mC
I/ThermalEngine( 1032): Sensor:tsens_tz_sensor5:77000 mC
E/QCALOG  ( 1113): [MessageQ] ProcessNewMessage: [XTWWAN-PE] unknown deliver target [OS-Agent]
E/QCALOG  ( 1113): [MessageQ] ProcessNewMessage: [XT-CS] unknown deliver target [OS-Agent]
E/QCALOG  ( 1113): [MessageQ] ProcessNewMessage: [XTWiFi-PE] unknown deliver target [OS-Agent]
I/ThermalEngine( 1032): Sensor:tsens_tz_sensor2:78000 mC
I/ThermalEngine( 1032): Sensor:tsens_tz_sensor5:79000 mC
I/ThermalEngine( 1032): Sensor:tsens_tz_sensor2:79000 mC
I/ThermalEngine( 1032): Sensor:tsens_tz_sensor5:77000 mC
I/UpstartPropertyWatcher(  985): Property changed: init.svc.gsiff_daemon=running
I/UpstartPropertyWatcher(  985): Property changed: init.svc.quipc_main=running
I/UpstartPropertyWatcher(  985): Property changed: init.svc.gsiff_daemon=restarting
I/UpstartPropertyWatcher(  985): Property changed: init.svc.quipc_main=restarting
I/ThermalEngine( 1032): Sensor:tsens_tz_sensor2:79000 mC
I/ThermalEngine( 1032): Sensor:tsens_tz_sensor5:77000 mC
I/ThermalEngine( 1032): Sensor:batt_temp:40700 mC
I/ThermalEngine( 1032): Sensor:tsens_tz_sensor2:78000 mC
I/ThermalEngine( 1032): Sensor:tsens_tz_sensor5:78000 mC
I/ThermalEngine( 1032): Sensor:tsens_tz_sensor2:78000 mC
I/ThermalEngine( 1032): Sensor:tsens_tz_sensor5:78000 mC
I/ThermalEngine( 1032): Sensor:tsens_tz_sensor2:79000 mC
I/ThermalEngine( 1032): Sensor:tsens_tz_sensor5:77000 mC
I/ThermalEngine( 1032): Sensor:tsens_tz_sensor2:78000 mC
I/ThermalEngine( 1032): Sensor:tsens_tz_sensor5:78000 mC
I/ThermalEngine( 1032): Sensor:batt_temp:40700 mC
I/ThermalEngine( 1032): Sensor:tsens_tz_sensor2:78000 mC
I/ThermalEngine( 1032): Sensor:tsens_tz_sensor5:78000 mC
I/ThermalEngine( 1032): Sensor:tsens_tz_sensor2:79000 mC
I/ThermalEngine( 1032): Sensor:tsens_tz_sensor5:77000 mC
I/ThermalEngine( 1032): Sensor:tsens_tz_sensor2:79000 mC
I/ThermalEngine( 1032): Sensor:tsens_tz_sensor5:77000 mC
I/ThermalEngine( 1032): Sensor:tsens_tz_sensor2:77000 mC
I/ThermalEngine( 1032): Sensor:tsens_tz_sensor5:78000 mC
I/ThermalEngine( 1032): Sensor:batt_temp:40700 mC
I/ThermalEngine( 1032): Sensor:tsens_tz_sensor2:78000 mC
I/ThermalEngine( 1032): Sensor:tsens_tz_sensor5:77000 mC
I/ThermalEngine( 1032): Sensor:tsens_tz_sensor2:78000 mC
I/ThermalEngine( 1032): Sensor:tsens_tz_sensor5:77000 mC
I/ThermalEngine( 1032): Sensor:tsens_tz_sensor2:78000 mC
I/ThermalEngine( 1032): Sensor:tsens_tz_sensor5:78000 mC
I/ThermalEngine( 1032): Sensor:tsens_tz_sensor2:77000 mC
I/ThermalEngine( 1032): Sensor:tsens_tz_sensor5:78000 mC
I/ThermalEngine( 1032): Sensor:batt_temp:40700 mC
I/ThermalEngine( 1032): Sensor:tsens_tz_sensor2:78000 mC
I/ThermalEngine( 1032): Sensor:tsens_tz_sensor5:77000 mC
I/ThermalEngine( 1032): Sensor:tsens_tz_sensor2:77000 mC
I/ThermalEngine( 1032): Sensor:tsens_tz_sensor5:78000 mC
I/ThermalEngine( 1032): Sensor:tsens_tz_sensor2:77000 mC
I/ThermalEngine( 1032): Sensor:tsens_tz_sensor5:78000 mC
I/UpstartPropertyWatcher(  985): Property changed: init.svc.ppd=running
I/UpstartPropertyWatcher(  985): Property changed: init.svc.quipc_igsn=running
I/UpstartPropertyWatcher(  985): Property changed: init.svc.xtwifi_inet=running
I/UpstartPropertyWatcher(  985): Property changed: init.svc.xtwifi_inet=restarting
I/UpstartPropertyWatcher(  985): Property changed: init.svc.quipc_igsn=restarting
I/UpstartPropertyWatcher(  985): Property changed: init.svc.ppd=restarting
I/ThermalEngine( 1032): Sensor:tsens_tz_sensor2:78000 mC
I/ThermalEngine( 1032): Sensor:tsens_tz_sensor5:77000 mC
I/ThermalEngine( 1032): Sensor:batt_temp:40700 mC
I/ThermalEngine( 1032): Sensor:tsens_tz_sensor2:78000 mC
I/ThermalEngine( 1032): Sensor:tsens_tz_sensor5:76000 mC
E/QCALOG  ( 1113): [MessageQ] ProcessNewMessage: [XTWWAN-PE] unknown deliver target [OS-Agent]
E/QCALOG  ( 1113): [MessageQ] ProcessNewMessage: [XT-CS] unknown deliver target [OS-Agent]
E/QCALOG  ( 1113): [MessageQ] ProcessNewMessage: [XTWiFi-PE] unknown deliver target [OS-Agent]
I/ThermalEngine( 1032): Sensor:tsens_tz_sensor2:77000 mC
I/ThermalEngine( 1032): Sensor:tsens_tz_sensor5:78000 mC
I/ThermalEngine( 1032): Sensor:tsens_tz_sensor2:78000 mC
I/ThermalEngine( 1032): Sensor:tsens_tz_sensor5:77000 mC
I/UpstartPropertyWatcher(  985): Property changed: init.svc.gsiff_daemon=running
I/UpstartPropertyWatcher(  985): Property changed: init.svc.quipc_main=running
I/UpstartPropertyWatcher(  985): Property changed: init.svc.quipc_main=restarting
I/UpstartPropertyWatcher(  985): Property changed: init.svc.gsiff_daemon=restarting
I/ThermalEngine( 1032): Sensor:tsens_tz_sensor2:78000 mC
I/ThermalEngine( 1032): Sensor:tsens_tz_sensor5:77000 mC
I/ThermalEngine( 1032): Sensor:batt_temp:40800 mC
I/ThermalEngine( 1032): Sensor:tsens_tz_sensor2:78000 mC
I/ThermalEngine( 1032): Sensor:tsens_tz_sensor5:78000 mC
I/ThermalEngine( 1032): Sensor:tsens_tz_sensor2:77000 mC
I/ThermalEngine( 1032): Sensor:tsens_tz_sensor5:78000 mC
I/ThermalEngine( 1032): Sensor:tsens_tz_sensor2:78000 mC
I/ThermalEngine( 1032): Sensor:tsens_tz_sensor5:77000 mC
I/ThermalEngine( 1032): Sensor:tsens_tz_sensor2:77000 mC
I/ThermalEngine( 1032): Sensor:tsens_tz_sensor5:78000 mC
I/ThermalEngine( 1032): Sensor:batt_temp:40800 mC
I/ThermalEngine( 1032): Sensor:tsens_tz_sensor2:77000 mC
I/ThermalEngine( 1032): Sensor:tsens_tz_sensor5:78000 mC
I/ThermalEngine( 1032): Sensor:tsens_tz_sensor2:78000 mC
I/ThermalEngine( 1032): Sensor:tsens_tz_sensor5:78000 mC
I/ThermalEngine( 1032): Sensor:tsens_tz_sensor2:73000 mC
I/ThermalEngine( 1032): Sensor:tsens_tz_sensor5:72000 mC
I/ThermalEngine( 1032): Sensor:tsens_tz_sensor2:78000 mC
I/ThermalEngine( 1032): Sensor:tsens_tz_sensor5:77000 mC
I/ThermalEngine( 1032): Sensor:batt_temp:40800 mC
D/libEGL  ( 2331): loaded /vendor/lib/egl/libEGL_adreno.so
D/libEGL  ( 2331): loaded /vendor/lib/egl/libGLESv1_CM_adreno.so
D/libEGL  ( 2331): loaded /vendor/lib/egl/libGLESv2_adreno.so
I/ThermalEngine( 1032): Sensor:tsens_tz_sensor2:83000 mC
I/ThermalEngine( 1032): Sensor:tsens_tz_sensor5:78000 mC
I/ThermalEngine( 1032): Sensor:tsens_tz_sensor2:83000 mC
I/ThermalEngine( 1032): Sensor:tsens_tz_sensor5:78000 mC
I/ThermalEngine( 1032): Sensor:tsens_tz_sensor2:82000 mC
I/ThermalEngine( 1032): Sensor:tsens_tz_sensor5:81000 mC
I/ThermalEngine( 1032): Sensor:tsens_tz_sensor2:82000 mC
I/ThermalEngine( 1032): Sensor:tsens_tz_sensor5:82000 mC
I/ThermalEngine( 1032): Sensor:batt_temp:40800 mC
I/ThermalEngine( 1032): Sensor:tsens_tz_sensor2:79000 mC
I/ThermalEngine( 1032): Sensor:tsens_tz_sensor5:81000 mC
I/ThermalEngine( 1032): Sensor:tsens_tz_sensor2:79000 mC
I/ThermalEngine( 1032): Sensor:tsens_tz_sensor5:80000 mC
I/ThermalEngine( 1032): Sensor:tsens_tz_sensor2:79000 mC
I/ThermalEngine( 1032): Sensor:tsens_tz_sensor5:80000 mC
I/ThermalEngine( 1032): Sensor:tsens_tz_sensor2:80000 mC
I/ThermalEngine( 1032): Sensor:tsens_tz_sensor5:81000 mC
I/ThermalEngine( 1032): Sensor:batt_temp:40800 mC
I/UpstartPropertyWatcher(  985): Property changed: init.svc.ppd=running
I/UpstartPropertyWatcher(  985): Property changed: init.svc.quipc_igsn=running
I/UpstartPropertyWatcher(  985): Property changed: init.svc.xtwifi_inet=running
I/UpstartPropertyWatcher(  985): Property changed: init.svc.quipc_igsn=restarting
I/ThermalEngine( 1032): Sensor:tsens_tz_sensor2:80000 mC
I/ThermalEngine( 1032): Sensor:tsens_tz_sensor5:82000 mC
I/UpstartPropertyWatcher(  985): Property changed: init.svc.xtwifi_inet=restarting
I/UpstartPropertyWatcher(  985): Property changed: init.svc.ppd=restarting
E/QCALOG  ( 1113): [MessageQ] ProcessNewMessage: [XTWWAN-PE] unknown deliver target [OS-Agent]
E/QCALOG  ( 1113): [MessageQ] ProcessNewMessage: [XT-CS] unknown deliver target [OS-Agent]
E/QCALOG  ( 1113): [MessageQ] ProcessNewMessage: [XTWiFi-PE] unknown deliver target [OS-Agent]
I/ThermalEngine( 1032): Sensor:tsens_tz_sensor2:81000 mC
I/ThermalEngine( 1032): Sensor:tsens_tz_sensor5:83000 mC
I/ThermalEngine( 1032): Sensor:tsens_tz_sensor2:84000 mC
I/ThermalEngine( 1032): Sensor:tsens_tz_sensor5:84000 mC
I/ThermalEngine( 1032): Sensor:tsens_tz_sensor2:84000 mC
I/ThermalEngine( 1032): Sensor:tsens_tz_sensor5:84000 mC
I/ThermalEngine( 1032): Sensor:batt_temp:41000 mC
I/UpstartPropertyWatcher(  985): Property changed: init.svc.gsiff_daemon=running
I/UpstartPropertyWatcher(  985): Property changed: init.svc.quipc_main=running
D/libEGL  ( 2376): loaded /vendor/lib/egl/libEGL_adreno.so
D/libEGL  ( 2376): loaded /vendor/lib/egl/libGLESv1_CM_adreno.so
I/UpstartPropertyWatcher(  985): Property changed: init.svc.gsiff_daemon=restarting
D/libEGL  ( 2376): loaded /vendor/lib/egl/libGLESv2_adreno.so
I/UpstartPropertyWatcher(  985): Property changed: init.svc.quipc_main=restarting
I/ThermalEngine( 1032): Sensor:tsens_tz_sensor2:84000 mC
I/ThermalEngine( 1032): Sensor:tsens_tz_sensor5:84000 mC
I/ThermalEngine( 1032): Sensor:tsens_tz_sensor2:86000 mC
I/ThermalEngine( 1032): Sensor:tsens_tz_sensor5:84000 mC
I/ThermalEngine( 1032): Sensor:tsens_tz_sensor2:81000 mC
I/ThermalEngine( 1032): Sensor:tsens_tz_sensor5:82000 mC
I/ThermalEngine( 1032): Sensor:tsens_tz_sensor2:80000 mC
I/ThermalEngine( 1032): Sensor:tsens_tz_sensor5:81000 mC
I/ThermalEngine( 1032): Sensor:batt_temp:40800 mC
I/ThermalEngine( 1032): Sensor:tsens_tz_sensor2:80000 mC
I/ThermalEngine( 1032): Sensor:tsens_tz_sensor5:81000 mC
I/ThermalEngine( 1032): Sensor:tsens_tz_sensor2:81000 mC
I/ThermalEngine( 1032): Sensor:tsens_tz_sensor5:80000 mC
I/ThermalEngine( 1032): Sensor:tsens_tz_sensor2:72000 mC
I/ThermalEngine( 1032): Sensor:tsens_tz_sensor5:72000 mC
I/ThermalEngine( 1032): Sensor:tsens_tz_sensor2:69000 mC
I/ThermalEngine( 1032): Sensor:tsens_tz_sensor5:69000 mC
I/ThermalEngine( 1032): Sensor:batt_temp:40700 mC
D/libEGL  ( 2387): loaded /vendor/lib/egl/libEGL_adreno.so
D/libEGL  ( 2387): loaded /vendor/lib/egl/libGLESv1_CM_adreno.so
D/libEGL  ( 2387): loaded /vendor/lib/egl/libGLESv2_adreno.so
I/ThermalEngine( 1032): Sensor:tsens_tz_sensor2:75000 mC
I/ThermalEngine( 1032): Sensor:tsens_tz_sensor5:73000 mC
I/ThermalEngine( 1032): Sensor:tsens_tz_sensor2:75000 mC
I/ThermalEngine( 1032): Sensor:tsens_tz_sensor5:73000 mC
I/ThermalEngine( 1032): Sensor:tsens_tz_sensor2:80000 mC
I/ThermalEngine( 1032): Sensor:tsens_tz_sensor5:75000 mC
I/ThermalEngine( 1032): Sensor:tsens_tz_sensor2:81000 mC
I/ThermalEngine( 1032): Sensor:tsens_tz_sensor5:75000 mC
I/ThermalEngine( 1032): Sensor:batt_temp:40900 mC
I/ThermalEngine( 1032): Sensor:tsens_tz_sensor2:78000 mC
I/ThermalEngine( 1032): Sensor:tsens_tz_sensor5:76000 mC
I/ThermalEngine( 1032): Sensor:tsens_tz_sensor2:74000 mC
I/ThermalEngine( 1032): Sensor:tsens_tz_sensor5:73000 mC
E/QCALOG  ( 1113): [MessageQ] ProcessNewMessage: [LOWI-SERVER] unknown deliver target [OS-Agent]
I/ThermalEngine( 1032): Sensor:tsens_tz_sensor2:74000 mC
I/ThermalEngine( 1032): Sensor:tsens_tz_sensor5:73000 mC
I/ThermalEngine( 1032): Sensor:tsens_tz_sensor2:68000 mC
I/ThermalEngine( 1032): Sensor:tsens_tz_sensor5:69000 mC
I/ThermalEngine( 1032): Sensor:batt_temp:40700 mC
I/UpstartPropertyWatcher(  985): Property changed: init.svc.ppd=running
I/UpstartPropertyWatcher(  985): Property changed: init.svc.quipc_igsn=running
I/UpstartPropertyWatcher(  985): Property changed: init.svc.xtwifi_inet=running
I/UpstartPropertyWatcher(  985): Property changed: init.svc.quipc_igsn=restarting
I/UpstartPropertyWatcher(  985): Property changed: init.svc.xtwifi_inet=restarting
I/ThermalEngine( 1032): Sensor:tsens_tz_sensor2:67000 mC
I/ThermalEngine( 1032): Sensor:tsens_tz_sensor5:67000 mC
D/libEGL  ( 2393): loaded /vendor/lib/egl/libEGL_adreno.so
I/UpstartPropertyWatcher(  985): Property changed: init.svc.ppd=restarting
D/libEGL  ( 2393): loaded /vendor/lib/egl/libGLESv1_CM_adreno.so
D/libEGL  ( 2393): loaded /vendor/lib/egl/libGLESv2_adreno.so
E/QCALOG  ( 1113): [MessageQ] ProcessNewMessage: [XTWWAN-PE] unknown deliver target [OS-Agent]
E/QCALOG  ( 1113): [MessageQ] ProcessNewMessage: [XT-CS] unknown deliver target [OS-Agent]
E/QCALOG  ( 1113): [MessageQ] ProcessNewMessage: [XTWiFi-PE] unknown deliver target [OS-Agent]
I/ThermalEngine( 1032): Sensor:tsens_tz_sensor2:73000 mC
I/ThermalEngine( 1032): Sensor:tsens_tz_sensor5:74000 mC
I/ThermalEngine( 1032): Sensor:tsens_tz_sensor2:74000 mC
I/ThermalEngine( 1032): Sensor:tsens_tz_sensor5:75000 mC
I/ThermalEngine( 1032): Sensor:tsens_tz_sensor2:74000 mC
I/ThermalEngine( 1032): Sensor:tsens_tz_sensor5:75000 mC
I/ThermalEngine( 1032): Sensor:batt_temp:40900 mC
I/ThermalEngine( 1032): Sensor:tsens_tz_sensor2:74000 mC
I/ThermalEngine( 1032): Sensor:tsens_tz_sensor5:76000 mC
I/UpstartPropertyWatcher(  985): Property changed: init.svc.gsiff_daemon=running
I/UpstartPropertyWatcher(  985): Property changed: init.svc.quipc_main=running
I/UpstartPropertyWatcher(  985): Property changed: init.svc.gsiff_daemon=restarting
I/UpstartPropertyWatcher(  985): Property changed: init.svc.quipc_main=restarting
I/ThermalEngine( 1032): Sensor:tsens_tz_sensor2:76000 mC
I/ThermalEngine( 1032): Sensor:tsens_tz_sensor5:76000 mC
I/ThermalEngine( 1032): Sensor:tsens_tz_sensor2:69000 mC
I/ThermalEngine( 1032): Sensor:tsens_tz_sensor5:69000 mC
I/ThermalEngine( 1032): Sensor:tsens_tz_sensor2:69000 mC
I/ThermalEngine( 1032): Sensor:tsens_tz_sensor5:69000 mC
I/ThermalEngine( 1032): Sensor:batt_temp:40700 mC
I/ThermalEngine( 1032): Sensor:tsens_tz_sensor2:67000 mC
I/ThermalEngine( 1032): Sensor:tsens_tz_sensor5:67000 mC
D/libEGL  ( 2404): loaded /vendor/lib/egl/libEGL_adreno.so
D/libEGL  ( 2404): loaded /vendor/lib/egl/libGLESv1_CM_adreno.so
D/libEGL  ( 2404): loaded /vendor/lib/egl/libGLESv2_adreno.so
I/ThermalEngine( 1032): Sensor:tsens_tz_sensor2:75000 mC
I/ThermalEngine( 1032): Sensor:tsens_tz_sensor5:71000 mC
I/ThermalEngine( 1032): Sensor:tsens_tz_sensor2:74000 mC
I/ThermalEngine( 1032): Sensor:tsens_tz_sensor5:75000 mC
I/ThermalEngine( 1032): Sensor:tsens_tz_sensor2:74000 mC
I/ThermalEngine( 1032): Sensor:tsens_tz_sensor5:75000 mC
I/ThermalEngine( 1032): Sensor:batt_temp:40800 mC
I/ThermalEngine( 1032): Sensor:tsens_tz_sensor2:74000 mC
I/ThermalEngine( 1032): Sensor:tsens_tz_sensor5:75000 mC
I/ThermalEngine( 1032): Sensor:tsens_tz_sensor2:75000 mC
I/ThermalEngine( 1032): Sensor:tsens_tz_sensor5:76000 mC
I/ThermalEngine( 1032): Sensor:tsens_tz_sensor2:71000 mC
I/ThermalEngine( 1032): Sensor:tsens_tz_sensor5:71000 mC
I/ThermalEngine( 1032): Sensor:tsens_tz_sensor2:67000 mC
I/ThermalEngine( 1032): Sensor:tsens_tz_sensor5:67000 mC
I/ThermalEngine( 1032): Sensor:batt_temp:40700 mC
I/ThermalEngine( 1032): Sensor:tsens_tz_sensor2:65000 mC
I/ThermalEngine( 1032): Sensor:tsens_tz_sensor5:66000 mC
D/libEGL  ( 2410): loaded /vendor/lib/egl/libEGL_adreno.so
D/libEGL  ( 2410): loaded /vendor/lib/egl/libGLESv1_CM_adreno.so
D/libEGL  ( 2410): loaded /vendor/lib/egl/libGLESv2_adreno.so
I/ThermalEngine( 1032): Sensor:tsens_tz_sensor2:65000 mC
I/ThermalEngine( 1032): Sensor:tsens_tz_sensor5:66000 mC
I/ThermalEngine( 1032): Sensor:tsens_tz_sensor2:71000 mC
I/ThermalEngine( 1032): Sensor:tsens_tz_sensor5:73000 mC
I/ThermalEngine( 1032): Sensor:tsens_tz_sensor2:73000 mC
I/ThermalEngine( 1032): Sensor:tsens_tz_sensor5:74000 mC
I/ThermalEngine( 1032): Sensor:batt_temp:40900 mC
I/ThermalEngine( 1032): Sensor:tsens_tz_sensor2:74000 mC
I/ThermalEngine( 1032): Sensor:tsens_tz_sensor5:75000 mC
I/UpstartPropertyWatcher(  985): Property changed: init.svc.ppd=running
I/UpstartPropertyWatcher(  985): Property changed: init.svc.quipc_igsn=running
I/UpstartPropertyWatcher(  985): Property changed: init.svc.xtwifi_inet=running
I/UpstartPropertyWatcher(  985): Property changed: init.svc.xtwifi_inet=restarting
I/UpstartPropertyWatcher(  985): Property changed: init.svc.quipc_igsn=restarting
I/UpstartPropertyWatcher(  985): Property changed: init.svc.ppd=restarting
E/QCALOG  ( 1113): [MessageQ] ProcessNewMessage: [XTWWAN-PE] unknown deliver target [OS-Agent]
E/QCALOG  ( 1113): [MessageQ] ProcessNewMessage: [XT-CS] unknown deliver target [OS-Agent]
E/QCALOG  ( 1113): [MessageQ] ProcessNewMessage: [XTWiFi-PE] unknown deliver target [OS-Agent]
I/ThermalEngine( 1032): Sensor:tsens_tz_sensor2:75000 mC
I/ThermalEngine( 1032): Sensor:tsens_tz_sensor5:75000 mC
