I/irsc_util(  926): file_parser Number of element :3
D/QSEECOMD: (  941): Init dlopen(libssd.so, RTLD_NOW) succeeds
D/QSEECOMD: (  941): Init::Init dlsym(g_FSHandle ssd_init_service) succeeds
E/SSD     (  941): ssd_init_service succeeded!
D/QSEECOMD: (  941): Init ssd_init_service ret = 0
D/QSEECOMD: (  941): SSD system services: init (Listener ID = 12288)
E/QSEECOMD: (  941): Listener: index = 2, hierarchy = 0
E/QSEECOMD: (  941): Init dlopen(libsecureui.so, RLTD_NOW) is failed....
D/QSEECOMD: (  941): SEC_UI_INIT failed, shall not start secure ui listener
I/irsc_util(  926): file_parser Number of element :3
I/irsc_util(  926): file_parser Number of element :3
I/irsc_util(  926): file_parser Number of element :3
I/irsc_util(  926): file_parser Number of element :3
I/irsc_util(  926): file_parser Number of element :3
V/LOWI-SERVER(  956): [LOWIEventDispatcher] LOWIEventDispatcher
D/QC-time-services(  940): Daemon:Unable to open filefor read
D/QC-time-services(  940): Daemon:genoff_post_init:Error in accessing storage
D/QC-time-services(  940): Daemon:genoff_pre_init::Base = 2
D/QC-time-services(  940): Daemon: Storage Name: ats_2 
D/QC-time-services(  940): Daemon:Opening File: /data/time/ats_2
D/QC-time-services(  940): Daemon:time_persistent_memory_opr:Genoff Read operation 
D/QC-time-services(  940): Daemon:Unable to open filefor read
D/QC-time-services(  940): Daemon:genoff_post_init:Error in accessing storage
D/QC-time-services(  940): Daemon:genoff_pre_init::Base = 3
D/QC-time-services(  940): Daemon: Storage Name: ats_3 
D/QC-time-services(  940): Daemon:Opening File: /data/time/ats_3
D/QC-time-services(  940): Daemon:time_persistent_memory_opr:Genoff Read operation 
D/QC-time-services(  940): Daemon:Unable to open filefor read
D/QC-time-services(  940): Daemon:genoff_post_init:Error in accessing storage
D/QC-time-services(  940): Daemon:genoff_pre_init::Base = 4
D/QC-time-services(  940): Daemon: Storage Name: ats_4 
D/QC-time-services(  940): Daemon:Opening File: /data/time/ats_4
D/QC-time-services(  940): Daemon:time_persistent_memory_opr:Genoff Read operation 
D/QC-time-services(  940): Daemon:Unable to open filefor read
D/QC-time-services(  940): Daemon:genoff_post_init:Error in accessing storage
D/QC-time-services(  940): Daemon:genoff_pre_init::Base = 5
D/QC-time-services(  940): Daemon: Storage Name: ats_5 
D/QC-time-services(  940): Daemon:Opening File: /data/time/ats_5
D/QC-time-services(  940): Daemon:time_persistent_memory_opr:Genoff Read operation 
D/QC-time-services(  940): Daemon:Unable to open filefor read
D/QC-time-services(  940): Daemon:genoff_post_init:Error in accessing storage
D/QC-time-services(  940): Daemon:genoff_pre_init::Base = 6
D/QC-time-services(  940): Daemon: Storage Name: ats_6 
D/QC-time-services(  940): Daemon:Opening File: /data/time/ats_6
D/QC-time-services(  940): Daemon:time_persistent_memory_opr:Genoff Read operation 
D/QC-time-services(  940): Daemon:Unable to open filefor read
D/QC-time-services(  940): Daemon:genoff_post_init:Error in accessing storage
D/QC-time-services(  940): Daemon:genoff_pre_init::Base = 7
D/QC-time-services(  940): Daemon: Storage Name: ats_7 
D/QC-time-services(  940): Daemon:Opening File: /data/time/ats_7
D/QC-time-services(  940): Daemon:time_persistent_memory_opr:Genoff Read operation 
D/QC-time-services(  940): Daemon:Unable to open filefor read
D/QC-time-services(  940): Daemon:genoff_post_init:Error in accessing storage
D/QC-time-services(  940): Daemon:genoff_pre_init::Base = 8
D/QC-time-services(  940): Daemon: Storage Name: ats_8 
D/QC-time-services(  940): Daemon:Opening File: /data/time/ats_8
D/QC-time-services(  940): Daemon:time_persistent_memory_opr:Genoff Read operation 
D/QC-time-services(  940): Daemon:Unable to open filefor read
D/QC-time-services(  940): Daemon:genoff_post_init:Error in accessing storage
D/QC-time-services(  940): Daemon:genoff_pre_init::Base = 9
D/QC-time-services(  940): Daemon: Storage Name: ats_9 
D/QC-time-services(  940): Daemon:Opening File: /data/time/ats_9
D/QC-time-services(  940): Daemon:time_persistent_memory_opr:Genoff Read operation 
D/QC-time-services(  940): Daemon:Unable to open filefor read
D/QC-time-services(  940): Daemon:genoff_post_init:Error in accessing storage
D/QC-time-services(  940): Daemon:genoff_pre_init::Base = 10
D/QC-time-services(  940): Daemon: Storage Name: ats_10 
D/QC-time-services(  940): Daemon:Opening File: /data/time/ats_10
D/QC-time-services(  940): Daemon:time_persistent_memory_opr:Genoff Read operation 
D/QC-time-services(  940): Daemon:Unable to open filefor read
D/QC-time-services(  940): Daemon:genoff_post_init:Error in accessing storage
D/QC-time-services(  940): Daemon:genoff_pre_init::Base = 11
D/QC-time-services(  940): Daemon: Storage Name: ats_11 
D/QC-time-services(  940): Daemon:Opening File: /data/time/ats_11
D/QC-time-services(  940): Daemon:time_persistent_memory_opr:Genoff Read operation 
D/QC-time-services(  940): Daemon:Unable to open filefor read
D/QC-time-services(  940): Daemon:genoff_post_init:Error in accessing storage
D/QC-time-services(  940): Daemon:genoff_pre_init::Base = 12
D/QC-time-services(  940): Daemon: Storage Name: ats_12 
D/QC-time-services(  940): Daemon:Opening File: /data/time/ats_12
D/QC-time-services(  940): Daemon:time_persistent_memory_opr:Genoff Read operation 
D/QC-time-services(  940): Daemon:Unable to open filefor read
D/QC-time-services(  940): Daemon:genoff_post_init:Error in accessing storage
D/QC-time-services(  940): Daemon:genoff_pre_init::Base = 13
D/QC-time-services(  940): Daemon: Storage Name: ats_13 
D/QC-time-services(  940): Daemon:Opening File: /data/time/ats_13
D/QC-time-services(  940): Daemon:time_persistent_memory_opr:Genoff Read operation 
D/QC-time-services(  940): Daemon:Unable to open filefor read
D/QC-time-services(  940): Daemon:genoff_post_init:Error in accessing storage
D/QC-time-services(  940): Daemon:genoff_pre_init::Base = 14
D/QC-time-services(  940): Daemon: Storage Name: ats_14 
D/QC-time-services(  940): Daemon:Opening File: /data/time/ats_14
D/QC-time-services(  940): Daemon:time_persistent_memory_opr:Genoff Read operation 
D/QC-time-services(  940): Daemon:Unable to open filefor read
D/QC-time-services(  940): Daemon:genoff_post_init:Error in accessing storage
D/QC-time-services(  940): Daemon:genoff_init_config: Other bases initilized, exiting genoff_init
D/QC-time-services(  940): Daemon:genoff_opr: Base = 1, val = 0, operation = 1
D/QC-time-services(  940): Daemon: genoff get for 1
D/QC-time-services(  940): Daemon:rtc_get: Time read from RTC -- MM/DD/YY HH:MM:SS10/30/115 22:18:9
D/QC-time-services(  940): Daemon:Value read from RTC seconds = 1448921889000
D/QC-time-services(  940): Daemon:Value read from RTC seconds = 1448921889000
D/QC-time-services(  940): Daemon:Value read from generif offset = 0
D/QC-time-services(  940): Daemon:Final Time = 1448921889000
D/QC-time-services(  940): Daemon:genoff_boot_tod_init: Setting system time to sec =1448921889, nsec =0
I/irsc_util(  926): file_parser Number of element :3
I/ThermalEngine(  932): BCL sensors setup done.
I/ThermalEngine(  932): Using target config file '/system/etc/thermal-engine-8226.conf'
I/ThermalEngine(  932): Loading config file for virtual sensor
E/ThermalEngine(  932): virtual_sensors_init: Error getting virtual sensors set
I/ThermalEngine(  932): [BATTERY_MONITOR]
I/ThermalEngine(  932): algo_type monitor
I/ThermalEngine(  932): sampling 1000
I/ThermalEngine(  932): sensor batt_temp
I/ThermalEngine(  932): thresholds 44000 47000 50000 53000 56000
I/ThermalEngine(  932): thresholds_clr 42000 45000 48000 51000 54000
I/ThermalEngine(  932): actions cpu+hotplug_2+hotplug_3 cpu+hotplug_3 cpu+hotplug_3 cpu cpu
I/ThermalEngine(  932): action_info 1190400+1+0 998400+1 787200+1 600000 384000
I/ThermalEngine(  932): [CPU2-3_MONITOR]
I/ThermalEngine(  932): algo_type monitor
I/ThermalEngine(  932): sampling 1000
I/ThermalEngine(  932): sensor cpu2-3
I/ThermalEngine(  932): thresholds 120000
I/ThermalEngine(  932): thresholds_clr 115000
I/ThermalEngine(  932): actions shutdown
I/ThermalEngine(  932): action_info 5000
I/ThermalEngine(  932): [CPU0-1_MONITOR]
I/ThermalEngine(  932): algo_type monitor
I/ThermalEngine(  932): sampling 1000
I/ThermalEngine(  932): sensor cpu0-1
I/ThermalEngine(  932): thresholds 120000
I/ThermalEngine(  932): thresholds_clr 115000
I/ThermalEngine(  932): actions shutdown
I/ThermalEngine(  932): action_info 5000
I/ThermalEngine(  932): [VDD_RSTR_MONITOR-TSENS5]
I/ThermalEngine(  932): #algo_type monitor
I/ThermalEngine(  932): sampling 1000
I/ThermalEngine(  932): sensor tsens_tz_sensor5
I/ThermalEngine(  932): thresholds 5000
I/ThermalEngine(  932): thresholds_clr 10000
I/ThermalEngine(  932): actions vdd_restriction
I/ThermalEngine(  932): action_info 1
I/ThermalEngine(  932): descending
I/ThermalEngine(  932): [VDD_RSTR_MONITOR-TSENS4]
I/ThermalEngine(  932): #algo_type monitor
I/ThermalEngine(  932): sampling 1000
I/ThermalEngine(  932): sensor tsens_tz_sensor4
I/ThermalEngine(  932): thresholds 5000
I/ThermalEngine(  932): thresholds_clr 10000
I/ThermalEngine(  932): actions vdd_restriction
I/ThermalEngine(  932): action_info 1
I/ThermalEngine(  932): descending
I/ThermalEngine(  932): [VDD_RSTR_MONITOR-TSENS3]
I/ThermalEngine(  932): #algo_type monitor
I/ThermalEngine(  932): sampling 1000
I/ThermalEngine(  932): sensor tsens_tz_sensor3
I/ThermalEngine(  932): thresholds 5000
I/ThermalEngine(  932): thresholds_clr 10000
I/ThermalEngine(  932): actions vdd_restriction
I/ThermalEngine(  932): action_info 1
I/ThermalEngine(  932): descending
I/ThermalEngine(  932): [VDD_RSTR_MONITOR-TSENS2]
I/ThermalEngine(  932): #algo_type monitor
I/ThermalEngine(  932): sampling 1000
I/ThermalEngine(  932): sensor tsens_tz_sensor2
I/ThermalEngine(  932): thresholds 5000
I/ThermalEngine(  932): thresholds_clr 10000
I/ThermalEngine(  932): actions vdd_restriction
I/ThermalEngine(  932): action_info 1
I/ThermalEngine(  932): descending
I/ThermalEngine(  932): [VDD_RSTR_MONITOR-TSENS1]
I/ThermalEngine(  932): #algo_type monitor
I/ThermalEngine(  932): sampling 1000
I/ThermalEngine(  932): sensor tsens_tz_sensor1
I/ThermalEngine(  932): thresholds 5000
I/ThermalEngine(  932): thresholds_clr 10000
I/ThermalEngine(  932): actions vdd_restriction
I/ThermalEngine(  932): action_info 1
I/ThermalEngine(  932): descending
I/ThermalEngine(  932): [VDD_RSTR_MONITOR-TSENS0]
I/ThermalEngine(  932): #algo_type monitor
I/ThermalEngine(  932): sampling 1000
I/ThermalEngine(  932): sensor tsens_tz_sensor0
I/ThermalEngine(  932): thresholds 5000
I/ThermalEngine(  932): thresholds_clr 10000
I/ThermalEngine(  932): actions vdd_restriction
I/ThermalEngine(  932): action_info 1
I/ThermalEngine(  932): descending
I/ThermalEngine(  932): [SS-POPMEM]
I/ThermalEngine(  932): #algo_type ss
I/ThermalEngine(  932): sampling 1000
I/ThermalEngine(  932): sensor pop_mem
I/ThermalEngine(  932): device cpu
I/ThermalEngine(  932): set_point 90000
I/ThermalEngine(  932): set_point_clr 55000
I/ThermalEngine(  932): time_constant 2
I/ThermalEngine(  932): [SS-CPU2-3]
I/ThermalEngine(  932): #algo_type ss
I/ThermalEngine(  932): sampling 250
I/ThermalEngine(  932): sensor cpu2-3
I/ThermalEngine(  932): device cpu
I/ThermalEngine(  932): set_point 90000
I/ThermalEngine(  932): set_point_clr 55000
I/ThermalEngine(  932): time_constant 0
I/ThermalEngine(  932): [SS-CPU0-1]
I/ThermalEngine(  932): #algo_type ss
I/ThermalEngine(  932): sampling 250
I/ThermalEngine(  932): sensor cpu0-1
I/ThermalEngine(  932): device cpu
I/ThermalEngine(  932): set_point 90000
I/ThermalEngine(  932): set_point_clr 55000
I/ThermalEngine(  932): time_constant 0
I/irsc_util(  926): file_parser Number of element :3
I/ThermalEngine(  932): Sensor:tsens_tz_sensor3:56000 mC
I/UpstartPropertyWatcher(  881): Property changed: init.svc.ppd=restarting
D/QSEECOMAPI: (  941): QSEECom_get_handle sb_length = 0x400
D/QSEECOMAPI: (  941): App is not loaded in QSEE
I/irsc_util(  926): file_parser Number of element :3
I/irsc_util(  926): file_parser Number of element :3
I/irsc_util(  926): file_parser Number of element :3
I/irsc_util(  926): file_parser Number of element :3
I/irsc_util(  926): file_parser Number of element :3
I/irsc_util(  926): file_parser Number of element :3
I/irsc_util(  926): file_parser Number of element :3
I/irsc_util(  926): file_parser Number of element :3
I/irsc_util(  926): file_parser Number of element :3
I/irsc_util(  926): file_parser Number of element :3
I/irsc_util(  926): file_parser Number of element :3
I/irsc_util(  926): file_parser Number of element :3
I/irsc_util(  926): file_parser Number of element :3
I/irsc_util(  926): file_parser Number of element :3
I/irsc_util(  926): file_parser Number of element :3
I/irsc_util(  926): file_parser Number of element :3
I/irsc_util(  926): file_parser Number of element :3
I/irsc_util(  926): file_parser Number of element :3
I/irsc_util(  926): file_parser Number of element :3
I/irsc_util(  926): file_parser Number of element :3
I/irsc_util(  926): file_parser Number of element :3
I/irsc_util(  926): file_parser Number of element :3
I/irsc_util(  926): file_parser Number of element :3
I/irsc_util(  926): file_parser Number of element :3
I/irsc_util(  926): file_parser Number of element :3
I/irsc_util(  926): file_parser Number of element :3
I/irsc_util(  926): file_parser Number of element :3
I/irsc_util(  926): file_parser Number of element :3
I/irsc_util(  926): file_parser Number of element :3
I/irsc_util(  926): file_parser Number of element :3
I/irsc_util(  926): file_parser Number of element :3
I/irsc_util(  926): Feed the sec config info to the router
I/irsc_util(  926): Num of entries:259
I/ThermalEngine(  932): Sensor:tsens_tz_sensor2:78000 mC
I/ThermalEngine(  932): Sensor:tsens_tz_sensor3:56000 mC
I/ThermalEngine(  932): Sensor:tsens_tz_sensor2:78000 mC
I/ThermalEngine(  932): Sensor:tsens_tz_sensor5:75000 mC
I/ThermalEngine(  932): Sensor:tsens_tz_sensor5:75000 mC
E/QCALOG  (  948): [MessageQ] ProcessNewMessage: [NOT_REGISTERED:49] unknown deliver target [OS-Agent]
E/XTCC-3.0.0.6(  951): [CsStorageWwan] createOrOpenDatabase failed 4
E/XTCC-3.0.0.6(  951): [CSMgr] open AP list file, /data/misc/location/xtwifi, name = /data/misc/location/xtwifi/ap_list.txt
E/XTCC-3.0.0.6(  951): [CSMgr] open AP list file, fopen failed, name = /data/misc/location/xtwifi/ap_list.txt, errno = No such file or directory
E/QCALOG  (  948): [MessageQ] ProcessNewMessage: [NOT_REGISTERED:49] unknown deliver target [OS-Agent]
I/ThermalEngine(  932): Sensor:batt_temp:39500 mC
I/ThermalEngine(  932): Sensor:tsens_tz_sensor2:78000 mC
I/ThermalEngine(  932): Sensor:tsens_tz_sensor5:75000 mC
I/ThermalEngine(  932): Sensor:tsens_tz_sensor5:75000 mC
I/ThermalEngine(  932): Sensor:tsens_tz_sensor4:58000 mC
I/ThermalEngine(  932): Sensor:tsens_tz_sensor3:56000 mC
I/ThermalEngine(  932): Sensor:tsens_tz_sensor4:58000 mC
I/ThermalEngine(  932): Sensor:tsens_tz_sensor2:78000 mC
I/ThermalEngine(  932): Sensor:tsens_tz_sensor1:57000 mC
I/ThermalEngine(  932): Sensor:tsens_tz_sensor0:66000 mC
I/ThermalEngine(  932): Sensor:tsens_tz_sensor0:66000 mC
I/ThermalEngine(  932): Sensor:tsens_tz_sensor1:57000 mC
I/ThermalEngine(  932): vdd_restrict_qmi_request: MODEM req level(0) is recorded and waiting for completing QMI registration
I/ThermalEngine(  932): vdd_restrict_qmi_request: ADSP req level(0) is recorded and waiting for completing QMI registration
I/ThermalEngine(  932): hotplug_ktm_disable_cb: write out 0
I/UpstartPropertyWatcher(  881): Property changed: init.svc.irsc_util=stopped
E/mm-camera-sensor(  938): sensor_probe:117 failed: to load s5k3h2yx_omi8a02a
E/mm-camera-sensor(  938): sensor_init_probe:123 failed: to load s5k3h2yx_omi8a02a
I/UpstartPropertyWatcher(  881): Property changed: init.svc.quipc_main=restarting
I/UpstartPropertyWatcher(  881): Property changed: ro.qualcomm.bluetooth.opp=true
E/mm-camera-sensor(  938): sensor_probe:117 failed: to load imx134
E/mm-camera-sensor(  938): sensor_init_probe:123 failed: to load imx134
E/mm-camera-sensor(  938): sensor_probe:117 failed: to load imx135
E/mm-camera-sensor(  938): sensor_init_probe:123 failed: to load imx135
E/mm-camera-sensor(  938): sensor_probe:117 failed: to load s5k3l1yx
E/mm-camera-sensor(  938): sensor_init_probe:123 failed: to load s5k3l1yx
E/mm-camera-sensor(  938): sensor_probe:117 failed: to load imx214
E/mm-camera-sensor(  938): sensor_init_probe:123 failed: to load imx214
E/mm-camera-sensor(  938): sensor_probe:117 failed: to load imx132
E/mm-camera-sensor(  938): sensor_init_probe:123 failed: to load imx132
E/mm-camera-sensor(  938): sensor_probe:117 failed: to load ov2720
E/mm-camera-sensor(  938): sensor_init_probe:123 failed: to load ov2720
E/mm-camera-sensor(  938): sensor_probe:117 failed: to load SKUAA_ST_gc0339
E/mm-camera-sensor(  938): sensor_init_probe:123 failed: to load SKUAA_ST_gc0339
E/mm-camera-sensor(  938): sensor_probe:117 failed: to load ov8825
E/mm-camera-sensor(  938): sensor_init_probe:123 failed: to load ov8825
E/mm-camera-sensor(  938): sensor_probe:117 failed: to load ov9724
E/mm-camera-sensor(  938): sensor_init_probe:123 failed: to load ov9724
E/mm-camera-sensor(  938): sensor_probe:117 failed: to load ov8865_q8v18a
E/mm-camera-sensor(  938): sensor_init_probe:123 failed: to load ov8865_q8v18a
E/mm-camera-sensor(  938): sensor_probe:117 failed: to load ov5648_oty5f03
E/mm-camera-sensor(  938): sensor_init_probe:123 failed: to load ov5648_oty5f03
E/mm-camera-sensor(  938): sensor_probe:117 failed: to load skuf_ov12830_p12v01c
E/mm-camera-sensor(  938): sensor_init_probe:123 failed: to load skuf_ov12830_p12v01c
E/mm-camera-sensor(  938): sensor_probe:117 failed: to load skuf_ov5648_p5v23c
E/mm-camera-sensor(  938): sensor_init_probe:123 failed: to load skuf_ov5648_p5v23c
E/mm-camera-sensor(  938): sensor_probe:117 failed: to load SKUAB_ST_s5k4e1
E/mm-camera-sensor(  938): sensor_init_probe:123 failed: to load SKUAB_ST_s5k4e1
E/mm-camera-sensor(  938): sensor_probe:117 failed: to load skuab_shinetech_gc0339
E/mm-camera-sensor(  938): sensor_init_probe:123 failed: to load skuab_shinetech_gc0339
E/mm-camera-sensor(  938): sensor_probe:117 failed: to load oem_camera1
E/mm-camera-sensor(  938): sensor_init_probe:123 failed: to load oem_camera1
E/mm-camera-sensor(  938): sensor_probe:117 failed: to load oem_camera2
E/mm-camera-sensor(  938): sensor_init_probe:123 failed: to load oem_camera2
E/mm-camera-sensor(  938): sensor_probe:117 failed: to load oem_camera3
E/mm-camera-sensor(  938): sensor_init_probe:123 failed: to load oem_camera3
E/mm-camera-sensor(  938): sensor_probe:117 failed: to load oem_camera4
E/mm-camera-sensor(  938): sensor_init_probe:123 failed: to load oem_camera4
I/UpstartPropertyWatcher(  881): Property changed: ro.qualcomm.bluetooth.hfp=true
E/mm-camera(  938): isp_util_gen_hws_caps: integrating kernel vfe is pending
I/UpstartPropertyWatcher(  881): Property changed: ro.qualcomm.bluetooth.hsp=true
I/UpstartPropertyWatcher(  881): Property changed: ro.qualcomm.bluetooth.pbap=true
I/UpstartPropertyWatcher(  881): Property changed: ro.qualcomm.bluetooth.ftp=true
E/mm-camera(  938): isp_tintless_create: using BE stats for tintless!, isp main version = 28
E/mm-camera(  938): isp_tintless_open_version: E: 40
E/mm-camera(  938): gyro_module_init: Enter
E/mm-camera(  938): gyro_module_init: Exit successful
I/UpstartPropertyWatcher(  881): Property changed: ro.qualcomm.bluetooth.nap=true
E/mm-camera(  938): cpp_hardware_load_firmware:368, cpphw->hwinfo.version = 0x20000000
I/UpstartPropertyWatcher(  881): Property changed: ro.bluetooth.sap=true
I/UpstartPropertyWatcher(  881): Property changed: persist.radio.adb_log_on=0
I/UpstartPropertyWatcher(  881): Property changed: ro.bluetooth.dun=true
I/UpstartPropertyWatcher(  881): Property changed: persist.radio.adb_log_on=0
I/UpstartPropertyWatcher(  881): Property changed: ril.qcril_pre_init_lock_held=1
I/UpstartPropertyWatcher(  881): Property changed: ro.qualcomm.bluetooth.map=true
D/QSEECOMAPI: (  941): Loaded image: APP id = 2
I/UpstartPropertyWatcher(  881): Property changed: sys.keymaster.loaded=true
D/QSEECOMD: (  941): Parent qseecom daemon process paused!! 
D/QSEECOMD: ( 1100): qseecom listener service threads starting!!! 
D/QSEECOMD: ( 1100): Total listener services to start = 5
E/QSEECOMD: ( 1100): Listener: index = 0, hierarchy = 1
D/QSEECOMD: ( 1100): Init dlopen(librpmb.so, RTLD_NOW) succeeds
D/QSEECOMD: ( 1100): Init::Init dlsym(g_FSHandle rpmb_start) succeeds
D/QSEECOMAPI: ( 1100): QSEECom_register_listener 8192 sb_length = 0x5000
E/mm-camera(  938): vpe_module_init:26 name=vpe
E/mm-camera(  938): vpe_hardware_find_subdev:716: entity.name=video0 entity.revision=0
E/mm-camera(  938): vpe_hardware_find_subdev:716: entity.name=msm_cci entity.revision=0
E/mm-camera(  938): vpe_hardware_find_subdev:716: entity.name=v4l-subdev0 entity.revision=0
E/mm-camera(  938): vpe_hardware_find_subdev:716: entity.name=v4l-subdev1 entity.revision=0
E/mm-camera(  938): vpe_hardware_find_subdev:716: entity.name=v4l-subdev2 entity.revision=0
E/mm-camera(  938): vpe_hardware_find_subdev:716: entity.name=v4l-subdev3 entity.revision=0
E/mm-camera(  938): vpe_hardware_find_subdev:716: entity.name=v4l-subdev4 entity.revision=0
E/mm-camera(  938): vpe_hardware_find_subdev:716: entity.name=v4l-subdev5 entity.revision=0
E/mm-camera(  938): vpe_hardware_find_subdev:716: entity.name=v4l-subdev6 entity.revision=0
E/mm-camera(  938): vpe_hardware_find_subdev:716: entity.name=v4l-subdev7 entity.revision=0
E/mm-camera(  938): vpe_hardware_find_subdev:716: entity.name=v4l-subdev8 entity.revision=0
E/mm-camera(  938): vpe_hardware_find_subdev:716: entity.name=v4l-subdev9 entity.revision=0
E/mm-camera(  938): vpe_hardware_find_subdev:716: entity.name=v4l-subdev10 entity.revision=0
E/mm-camera(  938): vpe_hardware_find_subdev:716: entity.name=v4l-subdev11 entity.revision=0
E/mm-camera(  938): vpe_hardware_find_subdev:716: entity.name=v4l-subdev12 entity.revision=12
E/mm-camera(  938): vpe_hardware_find_subdev:716: entity.name=v4l-subdev13 entity.revision=0
E/mm-camera(  938): vpe_hardware_find_subdev:716: entity.name=v4l-subdev14 entity.revision=0
E/mm-camera(  938): vpe_hardware_find_subdev:711: done enumerating media entities
E/mm-camera(  938): vpe_hardware_find_subdev:716: entity.name=video1 entity.revision=0
E/mm-camera(  938): vpe_hardware_find_subdev:711: done enumerating media entities
E/mm-camera(  938): vpe_hardware_find_subdev:716: entity.name=video2 entity.revision=0
E/mm-camera(  938): vpe_hardware_find_subdev:711: done enumerating media entities
E/mm-camera(  938): vpe_hardware_find_subdev:683: no more media devices
E/mm-camera(  938): vpe_hardware_find_subdev:728: no vpe device found.
E/mm-camera(  938): vpe_hardware_create:31: error: cannot find vpe subdev
E/mm-camera(  938): vpe_module_create_vpe_ctrl:141, failed, cannnot create vpe hardware instance
E/mm-camera(  938): vpe_module_init:34 failed
E/mm-camera(  938): c2d_module_init:28 name=c2d
D/QSEECOMD: ( 1100): Init rpmb_start ret = 0
D/QSEECOMD: ( 1100): RPMB system services: Started (Listener ID = 8192)
E/QSEECOMD: ( 1100): Listener: index = 1, hierarchy = 1
D/QSEECOMD: ( 1100): Init dlopen(libssd.so, RTLD_NOW) succeeds
D/QSEECOMD: ( 1100): Init::Init dlsym(g_FSHandle ssd_start) succeeds
D/QSEECOMAPI: ( 1100): QSEECom_register_listener 12288 sb_length = 0x5000
D/QSEECOMD: ( 1100): Init ssd_start ret = 0
D/QSEECOMD: ( 1100): SSD system services: Started (Listener ID = 12288)
E/QSEECOMD: ( 1100): Listener: index = 2, hierarchy = 1
E/QSEECOMD: ( 1100): Init dlopen(libsecureui.so, RLTD_NOW) is failed....
E/QSEECOMD: ( 1100): Listener: index = 3, hierarchy = 1
D/QSEECOMD: ( 1100): Init dlopen(libdrmtime.so, RTLD_NOW) succeeds
D/QSEECOMD: ( 1100): Init::Init dlsym(g_FSHandle atime_start) succeeds
D/QSEECOMAPI: ( 1100): QSEECom_register_listener 11 sb_length = 0x5000
D/QSEECOMD: ( 1100): Init atime_start ret = 0
D/QSEECOMD: ( 1100): time services: Started (Listener ID = 11)
E/QSEECOMD: ( 1100): Listener: index = 4, hierarchy = 1
D/QSEECOMD: ( 1100): Init dlopen(libdrmfs.so, RTLD_NOW) succeeds
D/QSEECOMD: ( 1100): Init::Init dlsym(g_FSHandle fs_start) succeeds
D/QSEECOMAPI: ( 1100): QSEECom_register_listener 10 sb_length = 0x5000
D/QSEECOMD: ( 1100): Init fs_start ret = 0
D/QSEECOMD: ( 1100): file system services: Started (Listener ID = 10)
D/QSEECOMD: ( 1100): QSEECOM DAEMON RUNNING 
E/mm-camera(  938): c2d_module_init:67: info: C2D module_init successful
E/mm-camera-img(  938): img_core_get_comp:37] role 0 name qcom.wavelet
E/mm-camera-img(  938): img_core_get_comp:42] comp_index[0] role 0 name qcom.wavelet
E/mm-camera-img(  938): img_core_get_comp:47] find component role 0 name qcom.wavelet
D/CameraService(  922): virtual bool {anonymous}::TrustAgentRegistry::threadLoop() start
V/CameraServiceCompatLayer(  922): Starting camera services (MediaRecorderFactory, CameraRecordService & CameraService)
D/MediaRecorderFactory(  922): Creating new static instance of MediaRecorderFactory
V/ICameraRecordService(  922): static void android::CameraRecordService::instantiate() 
V/ICameraRecordService(  922): static android::sp<android::CameraRecordService>& android::CameraRecordService::service_instance() 
D/ICameraRecordService(  922): Creating new static instance of CameraRecordService
V/ICameraRecordService(  922): android::BnCameraRecordService::BnCameraRecordService() 
V/ICameraRecordService(  922): android::CameraRecordService::CameraRecordService() 
V/ICameraRecordService(  922): Added Binder service 'android.media.ICameraRecordService' to ServiceManager
I/CameraService(  922): CameraService started (pid=24)
I/UpstartPropertyWatcher(  881): Property changed: ro.bluetooth.hfp.ver=1.6
I/CameraService(  922): Loaded "Armani Camera Wrapper" camera module
E/mm-camera-img(  938): wd_comp_load:1931] WD library loaded successfully dsp 0
E/mm-camera(  938): module_imglib_create_port:1784 portname imglib_d2_i0
E/mm-camera-img(  938): img_core_get_comp:37] role 2 name qcom.faceproc
E/mm-camera-img(  938): img_core_get_comp:42] comp_index[0] role 0 name qcom.wavelet
E/mm-camera-img(  938): img_core_get_comp:42] comp_index[1] role 1 name qcom.hdr
E/mm-camera-img(  938): img_core_get_comp:42] comp_index[2] role 2 name qcom.faceproc
E/mm-camera-img(  938): img_core_get_comp:47] find component role 2 name qcom.faceproc
E/mm-camera-img(  938): img_core_get_comp:37] role 1 name qcom.hdr
E/mm-camera-img(  938): img_core_get_comp:42] comp_index[0] role 0 name qcom.wavelet
E/mm-camera-img(  938): img_core_get_comp:42] comp_index[1] role 1 name qcom.hdr
E/mm-camera-img(  938): img_core_get_comp:47] find component role 1 name qcom.hdr
D/WLAN_PSA(  931): FTM Test App: Diag_LSM_Init succeeded with 1 retries. 
D/WLAN_PSA(  931): PTT_SOCKET_APP Init done, wait clients
I/UpstartPropertyWatcher(  881): Property changed: ro.qualcomm.bt.hci_transport=smd
I/qcom-bluetooth( 1110): /system/etc/init.qcom.bt.sh: Bluetooth stack is Bluedroid 
I/UpstartPropertyWatcher(  881): Property changed: init.svc.config_bluetooth=stopped
E/mm-camera-img(  938): hdr_comp_load:1139] HDR library loaded successfully
E/mm-camera(  938): Port hdr_dummy initialized
E/mm-camera-img(  938): img_core_get_comp:37] role 4 name qcom.gen_frameproc
E/mm-camera-img(  938): img_core_get_comp:42] comp_index[0] role 0 name qcom.wavelet
E/mm-camera-img(  938): img_core_get_comp:42] comp_index[1] role 1 name qcom.hdr
E/mm-camera-img(  938): img_core_get_comp:42] comp_index[2] role 2 name qcom.faceproc
E/mm-camera-img(  938): img_core_get_comp:42] comp_index[3] role 3 name qcom.cac
E/mm-camera-img(  938): img_core_get_comp:42] comp_index[4] role 4 name qcom.gen_frameproc
E/mm-camera-img(  938): img_core_get_comp:47] find component role 4 name qcom.gen_frameproc
E/mm-camera-img(  938): frameproc_comp_load:811] Error opening frameproc library libmmcamera_chromaflash_lib.so
E/mm-camera(  938): module_imgbase_init:1070] Error rc -6
E/mm-camera(  938): module_imglib_create_topology:644] Can not init the module imglib_chroma_flash
E/mm-camera-img(  938): img_core_get_comp:37] role 4 name qcom.gen_frameproc
E/mm-camera-img(  938): img_core_get_comp:42] comp_index[0] role 0 name qcom.wavelet
E/mm-camera-img(  938): img_core_get_comp:42] comp_index[1] role 1 name qcom.hdr
E/mm-camera-img(  938): img_core_get_comp:42] comp_index[2] role 2 name qcom.faceproc
E/mm-camera-img(  938): img_core_get_comp:42] comp_index[3] role 3 name qcom.cac
E/mm-camera-img(  938): img_core_get_comp:42] comp_index[4] role 4 name qcom.gen_frameproc
E/mm-camera-img(  938): img_core_get_comp:47] find component role 4 name qcom.gen_frameproc
E/mm-camera-img(  938): frameproc_comp_load:811] Error opening frameproc library libmmcamera_optizoom_lib.so
E/mm-camera(  938): module_imgbase_init:1070] Error rc -6
E/mm-camera(  938): module_imglib_create_topology:644] Can not init the module imglib_optizoom
E/mm-camera-img(  938): img_core_get_comp:37] role 4 name qcom.gen_frameproc
E/mm-camera-img(  938): img_core_get_comp:42] comp_index[0] role 0 name qcom.wavelet
E/mm-camera-img(  938): img_core_get_comp:42] comp_index[1] role 1 name qcom.hdr
E/mm-camera-img(  938): img_core_get_comp:42] comp_index[2] role 2 name qcom.faceproc
E/mm-camera-img(  938): img_core_get_comp:42] comp_index[3] role 3 name qcom.cac
E/mm-camera-img(  938): img_core_get_comp:42] comp_index[4] role 4 name qcom.gen_frameproc
E/mm-camera-img(  938): img_core_get_comp:47] find component role 4 name qcom.gen_frameproc
E/mm-camera-img(  938): frameproc_comp_load:811] Error opening frameproc library libmmcamera_ubifocus_lib.so
E/mm-camera(  938): module_imgbase_init:1070] Error rc -6
E/mm-camera(  938): module_imglib_create_topology:644] Can not init the module imglib_ubifocus
E/mm-camera(  938): module_imglib_create_dummy_port:1906 portname imglib_dymmy_d1_i0
E/HAL     (  922): load: module=/system/lib/hw/camera.vendor.msm8226.so
E/HAL     (  922): dlopen failed: could not load library "libFaceDeform.so" needed by "camera.vendor.msm8226.so"; caused by could not load library "libandroid.so" needed by "libFaceDeform.so"; caused by library "libandroid.so" not found
E/CameraWrapper(  922): failed to open vendor camera module
I/ThermalEngine(  932): Sensor:batt_temp:39400 mC
E/QMI_FW  (  940): QMUXD: WARNING qmi_qmux_if_pwr_up_init failed! rc=-1
E/QMI_FW  (  940): QMUXD: WARNING qmi_qmux_if_pwr_up_init failed! rc=-1
E/QMI_FW  (  940): QMUXD: WARNING qmi_qmux_if_pwr_up_init failed! rc=-1
E/QMI_FW  (  940): QMUXD: WARNING qmi_qmux_if_pwr_up_init failed! rc=-1
E/QMI_FW  (  940): QMUXD: WARNING qmi_qmux_if_pwr_up_init failed! rc=-1
E/QMI_FW  (  940): QMUXD: WARNING qmi_qmux_if_pwr_up_init failed! rc=-1
E/QC-time-services(  940): Daemon:genoff_modem_qmi_init: qmi_client_get_service_list returned -2num_services 0
I/rmt_storage(  916): rmt_storage_connect_cb: clnt_h=0x1 conn_h=0xb7686da8
I/rmt_storage(  916): rmt_storage_open_cb: /boot/modem_fs1: clnt_h=0x1: req_h=0x1 msg_id=1: Client found
I/rmt_storage(  916): rmt_storage_open_cb: /boot/modem_fs1: clnt_h=0x1: req_h=0x1 msg_id=1: Send response: res=0 err=0
I/rmt_storage(  916): rmt_storage_client_thread: /boot/modem_fs1: clnt_h=0x1 Worker thread started
I/rmt_storage(  916): wake lock name: rmt_storage_-1217892632, name creation success: 23
I/rmt_storage(  916): rmt_storage_connect_cb: clnt_h=0x2 conn_h=0xb7686e00
I/rmt_storage(  916): rmt_storage_open_cb: /boot/modem_fs2: clnt_h=0x2: req_h=0x2 msg_id=1: Client found
I/rmt_storage(  916): rmt_storage_open_cb: /boot/modem_fs2: clnt_h=0x2: req_h=0x2 msg_id=1: Send response: res=0 err=0
I/rmt_storage(  916): rmt_storage_client_thread: /boot/modem_fs2: clnt_h=0x2 Worker thread started
I/rmt_storage(  916): wake lock name: rmt_storage_-1217891784, name creation success: 23
I/rmt_storage(  916): rmt_storage_connect_cb: clnt_h=0x3 conn_h=0xb7686e58
I/rmt_storage(  916): rmt_storage_open_cb: /boot/modem_fsg: clnt_h=0x3: req_h=0x3 msg_id=1: Client found
I/rmt_storage(  916): rmt_storage_open_cb: /boot/modem_fsg: clnt_h=0x3: req_h=0x3 msg_id=1: Send response: res=0 err=0
I/rmt_storage(  916): rmt_storage_client_thread: /boot/modem_fsg: clnt_h=0x3 Worker thread started
I/rmt_storage(  916): wake lock name: rmt_storage_-1217891200, name creation success: 23
I/rmt_storage(  916): rmt_storage_connect_cb: clnt_h=0x4 conn_h=0xb7686eb0
I/rmt_storage(  916): rmt_storage_open_cb: /boot/modem_fsc: clnt_h=0x4: req_h=0x4 msg_id=1: Client found
I/rmt_storage(  916): rmt_storage_open_cb: /boot/modem_fsc: clnt_h=0x4: req_h=0x4 msg_id=1: Send response: res=0 err=0
I/rmt_storage(  916): rmt_storage_client_thread: /boot/modem_fsc: clnt_h=0x4 Worker thread started
I/rmt_storage(  916): wake lock name: rmt_storage_-1217890616, name creation success: 23
I/rmt_storage(  916): rmt_storage_alloc_buff_cb: /boot/modem_fs1: clnt_h=0x1: req_h=0x5 msg_id=4: Alloc request received: Size: 1572864
I/rmt_storage(  916): rmt_storage_alloc_buff_cb: /boot/modem_fs1: clnt_h=0x1: req_h=0x5 msg_id=4: Send response: res=0 err=0
I/rmt_storage(  916): rmt_storage_rw_iovec_cb: /boot/modem_fs1: clnt_h=0x1: req_h=0x6 msg_id=3: R/W request received
I/rmt_storage(  916): Shared mem address set to 0xb684b000
I/rmt_storage(  916): wakelock acquired: 1, error no: 42
I/rmt_storage(  916): rmt_storage_client_thread: /boot/modem_fs1: clnt_h=0x1 Unblock worker thread (th_id: -1217892632)
I/rmt_storage(  916): rmt_storage_client_thread: /boot/modem_fs1: clnt_h=0x1: req_h=0x6 msg_id=3: Bytes read = 512
I/rmt_storage(  916): rmt_storage_client_thread: /boot/modem_fs1: clnt_h=0x1: req_h=0x6 msg_id=3: Send response: res=0 err=0
I/rmt_storage(  916): rmt_storage_client_thread: /boot/modem_fs1: clnt_h=0x1 About to block rmt_storage client thread (th_id: -1217892632) wakelock released: 1, error no: 0
I/rmt_storage(  916): 
I/rmt_storage(  916): rmt_storage_rw_iovec_cb: /boot/modem_fs2: clnt_h=0x2: req_h=0x7 msg_id=3: R/W request received
I/rmt_storage(  916): Shared mem address set to 0xb684b000
I/rmt_storage(  916): wakelock acquired: 1, error no: 42
I/rmt_storage(  916): rmt_storage_client_thread: /boot/modem_fs2: clnt_h=0x2 Unblock worker thread (th_id: -1217891784)
I/rmt_storage(  916): rmt_storage_client_thread: /boot/modem_fs2: clnt_h=0x2: req_h=0x7 msg_id=3: Bytes read = 512
I/rmt_storage(  916): rmt_storage_client_thread: /boot/modem_fs2: clnt_h=0x2: req_h=0x7 msg_id=3: Send response: res=0 err=0
I/rmt_storage(  916): rmt_storage_client_thread: /boot/modem_fs2: clnt_h=0x2 About to block rmt_storage client thread (th_id: -1217891784) wakelock released: 1, error no: 0
I/rmt_storage(  916): 
I/rmt_storage(  916): rmt_storage_rw_iovec_cb: /boot/modem_fs2: clnt_h=0x2: req_h=0x8 msg_id=3: R/W request received
I/rmt_storage(  916): wakelock acquired: 1, error no: 42
I/rmt_storage(  916): rmt_storage_client_thread: /boot/modem_fs2: clnt_h=0x2 Unblock worker thread (th_id: -1217891784)
I/rmt_storage(  916): rmt_storage_client_thread: /boot/modem_fs2: clnt_h=0x2: req_h=0x8 msg_id=3: Bytes read = 1571840
I/rmt_storage(  916): rmt_storage_client_thread: /boot/modem_fs2: clnt_h=0x2: req_h=0x8 msg_id=3: Send response: res=0 err=0
I/rmt_storage(  916): rmt_storage_client_thread: /boot/modem_fs2: clnt_h=0x2 About to block rmt_storage client thread (th_id: -1217891784) wakelock released: 1, error no: 0
I/rmt_storage(  916): 
E/Sensors (  929): sns_debug_main.c(438):Debug Config File missing in EFS!
I/ThermalEngine(  932): Sensor:batt_temp:39500 mC
E/Sensors (  929): sns_smr_util.c(104):Unable to initialize service 259 with QCCI, timed out (200 ms)
D/SensorService(  935): nuSensorService starting...
E/Sensors (  929): sns_acm_mr.c(390):Error getting info for service 3
E/QMI_FW  (  940): QMUXD: WARNING qmi_qmux_if_pwr_up_init failed! rc=-1
E/QMI_FW  (  940): QMUXD: WARNING qmi_qmux_if_pwr_up_init failed! rc=-1
E/QMI_FW  (  940): QMUXD: WARNING qmi_qmux_if_pwr_up_init failed! rc=-1
E/QC-time-services(  940): Daemon:genoff_modem_qmi_init: qmi_client_get_service_list returned 0num_services 1
E/QMI_FW  (  940): QMUXD: WARNING qmi_qmux_if_pwr_up_init failed! rc=-1
E/QMI_FW  (  940): QMUXD: WARNING qmi_qmux_if_pwr_up_init failed! rc=-1
E/QMI_FW  (  940): QMUXD: WARNING qmi_qmux_if_pwr_up_init failed! rc=-1
E/QMI_FW  (  940): QMUXD: WARNING qmi_qmux_if_pwr_up_init failed! rc=-1
E/QMI_FW  (  940): QMUXD: WARNING qmi_qmux_if_pwr_up_init failed! rc=-1
E/QMI_FW  (  940): QMUXD: WARNING qmi_qmux_if_pwr_up_init failed! rc=-1
E/QMI_FW  (  940): QMUXD: WARNING qmi_qmux_if_pwr_up_init failed! rc=-1
E/QMI_FW  (  940): QMUXD: WARNING qmi_qmux_if_pwr_up_init failed! rc=-1
E/QMI_FW  (  940): QMUXD: WARNING qmi_qmux_if_pwr_up_init failed! rc=-1
D/QC-time-services(  940): Daemon:rtc_get: Time read from RTC -- MM/DD/YY HH:MM:SS10/30/115 22:18:12
D/QC-time-services(  940): Daemon:Value read from RTC seconds = 1448921892000
D/QC-time-services(  940): Daemon:genoff_modem_qmi_init: Initial transaction successfull
D/QC-time-services(  940): Daemon: Time-services: All initializations done
E/QC-time-services(  940): Daemon: Time-services: Waiting to acceptconnection
I/UpstartPropertyWatcher(  881): Property changed: ril.qcril_pre_init_lock_held=0
I/UpstartPropertyWatcher(  881): Property changed: ro.ril.svlte1x=false
I/UpstartPropertyWatcher(  881): Property changed: ro.ril.svdo=false
I/UpstartPropertyWatcher(  881): Property changed: persist.radio.eons.enabled=false
I/UpstartPropertyWatcher(  881): Property changed: ril.ecclist1=911,*911,#911,112,110,119,120
I/UpstartPropertyWatcher(  881): Property changed: ril.qcril_pre_init_lock_held=0
I/UpstartPropertyWatcher(  881): Property changed: persist.radio.eons.enabled=false
I/UpstartPropertyWatcher(  881): Property changed: ril.ecclist=911,*911,#911,112,110,119,120
I/UpstartPropertyWatcher(  881): Property changed: ril.ecclist1=911,*911,#911,112,110,119,120
I/UpstartPropertyWatcher(  881): Property changed: persist.radio.dont_use_dsd=true
I/UpstartPropertyWatcher(  881): Property changed: ril.ecclist=911,*911,#911,112,110,119,120
I/UpstartPropertyWatcher(  881): Property changed: ril.ecclist1=911,*911,#911,112,110,119,120
I/UpstartPropertyWatcher(  881): Property changed: persist.radio.dont_use_dsd=true
I/ThermalEngine(  932): Sensor:batt_temp:39400 mC
I/ThermalEngine(  932): qmi: Instance id 45 for fusion TS
E/QMI_XIAOMI(  942): qmi_xiaomi: inc async 1
E/QMI_XIAOMI(  942): qmi_xiaomi: dec sync flag 0
I/ThermalEngine(  932): MODEM thermal mitigation available.
I/ThermalEngine(  932): ACTION: MODEM - Pending request: pa mitigation succeeded for level 0.
I/ThermalEngine(  932): Mitigation:Modem:0
I/ThermalEngine(  932): ACTION: MODEM - Pending request: cpuv_restriction_cold mitigation succeeded for level 0.
I/ThermalEngine(  932): Mitigation:VDD[MODEM-cpuv_restriction_cold]:0
I/wcnss_xiaomi(  942): Found MAC address: 28:e3:1f:5a:3b:de
E/wcnss_service(  942): WLAN MAC Addr:28:e3:1f:5a:3b:de
I/wcnss_service(  942): WLAN MAC Addr:28:e3:1f:5a:3b:de
E/wcnss_service(  942): CAL file not found
E/Sensors (  929): sns_sam.c(3145):Unsupported client request type message id 33
E/qcom_sensors_hal(  935): hal_process_sam_gravity_resp: Msg 33; Result: 1, Error: 12
E/Sensors (  929): sns_sam.c(3145):Unsupported client request type message id 33
E/qcom_sensors_hal(  935): hal_process_sam_gravity_resp: Msg 33; Result: 1, Error: 12
E/Sensors (  929): sns_sam.c(3145):Unsupported client request type message id 33
E/qcom_sensors_hal(  935): hal_process_sam_rotation_vector_resp: Msg 33; Result: 1, Error: 12
E/Sensors (  929): sns_sam.c(3145):Unsupported client request type message id 33
E/qcom_sensors_hal(  935): hal_process_sam_game_rotation_vector_resp: Msg 33; Result: 1, Error: 12
E/Sensors (  929): sns_sam.c(3145):Unsupported client request type message id 33
E/qcom_sensors_hal(  935): hal_process_sam_orientation_resp: Msg 33; Result: 1, Error: 12
I/SensorService(  935): LIS3DSH Accelerometer
I/SensorService(  935): AKM Calibration Lib
I/SensorService(  935): AK09911 Magnetometer Uncalibrated
I/SensorService(  935): L3GD20 Gyroscope
I/SensorService(  935): L3GD20 Gyroscope Uncalibrated
I/SensorService(  935): APDS-9930/QPDS-T930 Proximity
I/SensorService(  935): APDS-9930/QPDS-T930 Light
I/SensorService(  935): Gravity
I/SensorService(  935): Linear Acceleration
I/SensorService(  935): Rotation Vector
I/SensorService(  935): Significant Motion Detector
I/SensorService(  935): Game Rotation Vector
I/SensorService(  935): Orientation
D/SensorService(  935): Max socket buffer size 1048576
D/SensorService(  935): nuSensorService thread starting...
I/ThermalEngine(  932): Sensor:batt_temp:39400 mC
I/UpstartPropertyWatcher(  881): Property changed: init.svc.ppd=running
I/UpstartPropertyWatcher(  881): Property changed: init.svc.quipc_igsn=running
I/UpstartPropertyWatcher(  881): Property changed: init.svc.quipc_main=running
I/UpstartPropertyWatcher(  881): Property changed: init.svc.xtwifi_inet=running
I/UpstartPropertyWatcher(  881): Property changed: init.svc.gsiff_daemon=running
I/UpstartPropertyWatcher(  881): Property changed: init.svc.quipc_igsn=restarting
I/UpstartPropertyWatcher(  881): Property changed: init.svc.xtwifi_inet=restarting
I/UpstartPropertyWatcher(  881): Property changed: init.svc.gsiff_daemon=restarting
I/UpstartPropertyWatcher(  881): Property changed: init.svc.ppd=restarting
I/UpstartPropertyWatcher(  881): Property changed: init.svc.quipc_main=restarting
I/wcnss_service(  942): wcnss_read_and_store_cal_data trying to read cal
E/QCALOG  (  948): [MessageQ] ProcessNewMessage: [XTWiFi-PE] unknown deliver target [OS-Agent]
E/QCALOG  (  948): [MessageQ] ProcessNewMessage: [XT-CS] unknown deliver target [OS-Agent]
E/QCALOG  (  948): [MessageQ] ProcessNewMessage: [XTWWAN-PE] unknown deliver target [OS-Agent]
I/ThermalEngine(  932): Sensor:batt_temp:39400 mC
I/ThermalEngine(  932): Sensor:batt_temp:39500 mC
I/ThermalEngine(  932): Sensor:batt_temp:39400 mC
I/ThermalEngine(  932): Sensor:batt_temp:39400 mC
I/ThermalEngine(  932): Sensor:batt_temp:39500 mC
I/UpstartPropertyWatcher(  881): Property changed: init.svc.ppd=running
I/UpstartPropertyWatcher(  881): Property changed: init.svc.gsiff_daemon=running
I/UpstartPropertyWatcher(  881): Property changed: init.svc.quipc_igsn=running
I/UpstartPropertyWatcher(  881): Property changed: init.svc.quipc_main=running
I/UpstartPropertyWatcher(  881): Property changed: init.svc.xtwifi_inet=running
I/UpstartPropertyWatcher(  881): Property changed: init.svc.quipc_igsn=restarting
I/UpstartPropertyWatcher(  881): Property changed: init.svc.gsiff_daemon=restarting
I/UpstartPropertyWatcher(  881): Property changed: init.svc.xtwifi_inet=restarting
D/libEGL  ( 2005): loaded /vendor/lib/egl/libEGL_adreno.so
D/libEGL  ( 2005): loaded /vendor/lib/egl/libGLESv1_CM_adreno.so
I/UpstartPropertyWatcher(  881): Property changed: init.svc.quipc_main=restarting
I/UpstartPropertyWatcher(  881): Property changed: init.svc.ppd=restarting
D/libEGL  ( 2005): loaded /vendor/lib/egl/libGLESv2_adreno.so
E/QCALOG  (  948): [MessageQ] ProcessNewMessage: [XTWiFi-PE] unknown deliver target [OS-Agent]
E/QCALOG  (  948): [MessageQ] ProcessNewMessage: [XT-CS] unknown deliver target [OS-Agent]
E/QCALOG  (  948): [MessageQ] ProcessNewMessage: [XTWWAN-PE] unknown deliver target [OS-Agent]
I/ThermalEngine(  932): Sensor:batt_temp:39500 mC
I/ThermalEngine(  932): Sensor:batt_temp:39400 mC
D/libEGL  ( 2050): loaded /vendor/lib/egl/libEGL_adreno.so
D/libEGL  ( 2050): loaded /vendor/lib/egl/libGLESv1_CM_adreno.so
D/libEGL  ( 2050): loaded /vendor/lib/egl/libGLESv2_adreno.so
I/ThermalEngine(  932): Sensor:batt_temp:39400 mC
I/ThermalEngine(  932): Sensor:batt_temp:39400 mC
D/libEGL  ( 2071): loaded /vendor/lib/egl/libEGL_adreno.so
D/libEGL  ( 2071): loaded /vendor/lib/egl/libGLESv1_CM_adreno.so
D/libEGL  ( 2071): loaded /vendor/lib/egl/libGLESv2_adreno.so
I/ThermalEngine(  932): Sensor:batt_temp:39400 mC
I/UpstartPropertyWatcher(  881): Property changed: init.svc.ppd=running
I/UpstartPropertyWatcher(  881): Property changed: init.svc.gsiff_daemon=running
I/UpstartPropertyWatcher(  881): Property changed: init.svc.quipc_igsn=running
I/UpstartPropertyWatcher(  881): Property changed: init.svc.quipc_main=running
I/UpstartPropertyWatcher(  881): Property changed: init.svc.xtwifi_inet=running
I/UpstartPropertyWatcher(  881): Property changed: init.svc.xtwifi_inet=restarting
I/UpstartPropertyWatcher(  881): Property changed: init.svc.quipc_igsn=restarting
I/UpstartPropertyWatcher(  881): Property changed: init.svc.ppd=restarting
I/UpstartPropertyWatcher(  881): Property changed: init.svc.quipc_main=restarting
I/UpstartPropertyWatcher(  881): Property changed: init.svc.gsiff_daemon=restarting
E/QCALOG  (  948): [MessageQ] ProcessNewMessage: [XTWiFi-PE] unknown deliver target [OS-Agent]
E/QCALOG  (  948): [MessageQ] ProcessNewMessage: [XT-CS] unknown deliver target [OS-Agent]
E/QCALOG  (  948): [MessageQ] ProcessNewMessage: [XTWWAN-PE] unknown deliver target [OS-Agent]
I/ThermalEngine(  932): Sensor:batt_temp:39300 mC
D/libEGL  ( 2082): loaded /vendor/lib/egl/libEGL_adreno.so
D/libEGL  ( 2082): loaded /vendor/lib/egl/libGLESv1_CM_adreno.so
D/libEGL  ( 2082): loaded /vendor/lib/egl/libGLESv2_adreno.so
I/ThermalEngine(  932): Sensor:batt_temp:39400 mC
I/ThermalEngine(  932): Sensor:batt_temp:39200 mC
D/libEGL  ( 2088): loaded /vendor/lib/egl/libEGL_adreno.so
D/libEGL  ( 2088): loaded /vendor/lib/egl/libGLESv1_CM_adreno.so
D/libEGL  ( 2088): loaded /vendor/lib/egl/libGLESv2_adreno.so
I/ThermalEngine(  932): Sensor:batt_temp:39400 mC
I/ThermalEngine(  932): Sensor:batt_temp:39200 mC
I/UpstartPropertyWatcher(  881): Property changed: init.svc.ppd=running
I/UpstartPropertyWatcher(  881): Property changed: init.svc.gsiff_daemon=running
I/UpstartPropertyWatcher(  881): Property changed: init.svc.quipc_igsn=running
I/UpstartPropertyWatcher(  881): Property changed: init.svc.quipc_main=running
I/UpstartPropertyWatcher(  881): Property changed: init.svc.xtwifi_inet=running
I/UpstartPropertyWatcher(  881): Property changed: init.svc.quipc_igsn=restarting
D/libEGL  ( 2096): loaded /vendor/lib/egl/libEGL_adreno.so
I/UpstartPropertyWatcher(  881): Property changed: init.svc.xtwifi_inet=restarting
D/libEGL  ( 2096): loaded /vendor/lib/egl/libGLESv1_CM_adreno.so
D/libEGL  ( 2096): loaded /vendor/lib/egl/libGLESv2_adreno.so
I/UpstartPropertyWatcher(  881): Property changed: init.svc.gsiff_daemon=restarting
I/UpstartPropertyWatcher(  881): Property changed: init.svc.quipc_main=restarting
I/UpstartPropertyWatcher(  881): Property changed: init.svc.ppd=restarting
E/QCALOG  (  948): [MessageQ] ProcessNewMessage: [XTWiFi-PE] unknown deliver target [OS-Agent]
E/QCALOG  (  948): [MessageQ] ProcessNewMessage: [XT-CS] unknown deliver target [OS-Agent]
E/QCALOG  (  948): [MessageQ] ProcessNewMessage: [XTWWAN-PE] unknown deliver target [OS-Agent]
I/ThermalEngine(  932): Sensor:batt_temp:39400 mC
I/ThermalEngine(  932): Sensor:batt_temp:39200 mC
D/libEGL  ( 2162): loaded /vendor/lib/egl/libEGL_adreno.so
D/libEGL  ( 2162): loaded /vendor/lib/egl/libGLESv1_CM_adreno.so
D/libEGL  ( 2162): loaded /vendor/lib/egl/libGLESv2_adreno.so
I/ThermalEngine(  932): Sensor:batt_temp:39400 mC
I/ThermalEngine(  932): Sensor:batt_temp:39300 mC
D/libEGL  ( 2179): loaded /vendor/lib/egl/libEGL_adreno.so
D/libEGL  ( 2179): loaded /vendor/lib/egl/libGLESv1_CM_adreno.so
D/libEGL  ( 2179): loaded /vendor/lib/egl/libGLESv2_adreno.so
I/ThermalEngine(  932): Sensor:batt_temp:39400 mC
I/UpstartPropertyWatcher(  881): Property changed: init.svc.ppd=running
I/UpstartPropertyWatcher(  881): Property changed: init.svc.gsiff_daemon=running
I/UpstartPropertyWatcher(  881): Property changed: init.svc.quipc_igsn=running
I/UpstartPropertyWatcher(  881): Property changed: init.svc.quipc_main=running
I/UpstartPropertyWatcher(  881): Property changed: init.svc.xtwifi_inet=running
I/UpstartPropertyWatcher(  881): Property changed: init.svc.xtwifi_inet=restarting
I/UpstartPropertyWatcher(  881): Property changed: init.svc.quipc_igsn=restarting
I/UpstartPropertyWatcher(  881): Property changed: init.svc.ppd=restarting
I/UpstartPropertyWatcher(  881): Property changed: init.svc.quipc_main=restarting
I/UpstartPropertyWatcher(  881): Property changed: init.svc.gsiff_daemon=restarting
E/QCALOG  (  948): [MessageQ] ProcessNewMessage: [XTWiFi-PE] unknown deliver target [OS-Agent]
E/QCALOG  (  948): [MessageQ] ProcessNewMessage: [XT-CS] unknown deliver target [OS-Agent]
E/QCALOG  (  948): [MessageQ] ProcessNewMessage: [XTWWAN-PE] unknown deliver target [OS-Agent]
I/ThermalEngine(  932): Sensor:batt_temp:39300 mC
D/libEGL  ( 2190): loaded /vendor/lib/egl/libEGL_adreno.so
D/libEGL  ( 2190): loaded /vendor/lib/egl/libGLESv1_CM_adreno.so
D/libEGL  ( 2190): loaded /vendor/lib/egl/libGLESv2_adreno.so
I/ThermalEngine(  932): Sensor:batt_temp:39400 mC
I/ThermalEngine(  932): Sensor:batt_temp:39300 mC
D/libEGL  ( 2196): loaded /vendor/lib/egl/libEGL_adreno.so
D/libEGL  ( 2196): loaded /vendor/lib/egl/libGLESv1_CM_adreno.so
D/libEGL  ( 2196): loaded /vendor/lib/egl/libGLESv2_adreno.so
I/ThermalEngine(  932): Sensor:batt_temp:39400 mC
I/UpstartPropertyWatcher(  881): Property changed: init.svc.ppd=running
I/UpstartPropertyWatcher(  881): Property changed: init.svc.gsiff_daemon=running
I/UpstartPropertyWatcher(  881): Property changed: init.svc.quipc_igsn=running
I/UpstartPropertyWatcher(  881): Property changed: init.svc.quipc_main=running
I/UpstartPropertyWatcher(  881): Property changed: init.svc.xtwifi_inet=running
I/UpstartPropertyWatcher(  881): Property changed: init.svc.xtwifi_inet=restarting
I/UpstartPropertyWatcher(  881): Property changed: init.svc.quipc_igsn=restarting
I/UpstartPropertyWatcher(  881): Property changed: init.svc.ppd=restarting
I/UpstartPropertyWatcher(  881): Property changed: init.svc.quipc_main=restarting
