I/ThermalEngine( 1032): ACTION: CPU - Setting CPU[2] to 1497600
I/ThermalEngine( 1032): ACTION: CPU - Setting CPU[3] to 1497600
I/ThermalEngine( 1032): Sensor:tsens_tz_sensor2:92000 mC
I/ThermalEngine( 1032): ACTION: CPU - Setting CPU[0] to 1401600
I/ThermalEngine( 1032): ACTION: CPU - Setting CPU[1] to 1401600
I/ThermalEngine( 1032): ACTION: CPU - Setting CPU[2] to 1401600
I/ThermalEngine( 1032): ACTION: CPU - Setting CPU[3] to 1401600
I/ThermalEngine( 1032): Sensor:tsens_tz_sensor2:92000 mC
I/ThermalEngine( 1032): ACTION: CPU - Setting CPU[0] to 1344000
I/ThermalEngine( 1032): ACTION: CPU - Setting CPU[1] to 1344000
I/ThermalEngine( 1032): ACTION: CPU - Setting CPU[2] to 1344000
I/ThermalEngine( 1032): ACTION: CPU - Setting CPU[3] to 1344000
I/ThermalEngine( 1032): Sensor:batt_temp:40100 mC
I/ThermalEngine( 1032): Sensor:tsens_tz_sensor2:92000 mC
I/ThermalEngine( 1032): ACTION: CPU - Setting CPU[0] to 1305600
I/ThermalEngine( 1032): ACTION: CPU - Setting CPU[1] to 1305600
I/ThermalEngine( 1032): ACTION: CPU - Setting CPU[2] to 1305600
I/ThermalEngine( 1032): ACTION: CPU - Setting CPU[3] to 1305600
I/ThermalEngine( 1032): Sensor:tsens_tz_sensor2:87000 mC
I/ThermalEngine( 1032): ACTION: CPU - Setting CPU[0] to 1344000
I/ThermalEngine( 1032): ACTION: CPU - Setting CPU[1] to 1344000
I/ThermalEngine( 1032): ACTION: CPU - Setting CPU[2] to 1344000
I/ThermalEngine( 1032): ACTION: CPU - Setting CPU[3] to 1344000
E/QCALOG  ( 1113): [MessageQ] ProcessNewMessage: [XTWWAN-PE] unknown deliver target [OS-Agent]
E/QCALOG  ( 1113): [MessageQ] ProcessNewMessage: [XT-CS] unknown deliver target [OS-Agent]
E/QCALOG  ( 1113): [MessageQ] ProcessNewMessage: [XTWiFi-PE] unknown deliver target [OS-Agent]
I/ThermalEngine( 1032): Sensor:tsens_tz_sensor2:86000 mC
I/ThermalEngine( 1032): ACTION: CPU - Setting CPU[0] to 1401600
I/ThermalEngine( 1032): ACTION: CPU - Setting CPU[1] to 1401600
I/ThermalEngine( 1032): ACTION: CPU - Setting CPU[2] to 1401600
I/ThermalEngine( 1032): ACTION: CPU - Setting CPU[3] to 1401600
I/UpstartPropertyWatcher(  985): Property changed: init.svc.ppd=running
I/UpstartPropertyWatcher(  985): Property changed: init.svc.quipc_igsn=running
I/UpstartPropertyWatcher(  985): Property changed: init.svc.xtwifi_inet=running
I/UpstartPropertyWatcher(  985): Property changed: init.svc.xtwifi_inet=restarting
I/UpstartPropertyWatcher(  985): Property changed: init.svc.quipc_igsn=restarting
I/UpstartPropertyWatcher(  985): Property changed: init.svc.ppd=restarting
I/ThermalEngine( 1032): Sensor:tsens_tz_sensor2:89000 mC
I/ThermalEngine( 1032): ACTION: CPU - Setting CPU[0] to 1497600
I/ThermalEngine( 1032): ACTION: CPU - Setting CPU[1] to 1497600
I/ThermalEngine( 1032): ACTION: CPU - Setting CPU[2] to 1497600
I/ThermalEngine( 1032): ACTION: CPU - Setting CPU[3] to 1497600
I/ThermalEngine( 1032): Sensor:batt_temp:40300 mC
I/ThermalEngine( 1032): Sensor:tsens_tz_sensor2:90000 mC
I/ThermalEngine( 1032): ACTION: CPU - Setting CPU[0] to 1593600
I/ThermalEngine( 1032): ACTION: CPU - Setting CPU[1] to 1593600
I/ThermalEngine( 1032): ACTION: CPU - Setting CPU[2] to 1593600
I/ThermalEngine( 1032): ACTION: CPU - Setting CPU[3] to 1593600
I/ThermalEngine( 1032): Sensor:tsens_tz_sensor2:90000 mC
I/ThermalEngine( 1032): Sensor:tsens_tz_sensor2:92000 mC
I/ThermalEngine( 1032): ACTION: CPU - Setting CPU[0] to 1497600
I/ThermalEngine( 1032): ACTION: CPU - Setting CPU[1] to 1497600
I/ThermalEngine( 1032): ACTION: CPU - Setting CPU[2] to 1497600
I/ThermalEngine( 1032): ACTION: CPU - Setting CPU[3] to 1497600
I/UpstartPropertyWatcher(  985): Property changed: init.svc.gsiff_daemon=running
I/UpstartPropertyWatcher(  985): Property changed: init.svc.quipc_main=running
I/UpstartPropertyWatcher(  985): Property changed: init.svc.gsiff_daemon=restarting
I/ThermalEngine( 1032): Sensor:tsens_tz_sensor2:93000 mC
I/ThermalEngine( 1032): ACTION: CPU - Setting CPU[0] to 1401600
I/ThermalEngine( 1032): ACTION: CPU - Setting CPU[1] to 1401600
I/ThermalEngine( 1032): ACTION: CPU - Setting CPU[2] to 1401600
I/ThermalEngine( 1032): ACTION: CPU - Setting CPU[3] to 1401600
I/UpstartPropertyWatcher(  985): Property changed: init.svc.quipc_main=restarting
I/ThermalEngine( 1032): Sensor:batt_temp:40400 mC
I/ThermalEngine( 1032): Sensor:tsens_tz_sensor2:93000 mC
I/ThermalEngine( 1032): ACTION: CPU - Setting CPU[0] to 1344000
I/ThermalEngine( 1032): ACTION: CPU - Setting CPU[1] to 1344000
I/ThermalEngine( 1032): ACTION: CPU - Setting CPU[2] to 1344000
I/ThermalEngine( 1032): ACTION: CPU - Setting CPU[3] to 1344000
I/ThermalEngine( 1032): Sensor:tsens_tz_sensor2:89000 mC
I/ThermalEngine( 1032): ACTION: CPU - Setting CPU[0] to 1401600
I/ThermalEngine( 1032): ACTION: CPU - Setting CPU[1] to 1401600
I/ThermalEngine( 1032): ACTION: CPU - Setting CPU[2] to 1401600
I/ThermalEngine( 1032): ACTION: CPU - Setting CPU[3] to 1401600
E/sensor_reg( 1041): sensor_reg_wait_for_response: Registry request timeout
E/sensor_reg( 1041): sensor_reg_read: sensor1 not available
E/qcom_sensors_hal( 1041): hal_init: Error in sensor_reg_read(): -4
E/libsensor1( 1041): sensor1_write: Error getting socket name fd: -1: Bad file number
E/sensor_reg( 1041): sensor_reg_write: sensor1_write returned 3
E/qcom_sensors_hal( 1041): hal_init: Error in sensor_reg_write(): -4
E/libsensor1( 1041): sensor1_write: Error getting socket name fd: -1: Bad file number
E/sensor_reg( 1041): sensor_reg_read: sensor1_write returned 3
E/qcom_sensors_hal( 1041): hal_check_ltcy_ssi_reg_flag: Error in sensor_reg_read() for reg flag: -4
E/libsensor1( 1041): sensor1_write: Error getting socket name fd: -1: Bad file number
E/sensor_reg( 1041): sensor_reg_read: sensor1_write returned 3
E/qcom_sensors_hal( 1041): hal_check_ltcy_ssi_reg_flag: Error in sensor_reg_read() for reg flag: -4
E/libsensor1( 1041): sensor1_write: Error getting socket name fd: -1: Bad file number
E/sensor_reg( 1041): sensor_reg_read: sensor1_write returned 3
E/qcom_sensors_hal( 1041): hal_check_ltcy_ssi_reg_flag: Error in sensor_reg_read() for reg flag: -4
E/libsensor1( 1041): sensor1_write: Error getting socket name fd: -1: Bad file number
E/sensor_reg( 1041): sensor_reg_read: sensor1_write returned 3
E/qcom_sensors_hal( 1041): hal_check_ltcy_ssi_reg_flag: Error in sensor_reg_read() for reg flag: -4
E/libsensor1( 1041): sensor1_write: Error getting socket name fd: -1: Bad file number
E/sensor_reg( 1041): sensor_reg_read: sensor1_write returned 3
E/qcom_sensors_hal( 1041): hal_check_ltcy_ssi_reg_flag: Error in sensor_reg_read() for reg flag: -4
W/sensor_reg( 1041): sensor_reg_rcv_msg: received RETRY_OPEN
I/ThermalEngine( 1032): Sensor:tsens_tz_sensor2:89000 mC
I/ThermalEngine( 1032): ACTION: CPU - Setting CPU[0] to 1497600
I/ThermalEngine( 1032): ACTION: CPU - Setting CPU[1] to 1497600
I/ThermalEngine( 1032): ACTION: CPU - Setting CPU[2] to 1497600
I/ThermalEngine( 1032): ACTION: CPU - Setting CPU[3] to 1497600
W/sensor_reg( 1041): sensor_reg_rcv_msg: sensor1_open returned 0
E/Sensors ( 1028): sns_sam.c(3145):Unsupported client request type message id 33
E/qcom_sensors_hal( 1041): hal_process_sam_gravity_resp: Msg 33; Result: 1, Error: 12
E/Sensors ( 1028): sns_sam.c(3145):Unsupported client request type message id 33
E/qcom_sensors_hal( 1041): hal_process_sam_gravity_resp: Msg 33; Result: 1, Error: 12
E/Sensors ( 1028): sns_sam.c(3145):Unsupported client request type message id 33
E/qcom_sensors_hal( 1041): hal_process_sam_rotation_vector_resp: Msg 33; Result: 1, Error: 12
E/Sensors ( 1028): sns_sam.c(3145):Unsupported client request type message id 33
E/qcom_sensors_hal( 1041): hal_process_sam_game_rotation_vector_resp: Msg 33; Result: 1, Error: 12
E/Sensors ( 1028): sns_sam.c(3145):Unsupported client request type message id 33
E/qcom_sensors_hal( 1041): hal_process_sam_orientation_resp: Msg 33; Result: 1, Error: 12
I/SensorService( 1041): LIS3DSH Accelerometer
I/SensorService( 1041): AKM Calibration Lib
I/SensorService( 1041): AK09911 Magnetometer Uncalibrated
I/SensorService( 1041): L3GD20 Gyroscope
I/SensorService( 1041): L3GD20 Gyroscope Uncalibrated
I/SensorService( 1041): APDS-9930/QPDS-T930 Proximity
I/SensorService( 1041): APDS-9930/QPDS-T930 Light
I/SensorService( 1041): Gravity
I/SensorService( 1041): Linear Acceleration
I/SensorService( 1041): Rotation Vector
I/SensorService( 1041): Significant Motion Detector
I/SensorService( 1041): Game Rotation Vector
I/SensorService( 1041): Orientation
D/SensorService( 1041): Max socket buffer size 1048576
D/SensorService( 1041): nuSensorService thread starting...
I/ThermalEngine( 1032): Sensor:tsens_tz_sensor2:92000 mC
I/ThermalEngine( 1032): ACTION: CPU - Setting CPU[0] to 1401600
I/ThermalEngine( 1032): ACTION: CPU - Setting CPU[1] to 1401600
I/ThermalEngine( 1032): ACTION: CPU - Setting CPU[2] to 1401600
I/ThermalEngine( 1032): ACTION: CPU - Setting CPU[3] to 1401600
I/ThermalEngine( 1032): Sensor:batt_temp:40400 mC
I/ThermalEngine( 1032): Sensor:tsens_tz_sensor2:93000 mC
I/ThermalEngine( 1032): ACTION: CPU - Setting CPU[0] to 1344000
I/ThermalEngine( 1032): ACTION: CPU - Setting CPU[1] to 1344000
I/ThermalEngine( 1032): ACTION: CPU - Setting CPU[2] to 1344000
I/ThermalEngine( 1032): ACTION: CPU - Setting CPU[3] to 1344000
I/ThermalEngine( 1032): Sensor:tsens_tz_sensor2:90000 mC
I/ThermalEngine( 1032): ACTION: CPU - Setting CPU[0] to 1401600
I/ThermalEngine( 1032): ACTION: CPU - Setting CPU[1] to 1401600
I/ThermalEngine( 1032): ACTION: CPU - Setting CPU[2] to 1401600
I/ThermalEngine( 1032): ACTION: CPU - Setting CPU[3] to 1401600
I/ThermalEngine( 1032): Sensor:tsens_tz_sensor2:92000 mC
I/ThermalEngine( 1032): ACTION: CPU - Setting CPU[0] to 1344000
I/ThermalEngine( 1032): ACTION: CPU - Setting CPU[1] to 1344000
I/ThermalEngine( 1032): ACTION: CPU - Setting CPU[2] to 1344000
I/ThermalEngine( 1032): ACTION: CPU - Setting CPU[3] to 1344000
I/ThermalEngine( 1032): Sensor:tsens_tz_sensor2:92000 mC
I/ThermalEngine( 1032): ACTION: CPU - Setting CPU[0] to 1305600
I/ThermalEngine( 1032): ACTION: CPU - Setting CPU[1] to 1305600
I/ThermalEngine( 1032): ACTION: CPU - Setting CPU[2] to 1305600
I/ThermalEngine( 1032): ACTION: CPU - Setting CPU[3] to 1305600
I/ThermalEngine( 1032): Sensor:batt_temp:40300 mC
I/ThermalEngine( 1032): Sensor:tsens_tz_sensor2:88000 mC
I/ThermalEngine( 1032): ACTION: CPU - Setting CPU[0] to 1344000
I/ThermalEngine( 1032): ACTION: CPU - Setting CPU[1] to 1344000
I/ThermalEngine( 1032): ACTION: CPU - Setting CPU[2] to 1344000
I/ThermalEngine( 1032): ACTION: CPU - Setting CPU[3] to 1344000
I/ThermalEngine( 1032): Sensor:tsens_tz_sensor2:87000 mC
I/ThermalEngine( 1032): ACTION: CPU - Setting CPU[0] to 1401600
I/ThermalEngine( 1032): ACTION: CPU - Setting CPU[1] to 1401600
I/ThermalEngine( 1032): ACTION: CPU - Setting CPU[2] to 1401600
I/ThermalEngine( 1032): ACTION: CPU - Setting CPU[3] to 1401600
I/ThermalEngine( 1032): Sensor:tsens_tz_sensor2:90000 mC
I/ThermalEngine( 1032): ACTION: CPU - Setting CPU[0] to 1497600
I/ThermalEngine( 1032): ACTION: CPU - Setting CPU[1] to 1497600
I/ThermalEngine( 1032): ACTION: CPU - Setting CPU[2] to 1497600
I/ThermalEngine( 1032): ACTION: CPU - Setting CPU[3] to 1497600
I/ThermalEngine( 1032): Sensor:tsens_tz_sensor2:93000 mC
I/ThermalEngine( 1032): ACTION: CPU - Setting CPU[0] to 1401600
I/ThermalEngine( 1032): ACTION: CPU - Setting CPU[1] to 1401600
I/ThermalEngine( 1032): ACTION: CPU - Setting CPU[2] to 1401600
I/ThermalEngine( 1032): ACTION: CPU - Setting CPU[3] to 1401600
I/ThermalEngine( 1032): Sensor:batt_temp:40500 mC
I/ThermalEngine( 1032): Sensor:tsens_tz_sensor2:93000 mC
I/ThermalEngine( 1032): ACTION: CPU - Setting CPU[0] to 1344000
I/ThermalEngine( 1032): ACTION: CPU - Setting CPU[1] to 1344000
I/ThermalEngine( 1032): ACTION: CPU - Setting CPU[2] to 1344000
I/ThermalEngine( 1032): ACTION: CPU - Setting CPU[3] to 1344000
I/UpstartPropertyWatcher(  985): Property changed: init.svc.ppd=running
I/UpstartPropertyWatcher(  985): Property changed: init.svc.quipc_igsn=running
I/UpstartPropertyWatcher(  985): Property changed: init.svc.xtwifi_inet=running
I/UpstartPropertyWatcher(  985): Property changed: init.svc.ppd=restarting
I/UpstartPropertyWatcher(  985): Property changed: init.svc.quipc_igsn=restarting
I/UpstartPropertyWatcher(  985): Property changed: init.svc.xtwifi_inet=restarting
I/ThermalEngine( 1032): Sensor:tsens_tz_sensor2:90000 mC
I/ThermalEngine( 1032): ACTION: CPU - Setting CPU[0] to 1401600
I/ThermalEngine( 1032): ACTION: CPU - Setting CPU[1] to 1401600
I/ThermalEngine( 1032): ACTION: CPU - Setting CPU[2] to 1401600
I/ThermalEngine( 1032): ACTION: CPU - Setting CPU[3] to 1401600
E/QCALOG  ( 1113): [MessageQ] ProcessNewMessage: [XTWWAN-PE] unknown deliver target [OS-Agent]
E/QCALOG  ( 1113): [MessageQ] ProcessNewMessage: [XT-CS] unknown deliver target [OS-Agent]
E/QCALOG  ( 1113): [MessageQ] ProcessNewMessage: [XTWiFi-PE] unknown deliver target [OS-Agent]
I/ThermalEngine( 1032): Sensor:tsens_tz_sensor2:91000 mC
I/ThermalEngine( 1032): ACTION: CPU - Setting CPU[0] to 1344000
I/ThermalEngine( 1032): ACTION: CPU - Setting CPU[1] to 1344000
I/ThermalEngine( 1032): ACTION: CPU - Setting CPU[2] to 1344000
I/ThermalEngine( 1032): ACTION: CPU - Setting CPU[3] to 1344000
I/ThermalEngine( 1032): Sensor:tsens_tz_sensor2:89000 mC
I/ThermalEngine( 1032): ACTION: CPU - Setting CPU[0] to 1401600
I/ThermalEngine( 1032): ACTION: CPU - Setting CPU[1] to 1401600
I/ThermalEngine( 1032): ACTION: CPU - Setting CPU[2] to 1401600
I/ThermalEngine( 1032): ACTION: CPU - Setting CPU[3] to 1401600
I/ThermalEngine( 1032): Sensor:batt_temp:40500 mC
I/ThermalEngine( 1032): Sensor:tsens_tz_sensor2:92000 mC
I/ThermalEngine( 1032): ACTION: CPU - Setting CPU[0] to 1344000
I/ThermalEngine( 1032): ACTION: CPU - Setting CPU[1] to 1344000
I/ThermalEngine( 1032): ACTION: CPU - Setting CPU[2] to 1344000
I/ThermalEngine( 1032): ACTION: CPU - Setting CPU[3] to 1344000
I/UpstartPropertyWatcher(  985): Property changed: init.svc.gsiff_daemon=running
I/UpstartPropertyWatcher(  985): Property changed: init.svc.quipc_main=running
I/ThermalEngine( 1032): Sensor:tsens_tz_sensor2:92000 mC
I/ThermalEngine( 1032): ACTION: CPU - Setting CPU[0] to 1305600
I/ThermalEngine( 1032): ACTION: CPU - Setting CPU[1] to 1305600
I/ThermalEngine( 1032): ACTION: CPU - Setting CPU[2] to 1305600
I/ThermalEngine( 1032): ACTION: CPU - Setting CPU[3] to 1305600
I/UpstartPropertyWatcher(  985): Property changed: init.svc.gsiff_daemon=restarting
I/UpstartPropertyWatcher(  985): Property changed: init.svc.quipc_main=restarting
I/ThermalEngine( 1032): Sensor:tsens_tz_sensor2:88000 mC
I/ThermalEngine( 1032): ACTION: CPU - Setting CPU[0] to 1344000
I/ThermalEngine( 1032): ACTION: CPU - Setting CPU[1] to 1344000
I/ThermalEngine( 1032): ACTION: CPU - Setting CPU[2] to 1344000
I/ThermalEngine( 1032): ACTION: CPU - Setting CPU[3] to 1344000
I/ThermalEngine( 1032): Sensor:tsens_tz_sensor2:87000 mC
I/ThermalEngine( 1032): ACTION: CPU - Setting CPU[0] to 1401600
I/ThermalEngine( 1032): ACTION: CPU - Setting CPU[1] to 1401600
I/ThermalEngine( 1032): ACTION: CPU - Setting CPU[2] to 1401600
I/ThermalEngine( 1032): ACTION: CPU - Setting CPU[3] to 1401600
I/ThermalEngine( 1032): Sensor:batt_temp:40500 mC
I/ThermalEngine( 1032): Sensor:tsens_tz_sensor2:91000 mC
I/ThermalEngine( 1032): ACTION: CPU - Setting CPU[0] to 1344000
I/ThermalEngine( 1032): ACTION: CPU - Setting CPU[1] to 1344000
I/ThermalEngine( 1032): ACTION: CPU - Setting CPU[2] to 1344000
I/ThermalEngine( 1032): ACTION: CPU - Setting CPU[3] to 1344000
I/ThermalEngine( 1032): Sensor:tsens_tz_sensor2:88000 mC
I/ThermalEngine( 1032): ACTION: CPU - Setting CPU[0] to 1401600
I/ThermalEngine( 1032): ACTION: CPU - Setting CPU[1] to 1401600
I/ThermalEngine( 1032): ACTION: CPU - Setting CPU[2] to 1401600
I/ThermalEngine( 1032): ACTION: CPU - Setting CPU[3] to 1401600
I/ThermalEngine( 1032): Sensor:tsens_tz_sensor2:88000 mC
I/ThermalEngine( 1032): ACTION: CPU - Setting CPU[0] to 1497600
I/ThermalEngine( 1032): ACTION: CPU - Setting CPU[1] to 1497600
I/ThermalEngine( 1032): ACTION: CPU - Setting CPU[2] to 1497600
I/ThermalEngine( 1032): ACTION: CPU - Setting CPU[3] to 1497600
I/ThermalEngine( 1032): Sensor:tsens_tz_sensor2:92000 mC
I/ThermalEngine( 1032): ACTION: CPU - Setting CPU[0] to 1401600
I/ThermalEngine( 1032): ACTION: CPU - Setting CPU[1] to 1401600
I/ThermalEngine( 1032): ACTION: CPU - Setting CPU[2] to 1401600
I/ThermalEngine( 1032): ACTION: CPU - Setting CPU[3] to 1401600
I/ThermalEngine( 1032): Sensor:batt_temp:40600 mC
I/ThermalEngine( 1032): Sensor:tsens_tz_sensor2:92000 mC
I/ThermalEngine( 1032): ACTION: CPU - Setting CPU[0] to 1344000
I/ThermalEngine( 1032): ACTION: CPU - Setting CPU[1] to 1344000
I/ThermalEngine( 1032): ACTION: CPU - Setting CPU[2] to 1344000
I/ThermalEngine( 1032): ACTION: CPU - Setting CPU[3] to 1344000
I/ThermalEngine( 1032): Sensor:tsens_tz_sensor2:90000 mC
I/ThermalEngine( 1032): ACTION: CPU - Setting CPU[0] to 1401600
I/ThermalEngine( 1032): ACTION: CPU - Setting CPU[1] to 1401600
I/ThermalEngine( 1032): ACTION: CPU - Setting CPU[2] to 1401600
I/ThermalEngine( 1032): ACTION: CPU - Setting CPU[3] to 1401600
I/ThermalEngine( 1032): Sensor:tsens_tz_sensor2:90000 mC
I/ThermalEngine( 1032): ACTION: CPU - Setting CPU[0] to 1497600
I/ThermalEngine( 1032): ACTION: CPU - Setting CPU[1] to 1497600
I/ThermalEngine( 1032): ACTION: CPU - Setting CPU[2] to 1497600
I/ThermalEngine( 1032): ACTION: CPU - Setting CPU[3] to 1497600
I/ThermalEngine( 1032): Sensor:tsens_tz_sensor2:93000 mC
I/ThermalEngine( 1032): ACTION: CPU - Setting CPU[0] to 1401600
I/ThermalEngine( 1032): ACTION: CPU - Setting CPU[1] to 1401600
I/ThermalEngine( 1032): ACTION: CPU - Setting CPU[2] to 1401600
I/ThermalEngine( 1032): ACTION: CPU - Setting CPU[3] to 1401600
I/ThermalEngine( 1032): Sensor:batt_temp:40600 mC
I/ThermalEngine( 1032): Sensor:tsens_tz_sensor2:94000 mC
I/ThermalEngine( 1032): ACTION: CPU - Setting CPU[0] to 1344000
I/ThermalEngine( 1032): ACTION: CPU - Setting CPU[1] to 1344000
I/ThermalEngine( 1032): ACTION: CPU - Setting CPU[2] to 1344000
I/ThermalEngine( 1032): ACTION: CPU - Setting CPU[3] to 1344000
I/ThermalEngine( 1032): Sensor:tsens_tz_sensor2:91000 mC
I/ThermalEngine( 1032): ACTION: CPU - Setting CPU[0] to 1305600
I/ThermalEngine( 1032): ACTION: CPU - Setting CPU[1] to 1305600
I/ThermalEngine( 1032): ACTION: CPU - Setting CPU[2] to 1305600
I/ThermalEngine( 1032): ACTION: CPU - Setting CPU[3] to 1305600
I/ThermalEngine( 1032): Sensor:tsens_tz_sensor2:88000 mC
I/ThermalEngine( 1032): ACTION: CPU - Setting CPU[0] to 1344000
I/ThermalEngine( 1032): ACTION: CPU - Setting CPU[1] to 1344000
I/ThermalEngine( 1032): ACTION: CPU - Setting CPU[2] to 1344000
I/ThermalEngine( 1032): ACTION: CPU - Setting CPU[3] to 1344000
I/ThermalEngine( 1032): Sensor:tsens_tz_sensor2:88000 mC
I/ThermalEngine( 1032): ACTION: CPU - Setting CPU[0] to 1401600
I/ThermalEngine( 1032): ACTION: CPU - Setting CPU[1] to 1401600
I/ThermalEngine( 1032): ACTION: CPU - Setting CPU[2] to 1401600
I/ThermalEngine( 1032): ACTION: CPU - Setting CPU[3] to 1401600
I/ThermalEngine( 1032): Sensor:batt_temp:40600 mC
I/ThermalEngine( 1032): Sensor:tsens_tz_sensor2:88000 mC
I/ThermalEngine( 1032): ACTION: CPU - Setting CPU[0] to 1497600
I/ThermalEngine( 1032): ACTION: CPU - Setting CPU[1] to 1497600
I/ThermalEngine( 1032): ACTION: CPU - Setting CPU[2] to 1497600
I/ThermalEngine( 1032): ACTION: CPU - Setting CPU[3] to 1497600
I/ThermalEngine( 1032): Sensor:tsens_tz_sensor2:93000 mC
I/ThermalEngine( 1032): ACTION: CPU - Setting CPU[0] to 1401600
I/ThermalEngine( 1032): ACTION: CPU - Setting CPU[1] to 1401600
I/ThermalEngine( 1032): ACTION: CPU - Setting CPU[2] to 1401600
I/ThermalEngine( 1032): ACTION: CPU - Setting CPU[3] to 1401600
I/UpstartPropertyWatcher(  985): Property changed: init.svc.ppd=running
I/UpstartPropertyWatcher(  985): Property changed: init.svc.quipc_igsn=running
I/UpstartPropertyWatcher(  985): Property changed: init.svc.xtwifi_inet=running
I/UpstartPropertyWatcher(  985): Property changed: init.svc.quipc_igsn=restarting
I/UpstartPropertyWatcher(  985): Property changed: init.svc.xtwifi_inet=restarting
I/UpstartPropertyWatcher(  985): Property changed: init.svc.ppd=restarting
E/QCALOG  ( 1113): [MessageQ] ProcessNewMessage: [XTWWAN-PE] unknown deliver target [OS-Agent]
E/QCALOG  ( 1113): [MessageQ] ProcessNewMessage: [XT-CS] unknown deliver target [OS-Agent]
E/QCALOG  ( 1113): [MessageQ] ProcessNewMessage: [XTWiFi-PE] unknown deliver target [OS-Agent]
I/ThermalEngine( 1032): Sensor:tsens_tz_sensor2:94000 mC
I/ThermalEngine( 1032): ACTION: CPU - Setting CPU[0] to 1344000
I/ThermalEngine( 1032): ACTION: CPU - Setting CPU[1] to 1344000
I/ThermalEngine( 1032): ACTION: CPU - Setting CPU[2] to 1344000
I/ThermalEngine( 1032): ACTION: CPU - Setting CPU[3] to 1344000
I/ThermalEngine( 1032): Sensor:tsens_tz_sensor2:90000 mC
I/ThermalEngine( 1032): ACTION: CPU - Setting CPU[0] to 1401600
I/ThermalEngine( 1032): ACTION: CPU - Setting CPU[1] to 1401600
I/ThermalEngine( 1032): ACTION: CPU - Setting CPU[2] to 1401600
I/ThermalEngine( 1032): ACTION: CPU - Setting CPU[3] to 1401600
I/ThermalEngine( 1032): Sensor:tsens_tz_sensor2:90000 mC
I/ThermalEngine( 1032): ACTION: CPU - Setting CPU[0] to 1497600
I/ThermalEngine( 1032): ACTION: CPU - Setting CPU[1] to 1497600
I/ThermalEngine( 1032): ACTION: CPU - Setting CPU[2] to 1497600
I/ThermalEngine( 1032): ACTION: CPU - Setting CPU[3] to 1497600
I/ThermalEngine( 1032): Sensor:batt_temp:40600 mC
I/ThermalEngine( 1032): Sensor:tsens_tz_sensor2:93000 mC
I/ThermalEngine( 1032): ACTION: CPU - Setting CPU[0] to 1401600
I/ThermalEngine( 1032): ACTION: CPU - Setting CPU[1] to 1401600
I/ThermalEngine( 1032): ACTION: CPU - Setting CPU[2] to 1401600
I/ThermalEngine( 1032): ACTION: CPU - Setting CPU[3] to 1401600
I/ThermalEngine( 1032): Sensor:tsens_tz_sensor5:90000 mC
I/ThermalEngine( 1032): Sensor:tsens_tz_sensor5:90000 mC
I/UpstartPropertyWatcher(  985): Property changed: init.svc.gsiff_daemon=running
I/UpstartPropertyWatcher(  985): Property changed: init.svc.quipc_main=running
I/ThermalEngine( 1032): Sensor:tsens_tz_sensor2:95000 mC
I/ThermalEngine( 1032): ACTION: CPU - Setting CPU[0] to 1344000
I/ThermalEngine( 1032): ACTION: CPU - Setting CPU[1] to 1344000
I/ThermalEngine( 1032): ACTION: CPU - Setting CPU[2] to 1344000
I/ThermalEngine( 1032): ACTION: CPU - Setting CPU[3] to 1344000
I/ThermalEngine( 1032): Sensor:tsens_tz_sensor5:90000 mC
I/UpstartPropertyWatcher(  985): Property changed: init.svc.gsiff_daemon=restarting
I/UpstartPropertyWatcher(  985): Property changed: init.svc.quipc_main=restarting
I/ThermalEngine( 1032): Sensor:tsens_tz_sensor2:91000 mC
I/ThermalEngine( 1032): ACTION: CPU - Setting CPU[0] to 1305600
I/ThermalEngine( 1032): ACTION: CPU - Setting CPU[1] to 1305600
I/ThermalEngine( 1032): ACTION: CPU - Setting CPU[2] to 1305600
I/ThermalEngine( 1032): ACTION: CPU - Setting CPU[3] to 1305600
I/ThermalEngine( 1032): Sensor:tsens_tz_sensor5:88000 mC
I/ThermalEngine( 1032): Sensor:tsens_tz_sensor2:88000 mC
I/ThermalEngine( 1032): ACTION: CPU - Setting CPU[0] to 1344000
I/ThermalEngine( 1032): ACTION: CPU - Setting CPU[1] to 1344000
I/ThermalEngine( 1032): ACTION: CPU - Setting CPU[2] to 1344000
I/ThermalEngine( 1032): ACTION: CPU - Setting CPU[3] to 1344000
I/ThermalEngine( 1032): Sensor:tsens_tz_sensor5:85000 mC
I/ThermalEngine( 1032): Sensor:batt_temp:40600 mC
I/ThermalEngine( 1032): Sensor:tsens_tz_sensor2:88000 mC
I/ThermalEngine( 1032): ACTION: CPU - Setting CPU[0] to 1401600
I/ThermalEngine( 1032): ACTION: CPU - Setting CPU[1] to 1401600
I/ThermalEngine( 1032): ACTION: CPU - Setting CPU[2] to 1401600
I/ThermalEngine( 1032): ACTION: CPU - Setting CPU[3] to 1401600
I/ThermalEngine( 1032): Sensor:tsens_tz_sensor5:85000 mC
I/ThermalEngine( 1032): Sensor:tsens_tz_sensor2:87000 mC
I/ThermalEngine( 1032): ACTION: CPU - Setting CPU[0] to 1497600
I/ThermalEngine( 1032): ACTION: CPU - Setting CPU[1] to 1497600
I/ThermalEngine( 1032): ACTION: CPU - Setting CPU[2] to 1497600
I/ThermalEngine( 1032): ACTION: CPU - Setting CPU[3] to 1497600
I/ThermalEngine( 1032): Sensor:tsens_tz_sensor5:85000 mC
I/ThermalEngine( 1032): Sensor:tsens_tz_sensor2:89000 mC
I/ThermalEngine( 1032): ACTION: CPU - Setting CPU[0] to 1593600
I/ThermalEngine( 1032): ACTION: CPU - Setting CPU[1] to 1593600
I/ThermalEngine( 1032): ACTION: CPU - Setting CPU[2] to 1593600
I/ThermalEngine( 1032): ACTION: CPU - Setting CPU[3] to 1593600
I/ThermalEngine( 1032): Sensor:tsens_tz_sensor5:85000 mC
I/ThermalEngine( 1032): Sensor:tsens_tz_sensor2:90000 mC
I/ThermalEngine( 1032): Sensor:tsens_tz_sensor5:84000 mC
I/ThermalEngine( 1032): Sensor:batt_temp:40600 mC
I/ThermalEngine( 1032): Sensor:tsens_tz_sensor2:91000 mC
I/ThermalEngine( 1032): ACTION: CPU - Setting CPU[0] to 1497600
I/ThermalEngine( 1032): ACTION: CPU - Setting CPU[1] to 1497600
I/ThermalEngine( 1032): ACTION: CPU - Setting CPU[2] to 1497600
I/ThermalEngine( 1032): ACTION: CPU - Setting CPU[3] to 1497600
I/ThermalEngine( 1032): Sensor:tsens_tz_sensor5:88000 mC
I/ThermalEngine( 1032): Sensor:tsens_tz_sensor2:91000 mC
I/ThermalEngine( 1032): ACTION: CPU - Setting CPU[0] to 1401600
I/ThermalEngine( 1032): ACTION: CPU - Setting CPU[1] to 1401600
I/ThermalEngine( 1032): ACTION: CPU - Setting CPU[2] to 1401600
I/ThermalEngine( 1032): ACTION: CPU - Setting CPU[3] to 1401600
I/ThermalEngine( 1032): Sensor:tsens_tz_sensor5:88000 mC
I/ThermalEngine( 1032): Sensor:tsens_tz_sensor2:91000 mC
I/ThermalEngine( 1032): ACTION: CPU - Setting CPU[0] to 1344000
I/ThermalEngine( 1032): ACTION: CPU - Setting CPU[1] to 1344000
I/ThermalEngine( 1032): ACTION: CPU - Setting CPU[2] to 1344000
I/ThermalEngine( 1032): ACTION: CPU - Setting CPU[3] to 1344000
I/ThermalEngine( 1032): Sensor:tsens_tz_sensor5:88000 mC
I/ThermalEngine( 1032): Sensor:tsens_tz_sensor2:86000 mC
I/ThermalEngine( 1032): ACTION: CPU - Setting CPU[0] to 1401600
I/ThermalEngine( 1032): ACTION: CPU - Setting CPU[1] to 1401600
I/ThermalEngine( 1032): ACTION: CPU - Setting CPU[2] to 1401600
I/ThermalEngine( 1032): ACTION: CPU - Setting CPU[3] to 1401600
I/ThermalEngine( 1032): Sensor:tsens_tz_sensor5:85000 mC
I/ThermalEngine( 1032): Sensor:batt_temp:40600 mC
I/ThermalEngine( 1032): Sensor:tsens_tz_sensor2:85000 mC
I/ThermalEngine( 1032): ACTION: CPU - Setting CPU[0] to 1497600
I/ThermalEngine( 1032): ACTION: CPU - Setting CPU[1] to 1497600
I/ThermalEngine( 1032): ACTION: CPU - Setting CPU[2] to 1497600
I/ThermalEngine( 1032): ACTION: CPU - Setting CPU[3] to 1497600
I/ThermalEngine( 1032): Sensor:tsens_tz_sensor5:84000 mC
I/ThermalEngine( 1032): Sensor:tsens_tz_sensor2:83000 mC
I/ThermalEngine( 1032): ACTION: CPU - Setting CPU[0] to 1593600
I/ThermalEngine( 1032): ACTION: CPU - Setting CPU[1] to 1593600
I/ThermalEngine( 1032): ACTION: CPU - Setting CPU[2] to 1593600
I/ThermalEngine( 1032): ACTION: CPU - Setting CPU[3] to 1593600
I/ThermalEngine( 1032): Sensor:tsens_tz_sensor5:83000 mC
I/ThermalEngine( 1032): Sensor:tsens_tz_sensor2:83000 mC
I/ThermalEngine( 1032): Sensor:tsens_tz_sensor5:83000 mC
I/ThermalEngine( 1032): Sensor:tsens_tz_sensor2:88000 mC
I/ThermalEngine( 1032): Sensor:tsens_tz_sensor5:85000 mC
I/ThermalEngine( 1032): Sensor:batt_temp:40600 mC
I/UpstartPropertyWatcher(  985): Property changed: init.svc.ppd=running
I/UpstartPropertyWatcher(  985): Property changed: init.svc.quipc_igsn=running
I/UpstartPropertyWatcher(  985): Property changed: init.svc.xtwifi_inet=running
I/UpstartPropertyWatcher(  985): Property changed: init.svc.xtwifi_inet=restarting
I/UpstartPropertyWatcher(  985): Property changed: init.svc.quipc_igsn=restarting
I/ThermalEngine( 1032): Sensor:tsens_tz_sensor2:88000 mC
I/ThermalEngine( 1032): Sensor:tsens_tz_sensor5:86000 mC
I/UpstartPropertyWatcher(  985): Property changed: init.svc.ppd=restarting
E/QCALOG  ( 1113): [MessageQ] ProcessNewMessage: [XTWWAN-PE] unknown deliver target [OS-Agent]
E/QCALOG  ( 1113): [MessageQ] ProcessNewMessage: [XT-CS] unknown deliver target [OS-Agent]
E/QCALOG  ( 1113): [MessageQ] ProcessNewMessage: [XTWiFi-PE] unknown deliver target [OS-Agent]
I/ThermalEngine( 1032): Sensor:tsens_tz_sensor2:90000 mC
I/ThermalEngine( 1032): Sensor:tsens_tz_sensor5:87000 mC
I/ThermalEngine( 1032): Sensor:tsens_tz_sensor2:90000 mC
I/ThermalEngine( 1032): Sensor:tsens_tz_sensor5:86000 mC
I/ThermalEngine( 1032): Sensor:tsens_tz_sensor2:90000 mC
I/ThermalEngine( 1032): Sensor:tsens_tz_sensor5:86000 mC
I/ThermalEngine( 1032): Sensor:batt_temp:40700 mC
I/UpstartPropertyWatcher(  985): Property changed: init.svc.gsiff_daemon=running
I/UpstartPropertyWatcher(  985): Property changed: init.svc.quipc_main=running
V/MediaCodecList( 2177): size_t media_codec_list_count_codecs() 
V/MediaCodecList( 2177): void media_codec_list_get_codec_info_at_id(size_t) 
V/MediaCodecList( 2177): const char* media_codec_list_get_codec_name(size_t) 
V/MediaCodecList( 2177): void media_codec_list_get_codec_info_at_id(size_t) 
V/MediaCodecList( 2177): const char* media_codec_list_get_codec_name(size_t) 
V/MediaCodecList( 2177): bool media_codec_list_is_encoder(size_t) 
V/MediaCodecList( 2177): size_t media_codec_list_get_num_supported_types(size_t) 
D/MediaCodecList( 2177): Number of supported codec types: 1
V/MediaCodecList( 2177): size_t media_codec_list_get_nth_supported_type_len(size_t, size_t) 
V/MediaCodecList( 2177): int media_codec_list_get_nth_supported_type(size_t, char*, size_t) 
V/MediaCodecList( 2177): size_t media_codec_list_get_num_color_formats(size_t, const char*) 
V/MediaCodecList( 2177): void media_codec_list_get_num_codec_capabilities(size_t, const char*, size_t*, size_t*) 
D/MediaCodecList( 2177): index: 1, type: 'audio/evrc'
I/OMXClient( 2177): Using client-side OMX mux.
I/OMXClient( 2177): Allocating remote Node (false remote).
E/OMXMaster( 2177): A component of name 'OMX.qcom.audio.decoder.aac' already exists, ignoring this one.
E/QC_EVRCENC( 2177):  component init: role = OMX.qcom.audio.encoder.evrc
I/QC_EVRCENC( 2177):  component init: role = OMX.qcom.audio.encoder.evrc
I/QC_EVRCENC( 2177): 
I/QC_EVRCENC( 2177): component_init: Component OMX.qcom.audio.encoder.evrc LOADED 
I/QC_EVRCENC( 2177): Driver in Non Tunnel mode open
E/QC_EVRCENC( 2177): unknown param 0600000f
E/QC_EVRCENC( 2177): unknown param 06000001
I/QC_EVRCENC( 2177): Returning the state 1
I/QC_EVRCENC( 2177): Returning the state 1
I/QC_EVRCENC( 2177): Component-deinit being processed
I/QC_EVRCENC( 2177): ********************************
I/QC_EVRCENC( 2177): STATS: in-buf-len[0]out-buf-len[0] tot-pb-time[0]
I/QC_EVRCENC( 2177): STATS: fbd-cnt[0]ftb-cnt[0]etb-cnt[0]ebd-cnt[0]
I/QC_EVRCENC( 2177): ************************************
I/QC_EVRCENC( 2177):  DEINIT COMPLETED
I/QC_EVRCENC( 2177): ************************************
E/QC_EVRCENC( 2177): component_deinit:COMPONENT DEINIT...
E/QC_EVRCENC( 2177): EVRC Object getting destroyed comp-deinit=1
E/QC_EVRCENC( 2177): OMX EVRC component destroyed
D/MediaCodecList( 2177): Number of codec color formats: 0
V/MediaCodecList( 2177): void media_codec_list_get_codec_info_at_id(size_t) 
V/MediaCodecList( 2177): const char* media_codec_list_get_codec_name(size_t) 
V/MediaCodecList( 2177): void media_codec_list_get_codec_info_at_id(size_t) 
V/MediaCodecList( 2177): const char* media_codec_list_get_codec_name(size_t) 
V/MediaCodecList( 2177): bool media_codec_list_is_encoder(size_t) 
V/MediaCodecList( 2177): size_t media_codec_list_get_num_supported_types(size_t) 
D/MediaCodecList( 2177): Number of supported codec types: 1
V/MediaCodecList( 2177): size_t media_codec_list_get_nth_supported_type_len(size_t, size_t) 
V/MediaCodecList( 2177): int media_codec_list_get_nth_supported_type(size_t, char*, size_t) 
V/MediaCodecList( 2177): size_t media_codec_list_get_num_color_formats(size_t, const char*) 
V/MediaCodecList( 2177): void media_codec_list_get_num_codec_capabilities(size_t, const char*, size_t*, size_t*) 
D/MediaCodecList( 2177): index: 3, type: 'audio/qcelp'
I/OMXClient( 2177): Using client-side OMX mux.
I/OMXClient( 2177): Allocating remote Node (false remote).
I/UpstartPropertyWatcher(  985): Property changed: init.svc.quipc_main=restarting
E/OMXMaster( 2177): A component of name 'OMX.qcom.audio.decoder.aac' already exists, ignoring this one.
E/QC_QCELP13ENC( 2177):  component init: role = OMX.qcom.audio.encoder.qcelp13
I/QC_QCELP13ENC( 2177):  component init: role = OMX.qcom.audio.encoder.qcelp13
I/QC_QCELP13ENC( 2177): 
I/QC_QCELP13ENC( 2177): component_init: Component OMX.qcom.audio.encoder.qcelp13 LOADED 
I/UpstartPropertyWatcher(  985): Property changed: init.svc.gsiff_daemon=restarting
I/QC_QCELP13ENC( 2177): Driver in Non Tunnel mode open
E/QC_QCELP13ENC( 2177): unknown param 0600000f
E/QC_QCELP13ENC( 2177): unknown param 06000001
I/QC_QCELP13ENC( 2177): Returning the state 1
I/QC_QCELP13ENC( 2177): Returning the state 1
I/QC_QCELP13ENC( 2177): Component-deinit being processed
I/QC_QCELP13ENC( 2177): ********************************
I/QC_QCELP13ENC( 2177): STATS: in-buf-len[0]out-buf-len[0] tot-pb-time[0]
I/QC_QCELP13ENC( 2177): STATS: fbd-cnt[0]ftb-cnt[0]etb-cnt[0]ebd-cnt[0]
I/QC_QCELP13ENC( 2177): ************************************
I/QC_QCELP13ENC( 2177):  DEINIT COMPLETED
I/QC_QCELP13ENC( 2177): ************************************
E/QC_QCELP13ENC( 2177): component_deinit:COMPONENT DEINIT...
E/QC_QCELP13ENC( 2177): QCELP13 Object getting destroyed comp-deinit=1
E/QC_QCELP13ENC( 2177): OMX QCELP13 component destroyed
D/MediaCodecList( 2177): Number of codec color formats: 0
V/MediaCodecList( 2177): void media_codec_list_get_codec_info_at_id(size_t) 
V/MediaCodecList( 2177): const char* media_codec_list_get_codec_name(size_t) 
V/MediaCodecList( 2177): void media_codec_list_get_codec_info_at_id(size_t) 
V/MediaCodecList( 2177): const char* media_codec_list_get_codec_name(size_t) 
V/MediaCodecList( 2177): void media_codec_list_get_codec_info_at_id(size_t) 
V/MediaCodecList( 2177): const char* media_codec_list_get_codec_name(size_t) 
V/MediaCodecList( 2177): void media_codec_list_get_codec_info_at_id(size_t) 
V/MediaCodecList( 2177): const char* media_codec_list_get_codec_name(size_t) 
V/MediaCodecList( 2177): bool media_codec_list_is_encoder(size_t) 
V/MediaCodecList( 2177): size_t media_codec_list_get_num_supported_types(size_t) 
D/MediaCodecList( 2177): Number of supported codec types: 1
V/MediaCodecList( 2177): size_t media_codec_list_get_nth_supported_type_len(size_t, size_t) 
V/MediaCodecList( 2177): int media_codec_list_get_nth_supported_type(size_t, char*, size_t) 
V/MediaCodecList( 2177): size_t media_codec_list_get_num_color_formats(size_t, const char*) 
V/MediaCodecList( 2177): void media_codec_list_get_num_codec_capabilities(size_t, const char*, size_t*, size_t*) 
D/MediaCodecList( 2177): index: 7, type: 'video/avc'
I/OMXClient( 2177): Using client-side OMX mux.
I/OMXClient( 2177): Allocating remote Node (false remote).
E/OMXMaster( 2177): A component of name 'OMX.qcom.audio.decoder.aac' already exists, ignoring this one.
E/MediaCodecList( 2177): Failed to get the number of supported codec capabilities (err: -2147483648)
V/MediaCodecList( 2177): void media_codec_list_get_codec_info_at_id(size_t) 
V/MediaCodecList( 2177): const char* media_codec_list_get_codec_name(size_t) 
V/MediaCodecList( 2177): bool media_codec_list_is_encoder(size_t) 
V/MediaCodecList( 2177): size_t media_codec_list_get_num_supported_types(size_t) 
D/MediaCodecList( 2177): Number of supported codec types: 1
V/MediaCodecList( 2177): size_t media_codec_list_get_nth_supported_type_len(size_t, size_t) 
V/MediaCodecList( 2177): int media_codec_list_get_nth_supported_type(size_t, char*, size_t) 
V/MediaCodecList( 2177): size_t media_codec_list_get_num_color_formats(size_t, const char*) 
V/MediaCodecList( 2177): void media_codec_list_get_num_codec_capabilities(size_t, const char*, size_t*, size_t*) 
D/MediaCodecList( 2177): index: 8, type: 'video/mp4v-es'
I/OMXClient( 2177): Using client-side OMX mux.
I/OMXClient( 2177): Allocating remote Node (false remote).
E/OMXMaster( 2177): A component of name 'OMX.qcom.audio.decoder.aac' already exists, ignoring this one.
E/MediaCodecList( 2177): Failed to get the number of supported codec capabilities (err: -2147483648)
V/MediaCodecList( 2177): void media_codec_list_get_codec_info_at_id(size_t) 
V/MediaCodecList( 2177): const char* media_codec_list_get_codec_name(size_t) 
V/MediaCodecList( 2177): bool media_codec_list_is_encoder(size_t) 
V/MediaCodecList( 2177): size_t media_codec_list_get_num_supported_types(size_t) 
D/MediaCodecList( 2177): Number of supported codec types: 1
V/MediaCodecList( 2177): size_t media_codec_list_get_nth_supported_type_len(size_t, size_t) 
V/MediaCodecList( 2177): int media_codec_list_get_nth_supported_type(size_t, char*, size_t) 
V/MediaCodecList( 2177): size_t media_codec_list_get_num_color_formats(size_t, const char*) 
V/MediaCodecList( 2177): void media_codec_list_get_num_codec_capabilities(size_t, const char*, size_t*, size_t*) 
D/MediaCodecList( 2177): index: 9, type: 'video/3gpp'
I/OMXClient( 2177): Using client-side OMX mux.
I/OMXClient( 2177): Allocating remote Node (false remote).
E/OMXMaster( 2177): A component of name 'OMX.qcom.audio.decoder.aac' already exists, ignoring this one.
E/MediaCodecList( 2177): Failed to get the number of supported codec capabilities (err: -2147483648)
V/MediaCodecList( 2177): void media_codec_list_get_codec_info_at_id(size_t) 
V/MediaCodecList( 2177): const char* media_codec_list_get_codec_name(size_t) 
V/MediaCodecList( 2177): void media_codec_list_get_codec_info_at_id(size_t) 
V/MediaCodecList( 2177): const char* media_codec_list_get_codec_name(size_t) 
V/MediaCodecList( 2177): void media_codec_list_get_codec_info_at_id(size_t) 
V/MediaCodecList( 2177): const char* media_codec_list_get_codec_name(size_t) 
V/MediaCodecList( 2177): void media_codec_list_get_codec_info_at_id(size_t) 
V/MediaCodecList( 2177): const char* media_codec_list_get_codec_name(size_t) 
V/MediaCodecList( 2177): bool media_codec_list_is_encoder(size_t) 
V/MediaCodecList( 2177): size_t media_codec_list_get_num_supported_types(size_t) 
D/MediaCodecList( 2177): Number of supported codec types: 1
V/MediaCodecList( 2177): size_t media_codec_list_get_nth_supported_type_len(size_t, size_t) 
V/MediaCodecList( 2177): int media_codec_list_get_nth_supported_type(size_t, char*, size_t) 
V/MediaCodecList( 2177): size_t media_codec_list_get_num_color_formats(size_t, const char*) 
V/MediaCodecList( 2177): void media_codec_list_get_num_codec_capabilities(size_t, const char*, size_t*, size_t*) 
D/MediaCodecList( 2177): index: 13, type: 'audio/x-ms-wma'
I/OMXClient( 2177): Using client-side OMX mux.
I/OMXClient( 2177): Allocating remote Node (false remote).
E/OMXMaster( 2177): A component of name 'OMX.qcom.audio.decoder.aac' already exists, ignoring this one.
E/QC_WMADEC( 2177):  component init: role = OMX.qcom.audio.decoder.wma
E/QC_WMADEC( 2177): unknown param 0600000f
E/QC_WMADEC( 2177): unknown param 06000001
E/QC_WMADEC( 2177): COMPONENT DEINIT...
E/QC_WMADEC( 2177): OMX WMA component destroyed
D/MediaCodecList( 2177): Number of codec color formats: 0
V/MediaCodecList( 2177): void media_codec_list_get_codec_info_at_id(size_t) 
V/MediaCodecList( 2177): const char* media_codec_list_get_codec_name(size_t) 
V/MediaCodecList( 2177): bool media_codec_list_is_encoder(size_t) 
V/MediaCodecList( 2177): size_t media_codec_list_get_num_supported_types(size_t) 
D/MediaCodecList( 2177): Number of supported codec types: 1
V/MediaCodecList( 2177): size_t media_codec_list_get_nth_supported_type_len(size_t, size_t) 
V/MediaCodecList( 2177): int media_codec_list_get_nth_supported_type(size_t, char*, size_t) 
V/MediaCodecList( 2177): size_t media_codec_list_get_num_color_formats(size_t, const char*) 
V/MediaCodecList( 2177): void media_codec_list_get_num_codec_capabilities(size_t, const char*, size_t*, size_t*) 
D/MediaCodecList( 2177): index: 14, type: 'audio/x-ms-wma'
I/OMXClient( 2177): Using client-side OMX mux.
I/OMXClient( 2177): Allocating remote Node (false remote).
E/OMXMaster( 2177): A component of name 'OMX.qcom.audio.decoder.aac' already exists, ignoring this one.
E/QC_WMADEC( 2177):  component init: role = OMX.qcom.audio.decoder.wmaLossLess
E/QC_WMADEC( 2177): unknown param 0600000f
E/QC_WMADEC( 2177): unknown param 06000001
E/QC_WMADEC( 2177): COMPONENT DEINIT...
E/QC_WMADEC( 2177): OMX WMA component destroyed
D/MediaCodecList( 2177): Number of codec color formats: 0
V/MediaCodecList( 2177): void media_codec_list_get_codec_info_at_id(size_t) 
V/MediaCodecList( 2177): const char* media_codec_list_get_codec_name(size_t) 
V/MediaCodecList( 2177): bool media_codec_list_is_encoder(size_t) 
V/MediaCodecList( 2177): size_t media_codec_list_get_num_supported_types(size_t) 
D/MediaCodecList( 2177): Number of supported codec types: 1
V/MediaCodecList( 2177): size_t media_codec_list_get_nth_supported_type_len(size_t, size_t) 
V/MediaCodecList( 2177): int media_codec_list_get_nth_supported_type(size_t, char*, size_t) 
V/MediaCodecList( 2177): size_t media_codec_list_get_num_color_formats(size_t, const char*) 
V/MediaCodecList( 2177): void media_codec_list_get_num_codec_capabilities(size_t, const char*, size_t*, size_t*) 
D/MediaCodecList( 2177): index: 15, type: 'audio/x-ms-wma'
I/OMXClient( 2177): Using client-side OMX mux.
I/OMXClient( 2177): Allocating remote Node (false remote).
E/OMXMaster( 2177): A component of name 'OMX.qcom.audio.decoder.aac' already exists, ignoring this one.
E/QC_WMADEC( 2177):  component init: role = OMX.qcom.audio.decoder.wma10Pro
E/QC_WMADEC( 2177): unknown param 0600000f
E/QC_WMADEC( 2177): unknown param 06000001
E/QC_WMADEC( 2177): COMPONENT DEINIT...
E/QC_WMADEC( 2177): OMX WMA component destroyed
D/MediaCodecList( 2177): Number of codec color formats: 0
V/MediaCodecList( 2177): void media_codec_list_get_codec_info_at_id(size_t) 
V/MediaCodecList( 2177): const char* media_codec_list_get_codec_name(size_t) 
V/MediaCodecList( 2177): bool media_codec_list_is_encoder(size_t) 
V/MediaCodecList( 2177): size_t media_codec_list_get_num_supported_types(size_t) 
D/MediaCodecList( 2177): Number of supported codec types: 1
V/MediaCodecList( 2177): size_t media_codec_list_get_nth_supported_type_len(size_t, size_t) 
V/MediaCodecList( 2177): int media_codec_list_get_nth_supported_type(size_t, char*, size_t) 
V/MediaCodecList( 2177): size_t media_codec_list_get_num_color_formats(size_t, const char*) 
V/MediaCodecList( 2177): void media_codec_list_get_num_codec_capabilities(size_t, const char*, size_t*, size_t*) 
D/MediaCodecList( 2177): index: 16, type: 'audio/amr-wb-plus'
I/OMXClient( 2177): Using client-side OMX mux.
I/OMXClient( 2177): Allocating remote Node (false remote).
E/OMXMaster( 2177): A component of name 'OMX.qcom.audio.decoder.aac' already exists, ignoring this one.
E/QC_AMRWBPLUSDEC( 2177): unknown param 0600000f
E/QC_AMRWBPLUSDEC( 2177): unknown param 06000001
D/MediaCodecList( 2177): Number of codec color formats: 0
V/MediaCodecList( 2177): void media_codec_list_get_codec_info_at_id(size_t) 
V/MediaCodecList( 2177): const char* media_codec_list_get_codec_name(size_t) 
V/MediaCodecList( 2177): void media_codec_list_get_codec_info_at_id(size_t) 
V/MediaCodecList( 2177): const char* media_codec_list_get_codec_name(size_t) 
V/MediaCodecList( 2177): void media_codec_list_get_codec_info_at_id(size_t) 
V/MediaCodecList( 2177): const char* media_codec_list_get_codec_name(size_t) 
V/MediaCodecList( 2177): bool media_codec_list_is_encoder(size_t) 
V/MediaCodecList( 2177): size_t media_codec_list_get_num_supported_types(size_t) 
D/MediaCodecList( 2177): Number of supported codec types: 1
V/MediaCodecList( 2177): size_t media_codec_list_get_nth_supported_type_len(size_t, size_t) 
V/MediaCodecList( 2177): int media_codec_list_get_nth_supported_type(size_t, char*, size_t) 
V/MediaCodecList( 2177): size_t media_codec_list_get_num_color_formats(size_t, const char*) 
V/MediaCodecList( 2177): void media_codec_list_get_num_codec_capabilities(size_t, const char*, size_t*, size_t*) 
D/MediaCodecList( 2177): index: 19, type: 'audio/mpeg'
I/OMXClient( 2177): Using client-side OMX mux.
D/MediaCodecList( 2177): Number of codec color formats: 0
V/MediaCodecList( 2177): void media_codec_list_get_codec_info_at_id(size_t) 
V/MediaCodecList( 2177): const char* media_codec_list_get_codec_name(size_t) 
V/MediaCodecList( 2177): void media_codec_list_get_codec_info_at_id(size_t) 
V/MediaCodecList( 2177): const char* media_codec_list_get_codec_name(size_t) 
V/MediaCodecList( 2177): void media_codec_list_get_codec_info_at_id(size_t) 
V/MediaCodecList( 2177): const char* media_codec_list_get_codec_name(size_t) 
V/MediaCodecList( 2177): void media_codec_list_get_codec_info_at_id(size_t) 
V/MediaCodecList( 2177): const char* media_codec_list_get_codec_name(size_t) 
V/MediaCodecList( 2177): bool media_codec_list_is_encoder(size_t) 
V/MediaCodecList( 2177): size_t media_codec_list_get_num_supported_types(size_t) 
D/MediaCodecList( 2177): Number of supported codec types: 1
V/MediaCodecList( 2177): size_t media_codec_list_get_nth_supported_type_len(size_t, size_t) 
V/MediaCodecList( 2177): int media_codec_list_get_nth_supported_type(size_t, char*, size_t) 
V/MediaCodecList( 2177): size_t media_codec_list_get_num_color_formats(size_t, const char*) 
V/MediaCodecList( 2177): void media_codec_list_get_num_codec_capabilities(size_t, const char*, size_t*, size_t*) 
D/MediaCodecList( 2177): index: 23, type: 'audio/mp4a-latm'
I/OMXClient( 2177): Using client-side OMX mux.
D/MediaCodecList( 2177): Number of codec color formats: 0
V/MediaCodecList( 2177): void media_codec_list_get_codec_info_at_id(size_t) 
V/MediaCodecList( 2177): const char* media_codec_list_get_codec_name(size_t) 
V/MediaCodecList( 2177): void media_codec_list_get_codec_info_at_id(size_t) 
V/MediaCodecList( 2177): const char* media_codec_list_get_codec_name(size_t) 
V/MediaCodecList( 2177): void media_codec_list_get_codec_info_at_id(size_t) 
V/MediaCodecList( 2177): const char* media_codec_list_get_codec_name(size_t) 
V/MediaCodecList( 2177): bool media_codec_list_is_encoder(size_t) 
V/MediaCodecList( 2177): size_t media_codec_list_get_num_supported_types(size_t) 
D/MediaCodecList( 2177): Number of supported codec types: 1
V/MediaCodecList( 2177): size_t media_codec_list_get_nth_supported_type_len(size_t, size_t) 
V/MediaCodecList( 2177): int media_codec_list_get_nth_supported_type(size_t, char*, size_t) 
V/MediaCodecList( 2177): size_t media_codec_list_get_num_color_formats(size_t, const char*) 
V/MediaCodecList( 2177): void media_codec_list_get_num_codec_capabilities(size_t, const char*, size_t*, size_t*) 
D/MediaCodecList( 2177): index: 26, type: 'audio/qcelp'
I/OMXClient( 2177): Using client-side OMX mux.
I/OMXClient( 2177): Allocating remote Node (false remote).
E/OMXMaster( 2177): A component of name 'OMX.qcom.audio.decoder.aac' already exists, ignoring this one.
I/OMX_QCELP13_DEC( 2177):  Enabling Non-Tunnel mode 
I/OMX_QCELP13_DEC( 2177): MIME type: aud
I/OMX_QCELP13_DEC( 2177):  component init: role = OMX.qcom.audio.decoder.Qcelp13
I/OMX_QCELP13_DEC( 2177): 
I/OMX_QCELP13_DEC( 2177): component_init: Component OMX.qcom.audio.decoder.Qcelp13 LOADED 
I/OMX_QCELP13_DEC( 2177): Created thread for INP 
I/OMX_QCELP13_DEC( 2177): Created thread for CMD 
E/OMX_QCELP13_DEC( 2177): unknown param 0600000f
E/OMX_QCELP13_DEC( 2177): unknown param 06000001
I/OMX_QCELP13_DEC( 2177): omx_Qcelp13_thread_stop stop server
I/OMX_QCELP13_DEC( 2177): omx_Qcelp13_thread_stop stop server
D/MediaCodecList( 2177): Number of codec color formats: 0
V/MediaCodecList( 2177): void media_codec_list_get_codec_info_at_id(size_t) 
V/MediaCodecList( 2177): const char* media_codec_list_get_codec_name(size_t) 
V/MediaCodecList( 2177): bool media_codec_list_is_encoder(size_t) 
V/MediaCodecList( 2177): size_t media_codec_list_get_num_supported_types(size_t) 
D/MediaCodecList( 2177): Number of supported codec types: 1
V/MediaCodecList( 2177): size_t media_codec_list_get_nth_supported_type_len(size_t, size_t) 
V/MediaCodecList( 2177): int media_codec_list_get_nth_supported_type(size_t, char*, size_t) 
V/MediaCodecList( 2177): size_t media_codec_list_get_num_color_formats(size_t, const char*) 
V/MediaCodecList( 2177): void media_codec_list_get_num_codec_capabilities(size_t, const char*, size_t*, size_t*) 
D/MediaCodecList( 2177): index: 27, type: 'audio/evrc'
I/OMXClient( 2177): Using client-side OMX mux.
I/OMXClient( 2177): Allocating remote Node (false remote).
E/OMXMaster( 2177): A component of name 'OMX.qcom.audio.decoder.aac' already exists, ignoring this one.
E/OMX_EVRC_DEC( 2177): COMPONENT INIT OMX.qcom.audio.decoder.evrc
E/OMX_EVRC_DEC( 2177): unknown param 0600000f
E/OMX_EVRC_DEC( 2177): unknown param 06000001
E/OMX_EVRC_DEC( 2177): COMPONENT DEINIT
D/MediaCodecList( 2177): Number of codec color formats: 0
V/MediaCodecList( 2177): void media_codec_list_get_codec_info_at_id(size_t) 
V/MediaCodecList( 2177): const char* media_codec_list_get_codec_name(size_t) 
V/MediaCodecList( 2177): bool media_codec_list_is_encoder(size_t) 
V/MediaCodecList( 2177): size_t media_codec_list_get_num_supported_types(size_t) 
D/MediaCodecList( 2177): Number of supported codec types: 1
V/MediaCodecList( 2177): size_t media_codec_list_get_nth_supported_type_len(size_t, size_t) 
V/MediaCodecList( 2177): int media_codec_list_get_nth_supported_type(size_t, char*, size_t) 
V/MediaCodecList( 2177): size_t media_codec_list_get_num_color_formats(size_t, const char*) 
V/MediaCodecList( 2177): void media_codec_list_get_num_codec_capabilities(size_t, const char*, size_t*, size_t*) 
D/MediaCodecList( 2177): index: 28, type: 'video/avc'
I/OMXClient( 2177): Using client-side OMX mux.
I/OMXClient( 2177): Allocating remote Node (false remote).
E/OMXMaster( 2177): A component of name 'OMX.qcom.audio.decoder.aac' already exists, ignoring this one.
E/MediaCodecList( 2177): Failed to get the number of supported codec capabilities (err: -2147483648)
