I/UpstartPropertyWatcher(  985): Property changed: init.svc.gsiff_daemon=restarting
I/UpstartPropertyWatcher(  985): Property changed: init.svc.adbd=stopped
I/irsc_util( 1025): file_parser Number of element :3
I/irsc_util( 1025): file_parser Number of element :3
I/irsc_util( 1025): file_parser Number of element :3
I/irsc_util( 1025): file_parser Number of element :3
I/irsc_util( 1025): file_parser Number of element :3
I/irsc_util( 1025): file_parser Number of element :3
I/irsc_util( 1025): file_parser Number of element :3
I/irsc_util( 1025): file_parser Number of element :3
I/irsc_util( 1025): file_parser Number of element :3
I/irsc_util( 1025): file_parser Number of element :3
I/irsc_util( 1025): file_parser Number of element :3
I/irsc_util( 1025): file_parser Number of element :3
I/irsc_util( 1025): file_parser Number of element :3
I/irsc_util( 1025): file_parser Number of element :3
I/irsc_util( 1025): file_parser Number of element :3
I/irsc_util( 1025): file_parser Number of element :3
I/UpstartPropertyWatcher(  985): Property changed: sys.usb.state=mtp,adb
I/UpstartPropertyWatcher(  985): Property changed: sys.usb.state=mtp,adb
I/irsc_util( 1025): file_parser Number of element :3
I/irsc_util( 1025): file_parser Number of element :3
E/mm-camera-sensor( 1043): sensor_probe:117 failed: to load s5k3h2yx_omi8a02a
E/mm-camera-sensor( 1043): sensor_init_probe:123 failed: to load s5k3h2yx_omi8a02a
I/irsc_util( 1025): file_parser Number of element :3
I/irsc_util( 1025): file_parser Number of element :3
I/irsc_util( 1025): file_parser Number of element :3
I/irsc_util( 1025): file_parser Number of element :3
I/irsc_util( 1025): file_parser Number of element :0
I/irsc_util( 1025): file_parser Invalid Format or Comment - '/* IPC Security Config */
I/irsc_util( 1025): '
I/irsc_util( 1025): file_parser Number of element :0
I/irsc_util( 1025): file_parser Invalid Format or Comment - '/* <GPS QMI Service ID - 16>:<GPS QMI Instance ID - all instances>:<Client Group ID> */
I/irsc_util( 1025): '
I/irsc_util( 1025): file_parser Number of element :4
I/irsc_util( 1025): file_parser Number of element :5
I/irsc_util( 1025): file_parser Number of element :0
I/irsc_util( 1025): file_parser Invalid Format or Comment - '
I/irsc_util( 1025): '
I/irsc_util( 1025): file_parser Number of element :0
I/irsc_util( 1025): file_parser Invalid Format or Comment - '/* Allow SS CTL service to be used by system and net_raw processes */
I/irsc_util( 1025): '
I/irsc_util( 1025): file_parser Number of element :4
I/irsc_util( 1025): file_parser Number of element :0
I/irsc_util( 1025): file_parser Invalid Format or Comment - '/* Allow Sensor services to be used by sensor process */
I/irsc_util( 1025): '
I/irsc_util( 1025): file_parser Number of element :3
I/irsc_util( 1025): file_parser Number of element :3
I/irsc_util( 1025): file_parser Number of element :3
I/irsc_util( 1025): file_parser Number of element :3
I/irsc_util( 1025): file_parser Number of element :3
I/irsc_util( 1025): file_parser Number of element :3
I/irsc_util( 1025): file_parser Number of element :3
I/irsc_util( 1025): file_parser Number of element :3
I/irsc_util( 1025): file_parser Number of element :3
I/irsc_util( 1025): file_parser Number of element :3
I/irsc_util( 1025): file_parser Number of element :3
I/irsc_util( 1025): file_parser Number of element :3
I/irsc_util( 1025): file_parser Number of element :3
I/irsc_util( 1025): file_parser Number of element :3
I/irsc_util( 1025): file_parser Number of element :3
I/irsc_util( 1025): file_parser Number of element :3
I/irsc_util( 1025): file_parser Number of element :3
I/irsc_util( 1025): file_parser Number of element :3
I/irsc_util( 1025): file_parser Number of element :3
I/irsc_util( 1025): file_parser Number of element :3
I/irsc_util( 1025): file_parser Number of element :3
I/irsc_util( 1025): file_parser Number of element :3
I/irsc_util( 1025): file_parser Number of element :3
I/irsc_util( 1025): file_parser Number of element :3
I/irsc_util( 1025): file_parser Number of element :3
I/irsc_util( 1025): file_parser Number of element :3
I/irsc_util( 1025): file_parser Number of element :3
I/irsc_util( 1025): file_parser Number of element :3
I/irsc_util( 1025): file_parser Number of element :3
I/irsc_util( 1025): file_parser Number of element :3
I/irsc_util( 1025): file_parser Number of element :3
I/irsc_util( 1025): file_parser Number of element :3
I/irsc_util( 1025): file_parser Number of element :3
I/irsc_util( 1025): file_parser Number of element :3
I/irsc_util( 1025): file_parser Number of element :3
I/irsc_util( 1025): file_parser Number of element :3
I/irsc_util( 1025): file_parser Number of element :3
I/irsc_util( 1025): file_parser Number of element :3
I/irsc_util( 1025): file_parser Number of element :3
I/irsc_util( 1025): file_parser Number of element :3
I/irsc_util( 1025): file_parser Number of element :3
I/irsc_util( 1025): file_parser Number of element :3
I/irsc_util( 1025): file_parser Number of element :3
I/irsc_util( 1025): file_parser Number of element :3
I/irsc_util( 1025): file_parser Number of element :3
I/irsc_util( 1025): file_parser Number of element :3
I/irsc_util( 1025): file_parser Number of element :3
I/irsc_util( 1025): file_parser Number of element :3
I/irsc_util( 1025): file_parser Number of element :3
I/irsc_util( 1025): file_parser Number of element :3
I/irsc_util( 1025): file_parser Number of element :3
I/irsc_util( 1025): file_parser Number of element :3
I/irsc_util( 1025): file_parser Number of element :3
I/irsc_util( 1025): file_parser Number of element :3
I/irsc_util( 1025): file_parser Number of element :3
I/irsc_util( 1025): file_parser Number of element :3
I/irsc_util( 1025): file_parser Number of element :3
I/irsc_util( 1025): file_parser Number of element :3
I/irsc_util( 1025): file_parser Number of element :3
I/irsc_util( 1025): file_parser Number of element :3
I/irsc_util( 1025): file_parser Number of element :3
I/irsc_util( 1025): file_parser Number of element :3
I/irsc_util( 1025): file_parser Number of element :3
I/irsc_util( 1025): file_parser Number of element :3
I/irsc_util( 1025): file_parser Number of element :3
I/irsc_util( 1025): file_parser Number of element :3
I/irsc_util( 1025): file_parser Number of element :3
I/irsc_util( 1025): file_parser Number of element :3
I/irsc_util( 1025): file_parser Number of element :3
I/irsc_util( 1025): file_parser Number of element :3
I/irsc_util( 1025): file_parser Number of element :3
I/irsc_util( 1025): file_parser Number of element :3
I/irsc_util( 1025): file_parser Number of element :3
I/irsc_util( 1025): file_parser Number of element :3
I/irsc_util( 1025): file_parser Number of element :3
I/irsc_util( 1025): file_parser Number of element :3
I/irsc_util( 1025): file_parser Number of element :3
I/irsc_util( 1025): file_parser Number of element :3
I/irsc_util( 1025): file_parser Number of element :3
I/irsc_util( 1025): file_parser Number of element :3
I/irsc_util( 1025): file_parser Number of element :3
I/irsc_util( 1025): file_parser Number of element :3
I/irsc_util( 1025): file_parser Number of element :3
I/irsc_util( 1025): file_parser Number of element :3
I/irsc_util( 1025): file_parser Number of element :3
I/irsc_util( 1025): file_parser Number of element :3
I/irsc_util( 1025): file_parser Number of element :3
I/irsc_util( 1025): file_parser Number of element :3
I/irsc_util( 1025): file_parser Number of element :3
I/irsc_util( 1025): file_parser Number of element :3
I/irsc_util( 1025): file_parser Number of element :3
I/irsc_util( 1025): file_parser Number of element :3
I/irsc_util( 1025): file_parser Number of element :3
I/irsc_util( 1025): file_parser Number of element :3
I/irsc_util( 1025): file_parser Number of element :3
I/irsc_util( 1025): file_parser Number of element :3
I/irsc_util( 1025): file_parser Number of element :3
I/irsc_util( 1025): file_parser Number of element :3
I/irsc_util( 1025): file_parser Number of element :3
I/irsc_util( 1025): file_parser Number of element :3
I/irsc_util( 1025): file_parser Number of element :3
I/irsc_util( 1025): file_parser Number of element :3
I/irsc_util( 1025): file_parser Number of element :3
I/irsc_util( 1025): file_parser Number of element :3
I/irsc_util( 1025): file_parser Number of element :3
I/irsc_util( 1025): file_parser Number of element :3
I/irsc_util( 1025): file_parser Number of element :3
I/irsc_util( 1025): file_parser Number of element :3
I/irsc_util( 1025): file_parser Number of element :3
I/irsc_util( 1025): file_parser Number of element :3
I/irsc_util( 1025): file_parser Number of element :3
I/irsc_util( 1025): file_parser Number of element :3
I/irsc_util( 1025): file_parser Number of element :3
I/irsc_util( 1025): file_parser Number of element :3
I/irsc_util( 1025): file_parser Number of element :3
I/irsc_util( 1025): file_parser Number of element :3
I/irsc_util( 1025): file_parser Number of element :3
I/irsc_util( 1025): file_parser Number of element :3
I/irsc_util( 1025): file_parser Number of element :3
I/irsc_util( 1025): file_parser Number of element :3
I/irsc_util( 1025): file_parser Number of element :3
I/irsc_util( 1025): file_parser Number of element :3
I/irsc_util( 1025): file_parser Number of element :3
I/irsc_util( 1025): file_parser Number of element :3
I/irsc_util( 1025): file_parser Number of element :3
I/irsc_util( 1025): file_parser Number of element :3
I/irsc_util( 1025): file_parser Number of element :3
I/irsc_util( 1025): file_parser Number of element :3
I/irsc_util( 1025): file_parser Number of element :3
I/irsc_util( 1025): file_parser Number of element :3
I/irsc_util( 1025): file_parser Number of element :3
I/irsc_util( 1025): file_parser Number of element :3
I/irsc_util( 1025): file_parser Number of element :3
I/irsc_util( 1025): file_parser Number of element :3
I/irsc_util( 1025): file_parser Number of element :3
I/UpstartPropertyWatcher(  985): Property changed: ro.qualcomm.bluetooth.pbap=true
I/irsc_util( 1025): file_parser Number of element :3
I/irsc_util( 1025): file_parser Number of element :3
I/irsc_util( 1025): file_parser Number of element :3
I/irsc_util( 1025): file_parser Number of element :3
I/irsc_util( 1025): file_parser Number of element :3
I/irsc_util( 1025): file_parser Number of element :3
I/irsc_util( 1025): file_parser Number of element :3
I/irsc_util( 1025): file_parser Number of element :3
I/irsc_util( 1025): file_parser Number of element :3
I/irsc_util( 1025): file_parser Number of element :3
I/irsc_util( 1025): file_parser Number of element :3
I/irsc_util( 1025): file_parser Number of element :3
I/irsc_util( 1025): file_parser Number of element :3
I/irsc_util( 1025): file_parser Number of element :3
I/irsc_util( 1025): file_parser Number of element :3
I/irsc_util( 1025): file_parser Number of element :3
I/UpstartPropertyWatcher(  985): Property changed: init.svc.quipc_main=restarting
I/irsc_util( 1025): file_parser Number of element :3
I/irsc_util( 1025): file_parser Number of element :3
I/irsc_util( 1025): file_parser Number of element :3
I/irsc_util( 1025): file_parser Number of element :3
I/irsc_util( 1025): file_parser Number of element :3
I/irsc_util( 1025): file_parser Number of element :3
I/irsc_util( 1025): file_parser Number of element :3
I/irsc_util( 1025): file_parser Number of element :3
I/irsc_util( 1025): file_parser Number of element :3
I/irsc_util( 1025): file_parser Number of element :3
I/irsc_util( 1025): file_parser Number of element :3
I/irsc_util( 1025): file_parser Number of element :3
I/irsc_util( 1025): file_parser Number of element :3
I/irsc_util( 1025): file_parser Number of element :3
I/irsc_util( 1025): file_parser Number of element :3
I/irsc_util( 1025): file_parser Number of element :3
I/irsc_util( 1025): file_parser Number of element :3
I/irsc_util( 1025): file_parser Number of element :3
I/irsc_util( 1025): file_parser Number of element :3
I/irsc_util( 1025): file_parser Number of element :3
I/irsc_util( 1025): file_parser Number of element :3
I/irsc_util( 1025): file_parser Number of element :3
I/irsc_util( 1025): file_parser Number of element :3
I/irsc_util( 1025): file_parser Number of element :3
I/irsc_util( 1025): file_parser Number of element :3
I/irsc_util( 1025): file_parser Number of element :3
I/irsc_util( 1025): file_parser Number of element :3
I/irsc_util( 1025): file_parser Number of element :3
I/irsc_util( 1025): file_parser Number of element :3
I/irsc_util( 1025): file_parser Number of element :3
I/irsc_util( 1025): file_parser Number of element :3
I/irsc_util( 1025): file_parser Number of element :3
I/irsc_util( 1025): file_parser Number of element :3
I/irsc_util( 1025): file_parser Number of element :3
I/irsc_util( 1025): file_parser Number of element :3
I/irsc_util( 1025): file_parser Number of element :3
I/irsc_util( 1025): file_parser Number of element :3
I/irsc_util( 1025): file_parser Number of element :3
I/irsc_util( 1025): file_parser Number of element :3
I/irsc_util( 1025): file_parser Number of element :3
I/irsc_util( 1025): file_parser Number of element :3
I/irsc_util( 1025): file_parser Number of element :3
I/irsc_util( 1025): file_parser Number of element :3
I/irsc_util( 1025): file_parser Number of element :3
I/irsc_util( 1025): file_parser Number of element :3
I/irsc_util( 1025): file_parser Number of element :3
I/irsc_util( 1025): file_parser Number of element :3
I/irsc_util( 1025): file_parser Number of element :3
I/irsc_util( 1025): file_parser Number of element :3
I/irsc_util( 1025): file_parser Number of element :3
I/irsc_util( 1025): file_parser Number of element :3
I/irsc_util( 1025): file_parser Number of element :3
I/irsc_util( 1025): file_parser Number of element :3
I/irsc_util( 1025): file_parser Number of element :3
I/irsc_util( 1025): file_parser Number of element :3
I/irsc_util( 1025): file_parser Number of element :3
I/irsc_util( 1025): file_parser Number of element :3
I/irsc_util( 1025): file_parser Number of element :3
I/irsc_util( 1025): file_parser Number of element :3
I/irsc_util( 1025): file_parser Number of element :3
I/irsc_util( 1025): file_parser Number of element :3
I/irsc_util( 1025): file_parser Number of element :3
I/irsc_util( 1025): file_parser Number of element :3
I/irsc_util( 1025): file_parser Number of element :3
I/irsc_util( 1025): file_parser Number of element :3
I/irsc_util( 1025): file_parser Number of element :3
I/irsc_util( 1025): file_parser Number of element :3
I/irsc_util( 1025): file_parser Number of element :3
I/irsc_util( 1025): file_parser Number of element :3
I/irsc_util( 1025): file_parser Number of element :3
I/irsc_util( 1025): file_parser Number of element :3
I/irsc_util( 1025): file_parser Number of element :3
I/irsc_util( 1025): file_parser Number of element :3
I/irsc_util( 1025): file_parser Number of element :3
I/irsc_util( 1025): file_parser Number of element :3
I/UpstartPropertyWatcher(  985): Property changed: ro.qualcomm.bluetooth.ftp=true
E/mm-camera-sensor( 1043): sensor_probe:117 failed: to load imx134
E/mm-camera-sensor( 1043): sensor_init_probe:123 failed: to load imx134
E/mm-camera-sensor( 1043): sensor_probe:117 failed: to load imx135
E/mm-camera-sensor( 1043): sensor_init_probe:123 failed: to load imx135
E/mm-camera-sensor( 1043): sensor_probe:117 failed: to load s5k3l1yx
E/mm-camera-sensor( 1043): sensor_init_probe:123 failed: to load s5k3l1yx
E/mm-camera-sensor( 1043): sensor_probe:117 failed: to load imx214
E/mm-camera-sensor( 1043): sensor_init_probe:123 failed: to load imx214
E/mm-camera-sensor( 1043): sensor_probe:117 failed: to load imx132
E/mm-camera-sensor( 1043): sensor_init_probe:123 failed: to load imx132
E/mm-camera-sensor( 1043): sensor_probe:117 failed: to load ov2720
E/mm-camera-sensor( 1043): sensor_init_probe:123 failed: to load ov2720
E/mm-camera-sensor( 1043): sensor_probe:117 failed: to load SKUAA_ST_gc0339
E/mm-camera-sensor( 1043): sensor_init_probe:123 failed: to load SKUAA_ST_gc0339
E/mm-camera-sensor( 1043): sensor_probe:117 failed: to load ov8825
E/mm-camera-sensor( 1043): sensor_init_probe:123 failed: to load ov8825
E/mm-camera-sensor( 1043): sensor_probe:117 failed: to load ov9724
E/mm-camera-sensor( 1043): sensor_init_probe:123 failed: to load ov9724
E/mm-camera-sensor( 1043): sensor_probe:117 failed: to load ov8865_q8v18a
E/mm-camera-sensor( 1043): sensor_init_probe:123 failed: to load ov8865_q8v18a
E/mm-camera-sensor( 1043): sensor_probe:117 failed: to load ov5648_oty5f03
E/mm-camera-sensor( 1043): sensor_init_probe:123 failed: to load ov5648_oty5f03
E/mm-camera-sensor( 1043): sensor_probe:117 failed: to load skuf_ov12830_p12v01c
E/mm-camera-sensor( 1043): sensor_init_probe:123 failed: to load skuf_ov12830_p12v01c
E/mm-camera-sensor( 1043): sensor_probe:117 failed: to load skuf_ov5648_p5v23c
E/mm-camera-sensor( 1043): sensor_init_probe:123 failed: to load skuf_ov5648_p5v23c
E/mm-camera-sensor( 1043): sensor_probe:117 failed: to load SKUAB_ST_s5k4e1
E/mm-camera-sensor( 1043): sensor_init_probe:123 failed: to load SKUAB_ST_s5k4e1
E/mm-camera-sensor( 1043): sensor_probe:117 failed: to load skuab_shinetech_gc0339
E/mm-camera-sensor( 1043): sensor_init_probe:123 failed: to load skuab_shinetech_gc0339
E/mm-camera-sensor( 1043): sensor_probe:117 failed: to load oem_camera1
E/mm-camera-sensor( 1043): sensor_init_probe:123 failed: to load oem_camera1
E/mm-camera-sensor( 1043): sensor_probe:117 failed: to load oem_camera2
E/mm-camera-sensor( 1043): sensor_init_probe:123 failed: to load oem_camera2
E/mm-camera-sensor( 1043): sensor_probe:117 failed: to load oem_camera3
E/mm-camera-sensor( 1043): sensor_init_probe:123 failed: to load oem_camera3
E/mm-camera-sensor( 1043): sensor_probe:117 failed: to load oem_camera4
E/mm-camera-sensor( 1043): sensor_init_probe:123 failed: to load oem_camera4
I/irsc_util( 1025): file_parser Number of element :3
I/irsc_util( 1025): file_parser Number of element :3
I/irsc_util( 1025): file_parser Number of element :3
I/irsc_util( 1025): file_parser Number of element :3
I/irsc_util( 1025): file_parser Number of element :3
I/irsc_util( 1025): file_parser Number of element :3
I/irsc_util( 1025): file_parser Number of element :3
I/irsc_util( 1025): file_parser Number of element :3
D/QSEECOMAPI: ( 1047): Loaded image: APP id = 2
I/irsc_util( 1025): file_parser Number of element :3
I/irsc_util( 1025): file_parser Number of element :3
I/irsc_util( 1025): file_parser Number of element :3
I/irsc_util( 1025): file_parser Number of element :3
I/irsc_util( 1025): file_parser Number of element :3
I/irsc_util( 1025): file_parser Number of element :3
I/irsc_util( 1025): file_parser Number of element :3
I/irsc_util( 1025): file_parser Number of element :3
I/irsc_util( 1025): file_parser Number of element :3
I/irsc_util( 1025): file_parser Number of element :3
I/irsc_util( 1025): file_parser Number of element :3
I/irsc_util( 1025): file_parser Number of element :3
I/irsc_util( 1025): file_parser Number of element :3
I/UpstartPropertyWatcher(  985): Property changed: sys.keymaster.loaded=true
D/QSEECOMD: ( 1047): Parent qseecom daemon process paused!! 
I/irsc_util( 1025): file_parser Number of element :3
I/irsc_util( 1025): file_parser Number of element :3
I/irsc_util( 1025): file_parser Number of element :3
I/irsc_util( 1025): file_parser Number of element :3
I/irsc_util( 1025): file_parser Number of element :3
I/irsc_util( 1025): file_parser Number of element :3
I/irsc_util( 1025): file_parser Number of element :3
D/QSEECOMD: ( 1153): qseecom listener service threads starting!!! 
D/QSEECOMD: ( 1153): Total listener services to start = 5
E/QSEECOMD: ( 1153): Listener: index = 0, hierarchy = 1
D/QSEECOMD: ( 1153): Init dlopen(librpmb.so, RTLD_NOW) succeeds
D/QSEECOMD: ( 1153): Init::Init dlsym(g_FSHandle rpmb_start) succeeds
D/QSEECOMAPI: ( 1153): QSEECom_register_listener 8192 sb_length = 0x5000
D/QSEECOMD: ( 1153): Init rpmb_start ret = 0
D/QSEECOMD: ( 1153): RPMB system services: Started (Listener ID = 8192)
E/QSEECOMD: ( 1153): Listener: index = 1, hierarchy = 1
D/QSEECOMD: ( 1153): Init dlopen(libssd.so, RTLD_NOW) succeeds
D/QSEECOMD: ( 1153): Init::Init dlsym(g_FSHandle ssd_start) succeeds
D/QSEECOMAPI: ( 1153): QSEECom_register_listener 12288 sb_length = 0x5000
I/irsc_util( 1025): file_parser Number of element :3
I/irsc_util( 1025): file_parser Number of element :3
I/irsc_util( 1025): Feed the sec config info to the router
D/QSEECOMD: ( 1153): Init ssd_start ret = 0
D/QSEECOMD: ( 1153): SSD system services: Started (Listener ID = 12288)
E/QSEECOMD: ( 1153): Listener: index = 2, hierarchy = 1
E/QSEECOMD: ( 1153): Init dlopen(libsecureui.so, RLTD_NOW) is failed....
E/QSEECOMD: ( 1153): Listener: index = 3, hierarchy = 1
D/QSEECOMD: ( 1153): Init dlopen(libdrmtime.so, RTLD_NOW) succeeds
D/QSEECOMD: ( 1153): Init::Init dlsym(g_FSHandle atime_start) succeeds
D/QSEECOMAPI: ( 1153): QSEECom_register_listener 11 sb_length = 0x5000
I/irsc_util( 1025): Num of entries:259
D/QSEECOMD: ( 1153): Init atime_start ret = 0
D/QSEECOMD: ( 1153): time services: Started (Listener ID = 11)
E/QSEECOMD: ( 1153): Listener: index = 4, hierarchy = 1
D/QSEECOMD: ( 1153): Init dlopen(libdrmfs.so, RTLD_NOW) succeeds
D/QSEECOMD: ( 1153): Init::Init dlsym(g_FSHandle fs_start) succeeds
D/QSEECOMAPI: ( 1153): QSEECom_register_listener 10 sb_length = 0x5000
D/QSEECOMD: ( 1153): Init fs_start ret = 0
D/QSEECOMD: ( 1153): file system services: Started (Listener ID = 10)
D/QSEECOMD: ( 1153): QSEECOM DAEMON RUNNING 
E/mm-camera( 1043): isp_util_gen_hws_caps: integrating kernel vfe is pending
I/UpstartPropertyWatcher(  985): Property changed: ro.qualcomm.bluetooth.nap=true
E/QCALOG  ( 1113): [MessageQ] ProcessNewMessage: [NOT_REGISTERED:116] unknown deliver target [OS-Agent]
E/XTCC-3.0.0.6( 1121): [CsStorageWwan] createOrOpenDatabase failed 4
E/XTCC-3.0.0.6( 1121): [CSMgr] open AP list file, /data/misc/location/xtwifi, name = /data/misc/location/xtwifi/ap_list.txt
E/XTCC-3.0.0.6( 1121): [CSMgr] open AP list file, fopen failed, name = /data/misc/location/xtwifi/ap_list.txt, errno = No such file or directory
E/QCALOG  ( 1113): [MessageQ] ProcessNewMessage: [NOT_REGISTERED:116] unknown deliver target [OS-Agent]
E/mm-camera( 1043): isp_tintless_create: using BE stats for tintless!, isp main version = 28
E/mm-camera( 1043): isp_tintless_open_version: E: 40
E/mm-camera( 1043): gyro_module_init: Enter
E/mm-camera( 1043): gyro_module_init: Exit successful
I/UpstartPropertyWatcher(  985): Property changed: ro.bluetooth.sap=true
E/mm-camera( 1043): cpp_hardware_load_firmware:368, cpphw->hwinfo.version = 0x20000000
I/UpstartPropertyWatcher(  985): Property changed: ro.bluetooth.dun=true
I/UpstartPropertyWatcher(  985): Property changed: init.svc.irsc_util=stopped
I/UpstartPropertyWatcher(  985): Property changed: ro.qualcomm.bluetooth.map=true
E/mm-camera( 1043): vpe_module_init:26 name=vpe
E/mm-camera( 1043): vpe_hardware_find_subdev:716: entity.name=video0 entity.revision=0
E/mm-camera( 1043): vpe_hardware_find_subdev:716: entity.name=msm_cci entity.revision=0
E/mm-camera( 1043): vpe_hardware_find_subdev:716: entity.name=v4l-subdev0 entity.revision=0
E/mm-camera( 1043): vpe_hardware_find_subdev:716: entity.name=v4l-subdev1 entity.revision=0
E/mm-camera( 1043): vpe_hardware_find_subdev:716: entity.name=v4l-subdev2 entity.revision=0
E/mm-camera( 1043): vpe_hardware_find_subdev:716: entity.name=v4l-subdev3 entity.revision=0
E/mm-camera( 1043): vpe_hardware_find_subdev:716: entity.name=v4l-subdev4 entity.revision=0
E/mm-camera( 1043): vpe_hardware_find_subdev:716: entity.name=v4l-subdev5 entity.revision=0
E/mm-camera( 1043): vpe_hardware_find_subdev:716: entity.name=v4l-subdev6 entity.revision=0
E/mm-camera( 1043): vpe_hardware_find_subdev:716: entity.name=v4l-subdev7 entity.revision=0
E/mm-camera( 1043): vpe_hardware_find_subdev:716: entity.name=v4l-subdev8 entity.revision=0
E/mm-camera( 1043): vpe_hardware_find_subdev:716: entity.name=v4l-subdev9 entity.revision=0
E/mm-camera( 1043): vpe_hardware_find_subdev:716: entity.name=v4l-subdev10 entity.revision=0
E/mm-camera( 1043): vpe_hardware_find_subdev:716: entity.name=v4l-subdev11 entity.revision=0
E/mm-camera( 1043): vpe_hardware_find_subdev:716: entity.name=v4l-subdev12 entity.revision=12
E/mm-camera( 1043): vpe_hardware_find_subdev:716: entity.name=v4l-subdev13 entity.revision=0
E/mm-camera( 1043): vpe_hardware_find_subdev:716: entity.name=v4l-subdev14 entity.revision=0
E/mm-camera( 1043): vpe_hardware_find_subdev:711: done enumerating media entities
E/mm-camera( 1043): vpe_hardware_find_subdev:716: entity.name=video1 entity.revision=0
E/mm-camera( 1043): vpe_hardware_find_subdev:711: done enumerating media entities
E/mm-camera( 1043): vpe_hardware_find_subdev:716: entity.name=video2 entity.revision=0
E/mm-camera( 1043): vpe_hardware_find_subdev:711: done enumerating media entities
E/mm-camera( 1043): vpe_hardware_find_subdev:683: no more media devices
E/mm-camera( 1043): vpe_hardware_find_subdev:728: no vpe device found.
E/mm-camera( 1043): vpe_hardware_create:31: error: cannot find vpe subdev
E/mm-camera( 1043): vpe_module_create_vpe_ctrl:141, failed, cannnot create vpe hardware instance
E/mm-camera( 1043): vpe_module_init:34 failed
E/mm-camera( 1043): c2d_module_init:28 name=c2d
E/mm-camera( 1043): c2d_module_init:67: info: C2D module_init successful
E/mm-camera-img( 1043): img_core_get_comp:37] role 0 name qcom.wavelet
E/mm-camera-img( 1043): img_core_get_comp:42] comp_index[0] role 0 name qcom.wavelet
E/mm-camera-img( 1043): img_core_get_comp:47] find component role 0 name qcom.wavelet
E/mm-camera-img( 1043): wd_comp_load:1931] WD library loaded successfully dsp 0
E/mm-camera( 1043): module_imglib_create_port:1784 portname imglib_d2_i0
I/UpstartPropertyWatcher(  985): Property changed: ro.bluetooth.hfp.ver=1.6
E/mm-camera-img( 1043): img_core_get_comp:37] role 2 name qcom.faceproc
E/mm-camera-img( 1043): img_core_get_comp:42] comp_index[0] role 0 name qcom.wavelet
E/mm-camera-img( 1043): img_core_get_comp:42] comp_index[1] role 1 name qcom.hdr
E/mm-camera-img( 1043): img_core_get_comp:42] comp_index[2] role 2 name qcom.faceproc
E/mm-camera-img( 1043): img_core_get_comp:47] find component role 2 name qcom.faceproc
E/mm-camera-img( 1043): img_core_get_comp:37] role 1 name qcom.hdr
E/mm-camera-img( 1043): img_core_get_comp:42] comp_index[0] role 0 name qcom.wavelet
E/mm-camera-img( 1043): img_core_get_comp:42] comp_index[1] role 1 name qcom.hdr
E/mm-camera-img( 1043): img_core_get_comp:47] find component role 1 name qcom.hdr
I/UpstartPropertyWatcher(  985): Property changed: ro.qualcomm.bt.hci_transport=smd
I/qcom-bluetooth( 1171): /system/etc/init.qcom.bt.sh: Bluetooth stack is Bluedroid 
I/UpstartPropertyWatcher(  985): Property changed: init.svc.config_bluetooth=stopped
E/mm-camera-img( 1043): hdr_comp_load:1139] HDR library loaded successfully
E/mm-camera( 1043): Port hdr_dummy initialized
E/mm-camera-img( 1043): img_core_get_comp:37] role 4 name qcom.gen_frameproc
E/mm-camera-img( 1043): img_core_get_comp:42] comp_index[0] role 0 name qcom.wavelet
E/mm-camera-img( 1043): img_core_get_comp:42] comp_index[1] role 1 name qcom.hdr
E/mm-camera-img( 1043): img_core_get_comp:42] comp_index[2] role 2 name qcom.faceproc
E/mm-camera-img( 1043): img_core_get_comp:42] comp_index[3] role 3 name qcom.cac
E/mm-camera-img( 1043): img_core_get_comp:42] comp_index[4] role 4 name qcom.gen_frameproc
E/mm-camera-img( 1043): img_core_get_comp:47] find component role 4 name qcom.gen_frameproc
E/mm-camera-img( 1043): frameproc_comp_load:811] Error opening frameproc library libmmcamera_chromaflash_lib.so
E/mm-camera( 1043): module_imgbase_init:1070] Error rc -6
E/mm-camera( 1043): module_imglib_create_topology:644] Can not init the module imglib_chroma_flash
E/mm-camera-img( 1043): img_core_get_comp:37] role 4 name qcom.gen_frameproc
E/mm-camera-img( 1043): img_core_get_comp:42] comp_index[0] role 0 name qcom.wavelet
E/mm-camera-img( 1043): img_core_get_comp:42] comp_index[1] role 1 name qcom.hdr
E/mm-camera-img( 1043): img_core_get_comp:42] comp_index[2] role 2 name qcom.faceproc
E/mm-camera-img( 1043): img_core_get_comp:42] comp_index[3] role 3 name qcom.cac
E/mm-camera-img( 1043): img_core_get_comp:42] comp_index[4] role 4 name qcom.gen_frameproc
E/mm-camera-img( 1043): img_core_get_comp:47] find component role 4 name qcom.gen_frameproc
E/mm-camera-img( 1043): frameproc_comp_load:811] Error opening frameproc library libmmcamera_optizoom_lib.so
E/mm-camera( 1043): module_imgbase_init:1070] Error rc -6
E/mm-camera( 1043): module_imglib_create_topology:644] Can not init the module imglib_optizoom
E/mm-camera-img( 1043): img_core_get_comp:37] role 4 name qcom.gen_frameproc
E/mm-camera-img( 1043): img_core_get_comp:42] comp_index[0] role 0 name qcom.wavelet
E/mm-camera-img( 1043): img_core_get_comp:42] comp_index[1] role 1 name qcom.hdr
E/mm-camera-img( 1043): img_core_get_comp:42] comp_index[2] role 2 name qcom.faceproc
E/mm-camera-img( 1043): img_core_get_comp:42] comp_index[3] role 3 name qcom.cac
E/mm-camera-img( 1043): img_core_get_comp:42] comp_index[4] role 4 name qcom.gen_frameproc
E/mm-camera-img( 1043): img_core_get_comp:47] find component role 4 name qcom.gen_frameproc
E/mm-camera-img( 1043): frameproc_comp_load:811] Error opening frameproc library libmmcamera_ubifocus_lib.so
E/mm-camera( 1043): module_imgbase_init:1070] Error rc -6
E/mm-camera( 1043): module_imglib_create_topology:644] Can not init the module imglib_ubifocus
E/mm-camera( 1043): module_imglib_create_dummy_port:1906 portname imglib_dymmy_d1_i0
I/UpstartPropertyWatcher(  985): Property changed: persist.radio.adb_log_on=0
D/CameraService( 1023): virtual bool {anonymous}::TrustAgentRegistry::threadLoop() start
I/UpstartPropertyWatcher(  985): Property changed: persist.radio.adb_log_on=0
V/CameraServiceCompatLayer( 1023): Starting camera services (MediaRecorderFactory, CameraRecordService & CameraService)
D/MediaRecorderFactory( 1023): Creating new static instance of MediaRecorderFactory
V/ICameraRecordService( 1023): static void android::CameraRecordService::instantiate() 
V/ICameraRecordService( 1023): static android::sp<android::CameraRecordService>& android::CameraRecordService::service_instance() 
D/ICameraRecordService( 1023): Creating new static instance of CameraRecordService
V/ICameraRecordService( 1023): android::BnCameraRecordService::BnCameraRecordService() 
V/ICameraRecordService( 1023): android::CameraRecordService::CameraRecordService() 
V/ICameraRecordService( 1023): Added Binder service 'android.media.ICameraRecordService' to ServiceManager
I/CameraService( 1023): CameraService started (pid=24)
I/CameraService( 1023): Loaded "Armani Camera Wrapper" camera module
I/UpstartPropertyWatcher(  985): Property changed: ril.qcril_pre_init_lock_held=1
E/HAL     ( 1023): load: module=/system/lib/hw/camera.vendor.msm8226.so
E/HAL     ( 1023): dlopen failed: could not load library "libFaceDeform.so" needed by "camera.vendor.msm8226.so"; caused by could not load library "libandroid.so" needed by "libFaceDeform.so"; caused by library "libandroid.so" not found
E/CameraWrapper( 1023): failed to open vendor camera module
D/WLAN_PSA( 1029): FTM Test App: Diag_LSM_Init succeeded with 1 retries. 
D/WLAN_PSA( 1029): PTT_SOCKET_APP Init done, wait clients
I/ThermalEngine( 1032): Sensor:batt_temp:39700 mC
E/QMI_FW  ( 1044): QMUXD: WARNING qmi_qmux_if_pwr_up_init failed! rc=-1
E/QMI_FW  ( 1044): QMUXD: WARNING qmi_qmux_if_pwr_up_init failed! rc=-1
E/QMI_FW  ( 1044): QMUXD: WARNING qmi_qmux_if_pwr_up_init failed! rc=-1
E/QMI_FW  ( 1044): QMUXD: WARNING qmi_qmux_if_pwr_up_init failed! rc=-1
E/QMI_FW  ( 1044): QMUXD: WARNING qmi_qmux_if_pwr_up_init failed! rc=-1
E/QMI_FW  ( 1044): QMUXD: WARNING qmi_qmux_if_pwr_up_init failed! rc=-1
E/QC-time-services( 1044): Daemon:genoff_modem_qmi_init: qmi_client_get_service_list returned -2num_services 0
I/rmt_storage( 1015): rmt_storage_connect_cb: clnt_h=0x1 conn_h=0xb790fda8
I/rmt_storage( 1015): rmt_storage_open_cb: /boot/modem_fs1: clnt_h=0x1: req_h=0x1 msg_id=1: Client found
I/rmt_storage( 1015): rmt_storage_open_cb: /boot/modem_fs1: clnt_h=0x1: req_h=0x1 msg_id=1: Send response: res=0 err=0
I/rmt_storage( 1015): rmt_storage_client_thread: /boot/modem_fs1: clnt_h=0x1 Worker thread started
I/rmt_storage( 1015): wake lock name: rmt_storage_-1215234328, name creation success: 23
I/rmt_storage( 1015): rmt_storage_connect_cb: clnt_h=0x2 conn_h=0xb790fe00
I/rmt_storage( 1015): rmt_storage_open_cb: /boot/modem_fs2: clnt_h=0x2: req_h=0x2 msg_id=1: Client found
I/rmt_storage( 1015): rmt_storage_open_cb: /boot/modem_fs2: clnt_h=0x2: req_h=0x2 msg_id=1: Send response: res=0 err=0
I/rmt_storage( 1015): rmt_storage_client_thread: /boot/modem_fs2: clnt_h=0x2 Worker thread started
I/rmt_storage( 1015): wake lock name: rmt_storage_-1215233480, name creation success: 23
I/rmt_storage( 1015): rmt_storage_connect_cb: clnt_h=0x3 conn_h=0xb790fe58
I/rmt_storage( 1015): rmt_storage_open_cb: /boot/modem_fsg: clnt_h=0x3: req_h=0x3 msg_id=1: Client found
I/rmt_storage( 1015): rmt_storage_open_cb: /boot/modem_fsg: clnt_h=0x3: req_h=0x3 msg_id=1: Send response: res=0 err=0
I/rmt_storage( 1015): rmt_storage_connect_cb: clnt_h=0x4 conn_h=0xb790feb0
I/rmt_storage( 1015): rmt_storage_open_cb: /boot/modem_fsc: clnt_h=0x4: req_h=0x4 msg_id=1: Client found
I/rmt_storage( 1015): rmt_storage_open_cb: /boot/modem_fsc: clnt_h=0x4: req_h=0x4 msg_id=1: Send response: res=0 err=0
I/rmt_storage( 1015): rmt_storage_client_thread: /boot/modem_fsc: clnt_h=0x4 Worker thread started
I/rmt_storage( 1015): wake lock name: rmt_storage_-1215232312, name creation success: 23
I/rmt_storage( 1015): rmt_storage_alloc_buff_cb: /boot/modem_fs1: clnt_h=0x1: req_h=0x5 msg_id=4: Alloc request received: Size: 1572864
I/rmt_storage( 1015): rmt_storage_alloc_buff_cb: /boot/modem_fs1: clnt_h=0x1: req_h=0x5 msg_id=4: Send response: res=0 err=0
I/rmt_storage( 1015): rmt_storage_rw_iovec_cb: /boot/modem_fs1: clnt_h=0x1: req_h=0x6 msg_id=3: R/W request received
I/rmt_storage( 1015): Shared mem address set to 0xb690c000
I/rmt_storage( 1015): wakelock acquired: 1, error no: 42
I/rmt_storage( 1015): rmt_storage_client_thread: /boot/modem_fs1: clnt_h=0x1 Unblock worker thread (th_id: -1215234328)
I/rmt_storage( 1015): rmt_storage_client_thread: /boot/modem_fsg: clnt_h=0x3 Worker thread started
I/rmt_storage( 1015): wake lock name: rmt_storage_-1215232896, name creation success: 23
I/rmt_storage( 1015): rmt_storage_client_thread: /boot/modem_fs1: clnt_h=0x1: req_h=0x6 msg_id=3: Bytes read = 512
I/rmt_storage( 1015): rmt_storage_client_thread: /boot/modem_fs1: clnt_h=0x1: req_h=0x6 msg_id=3: Send response: res=0 err=0
I/rmt_storage( 1015): rmt_storage_client_thread: /boot/modem_fs1: clnt_h=0x1 About to block rmt_storage client thread (th_id: -1215234328) wakelock released: 1, error no: 0
I/rmt_storage( 1015): 
I/rmt_storage( 1015): rmt_storage_rw_iovec_cb: /boot/modem_fs2: clnt_h=0x2: req_h=0x7 msg_id=3: R/W request received
I/rmt_storage( 1015): Shared mem address set to 0xb690c000
I/rmt_storage( 1015): wakelock acquired: 1, error no: 42
I/rmt_storage( 1015): rmt_storage_client_thread: /boot/modem_fs2: clnt_h=0x2 Unblock worker thread (th_id: -1215233480)
I/rmt_storage( 1015): rmt_storage_client_thread: /boot/modem_fs2: clnt_h=0x2: req_h=0x7 msg_id=3: Bytes read = 512
I/rmt_storage( 1015): rmt_storage_client_thread: /boot/modem_fs2: clnt_h=0x2: req_h=0x7 msg_id=3: Send response: res=0 err=0
I/rmt_storage( 1015): rmt_storage_client_thread: /boot/modem_fs2: clnt_h=0x2 About to block rmt_storage client thread (th_id: -1215233480) wakelock released: 1, error no: 0
I/rmt_storage( 1015): 
I/rmt_storage( 1015): rmt_storage_rw_iovec_cb: /boot/modem_fs1: clnt_h=0x1: req_h=0x8 msg_id=3: R/W request received
I/rmt_storage( 1015): wakelock acquired: 1, error no: 42
I/rmt_storage( 1015): rmt_storage_client_thread: /boot/modem_fs1: clnt_h=0x1 Unblock worker thread (th_id: -1215234328)
I/rmt_storage( 1015): rmt_storage_client_thread: /boot/modem_fs1: clnt_h=0x1: req_h=0x8 msg_id=3: Bytes read = 1571840
I/rmt_storage( 1015): rmt_storage_client_thread: /boot/modem_fs1: clnt_h=0x1: req_h=0x8 msg_id=3: Send response: res=0 err=0
I/rmt_storage( 1015): rmt_storage_client_thread: /boot/modem_fs1: clnt_h=0x1 About to block rmt_storage client thread (th_id: -1215234328) wakelock released: 1, error no: 0
I/rmt_storage( 1015): 
I/ThermalEngine( 1032): Sensor:batt_temp:39800 mC
E/Sensors ( 1028): sns_debug_main.c(438):Debug Config File missing in EFS!
D/SensorService( 1041): nuSensorService starting...
E/Sensors ( 1028): sns_smr_util.c(104):Unable to initialize service 259 with QCCI, timed out (200 ms)
E/Sensors ( 1028): sns_acm_mr.c(390):Error getting info for service 3
E/QMI_FW  ( 1044): QMUXD: WARNING qmi_qmux_if_pwr_up_init failed! rc=-1
E/QMI_FW  ( 1044): QMUXD: WARNING qmi_qmux_if_pwr_up_init failed! rc=-1
E/QMI_FW  ( 1044): QMUXD: WARNING qmi_qmux_if_pwr_up_init failed! rc=-1
E/QC-time-services( 1044): Daemon:genoff_modem_qmi_init: qmi_client_get_service_list returned 0num_services 1
E/QMI_FW  ( 1044): QMUXD: WARNING qmi_qmux_if_pwr_up_init failed! rc=-1
E/QMI_FW  ( 1044): QMUXD: WARNING qmi_qmux_if_pwr_up_init failed! rc=-1
E/QMI_FW  ( 1044): QMUXD: WARNING qmi_qmux_if_pwr_up_init failed! rc=-1
E/QMI_FW  ( 1044): QMUXD: WARNING qmi_qmux_if_pwr_up_init failed! rc=-1
E/QMI_FW  ( 1044): QMUXD: WARNING qmi_qmux_if_pwr_up_init failed! rc=-1
E/QMI_FW  ( 1044): QMUXD: WARNING qmi_qmux_if_pwr_up_init failed! rc=-1
E/QMI_FW  ( 1044): QMUXD: WARNING qmi_qmux_if_pwr_up_init failed! rc=-1
E/QMI_FW  ( 1044): QMUXD: WARNING qmi_qmux_if_pwr_up_init failed! rc=-1
E/QMI_FW  ( 1044): QMUXD: WARNING qmi_qmux_if_pwr_up_init failed! rc=-1
D/QC-time-services( 1044): Daemon:rtc_get: Time read from RTC -- MM/DD/YY HH:MM:SS10/30/115 22:8:23
D/QC-time-services( 1044): Daemon:Value read from RTC seconds = 1448921303000
D/QC-time-services( 1044): Daemon:genoff_modem_qmi_init: Initial transaction successfull
D/QC-time-services( 1044): Daemon: Time-services: All initializations done
E/QC-time-services( 1044): Daemon: Time-services: Waiting to acceptconnection
I/UpstartPropertyWatcher(  985): Property changed: ril.qcril_pre_init_lock_held=0
I/UpstartPropertyWatcher(  985): Property changed: ro.ril.svlte1x=false
I/UpstartPropertyWatcher(  985): Property changed: ro.ril.svdo=false
I/UpstartPropertyWatcher(  985): Property changed: persist.radio.eons.enabled=false
I/UpstartPropertyWatcher(  985): Property changed: ril.ecclist=911,*911,#911,112,110,119,120
I/UpstartPropertyWatcher(  985): Property changed: ril.ecclist=911,*911,#911,112,110,119,120
I/UpstartPropertyWatcher(  985): Property changed: persist.radio.dont_use_dsd=true
I/ThermalEngine( 1032): Sensor:batt_temp:39800 mC
I/ThermalEngine( 1032): qmi: Instance id 45 for fusion TS
I/ThermalEngine( 1032): MODEM thermal mitigation available.
I/ThermalEngine( 1032): ACTION: MODEM - Pending request: pa mitigation succeeded for level 0.
I/ThermalEngine( 1032): Mitigation:Modem:0
I/ThermalEngine( 1032): ACTION: MODEM - Pending request: cpuv_restriction_cold mitigation succeeded for level 0.
I/ThermalEngine( 1032): Mitigation:VDD[MODEM-cpuv_restriction_cold]:0
E/QMI_XIAOMI( 1048): qmi_xiaomi: inc async 1
E/QMI_XIAOMI( 1048): qmi_xiaomi: dec sync flag 0
I/UpstartPropertyWatcher(  985): Property changed: ril.qcril_pre_init_lock_held=0
I/UpstartPropertyWatcher(  985): Property changed: persist.radio.eons.enabled=false
I/wcnss_xiaomi( 1048): Found MAC address: 28:e3:1f:5a:3b:de
E/wcnss_service( 1048): WLAN MAC Addr:28:e3:1f:5a:3b:de
I/wcnss_service( 1048): WLAN MAC Addr:28:e3:1f:5a:3b:de
E/wcnss_service( 1048): CAL file not found
I/UpstartPropertyWatcher(  985): Property changed: ril.ecclist=911,*911,#911,112,110,119,120
I/UpstartPropertyWatcher(  985): Property changed: ril.ecclist1=911,*911,#911,112,110,119,120
I/ThermalEngine( 1032): Sensor:batt_temp:39800 mC
I/UpstartPropertyWatcher(  985): Property changed: persist.radio.dont_use_dsd=true
I/ThermalEngine( 1032): Sensor:batt_temp:39800 mC
E/QCALOG  ( 1113): [MessageQ] ProcessNewMessage: [XTWiFi-PE] unknown deliver target [OS-Agent]
E/QCALOG  ( 1113): [MessageQ] ProcessNewMessage: [XTWWAN-PE] unknown deliver target [OS-Agent]
E/QCALOG  ( 1113): [MessageQ] ProcessNewMessage: [XT-CS] unknown deliver target [OS-Agent]
I/UpstartPropertyWatcher(  985): Property changed: init.svc.ppd=running
I/UpstartPropertyWatcher(  985): Property changed: init.svc.quipc_igsn=running
I/UpstartPropertyWatcher(  985): Property changed: init.svc.quipc_main=running
I/UpstartPropertyWatcher(  985): Property changed: init.svc.xtwifi_inet=running
I/UpstartPropertyWatcher(  985): Property changed: init.svc.gsiff_daemon=running
I/ThermalEngine( 1032): Sensor:batt_temp:39900 mC
I/ThermalEngine( 1032): Sensor:batt_temp:40000 mC
I/ThermalEngine( 1032): Sensor:batt_temp:40000 mC
I/ThermalEngine( 1032): Sensor:batt_temp:40000 mC
I/ThermalEngine( 1032): Sensor:batt_temp:40100 mC
I/ThermalEngine( 1032): Sensor:tsens_tz_sensor2:94000 mC
I/ThermalEngine( 1032): Sensor:tsens_tz_sensor2:94000 mC
I/ThermalEngine( 1032): Sensor:tsens_tz_sensor2:94000 mC
I/ThermalEngine( 1032): ACTION: CPU - Setting CPU[0] to 1497600
I/ThermalEngine( 1032): ACTION: CPU - Setting CPU[1] to 1497600
I/ThermalEngine( 1032): ACTION: CPU - Setting CPU[2] to 1497600
I/ThermalEngine( 1032): ACTION: CPU - Setting CPU[3] to 1497600
E/QCALOG  ( 1113): [MessageQ] ProcessNewMessage: [XTWWAN-PE] unknown deliver target [OS-Agent]
E/QCALOG  ( 1113): [MessageQ] ProcessNewMessage: [XT-CS] unknown deliver target [OS-Agent]
E/QCALOG  ( 1113): [MessageQ] ProcessNewMessage: [XTWiFi-PE] unknown deliver target [OS-Agent]
I/UpstartPropertyWatcher(  985): Property changed: init.svc.quipc_igsn=restarting
I/UpstartPropertyWatcher(  985): Property changed: init.svc.quipc_igsn=running
I/UpstartPropertyWatcher(  985): Property changed: init.svc.ppd=restarting
I/UpstartPropertyWatcher(  985): Property changed: init.svc.xtwifi_inet=restarting
I/UpstartPropertyWatcher(  985): Property changed: init.svc.ppd=running
I/ThermalEngine( 1032): Sensor:tsens_tz_sensor2:94000 mC
I/ThermalEngine( 1032): ACTION: CPU - Setting CPU[0] to 1401600
I/ThermalEngine( 1032): ACTION: CPU - Setting CPU[1] to 1401600
I/ThermalEngine( 1032): ACTION: CPU - Setting CPU[2] to 1401600
I/ThermalEngine( 1032): ACTION: CPU - Setting CPU[3] to 1401600
I/UpstartPropertyWatcher(  985): Property changed: init.svc.xtwifi_inet=running
I/ThermalEngine( 1032): Sensor:batt_temp:40100 mC
I/UpstartPropertyWatcher(  985): Property changed: init.svc.gsiff_daemon=restarting
I/UpstartPropertyWatcher(  985): Property changed: init.svc.gsiff_daemon=running
I/ThermalEngine( 1032): Sensor:tsens_tz_sensor2:94000 mC
I/ThermalEngine( 1032): ACTION: CPU - Setting CPU[0] to 1344000
I/ThermalEngine( 1032): ACTION: CPU - Setting CPU[1] to 1344000
I/ThermalEngine( 1032): ACTION: CPU - Setting CPU[2] to 1344000
I/ThermalEngine( 1032): ACTION: CPU - Setting CPU[3] to 1344000
I/UpstartPropertyWatcher(  985): Property changed: init.svc.quipc_igsn=restarting
I/UpstartPropertyWatcher(  985): Property changed: init.svc.xtwifi_inet=restarting
I/ThermalEngine( 1032): Sensor:tsens_tz_sensor2:92000 mC
I/ThermalEngine( 1032): ACTION: CPU - Setting CPU[0] to 1305600
I/ThermalEngine( 1032): ACTION: CPU - Setting CPU[1] to 1305600
I/ThermalEngine( 1032): ACTION: CPU - Setting CPU[2] to 1305600
I/ThermalEngine( 1032): ACTION: CPU - Setting CPU[3] to 1305600
I/UpstartPropertyWatcher(  985): Property changed: init.svc.quipc_main=running
I/UpstartPropertyWatcher(  985): Property changed: init.svc.ppd=restarting
I/UpstartPropertyWatcher(  985): Property changed: init.svc.gsiff_daemon=restarting
I/UpstartPropertyWatcher(  985): Property changed: init.svc.quipc_main=restarting
I/ThermalEngine( 1032): Sensor:tsens_tz_sensor2:89000 mC
I/ThermalEngine( 1032): ACTION: CPU - Setting CPU[0] to 1344000
I/ThermalEngine( 1032): ACTION: CPU - Setting CPU[1] to 1344000
I/ThermalEngine( 1032): ACTION: CPU - Setting CPU[2] to 1344000
I/ThermalEngine( 1032): ACTION: CPU - Setting CPU[3] to 1344000
I/ThermalEngine( 1032): Sensor:tsens_tz_sensor2:84000 mC
I/ThermalEngine( 1032): ACTION: CPU - Setting CPU[0] to 1401600
I/ThermalEngine( 1032): ACTION: CPU - Setting CPU[1] to 1401600
I/ThermalEngine( 1032): ACTION: CPU - Setting CPU[2] to 1401600
I/ThermalEngine( 1032): ACTION: CPU - Setting CPU[3] to 1401600
I/ThermalEngine( 1032): Sensor:batt_temp:40000 mC
I/ThermalEngine( 1032): Sensor:tsens_tz_sensor2:86000 mC
I/ThermalEngine( 1032): ACTION: CPU - Setting CPU[0] to 1497600
I/ThermalEngine( 1032): ACTION: CPU - Setting CPU[1] to 1497600
I/ThermalEngine( 1032): ACTION: CPU - Setting CPU[2] to 1497600
I/ThermalEngine( 1032): ACTION: CPU - Setting CPU[3] to 1497600
I/ThermalEngine( 1032): Sensor:tsens_tz_sensor2:88000 mC
I/ThermalEngine( 1032): ACTION: CPU - Setting CPU[0] to 1593600
I/ThermalEngine( 1032): ACTION: CPU - Setting CPU[1] to 1593600
I/ThermalEngine( 1032): ACTION: CPU - Setting CPU[2] to 1593600
I/ThermalEngine( 1032): ACTION: CPU - Setting CPU[3] to 1593600
I/wcnss_service( 1048): wcnss_read_and_store_cal_data trying to read cal
E/libsensor1( 1041): sensor1_open: Error in connect() errno=2 No such file or directory
E/sensor_reg( 1041): sensor_reg_sensor1_open: sensor1_open returned 11
I/ThermalEngine( 1032): Sensor:tsens_tz_sensor2:88000 mC
I/ThermalEngine( 1032): Sensor:tsens_tz_sensor2:86000 mC
I/ThermalEngine( 1032): Sensor:batt_temp:40100 mC
I/ThermalEngine( 1032): Sensor:tsens_tz_sensor2:89000 mC
I/ThermalEngine( 1032): Sensor:tsens_tz_sensor2:88000 mC
I/ThermalEngine( 1032): Sensor:tsens_tz_sensor2:90000 mC
I/ThermalEngine( 1032): Sensor:tsens_tz_sensor2:90000 mC
I/ThermalEngine( 1032): Sensor:batt_temp:40100 mC
I/ThermalEngine( 1032): Sensor:tsens_tz_sensor2:92000 mC
I/ThermalEngine( 1032): ACTION: CPU - Setting CPU[0] to 1497600
I/ThermalEngine( 1032): ACTION: CPU - Setting CPU[1] to 1497600
I/ThermalEngine( 1032): ACTION: CPU - Setting CPU[2] to 1497600
I/ThermalEngine( 1032): ACTION: CPU - Setting CPU[3] to 1497600
I/ThermalEngine( 1032): Sensor:tsens_tz_sensor2:93000 mC
I/ThermalEngine( 1032): ACTION: CPU - Setting CPU[0] to 1401600
I/ThermalEngine( 1032): ACTION: CPU - Setting CPU[1] to 1401600
I/ThermalEngine( 1032): ACTION: CPU - Setting CPU[2] to 1401600
I/ThermalEngine( 1032): ACTION: CPU - Setting CPU[3] to 1401600
I/ThermalEngine( 1032): Sensor:tsens_tz_sensor2:91000 mC
I/ThermalEngine( 1032): ACTION: CPU - Setting CPU[0] to 1344000
I/ThermalEngine( 1032): ACTION: CPU - Setting CPU[1] to 1344000
I/ThermalEngine( 1032): ACTION: CPU - Setting CPU[2] to 1344000
I/ThermalEngine( 1032): ACTION: CPU - Setting CPU[3] to 1344000
I/ThermalEngine( 1032): Sensor:tsens_tz_sensor2:87000 mC
I/ThermalEngine( 1032): ACTION: CPU - Setting CPU[0] to 1401600
I/ThermalEngine( 1032): ACTION: CPU - Setting CPU[1] to 1401600
I/ThermalEngine( 1032): ACTION: CPU - Setting CPU[2] to 1401600
I/ThermalEngine( 1032): ACTION: CPU - Setting CPU[3] to 1401600
I/ThermalEngine( 1032): Sensor:batt_temp:40100 mC
I/ThermalEngine( 1032): Sensor:tsens_tz_sensor2:87000 mC
I/ThermalEngine( 1032): ACTION: CPU - Setting CPU[0] to 1497600
I/ThermalEngine( 1032): ACTION: CPU - Setting CPU[1] to 1497600
I/ThermalEngine( 1032): ACTION: CPU - Setting CPU[2] to 1497600
I/ThermalEngine( 1032): ACTION: CPU - Setting CPU[3] to 1497600
I/ThermalEngine( 1032): Sensor:tsens_tz_sensor2:90000 mC
I/ThermalEngine( 1032): ACTION: CPU - Setting CPU[0] to 1593600
I/ThermalEngine( 1032): ACTION: CPU - Setting CPU[1] to 1593600
I/ThermalEngine( 1032): ACTION: CPU - Setting CPU[2] to 1593600
I/ThermalEngine( 1032): ACTION: CPU - Setting CPU[3] to 1593600
I/UpstartPropertyWatcher(  985): Property changed: init.svc.ppd=running
I/UpstartPropertyWatcher(  985): Property changed: init.svc.quipc_igsn=running
I/UpstartPropertyWatcher(  985): Property changed: init.svc.xtwifi_inet=running
I/UpstartPropertyWatcher(  985): Property changed: init.svc.quipc_igsn=restarting
I/UpstartPropertyWatcher(  985): Property changed: init.svc.xtwifi_inet=restarting
E/QCALOG  ( 1113): [MessageQ] ProcessNewMessage: [XTWWAN-PE] unknown deliver target [OS-Agent]
E/QCALOG  ( 1113): [MessageQ] ProcessNewMessage: [XT-CS] unknown deliver target [OS-Agent]
E/QCALOG  ( 1113): [MessageQ] ProcessNewMessage: [XTWiFi-PE] unknown deliver target [OS-Agent]
I/UpstartPropertyWatcher(  985): Property changed: init.svc.ppd=restarting
I/ThermalEngine( 1032): Sensor:tsens_tz_sensor2:89000 mC
I/ThermalEngine( 1032): Sensor:tsens_tz_sensor2:89000 mC
I/ThermalEngine( 1032): Sensor:batt_temp:40100 mC
I/ThermalEngine( 1032): Sensor:tsens_tz_sensor2:89000 mC
I/ThermalEngine( 1032): Sensor:tsens_tz_sensor2:89000 mC
I/UpstartPropertyWatcher(  985): Property changed: init.svc.quipc_main=running
I/UpstartPropertyWatcher(  985): Property changed: init.svc.gsiff_daemon=running
I/UpstartPropertyWatcher(  985): Property changed: init.svc.gsiff_daemon=restarting
I/ThermalEngine( 1032): Sensor:tsens_tz_sensor2:88000 mC
I/UpstartPropertyWatcher(  985): Property changed: init.svc.quipc_main=restarting
I/ThermalEngine( 1032): Sensor:tsens_tz_sensor2:88000 mC
I/ThermalEngine( 1032): Sensor:batt_temp:40100 mC
I/ThermalEngine( 1032): Sensor:tsens_tz_sensor2:88000 mC
I/ThermalEngine( 1032): Sensor:tsens_tz_sensor2:88000 mC
I/ThermalEngine( 1032): Sensor:tsens_tz_sensor2:88000 mC
I/ThermalEngine( 1032): Sensor:tsens_tz_sensor2:88000 mC
I/ThermalEngine( 1032): Sensor:batt_temp:40100 mC
I/ThermalEngine( 1032): Sensor:tsens_tz_sensor2:88000 mC
I/ThermalEngine( 1032): Sensor:tsens_tz_sensor2:87000 mC
I/ThermalEngine( 1032): Sensor:tsens_tz_sensor2:82000 mC
I/ThermalEngine( 1032): Sensor:tsens_tz_sensor2:82000 mC
I/ThermalEngine( 1032): Sensor:batt_temp:40300 mC
I/ThermalEngine( 1032): Sensor:tsens_tz_sensor2:88000 mC
I/ThermalEngine( 1032): Sensor:tsens_tz_sensor2:91000 mC
I/ThermalEngine( 1032): ACTION: CPU - Setting CPU[0] to 1497600
I/ThermalEngine( 1032): ACTION: CPU - Setting CPU[1] to 1497600
