I/ThermalEngine( 1045): Sensor:tsens_tz_sensor5:70000 mC
I/ThermalEngine( 1045): Sensor:tsens_tz_sensor2:71000 mC
I/ThermalEngine( 1045): Sensor:tsens_tz_sensor5:70000 mC
I/ThermalEngine( 1045): Sensor:batt_temp:40400 mC
I/ThermalEngine( 1045): Sensor:tsens_tz_sensor2:71000 mC
I/ThermalEngine( 1045): Sensor:tsens_tz_sensor5:70000 mC
I/ThermalEngine( 1045): Sensor:tsens_tz_sensor2:68000 mC
I/ThermalEngine( 1045): Sensor:tsens_tz_sensor5:68000 mC
I/ThermalEngine( 1045): Sensor:tsens_tz_sensor2:64000 mC
I/ThermalEngine( 1045): Sensor:tsens_tz_sensor5:64000 mC
I/ThermalEngine( 1045): Sensor:tsens_tz_sensor2:63000 mC
I/ThermalEngine( 1045): Sensor:tsens_tz_sensor5:63000 mC
I/ThermalEngine( 1045): Sensor:batt_temp:40400 mC
D/libEGL  ( 2966): loaded /vendor/lib/egl/libEGL_adreno.so
D/libEGL  ( 2966): loaded /vendor/lib/egl/libGLESv1_CM_adreno.so
D/libEGL  ( 2966): loaded /vendor/lib/egl/libGLESv2_adreno.so
I/ThermalEngine( 1045): Sensor:tsens_tz_sensor2:63000 mC
I/ThermalEngine( 1045): Sensor:tsens_tz_sensor5:63000 mC
I/ThermalEngine( 1045): Sensor:tsens_tz_sensor2:68000 mC
I/ThermalEngine( 1045): Sensor:tsens_tz_sensor5:70000 mC
I/ThermalEngine( 1045): Sensor:tsens_tz_sensor2:70000 mC
I/ThermalEngine( 1045): Sensor:tsens_tz_sensor5:72000 mC
I/ThermalEngine( 1045): Sensor:tsens_tz_sensor2:71000 mC
I/ThermalEngine( 1045): Sensor:tsens_tz_sensor5:72000 mC
I/ThermalEngine( 1045): Sensor:batt_temp:40400 mC
I/ThermalEngine( 1045): Sensor:tsens_tz_sensor2:72000 mC
I/ThermalEngine( 1045): Sensor:tsens_tz_sensor5:71000 mC
I/ThermalEngine( 1045): Sensor:tsens_tz_sensor2:72000 mC
I/ThermalEngine( 1045): Sensor:tsens_tz_sensor5:71000 mC
I/ThermalEngine( 1045): Sensor:tsens_tz_sensor2:65000 mC
I/ThermalEngine( 1045): Sensor:tsens_tz_sensor5:65000 mC
I/ThermalEngine( 1045): Sensor:tsens_tz_sensor2:63000 mC
I/ThermalEngine( 1045): Sensor:tsens_tz_sensor5:64000 mC
I/ThermalEngine( 1045): Sensor:batt_temp:40500 mC
I/UpstartPropertyWatcher(  995): Property changed: init.svc.ppd=running
I/UpstartPropertyWatcher(  995): Property changed: init.svc.gsiff_daemon=running
I/UpstartPropertyWatcher(  995): Property changed: init.svc.quipc_igsn=running
I/UpstartPropertyWatcher(  995): Property changed: init.svc.quipc_main=running
I/UpstartPropertyWatcher(  995): Property changed: init.svc.xtwifi_inet=running
I/UpstartPropertyWatcher(  995): Property changed: init.svc.ppd=restarting
I/UpstartPropertyWatcher(  995): Property changed: init.svc.quipc_igsn=restarting
I/UpstartPropertyWatcher(  995): Property changed: init.svc.xtwifi_inet=restarting
I/UpstartPropertyWatcher(  995): Property changed: init.svc.gsiff_daemon=restarting
I/UpstartPropertyWatcher(  995): Property changed: init.svc.quipc_main=restarting
D/libEGL  ( 2972): loaded /vendor/lib/egl/libEGL_adreno.so
D/libEGL  ( 2972): loaded /vendor/lib/egl/libGLESv1_CM_adreno.so
D/libEGL  ( 2972): loaded /vendor/lib/egl/libGLESv2_adreno.so
I/ThermalEngine( 1045): Sensor:tsens_tz_sensor2:71000 mC
I/ThermalEngine( 1045): Sensor:tsens_tz_sensor5:68000 mC
E/QCALOG  ( 1085): [MessageQ] ProcessNewMessage: [XTWWAN-PE] unknown deliver target [OS-Agent]
E/QCALOG  ( 1085): [MessageQ] ProcessNewMessage: [XT-CS] unknown deliver target [OS-Agent]
E/QCALOG  ( 1085): [MessageQ] ProcessNewMessage: [XTWiFi-PE] unknown deliver target [OS-Agent]
I/ThermalEngine( 1045): Sensor:tsens_tz_sensor2:73000 mC
I/ThermalEngine( 1045): Sensor:tsens_tz_sensor5:69000 mC
I/ThermalEngine( 1045): Sensor:tsens_tz_sensor2:73000 mC
I/ThermalEngine( 1045): Sensor:tsens_tz_sensor5:69000 mC
I/ThermalEngine( 1045): Sensor:tsens_tz_sensor2:74000 mC
I/ThermalEngine( 1045): Sensor:tsens_tz_sensor5:70000 mC
I/ThermalEngine( 1045): Sensor:batt_temp:40500 mC
I/ThermalEngine( 1045): Sensor:tsens_tz_sensor2:75000 mC
I/ThermalEngine( 1045): Sensor:tsens_tz_sensor5:71000 mC
I/ThermalEngine( 1045): Sensor:tsens_tz_sensor2:71000 mC
I/ThermalEngine( 1045): Sensor:tsens_tz_sensor5:70000 mC
I/ThermalEngine( 1045): Sensor:tsens_tz_sensor2:64000 mC
I/ThermalEngine( 1045): Sensor:tsens_tz_sensor5:65000 mC
I/ThermalEngine( 1045): Sensor:tsens_tz_sensor2:64000 mC
I/ThermalEngine( 1045): Sensor:tsens_tz_sensor5:65000 mC
I/ThermalEngine( 1045): Sensor:batt_temp:40300 mC
D/libEGL  ( 2983): loaded /vendor/lib/egl/libEGL_adreno.so
D/libEGL  ( 2983): loaded /vendor/lib/egl/libGLESv1_CM_adreno.so
D/libEGL  ( 2983): loaded /vendor/lib/egl/libGLESv2_adreno.so
I/ThermalEngine( 1045): Sensor:tsens_tz_sensor2:63000 mC
I/ThermalEngine( 1045): Sensor:tsens_tz_sensor5:63000 mC
I/ThermalEngine( 1045): Sensor:tsens_tz_sensor2:69000 mC
I/ThermalEngine( 1045): Sensor:tsens_tz_sensor5:68000 mC
I/ThermalEngine( 1045): Sensor:tsens_tz_sensor2:70000 mC
I/ThermalEngine( 1045): Sensor:tsens_tz_sensor5:69000 mC
I/ThermalEngine( 1045): Sensor:tsens_tz_sensor2:71000 mC
I/ThermalEngine( 1045): Sensor:tsens_tz_sensor5:70000 mC
I/ThermalEngine( 1045): Sensor:batt_temp:40500 mC
I/ThermalEngine( 1045): Sensor:tsens_tz_sensor2:71000 mC
I/ThermalEngine( 1045): Sensor:tsens_tz_sensor5:70000 mC
I/ThermalEngine( 1045): Sensor:tsens_tz_sensor2:72000 mC
I/ThermalEngine( 1045): Sensor:tsens_tz_sensor5:70000 mC
I/ThermalEngine( 1045): Sensor:tsens_tz_sensor2:66000 mC
I/ThermalEngine( 1045): Sensor:tsens_tz_sensor5:66000 mC
I/ThermalEngine( 1045): Sensor:tsens_tz_sensor2:64000 mC
I/ThermalEngine( 1045): Sensor:tsens_tz_sensor5:64000 mC
I/ThermalEngine( 1045): Sensor:batt_temp:40300 mC
D/libEGL  ( 2989): loaded /vendor/lib/egl/libEGL_adreno.so
D/libEGL  ( 2989): loaded /vendor/lib/egl/libGLESv1_CM_adreno.so
D/libEGL  ( 2989): loaded /vendor/lib/egl/libGLESv2_adreno.so
I/ThermalEngine( 1045): Sensor:tsens_tz_sensor2:67000 mC
I/ThermalEngine( 1045): Sensor:tsens_tz_sensor5:68000 mC
I/ThermalEngine( 1045): Sensor:tsens_tz_sensor2:67000 mC
I/ThermalEngine( 1045): Sensor:tsens_tz_sensor5:68000 mC
I/ThermalEngine( 1045): Sensor:tsens_tz_sensor2:73000 mC
I/ThermalEngine( 1045): Sensor:tsens_tz_sensor5:69000 mC
I/ThermalEngine( 1045): Sensor:tsens_tz_sensor2:74000 mC
I/ThermalEngine( 1045): Sensor:tsens_tz_sensor5:70000 mC
I/ThermalEngine( 1045): Sensor:batt_temp:40500 mC
I/ThermalEngine( 1045): Sensor:tsens_tz_sensor2:75000 mC
I/ThermalEngine( 1045): Sensor:tsens_tz_sensor5:70000 mC
I/UpstartPropertyWatcher(  995): Property changed: init.svc.ppd=running
I/UpstartPropertyWatcher(  995): Property changed: init.svc.gsiff_daemon=running
I/UpstartPropertyWatcher(  995): Property changed: init.svc.quipc_igsn=running
I/UpstartPropertyWatcher(  995): Property changed: init.svc.quipc_main=running
I/UpstartPropertyWatcher(  995): Property changed: init.svc.xtwifi_inet=running
I/UpstartPropertyWatcher(  995): Property changed: init.svc.quipc_igsn=restarting
I/UpstartPropertyWatcher(  995): Property changed: init.svc.gsiff_daemon=restarting
I/UpstartPropertyWatcher(  995): Property changed: init.svc.ppd=restarting
I/UpstartPropertyWatcher(  995): Property changed: init.svc.xtwifi_inet=restarting
I/UpstartPropertyWatcher(  995): Property changed: init.svc.quipc_main=restarting
E/QCALOG  ( 1085): [MessageQ] ProcessNewMessage: [XTWWAN-PE] unknown deliver target [OS-Agent]
E/QCALOG  ( 1085): [MessageQ] ProcessNewMessage: [XT-CS] unknown deliver target [OS-Agent]
E/QCALOG  ( 1085): [MessageQ] ProcessNewMessage: [XTWiFi-PE] unknown deliver target [OS-Agent]
I/ThermalEngine( 1045): Sensor:tsens_tz_sensor2:71000 mC
I/ThermalEngine( 1045): Sensor:tsens_tz_sensor5:71000 mC
I/ThermalEngine( 1045): Sensor:tsens_tz_sensor2:71000 mC
I/ThermalEngine( 1045): Sensor:tsens_tz_sensor5:71000 mC
I/ThermalEngine( 1045): Sensor:tsens_tz_sensor2:65000 mC
I/ThermalEngine( 1045): Sensor:tsens_tz_sensor5:65000 mC
I/ThermalEngine( 1045): Sensor:batt_temp:40300 mC
I/ThermalEngine( 1045): Sensor:tsens_tz_sensor2:63000 mC
I/ThermalEngine( 1045): Sensor:tsens_tz_sensor5:63000 mC
D/libEGL  ( 3001): loaded /vendor/lib/egl/libEGL_adreno.so
D/libEGL  ( 3001): loaded /vendor/lib/egl/libGLESv1_CM_adreno.so
D/libEGL  ( 3001): loaded /vendor/lib/egl/libGLESv2_adreno.so
I/ThermalEngine( 1045): Sensor:tsens_tz_sensor2:72000 mC
I/ThermalEngine( 1045): Sensor:tsens_tz_sensor5:68000 mC
I/ThermalEngine( 1045): Sensor:tsens_tz_sensor2:74000 mC
I/ThermalEngine( 1045): Sensor:tsens_tz_sensor5:69000 mC
I/ThermalEngine( 1045): Sensor:tsens_tz_sensor2:74000 mC
I/ThermalEngine( 1045): Sensor:tsens_tz_sensor5:69000 mC
I/ThermalEngine( 1045): Sensor:batt_temp:40500 mC
I/ThermalEngine( 1045): Sensor:tsens_tz_sensor2:75000 mC
I/ThermalEngine( 1045): Sensor:tsens_tz_sensor5:70000 mC
I/ThermalEngine( 1045): Sensor:tsens_tz_sensor2:75000 mC
I/ThermalEngine( 1045): Sensor:tsens_tz_sensor5:71000 mC
I/ThermalEngine( 1045): Sensor:tsens_tz_sensor2:66000 mC
I/ThermalEngine( 1045): Sensor:tsens_tz_sensor5:66000 mC
I/ThermalEngine( 1045): Sensor:tsens_tz_sensor2:63000 mC
I/ThermalEngine( 1045): Sensor:tsens_tz_sensor5:64000 mC
I/ThermalEngine( 1045): Sensor:batt_temp:40300 mC
I/ThermalEngine( 1045): Sensor:tsens_tz_sensor2:63000 mC
I/ThermalEngine( 1045): Sensor:tsens_tz_sensor5:64000 mC
D/libEGL  ( 3007): loaded /vendor/lib/egl/libEGL_adreno.so
D/libEGL  ( 3007): loaded /vendor/lib/egl/libGLESv1_CM_adreno.so
D/libEGL  ( 3007): loaded /vendor/lib/egl/libGLESv2_adreno.so
I/ThermalEngine( 1045): Sensor:tsens_tz_sensor2:66000 mC
I/ThermalEngine( 1045): Sensor:tsens_tz_sensor5:68000 mC
I/ThermalEngine( 1045): Sensor:tsens_tz_sensor2:69000 mC
I/ThermalEngine( 1045): Sensor:tsens_tz_sensor5:70000 mC
I/ThermalEngine( 1045): Sensor:tsens_tz_sensor2:70000 mC
I/ThermalEngine( 1045): Sensor:tsens_tz_sensor5:71000 mC
I/ThermalEngine( 1045): Sensor:batt_temp:40500 mC
I/ThermalEngine( 1045): Sensor:tsens_tz_sensor2:70000 mC
I/ThermalEngine( 1045): Sensor:tsens_tz_sensor5:72000 mC
I/ThermalEngine( 1045): Sensor:tsens_tz_sensor2:70000 mC
I/ThermalEngine( 1045): Sensor:tsens_tz_sensor5:72000 mC
I/ThermalEngine( 1045): Sensor:tsens_tz_sensor2:70000 mC
I/ThermalEngine( 1045): Sensor:tsens_tz_sensor5:70000 mC
I/ThermalEngine( 1045): Sensor:tsens_tz_sensor2:65000 mC
I/ThermalEngine( 1045): Sensor:tsens_tz_sensor5:65000 mC
I/ThermalEngine( 1045): Sensor:batt_temp:40300 mC
I/ThermalEngine( 1045): Sensor:tsens_tz_sensor2:63000 mC
I/ThermalEngine( 1045): Sensor:tsens_tz_sensor5:63000 mC
E/QCALOG  ( 1085): [MessageQ] ProcessNewMessage: [XTWWAN-PE] unknown deliver target [OS-Agent]
E/QCALOG  ( 1085): [MessageQ] ProcessNewMessage: [XT-CS] unknown deliver target [OS-Agent]
E/QCALOG  ( 1085): [MessageQ] ProcessNewMessage: [XTWiFi-PE] unknown deliver target [OS-Agent]
I/UpstartPropertyWatcher(  995): Property changed: init.svc.ppd=running
I/UpstartPropertyWatcher(  995): Property changed: init.svc.gsiff_daemon=running
I/UpstartPropertyWatcher(  995): Property changed: init.svc.quipc_igsn=running
I/UpstartPropertyWatcher(  995): Property changed: init.svc.quipc_main=running
I/UpstartPropertyWatcher(  995): Property changed: init.svc.xtwifi_inet=running
I/UpstartPropertyWatcher(  995): Property changed: init.svc.quipc_igsn=restarting
D/libEGL  ( 3013): loaded /vendor/lib/egl/libEGL_adreno.so
I/UpstartPropertyWatcher(  995): Property changed: init.svc.xtwifi_inet=restarting
D/libEGL  ( 3013): loaded /vendor/lib/egl/libGLESv1_CM_adreno.so
D/libEGL  ( 3013): loaded /vendor/lib/egl/libGLESv2_adreno.so
I/UpstartPropertyWatcher(  995): Property changed: init.svc.quipc_main=restarting
I/UpstartPropertyWatcher(  995): Property changed: init.svc.gsiff_daemon=restarting
I/UpstartPropertyWatcher(  995): Property changed: init.svc.ppd=restarting
I/ThermalEngine( 1045): Sensor:tsens_tz_sensor2:68000 mC
I/ThermalEngine( 1045): Sensor:tsens_tz_sensor5:70000 mC
I/ThermalEngine( 1045): Sensor:tsens_tz_sensor2:68000 mC
I/ThermalEngine( 1045): Sensor:tsens_tz_sensor5:70000 mC
I/ThermalEngine( 1045): Sensor:tsens_tz_sensor2:69000 mC
I/ThermalEngine( 1045): Sensor:tsens_tz_sensor5:71000 mC
I/ThermalEngine( 1045): Sensor:batt_temp:40500 mC
I/ThermalEngine( 1045): Sensor:tsens_tz_sensor2:70000 mC
I/ThermalEngine( 1045): Sensor:tsens_tz_sensor5:72000 mC
I/ThermalEngine( 1045): Sensor:tsens_tz_sensor2:70000 mC
I/ThermalEngine( 1045): Sensor:tsens_tz_sensor5:72000 mC
I/ThermalEngine( 1045): Sensor:tsens_tz_sensor2:67000 mC
I/ThermalEngine( 1045): Sensor:tsens_tz_sensor5:66000 mC
I/ThermalEngine( 1045): Sensor:tsens_tz_sensor2:67000 mC
I/ThermalEngine( 1045): Sensor:tsens_tz_sensor5:66000 mC
I/ThermalEngine( 1045): Sensor:batt_temp:40300 mC
I/ThermalEngine( 1045): Sensor:tsens_tz_sensor2:64000 mC
I/ThermalEngine( 1045): Sensor:tsens_tz_sensor5:64000 mC
D/libEGL  ( 3024): loaded /vendor/lib/egl/libEGL_adreno.so
D/libEGL  ( 3024): loaded /vendor/lib/egl/libGLESv1_CM_adreno.so
D/libEGL  ( 3024): loaded /vendor/lib/egl/libGLESv2_adreno.so
I/ThermalEngine( 1045): Sensor:tsens_tz_sensor2:68000 mC
I/ThermalEngine( 1045): Sensor:tsens_tz_sensor5:66000 mC
I/ThermalEngine( 1045): Sensor:tsens_tz_sensor2:69000 mC
I/ThermalEngine( 1045): Sensor:tsens_tz_sensor5:70000 mC
I/ThermalEngine( 1045): Sensor:tsens_tz_sensor2:70000 mC
I/ThermalEngine( 1045): Sensor:tsens_tz_sensor5:71000 mC
I/ThermalEngine( 1045): Sensor:batt_temp:40500 mC
I/ThermalEngine( 1045): Sensor:tsens_tz_sensor2:70000 mC
I/ThermalEngine( 1045): Sensor:tsens_tz_sensor5:71000 mC
I/ThermalEngine( 1045): Sensor:tsens_tz_sensor2:70000 mC
I/ThermalEngine( 1045): Sensor:tsens_tz_sensor5:72000 mC
I/ThermalEngine( 1045): Sensor:tsens_tz_sensor2:71000 mC
I/ThermalEngine( 1045): Sensor:tsens_tz_sensor5:71000 mC
I/ThermalEngine( 1045): Sensor:tsens_tz_sensor2:65000 mC
I/ThermalEngine( 1045): Sensor:tsens_tz_sensor5:65000 mC
I/ThermalEngine( 1045): Sensor:batt_temp:40300 mC
I/ThermalEngine( 1045): Sensor:tsens_tz_sensor2:63000 mC
I/ThermalEngine( 1045): Sensor:tsens_tz_sensor5:63000 mC
D/libEGL  ( 3030): loaded /vendor/lib/egl/libEGL_adreno.so
D/libEGL  ( 3030): loaded /vendor/lib/egl/libGLESv1_CM_adreno.so
D/libEGL  ( 3030): loaded /vendor/lib/egl/libGLESv2_adreno.so
I/ThermalEngine( 1045): Sensor:tsens_tz_sensor2:63000 mC
I/ThermalEngine( 1045): Sensor:tsens_tz_sensor5:63000 mC
I/ThermalEngine( 1045): Sensor:tsens_tz_sensor2:68000 mC
I/ThermalEngine( 1045): Sensor:tsens_tz_sensor5:68000 mC
I/ThermalEngine( 1045): Sensor:tsens_tz_sensor2:70000 mC
I/ThermalEngine( 1045): Sensor:tsens_tz_sensor5:69000 mC
I/ThermalEngine( 1045): Sensor:batt_temp:40500 mC
I/ThermalEngine( 1045): Sensor:tsens_tz_sensor2:71000 mC
I/ThermalEngine( 1045): Sensor:tsens_tz_sensor5:70000 mC
E/QCALOG  ( 1085): [MessageQ] ProcessNewMessage: [XTWWAN-PE] unknown deliver target [OS-Agent]
E/QCALOG  ( 1085): [MessageQ] ProcessNewMessage: [XT-CS] unknown deliver target [OS-Agent]
E/QCALOG  ( 1085): [MessageQ] ProcessNewMessage: [XTWiFi-PE] unknown deliver target [OS-Agent]
I/UpstartPropertyWatcher(  995): Property changed: init.svc.ppd=running
I/UpstartPropertyWatcher(  995): Property changed: init.svc.quipc_igsn=running
I/UpstartPropertyWatcher(  995): Property changed: init.svc.quipc_main=running
I/UpstartPropertyWatcher(  995): Property changed: init.svc.xtwifi_inet=running
I/UpstartPropertyWatcher(  995): Property changed: init.svc.gsiff_daemon=running
I/UpstartPropertyWatcher(  995): Property changed: init.svc.ppd=restarting
I/UpstartPropertyWatcher(  995): Property changed: init.svc.xtwifi_inet=restarting
I/UpstartPropertyWatcher(  995): Property changed: init.svc.quipc_igsn=restarting
I/UpstartPropertyWatcher(  995): Property changed: init.svc.quipc_main=restarting
I/UpstartPropertyWatcher(  995): Property changed: init.svc.gsiff_daemon=restarting
I/ThermalEngine( 1045): Sensor:tsens_tz_sensor2:75000 mC
I/ThermalEngine( 1045): Sensor:tsens_tz_sensor5:72000 mC
I/ThermalEngine( 1045): Sensor:tsens_tz_sensor2:75000 mC
I/ThermalEngine( 1045): Sensor:tsens_tz_sensor5:72000 mC
I/ThermalEngine( 1045): Sensor:tsens_tz_sensor2:67000 mC
I/ThermalEngine( 1045): Sensor:tsens_tz_sensor5:67000 mC
I/ThermalEngine( 1045): Sensor:batt_temp:40300 mC
I/ThermalEngine( 1045): Sensor:tsens_tz_sensor2:64000 mC
I/ThermalEngine( 1045): Sensor:tsens_tz_sensor5:64000 mC
D/libEGL  ( 3041): loaded /vendor/lib/egl/libEGL_adreno.so
D/libEGL  ( 3041): loaded /vendor/lib/egl/libGLESv1_CM_adreno.so
D/libEGL  ( 3041): loaded /vendor/lib/egl/libGLESv2_adreno.so
I/ThermalEngine( 1045): Sensor:tsens_tz_sensor2:66000 mC
I/ThermalEngine( 1045): Sensor:tsens_tz_sensor5:67000 mC
I/ThermalEngine( 1045): Sensor:tsens_tz_sensor2:70000 mC
I/ThermalEngine( 1045): Sensor:tsens_tz_sensor5:69000 mC
I/ThermalEngine( 1045): Sensor:tsens_tz_sensor2:70000 mC
I/ThermalEngine( 1045): Sensor:tsens_tz_sensor5:69000 mC
I/ThermalEngine( 1045): Sensor:batt_temp:40500 mC
I/ThermalEngine( 1045): Sensor:tsens_tz_sensor2:71000 mC
I/ThermalEngine( 1045): Sensor:tsens_tz_sensor5:69000 mC
I/ThermalEngine( 1045): Sensor:tsens_tz_sensor2:72000 mC
I/ThermalEngine( 1045): Sensor:tsens_tz_sensor5:70000 mC
I/ThermalEngine( 1045): Sensor:tsens_tz_sensor2:71000 mC
I/ThermalEngine( 1045): Sensor:tsens_tz_sensor5:71000 mC
I/ThermalEngine( 1045): Sensor:tsens_tz_sensor2:65000 mC
I/ThermalEngine( 1045): Sensor:tsens_tz_sensor5:65000 mC
I/ThermalEngine( 1045): Sensor:batt_temp:40300 mC
I/ThermalEngine( 1045): Sensor:tsens_tz_sensor2:65000 mC
I/ThermalEngine( 1045): Sensor:tsens_tz_sensor5:65000 mC
I/ThermalEngine( 1045): Sensor:tsens_tz_sensor2:63000 mC
I/ThermalEngine( 1045): Sensor:tsens_tz_sensor5:63000 mC
D/libEGL  ( 3047): loaded /vendor/lib/egl/libEGL_adreno.so
D/libEGL  ( 3047): loaded /vendor/lib/egl/libGLESv1_CM_adreno.so
D/libEGL  ( 3047): loaded /vendor/lib/egl/libGLESv2_adreno.so
I/ThermalEngine( 1045): Sensor:tsens_tz_sensor2:68000 mC
I/ThermalEngine( 1045): Sensor:tsens_tz_sensor5:69000 mC
I/ThermalEngine( 1045): Sensor:tsens_tz_sensor2:69000 mC
I/ThermalEngine( 1045): Sensor:tsens_tz_sensor5:71000 mC
I/ThermalEngine( 1045): Sensor:batt_temp:40500 mC
I/ThermalEngine( 1045): Sensor:tsens_tz_sensor2:70000 mC
I/ThermalEngine( 1045): Sensor:tsens_tz_sensor5:71000 mC
I/ThermalEngine( 1045): Sensor:tsens_tz_sensor2:70000 mC
I/ThermalEngine( 1045): Sensor:tsens_tz_sensor5:71000 mC
I/UpstartPropertyWatcher(  995): Property changed: init.svc.ppd=running
I/UpstartPropertyWatcher(  995): Property changed: init.svc.gsiff_daemon=running
I/UpstartPropertyWatcher(  995): Property changed: init.svc.quipc_igsn=running
I/UpstartPropertyWatcher(  995): Property changed: init.svc.quipc_main=running
I/UpstartPropertyWatcher(  995): Property changed: init.svc.xtwifi_inet=running
I/UpstartPropertyWatcher(  995): Property changed: init.svc.xtwifi_inet=restarting
I/UpstartPropertyWatcher(  995): Property changed: init.svc.quipc_igsn=restarting
I/UpstartPropertyWatcher(  995): Property changed: init.svc.gsiff_daemon=restarting
I/UpstartPropertyWatcher(  995): Property changed: init.svc.ppd=restarting
I/UpstartPropertyWatcher(  995): Property changed: init.svc.quipc_main=restarting
I/ThermalEngine( 1045): Sensor:tsens_tz_sensor2:73000 mC
I/ThermalEngine( 1045): Sensor:tsens_tz_sensor5:73000 mC
I/ThermalEngine( 1045): Sensor:tsens_tz_sensor2:68000 mC
I/ThermalEngine( 1045): Sensor:tsens_tz_sensor5:67000 mC
I/ThermalEngine( 1045): Sensor:batt_temp:40300 mC
I/ThermalEngine( 1045): Sensor:tsens_tz_sensor2:64000 mC
I/ThermalEngine( 1045): Sensor:tsens_tz_sensor5:64000 mC
E/QCALOG  ( 1085): [MessageQ] ProcessNewMessage: [XTWWAN-PE] unknown deliver target [OS-Agent]
E/QCALOG  ( 1085): [MessageQ] ProcessNewMessage: [XT-CS] unknown deliver target [OS-Agent]
E/QCALOG  ( 1085): [MessageQ] ProcessNewMessage: [XTWiFi-PE] unknown deliver target [OS-Agent]
I/ThermalEngine( 1045): Sensor:tsens_tz_sensor2:64000 mC
I/ThermalEngine( 1045): Sensor:tsens_tz_sensor5:64000 mC
D/libEGL  ( 3058): loaded /vendor/lib/egl/libEGL_adreno.so
D/libEGL  ( 3058): loaded /vendor/lib/egl/libGLESv1_CM_adreno.so
D/libEGL  ( 3058): loaded /vendor/lib/egl/libGLESv2_adreno.so
I/ThermalEngine( 1045): Sensor:tsens_tz_sensor2:66000 mC
I/ThermalEngine( 1045): Sensor:tsens_tz_sensor5:66000 mC
I/ThermalEngine( 1045): Sensor:tsens_tz_sensor2:69000 mC
I/ThermalEngine( 1045): Sensor:tsens_tz_sensor5:70000 mC
I/ThermalEngine( 1045): Sensor:batt_temp:40500 mC
I/ThermalEngine( 1045): Sensor:tsens_tz_sensor2:70000 mC
I/ThermalEngine( 1045): Sensor:tsens_tz_sensor5:71000 mC
I/ThermalEngine( 1045): Sensor:tsens_tz_sensor2:70000 mC
I/ThermalEngine( 1045): Sensor:tsens_tz_sensor5:72000 mC
I/ThermalEngine( 1045): Sensor:tsens_tz_sensor2:70000 mC
I/ThermalEngine( 1045): Sensor:tsens_tz_sensor5:72000 mC
I/ThermalEngine( 1045): Sensor:tsens_tz_sensor2:71000 mC
I/ThermalEngine( 1045): Sensor:tsens_tz_sensor5:71000 mC
I/ThermalEngine( 1045): Sensor:batt_temp:40300 mC
I/ThermalEngine( 1045): Sensor:tsens_tz_sensor2:65000 mC
I/ThermalEngine( 1045): Sensor:tsens_tz_sensor5:65000 mC
I/ThermalEngine( 1045): Sensor:tsens_tz_sensor2:63000 mC
I/ThermalEngine( 1045): Sensor:tsens_tz_sensor5:64000 mC
D/libEGL  ( 3064): loaded /vendor/lib/egl/libEGL_adreno.so
D/libEGL  ( 3064): loaded /vendor/lib/egl/libGLESv1_CM_adreno.so
D/libEGL  ( 3064): loaded /vendor/lib/egl/libGLESv2_adreno.so
I/ThermalEngine( 1045): Sensor:tsens_tz_sensor2:68000 mC
I/ThermalEngine( 1045): Sensor:tsens_tz_sensor5:70000 mC
I/ThermalEngine( 1045): Sensor:tsens_tz_sensor2:68000 mC
I/ThermalEngine( 1045): Sensor:tsens_tz_sensor5:70000 mC
I/ThermalEngine( 1045): Sensor:batt_temp:40500 mC
I/ThermalEngine( 1045): Sensor:tsens_tz_sensor2:70000 mC
I/ThermalEngine( 1045): Sensor:tsens_tz_sensor5:72000 mC
I/ThermalEngine( 1045): Sensor:tsens_tz_sensor2:70000 mC
I/ThermalEngine( 1045): Sensor:tsens_tz_sensor5:72000 mC
I/ThermalEngine( 1045): Sensor:tsens_tz_sensor2:71000 mC
I/ThermalEngine( 1045): Sensor:tsens_tz_sensor5:72000 mC
I/ThermalEngine( 1045): Sensor:tsens_tz_sensor2:68000 mC
I/ThermalEngine( 1045): Sensor:tsens_tz_sensor5:67000 mC
I/ThermalEngine( 1045): Sensor:batt_temp:40300 mC
I/ThermalEngine( 1045): Sensor:tsens_tz_sensor2:68000 mC
I/ThermalEngine( 1045): Sensor:tsens_tz_sensor5:67000 mC
I/ThermalEngine( 1045): Sensor:tsens_tz_sensor2:64000 mC
I/ThermalEngine( 1045): Sensor:tsens_tz_sensor5:64000 mC
I/UpstartPropertyWatcher(  995): Property changed: init.svc.ppd=running
I/UpstartPropertyWatcher(  995): Property changed: init.svc.gsiff_daemon=running
I/UpstartPropertyWatcher(  995): Property changed: init.svc.quipc_igsn=running
I/UpstartPropertyWatcher(  995): Property changed: init.svc.quipc_main=running
I/UpstartPropertyWatcher(  995): Property changed: init.svc.xtwifi_inet=running
I/UpstartPropertyWatcher(  995): Property changed: init.svc.quipc_igsn=restarting
I/UpstartPropertyWatcher(  995): Property changed: init.svc.xtwifi_inet=restarting
D/libEGL  ( 3072): loaded /vendor/lib/egl/libEGL_adreno.so
D/libEGL  ( 3072): loaded /vendor/lib/egl/libGLESv1_CM_adreno.so
I/UpstartPropertyWatcher(  995): Property changed: init.svc.gsiff_daemon=restarting
I/UpstartPropertyWatcher(  995): Property changed: init.svc.quipc_main=restarting
I/UpstartPropertyWatcher(  995): Property changed: init.svc.ppd=restarting
D/libEGL  ( 3072): loaded /vendor/lib/egl/libGLESv2_adreno.so
I/ThermalEngine( 1045): Sensor:tsens_tz_sensor2:68000 mC
I/ThermalEngine( 1045): Sensor:tsens_tz_sensor5:66000 mC
I/ThermalEngine( 1045): Sensor:tsens_tz_sensor2:70000 mC
I/ThermalEngine( 1045): Sensor:tsens_tz_sensor5:71000 mC
I/ThermalEngine( 1045): Sensor:batt_temp:40500 mC
I/ThermalEngine( 1045): Sensor:tsens_tz_sensor2:70000 mC
I/ThermalEngine( 1045): Sensor:tsens_tz_sensor5:72000 mC
E/QCALOG  ( 1085): [MessageQ] ProcessNewMessage: [XT-CS] unknown deliver target [OS-Agent]
E/QCALOG  ( 1085): [MessageQ] ProcessNewMessage: [XTWWAN-PE] unknown deliver target [OS-Agent]
E/QCALOG  ( 1085): [MessageQ] ProcessNewMessage: [XTWiFi-PE] unknown deliver target [OS-Agent]
I/ThermalEngine( 1045): Sensor:tsens_tz_sensor2:70000 mC
I/ThermalEngine( 1045): Sensor:tsens_tz_sensor5:72000 mC
I/ThermalEngine( 1045): Sensor:tsens_tz_sensor2:71000 mC
I/ThermalEngine( 1045): Sensor:tsens_tz_sensor5:73000 mC
I/ThermalEngine( 1045): Sensor:tsens_tz_sensor2:72000 mC
I/ThermalEngine( 1045): Sensor:tsens_tz_sensor5:72000 mC
I/ThermalEngine( 1045): Sensor:batt_temp:40400 mC
I/ThermalEngine( 1045): Sensor:tsens_tz_sensor2:65000 mC
I/ThermalEngine( 1045): Sensor:tsens_tz_sensor5:65000 mC
I/ThermalEngine( 1045): Sensor:tsens_tz_sensor2:63000 mC
I/ThermalEngine( 1045): Sensor:tsens_tz_sensor5:64000 mC
D/libEGL  ( 3083): loaded /vendor/lib/egl/libEGL_adreno.so
D/libEGL  ( 3083): loaded /vendor/lib/egl/libGLESv1_CM_adreno.so
D/libEGL  ( 3083): loaded /vendor/lib/egl/libGLESv2_adreno.so
I/ThermalEngine( 1045): Sensor:tsens_tz_sensor2:63000 mC
I/ThermalEngine( 1045): Sensor:tsens_tz_sensor5:64000 mC
I/ThermalEngine( 1045): Sensor:tsens_tz_sensor2:68000 mC
I/ThermalEngine( 1045): Sensor:tsens_tz_sensor5:69000 mC
I/ThermalEngine( 1045): Sensor:batt_temp:40500 mC
I/ThermalEngine( 1045): Sensor:tsens_tz_sensor2:70000 mC
I/ThermalEngine( 1045): Sensor:tsens_tz_sensor5:72000 mC
I/ThermalEngine( 1045): Sensor:tsens_tz_sensor2:71000 mC
I/ThermalEngine( 1045): Sensor:tsens_tz_sensor5:72000 mC
I/ThermalEngine( 1045): Sensor:tsens_tz_sensor2:71000 mC
I/ThermalEngine( 1045): Sensor:tsens_tz_sensor5:73000 mC
I/ThermalEngine( 1045): Sensor:tsens_tz_sensor2:71000 mC
I/ThermalEngine( 1045): Sensor:tsens_tz_sensor5:73000 mC
I/ThermalEngine( 1045): Sensor:batt_temp:40400 mC
I/ThermalEngine( 1045): Sensor:tsens_tz_sensor2:68000 mC
I/ThermalEngine( 1045): Sensor:tsens_tz_sensor5:67000 mC
I/ThermalEngine( 1045): Sensor:tsens_tz_sensor2:64000 mC
I/ThermalEngine( 1045): Sensor:tsens_tz_sensor5:64000 mC
D/libEGL  ( 3089): loaded /vendor/lib/egl/libEGL_adreno.so
D/libEGL  ( 3089): loaded /vendor/lib/egl/libGLESv1_CM_adreno.so
D/libEGL  ( 3089): loaded /vendor/lib/egl/libGLESv2_adreno.so
I/ThermalEngine( 1045): Sensor:tsens_tz_sensor2:64000 mC
I/ThermalEngine( 1045): Sensor:tsens_tz_sensor5:65000 mC
I/ThermalEngine( 1045): Sensor:tsens_tz_sensor2:68000 mC
I/ThermalEngine( 1045): Sensor:tsens_tz_sensor5:70000 mC
I/ThermalEngine( 1045): Sensor:batt_temp:40500 mC
I/ThermalEngine( 1045): Sensor:tsens_tz_sensor2:68000 mC
I/ThermalEngine( 1045): Sensor:tsens_tz_sensor5:70000 mC
I/ThermalEngine( 1045): Sensor:tsens_tz_sensor2:70000 mC
I/ThermalEngine( 1045): Sensor:tsens_tz_sensor5:71000 mC
I/ThermalEngine( 1045): Sensor:tsens_tz_sensor2:70000 mC
I/ThermalEngine( 1045): Sensor:tsens_tz_sensor5:72000 mC
I/UpstartPropertyWatcher(  995): Property changed: init.svc.ppd=running
I/UpstartPropertyWatcher(  995): Property changed: init.svc.quipc_igsn=running
I/UpstartPropertyWatcher(  995): Property changed: init.svc.quipc_main=running
I/UpstartPropertyWatcher(  995): Property changed: init.svc.xtwifi_inet=running
I/UpstartPropertyWatcher(  995): Property changed: init.svc.gsiff_daemon=running
I/UpstartPropertyWatcher(  995): Property changed: init.svc.xtwifi_inet=restarting
I/UpstartPropertyWatcher(  995): Property changed: init.svc.quipc_igsn=restarting
I/UpstartPropertyWatcher(  995): Property changed: init.svc.gsiff_daemon=restarting
I/UpstartPropertyWatcher(  995): Property changed: init.svc.ppd=restarting
I/UpstartPropertyWatcher(  995): Property changed: init.svc.quipc_main=restarting
I/ThermalEngine( 1045): Sensor:tsens_tz_sensor2:72000 mC
I/ThermalEngine( 1045): Sensor:tsens_tz_sensor5:73000 mC
I/ThermalEngine( 1045): Sensor:batt_temp:40400 mC
I/ThermalEngine( 1045): Sensor:tsens_tz_sensor2:65000 mC
I/ThermalEngine( 1045): Sensor:tsens_tz_sensor5:65000 mC
E/QCALOG  ( 1085): [MessageQ] ProcessNewMessage: [XTWWAN-PE] unknown deliver target [OS-Agent]
E/QCALOG  ( 1085): [MessageQ] ProcessNewMessage: [XT-CS] unknown deliver target [OS-Agent]
E/QCALOG  ( 1085): [MessageQ] ProcessNewMessage: [XTWiFi-PE] unknown deliver target [OS-Agent]
I/ThermalEngine( 1045): Sensor:tsens_tz_sensor2:65000 mC
I/ThermalEngine( 1045): Sensor:tsens_tz_sensor5:65000 mC
I/ThermalEngine( 1045): Sensor:tsens_tz_sensor2:63000 mC
I/ThermalEngine( 1045): Sensor:tsens_tz_sensor5:64000 mC
D/libEGL  ( 3100): loaded /vendor/lib/egl/libEGL_adreno.so
D/libEGL  ( 3100): loaded /vendor/lib/egl/libGLESv1_CM_adreno.so
D/libEGL  ( 3100): loaded /vendor/lib/egl/libGLESv2_adreno.so
I/ThermalEngine( 1045): Sensor:tsens_tz_sensor2:68000 mC
I/ThermalEngine( 1045): Sensor:tsens_tz_sensor5:68000 mC
I/ThermalEngine( 1045): Sensor:batt_temp:40500 mC
I/ThermalEngine( 1045): Sensor:tsens_tz_sensor2:70000 mC
I/ThermalEngine( 1045): Sensor:tsens_tz_sensor5:69000 mC
I/ThermalEngine( 1045): Sensor:tsens_tz_sensor2:71000 mC
I/ThermalEngine( 1045): Sensor:tsens_tz_sensor5:70000 mC
I/ThermalEngine( 1045): Sensor:tsens_tz_sensor2:71000 mC
I/ThermalEngine( 1045): Sensor:tsens_tz_sensor5:70000 mC
I/ThermalEngine( 1045): Sensor:tsens_tz_sensor2:72000 mC
I/ThermalEngine( 1045): Sensor:tsens_tz_sensor5:71000 mC
I/ThermalEngine( 1045): Sensor:batt_temp:40400 mC
I/ThermalEngine( 1045): Sensor:tsens_tz_sensor2:68000 mC
I/ThermalEngine( 1045): Sensor:tsens_tz_sensor5:67000 mC
I/ThermalEngine( 1045): Sensor:tsens_tz_sensor2:64000 mC
I/ThermalEngine( 1045): Sensor:tsens_tz_sensor5:64000 mC
I/ThermalEngine( 1045): Sensor:tsens_tz_sensor2:64000 mC
I/ThermalEngine( 1045): Sensor:tsens_tz_sensor5:64000 mC
D/libEGL  ( 3106): loaded /vendor/lib/egl/libEGL_adreno.so
D/libEGL  ( 3106): loaded /vendor/lib/egl/libGLESv1_CM_adreno.so
D/libEGL  ( 3106): loaded /vendor/lib/egl/libGLESv2_adreno.so
I/ThermalEngine( 1045): Sensor:tsens_tz_sensor2:64000 mC
I/ThermalEngine( 1045): Sensor:tsens_tz_sensor5:64000 mC
I/ThermalEngine( 1045): Sensor:batt_temp:40600 mC
I/ThermalEngine( 1045): Sensor:tsens_tz_sensor2:68000 mC
I/ThermalEngine( 1045): Sensor:tsens_tz_sensor5:70000 mC
I/ThermalEngine( 1045): Sensor:tsens_tz_sensor2:70000 mC
I/ThermalEngine( 1045): Sensor:tsens_tz_sensor5:71000 mC
I/ThermalEngine( 1045): Sensor:tsens_tz_sensor2:70000 mC
I/ThermalEngine( 1045): Sensor:tsens_tz_sensor5:72000 mC
I/ThermalEngine( 1045): Sensor:tsens_tz_sensor2:71000 mC
I/ThermalEngine( 1045): Sensor:tsens_tz_sensor5:72000 mC
I/ThermalEngine( 1045): Sensor:batt_temp:40400 mC
I/ThermalEngine( 1045): Sensor:tsens_tz_sensor2:71000 mC
I/ThermalEngine( 1045): Sensor:tsens_tz_sensor5:72000 mC
I/ThermalEngine( 1045): Sensor:tsens_tz_sensor2:65000 mC
I/ThermalEngine( 1045): Sensor:tsens_tz_sensor5:65000 mC
I/ThermalEngine( 1045): Sensor:tsens_tz_sensor2:63000 mC
I/ThermalEngine( 1045): Sensor:tsens_tz_sensor5:64000 mC
I/UpstartPropertyWatcher(  995): Property changed: init.svc.ppd=running
I/UpstartPropertyWatcher(  995): Property changed: init.svc.gsiff_daemon=running
I/UpstartPropertyWatcher(  995): Property changed: init.svc.quipc_igsn=running
I/UpstartPropertyWatcher(  995): Property changed: init.svc.quipc_main=running
I/UpstartPropertyWatcher(  995): Property changed: init.svc.xtwifi_inet=running
I/UpstartPropertyWatcher(  995): Property changed: init.svc.quipc_igsn=restarting
I/UpstartPropertyWatcher(  995): Property changed: init.svc.ppd=restarting
I/UpstartPropertyWatcher(  995): Property changed: init.svc.gsiff_daemon=restarting
I/UpstartPropertyWatcher(  995): Property changed: init.svc.xtwifi_inet=restarting
D/libEGL  ( 3112): loaded /vendor/lib/egl/libEGL_adreno.so
I/UpstartPropertyWatcher(  995): Property changed: init.svc.quipc_main=restarting
D/libEGL  ( 3112): loaded /vendor/lib/egl/libGLESv1_CM_adreno.so
D/libEGL  ( 3112): loaded /vendor/lib/egl/libGLESv2_adreno.so
I/ThermalEngine( 1045): Sensor:tsens_tz_sensor2:72000 mC
I/ThermalEngine( 1045): Sensor:tsens_tz_sensor5:68000 mC
I/ThermalEngine( 1045): Sensor:batt_temp:40600 mC
I/ThermalEngine( 1045): Sensor:tsens_tz_sensor2:74000 mC
I/ThermalEngine( 1045): Sensor:tsens_tz_sensor5:69000 mC
E/QCALOG  ( 1085): [MessageQ] ProcessNewMessage: [XT-CS] unknown deliver target [OS-Agent]
E/QCALOG  ( 1085): [MessageQ] ProcessNewMessage: [XTWiFi-PE] unknown deliver target [OS-Agent]
E/QCALOG  ( 1085): [MessageQ] ProcessNewMessage: [XTWWAN-PE] unknown deliver target [OS-Agent]
I/ThermalEngine( 1045): Sensor:tsens_tz_sensor2:74000 mC
I/ThermalEngine( 1045): Sensor:tsens_tz_sensor5:69000 mC
I/ThermalEngine( 1045): Sensor:tsens_tz_sensor2:75000 mC
I/ThermalEngine( 1045): Sensor:tsens_tz_sensor5:70000 mC
I/ThermalEngine( 1045): Sensor:tsens_tz_sensor2:75000 mC
I/ThermalEngine( 1045): Sensor:tsens_tz_sensor5:71000 mC
I/ThermalEngine( 1045): Sensor:batt_temp:40500 mC
I/ThermalEngine( 1045): Sensor:tsens_tz_sensor2:70000 mC
I/ThermalEngine( 1045): Sensor:tsens_tz_sensor5:70000 mC
I/ThermalEngine( 1045): Sensor:tsens_tz_sensor2:64000 mC
I/ThermalEngine( 1045): Sensor:tsens_tz_sensor5:65000 mC
I/ThermalEngine( 1045): Sensor:tsens_tz_sensor2:64000 mC
I/ThermalEngine( 1045): Sensor:tsens_tz_sensor5:65000 mC
D/libEGL  ( 3123): loaded /vendor/lib/egl/libEGL_adreno.so
D/libEGL  ( 3123): loaded /vendor/lib/egl/libGLESv1_CM_adreno.so
D/libEGL  ( 3123): loaded /vendor/lib/egl/libGLESv2_adreno.so
I/ThermalEngine( 1045): Sensor:tsens_tz_sensor2:63000 mC
I/ThermalEngine( 1045): Sensor:tsens_tz_sensor5:63000 mC
I/ThermalEngine( 1045): Sensor:batt_temp:40600 mC
I/ThermalEngine( 1045): Sensor:tsens_tz_sensor2:73000 mC
I/ThermalEngine( 1045): Sensor:tsens_tz_sensor5:69000 mC
I/ThermalEngine( 1045): Sensor:tsens_tz_sensor2:74000 mC
I/ThermalEngine( 1045): Sensor:tsens_tz_sensor5:70000 mC
I/ThermalEngine( 1045): Sensor:tsens_tz_sensor2:75000 mC
I/ThermalEngine( 1045): Sensor:tsens_tz_sensor5:71000 mC
I/ThermalEngine( 1045): Sensor:tsens_tz_sensor2:75000 mC
I/ThermalEngine( 1045): Sensor:tsens_tz_sensor5:71000 mC
I/ThermalEngine( 1045): Sensor:batt_temp:40500 mC
I/ThermalEngine( 1045): Sensor:tsens_tz_sensor2:73000 mC
I/ThermalEngine( 1045): Sensor:tsens_tz_sensor5:72000 mC
I/ThermalEngine( 1045): Sensor:tsens_tz_sensor2:66000 mC
I/ThermalEngine( 1045): Sensor:tsens_tz_sensor5:66000 mC
I/ThermalEngine( 1045): Sensor:tsens_tz_sensor2:63000 mC
I/ThermalEngine( 1045): Sensor:tsens_tz_sensor5:64000 mC
D/libEGL  ( 3129): loaded /vendor/lib/egl/libEGL_adreno.so
D/libEGL  ( 3129): loaded /vendor/lib/egl/libGLESv1_CM_adreno.so
D/libEGL  ( 3129): loaded /vendor/lib/egl/libGLESv2_adreno.so
I/ThermalEngine( 1045): Sensor:tsens_tz_sensor2:68000 mC
I/ThermalEngine( 1045): Sensor:tsens_tz_sensor5:68000 mC
I/ThermalEngine( 1045): Sensor:batt_temp:40600 mC
I/ThermalEngine( 1045): Sensor:tsens_tz_sensor2:68000 mC
I/ThermalEngine( 1045): Sensor:tsens_tz_sensor5:68000 mC
I/ThermalEngine( 1045): Sensor:tsens_tz_sensor2:70000 mC
I/ThermalEngine( 1045): Sensor:tsens_tz_sensor5:71000 mC
I/ThermalEngine( 1045): Sensor:tsens_tz_sensor2:71000 mC
I/ThermalEngine( 1045): Sensor:tsens_tz_sensor5:72000 mC
I/UpstartPropertyWatcher(  995): Property changed: init.svc.ppd=running
I/UpstartPropertyWatcher(  995): Property changed: init.svc.gsiff_daemon=running
I/UpstartPropertyWatcher(  995): Property changed: init.svc.quipc_igsn=running
I/UpstartPropertyWatcher(  995): Property changed: init.svc.quipc_main=running
I/UpstartPropertyWatcher(  995): Property changed: init.svc.xtwifi_inet=running
I/UpstartPropertyWatcher(  995): Property changed: init.svc.quipc_igsn=restarting
I/UpstartPropertyWatcher(  995): Property changed: init.svc.xtwifi_inet=restarting
I/UpstartPropertyWatcher(  995): Property changed: init.svc.gsiff_daemon=restarting
I/UpstartPropertyWatcher(  995): Property changed: init.svc.ppd=restarting
I/UpstartPropertyWatcher(  995): Property changed: init.svc.quipc_main=restarting
I/ThermalEngine( 1045): Sensor:tsens_tz_sensor2:71000 mC
I/ThermalEngine( 1045): Sensor:tsens_tz_sensor5:73000 mC
E/QCALOG  ( 1085): [MessageQ] ProcessNewMessage: [LOWI-SERVER] unknown deliver target [OS-Agent]
I/ThermalEngine( 1045): Sensor:batt_temp:40500 mC
I/ThermalEngine( 1045): Sensor:tsens_tz_sensor2:70000 mC
I/ThermalEngine( 1045): Sensor:tsens_tz_sensor5:69000 mC
E/QCALOG  ( 1085): [MessageQ] ProcessNewMessage: [XT-CS] unknown deliver target [OS-Agent]
E/QCALOG  ( 1085): [MessageQ] ProcessNewMessage: [XTWiFi-PE] unknown deliver target [OS-Agent]
E/QCALOG  ( 1085): [MessageQ] ProcessNewMessage: [XTWWAN-PE] unknown deliver target [OS-Agent]
I/ThermalEngine( 1045): Sensor:tsens_tz_sensor2:70000 mC
I/ThermalEngine( 1045): Sensor:tsens_tz_sensor5:69000 mC
I/ThermalEngine( 1045): Sensor:tsens_tz_sensor2:64000 mC
I/ThermalEngine( 1045): Sensor:tsens_tz_sensor5:65000 mC
D/libEGL  ( 3140): loaded /vendor/lib/egl/libEGL_adreno.so
D/libEGL  ( 3140): loaded /vendor/lib/egl/libGLESv1_CM_adreno.so
D/libEGL  ( 3140): loaded /vendor/lib/egl/libGLESv2_adreno.so
I/ThermalEngine( 1045): Sensor:tsens_tz_sensor2:63000 mC
I/ThermalEngine( 1045): Sensor:tsens_tz_sensor5:63000 mC
I/ThermalEngine( 1045): Sensor:batt_temp:40600 mC
I/ThermalEngine( 1045): Sensor:tsens_tz_sensor2:72000 mC
I/ThermalEngine( 1045): Sensor:tsens_tz_sensor5:69000 mC
I/ThermalEngine( 1045): Sensor:tsens_tz_sensor2:74000 mC
I/ThermalEngine( 1045): Sensor:tsens_tz_sensor5:70000 mC
I/ThermalEngine( 1045): Sensor:tsens_tz_sensor2:74000 mC
I/ThermalEngine( 1045): Sensor:tsens_tz_sensor5:70000 mC
I/ThermalEngine( 1045): Sensor:tsens_tz_sensor2:75000 mC
I/ThermalEngine( 1045): Sensor:tsens_tz_sensor5:71000 mC
I/ThermalEngine( 1045): Sensor:batt_temp:40500 mC
I/ThermalEngine( 1045): Sensor:tsens_tz_sensor2:73000 mC
I/ThermalEngine( 1045): Sensor:tsens_tz_sensor5:72000 mC
I/ThermalEngine( 1045): Sensor:tsens_tz_sensor2:66000 mC
I/ThermalEngine( 1045): Sensor:tsens_tz_sensor5:66000 mC
I/ThermalEngine( 1045): Sensor:tsens_tz_sensor2:64000 mC
I/ThermalEngine( 1045): Sensor:tsens_tz_sensor5:64000 mC
I/ThermalEngine( 1045): Sensor:tsens_tz_sensor2:64000 mC
I/ThermalEngine( 1045): Sensor:tsens_tz_sensor5:64000 mC
D/libEGL  ( 3146): loaded /vendor/lib/egl/libEGL_adreno.so
D/libEGL  ( 3146): loaded /vendor/lib/egl/libGLESv1_CM_adreno.so
D/libEGL  ( 3146): loaded /vendor/lib/egl/libGLESv2_adreno.so
I/ThermalEngine( 1045): Sensor:batt_temp:40600 mC
I/ThermalEngine( 1045): Sensor:tsens_tz_sensor2:68000 mC
I/ThermalEngine( 1045): Sensor:tsens_tz_sensor5:69000 mC
I/ThermalEngine( 1045): Sensor:tsens_tz_sensor2:70000 mC
I/ThermalEngine( 1045): Sensor:tsens_tz_sensor5:69000 mC
I/ThermalEngine( 1045): Sensor:tsens_tz_sensor2:71000 mC
I/ThermalEngine( 1045): Sensor:tsens_tz_sensor5:70000 mC
I/ThermalEngine( 1045): Sensor:tsens_tz_sensor2:72000 mC
I/ThermalEngine( 1045): Sensor:tsens_tz_sensor5:71000 mC
I/ThermalEngine( 1045): Sensor:batt_temp:40500 mC
I/ThermalEngine( 1045): Sensor:tsens_tz_sensor2:72000 mC
I/ThermalEngine( 1045): Sensor:tsens_tz_sensor5:71000 mC
I/ThermalEngine( 1045): Sensor:tsens_tz_sensor2:69000 mC
I/ThermalEngine( 1045): Sensor:tsens_tz_sensor5:68000 mC
I/ThermalEngine( 1045): Sensor:tsens_tz_sensor2:64000 mC
I/ThermalEngine( 1045): Sensor:tsens_tz_sensor5:65000 mC
I/ThermalEngine( 1045): Sensor:tsens_tz_sensor2:63000 mC
I/ThermalEngine( 1045): Sensor:tsens_tz_sensor5:63000 mC
I/UpstartPropertyWatcher(  995): Property changed: init.svc.ppd=running
I/UpstartPropertyWatcher(  995): Property changed: init.svc.gsiff_daemon=running
I/UpstartPropertyWatcher(  995): Property changed: init.svc.quipc_igsn=running
I/UpstartPropertyWatcher(  995): Property changed: init.svc.quipc_main=running
I/UpstartPropertyWatcher(  995): Property changed: init.svc.xtwifi_inet=running
I/UpstartPropertyWatcher(  995): Property changed: init.svc.quipc_igsn=restarting
I/UpstartPropertyWatcher(  995): Property changed: init.svc.xtwifi_inet=restarting
D/libEGL  ( 3152): loaded /vendor/lib/egl/libEGL_adreno.so
D/libEGL  ( 3152): loaded /vendor/lib/egl/libGLESv1_CM_adreno.so
I/UpstartPropertyWatcher(  995): Property changed: init.svc.ppd=restarting
I/UpstartPropertyWatcher(  995): Property changed: init.svc.gsiff_daemon=restarting
D/libEGL  ( 3152): loaded /vendor/lib/egl/libGLESv2_adreno.so
I/UpstartPropertyWatcher(  995): Property changed: init.svc.quipc_main=restarting
I/ThermalEngine( 1045): Sensor:batt_temp:40600 mC
I/ThermalEngine( 1045): Sensor:tsens_tz_sensor2:69000 mC
I/ThermalEngine( 1045): Sensor:tsens_tz_sensor5:70000 mC
E/QCALOG  ( 1085): [MessageQ] ProcessNewMessage: [XT-CS] unknown deliver target [OS-Agent]
E/QCALOG  ( 1085): [MessageQ] ProcessNewMessage: [XTWiFi-PE] unknown deliver target [OS-Agent]
E/QCALOG  ( 1085): [MessageQ] ProcessNewMessage: [XTWWAN-PE] unknown deliver target [OS-Agent]
I/ThermalEngine( 1045): Sensor:tsens_tz_sensor2:69000 mC
I/ThermalEngine( 1045): Sensor:tsens_tz_sensor5:70000 mC
I/ThermalEngine( 1045): Sensor:tsens_tz_sensor2:70000 mC
I/ThermalEngine( 1045): Sensor:tsens_tz_sensor5:71000 mC
I/ThermalEngine( 1045): Sensor:tsens_tz_sensor2:70000 mC
I/ThermalEngine( 1045): Sensor:tsens_tz_sensor5:72000 mC
I/ThermalEngine( 1045): Sensor:batt_temp:40600 mC
I/ThermalEngine( 1045): Sensor:tsens_tz_sensor2:71000 mC
I/ThermalEngine( 1045): Sensor:tsens_tz_sensor5:72000 mC
I/ThermalEngine( 1045): Sensor:tsens_tz_sensor2:66000 mC
I/ThermalEngine( 1045): Sensor:tsens_tz_sensor5:66000 mC
I/ThermalEngine( 1045): Sensor:tsens_tz_sensor2:66000 mC
I/ThermalEngine( 1045): Sensor:tsens_tz_sensor5:66000 mC
I/ThermalEngine( 1045): Sensor:tsens_tz_sensor2:64000 mC
I/ThermalEngine( 1045): Sensor:tsens_tz_sensor5:64000 mC
D/libEGL  ( 3163): loaded /vendor/lib/egl/libEGL_adreno.so
D/libEGL  ( 3163): loaded /vendor/lib/egl/libGLESv1_CM_adreno.so
D/libEGL  ( 3163): loaded /vendor/lib/egl/libGLESv2_adreno.so
I/ThermalEngine( 1045): Sensor:batt_temp:40600 mC
I/ThermalEngine( 1045): Sensor:tsens_tz_sensor2:67000 mC
I/ThermalEngine( 1045): Sensor:tsens_tz_sensor5:68000 mC
I/ThermalEngine( 1045): Sensor:tsens_tz_sensor2:70000 mC
I/ThermalEngine( 1045): Sensor:tsens_tz_sensor5:69000 mC
I/ThermalEngine( 1045): Sensor:tsens_tz_sensor2:71000 mC
I/ThermalEngine( 1045): Sensor:tsens_tz_sensor5:70000 mC
I/ThermalEngine( 1045): Sensor:tsens_tz_sensor2:71000 mC
I/ThermalEngine( 1045): Sensor:tsens_tz_sensor5:70000 mC
I/ThermalEngine( 1045): Sensor:batt_temp:40600 mC
I/ThermalEngine( 1045): Sensor:tsens_tz_sensor2:72000 mC
I/ThermalEngine( 1045): Sensor:tsens_tz_sensor5:71000 mC
I/ThermalEngine( 1045): Sensor:tsens_tz_sensor2:71000 mC
I/ThermalEngine( 1045): Sensor:tsens_tz_sensor5:71000 mC
I/ThermalEngine( 1045): Sensor:tsens_tz_sensor2:65000 mC
I/ThermalEngine( 1045): Sensor:tsens_tz_sensor5:65000 mC
I/ThermalEngine( 1045): Sensor:tsens_tz_sensor2:63000 mC
I/ThermalEngine( 1045): Sensor:tsens_tz_sensor5:64000 mC
D/libEGL  ( 3169): loaded /vendor/lib/egl/libEGL_adreno.so
D/libEGL  ( 3169): loaded /vendor/lib/egl/libGLESv1_CM_adreno.so
D/libEGL  ( 3169): loaded /vendor/lib/egl/libGLESv2_adreno.so
I/ThermalEngine( 1045): Sensor:batt_temp:40600 mC
I/ThermalEngine( 1045): Sensor:tsens_tz_sensor2:63000 mC
I/ThermalEngine( 1045): Sensor:tsens_tz_sensor5:64000 mC
I/ThermalEngine( 1045): Sensor:tsens_tz_sensor2:69000 mC
I/ThermalEngine( 1045): Sensor:tsens_tz_sensor5:68000 mC
I/ThermalEngine( 1045): Sensor:tsens_tz_sensor2:71000 mC
I/ThermalEngine( 1045): Sensor:tsens_tz_sensor5:69000 mC
I/ThermalEngine( 1045): Sensor:tsens_tz_sensor2:71000 mC
I/ThermalEngine( 1045): Sensor:tsens_tz_sensor5:70000 mC
I/UpstartPropertyWatcher(  995): Property changed: init.svc.ppd=running
I/UpstartPropertyWatcher(  995): Property changed: init.svc.gsiff_daemon=running
I/UpstartPropertyWatcher(  995): Property changed: init.svc.quipc_igsn=running
I/UpstartPropertyWatcher(  995): Property changed: init.svc.quipc_main=running
I/UpstartPropertyWatcher(  995): Property changed: init.svc.xtwifi_inet=running
I/UpstartPropertyWatcher(  995): Property changed: init.svc.xtwifi_inet=restarting
I/UpstartPropertyWatcher(  995): Property changed: init.svc.ppd=restarting
I/UpstartPropertyWatcher(  995): Property changed: init.svc.quipc_igsn=restarting
I/UpstartPropertyWatcher(  995): Property changed: init.svc.gsiff_daemon=restarting
I/UpstartPropertyWatcher(  995): Property changed: init.svc.quipc_main=restarting
I/ThermalEngine( 1045): Sensor:batt_temp:40600 mC
I/ThermalEngine( 1045): Sensor:tsens_tz_sensor2:74000 mC
I/ThermalEngine( 1045): Sensor:tsens_tz_sensor5:72000 mC
E/QCALOG  ( 1085): [MessageQ] ProcessNewMessage: [XT-CS] unknown deliver target [OS-Agent]
E/QCALOG  ( 1085): [MessageQ] ProcessNewMessage: [XTWiFi-PE] unknown deliver target [OS-Agent]
E/QCALOG  ( 1085): [MessageQ] ProcessNewMessage: [XTWWAN-PE] unknown deliver target [OS-Agent]
I/ThermalEngine( 1045): Sensor:tsens_tz_sensor2:74000 mC
I/ThermalEngine( 1045): Sensor:tsens_tz_sensor5:72000 mC
I/ThermalEngine( 1045): Sensor:tsens_tz_sensor2:67000 mC
I/ThermalEngine( 1045): Sensor:tsens_tz_sensor5:66000 mC
I/ThermalEngine( 1045): Sensor:tsens_tz_sensor2:64000 mC
I/ThermalEngine( 1045): Sensor:tsens_tz_sensor5:64000 mC
D/libEGL  ( 3180): loaded /vendor/lib/egl/libEGL_adreno.so
D/libEGL  ( 3180): loaded /vendor/lib/egl/libGLESv1_CM_adreno.so
D/libEGL  ( 3180): loaded /vendor/lib/egl/libGLESv2_adreno.so
I/ThermalEngine( 1045): Sensor:batt_temp:40600 mC
I/ThermalEngine( 1045): Sensor:tsens_tz_sensor2:67000 mC
I/ThermalEngine( 1045): Sensor:tsens_tz_sensor5:68000 mC
I/ThermalEngine( 1045): Sensor:tsens_tz_sensor2:69000 mC
I/ThermalEngine( 1045): Sensor:tsens_tz_sensor5:71000 mC
I/ThermalEngine( 1045): Sensor:tsens_tz_sensor2:69000 mC
I/ThermalEngine( 1045): Sensor:tsens_tz_sensor5:71000 mC
I/ThermalEngine( 1045): Sensor:tsens_tz_sensor2:70000 mC
I/ThermalEngine( 1045): Sensor:tsens_tz_sensor5:71000 mC
I/ThermalEngine( 1045): Sensor:batt_temp:40600 mC
I/ThermalEngine( 1045): Sensor:tsens_tz_sensor2:70000 mC
I/ThermalEngine( 1045): Sensor:tsens_tz_sensor5:72000 mC
I/ThermalEngine( 1045): Sensor:tsens_tz_sensor2:71000 mC
I/ThermalEngine( 1045): Sensor:tsens_tz_sensor5:71000 mC
I/ThermalEngine( 1045): Sensor:tsens_tz_sensor2:65000 mC
I/ThermalEngine( 1045): Sensor:tsens_tz_sensor5:65000 mC
I/ThermalEngine( 1045): Sensor:tsens_tz_sensor2:65000 mC
I/ThermalEngine( 1045): Sensor:tsens_tz_sensor5:65000 mC
I/ThermalEngine( 1045): Sensor:batt_temp:40600 mC
I/ThermalEngine( 1045): Sensor:tsens_tz_sensor2:63000 mC
I/ThermalEngine( 1045): Sensor:tsens_tz_sensor5:64000 mC
D/libEGL  ( 3186): loaded /vendor/lib/egl/libEGL_adreno.so
D/libEGL  ( 3186): loaded /vendor/lib/egl/libGLESv1_CM_adreno.so
D/libEGL  ( 3186): loaded /vendor/lib/egl/libGLESv2_adreno.so
I/ThermalEngine( 1045): Sensor:tsens_tz_sensor2:68000 mC
I/ThermalEngine( 1045): Sensor:tsens_tz_sensor5:69000 mC
I/ThermalEngine( 1045): Sensor:tsens_tz_sensor2:69000 mC
I/ThermalEngine( 1045): Sensor:tsens_tz_sensor5:71000 mC
I/ThermalEngine( 1045): Sensor:tsens_tz_sensor2:70000 mC
I/ThermalEngine( 1045): Sensor:tsens_tz_sensor5:72000 mC
I/ThermalEngine( 1045): Sensor:batt_temp:40600 mC
I/ThermalEngine( 1045): Sensor:tsens_tz_sensor2:70000 mC
I/ThermalEngine( 1045): Sensor:tsens_tz_sensor5:72000 mC
I/ThermalEngine( 1045): Sensor:tsens_tz_sensor2:71000 mC
I/ThermalEngine( 1045): Sensor:tsens_tz_sensor5:72000 mC
I/ThermalEngine( 1045): Sensor:tsens_tz_sensor2:67000 mC
I/ThermalEngine( 1045): Sensor:tsens_tz_sensor5:67000 mC
I/ThermalEngine( 1045): Sensor:tsens_tz_sensor2:64000 mC
I/ThermalEngine( 1045): Sensor:tsens_tz_sensor5:64000 mC
I/ThermalEngine( 1045): Sensor:batt_temp:40600 mC
I/ThermalEngine( 1045): Sensor:tsens_tz_sensor2:66000 mC
I/ThermalEngine( 1045): Sensor:tsens_tz_sensor5:67000 mC
E/QCALOG  ( 1085): [MessageQ] ProcessNewMessage: [XT-CS] unknown deliver target [OS-Agent]
E/QCALOG  ( 1085): [MessageQ] ProcessNewMessage: [XTWiFi-PE] unknown deliver target [OS-Agent]
E/QCALOG  ( 1085): [MessageQ] ProcessNewMessage: [XTWWAN-PE] unknown deliver target [OS-Agent]
I/UpstartPropertyWatcher(  995): Property changed: init.svc.ppd=running
I/UpstartPropertyWatcher(  995): Property changed: init.svc.gsiff_daemon=running
I/UpstartPropertyWatcher(  995): Property changed: init.svc.quipc_igsn=running
I/UpstartPropertyWatcher(  995): Property changed: init.svc.quipc_main=running
I/UpstartPropertyWatcher(  995): Property changed: init.svc.xtwifi_inet=running
I/UpstartPropertyWatcher(  995): Property changed: init.svc.quipc_igsn=restarting
I/UpstartPropertyWatcher(  995): Property changed: init.svc.ppd=restarting
I/UpstartPropertyWatcher(  995): Property changed: init.svc.gsiff_daemon=restarting
I/UpstartPropertyWatcher(  995): Property changed: init.svc.xtwifi_inet=restarting
I/UpstartPropertyWatcher(  995): Property changed: init.svc.quipc_main=restarting
D/libEGL  ( 3194): loaded /vendor/lib/egl/libEGL_adreno.so
D/libEGL  ( 3194): loaded /vendor/lib/egl/libGLESv1_CM_adreno.so
D/libEGL  ( 3194): loaded /vendor/lib/egl/libGLESv2_adreno.so
I/ThermalEngine( 1045): Sensor:tsens_tz_sensor2:66000 mC
I/ThermalEngine( 1045): Sensor:tsens_tz_sensor5:67000 mC
I/ThermalEngine( 1045): Sensor:tsens_tz_sensor2:70000 mC
I/ThermalEngine( 1045): Sensor:tsens_tz_sensor5:69000 mC
I/ThermalEngine( 1045): Sensor:tsens_tz_sensor2:71000 mC
I/ThermalEngine( 1045): Sensor:tsens_tz_sensor5:70000 mC
I/ThermalEngine( 1045): Sensor:batt_temp:40600 mC
I/ThermalEngine( 1045): Sensor:tsens_tz_sensor2:72000 mC
I/ThermalEngine( 1045): Sensor:tsens_tz_sensor5:71000 mC
I/ThermalEngine( 1045): Sensor:tsens_tz_sensor2:73000 mC
I/ThermalEngine( 1045): Sensor:tsens_tz_sensor5:72000 mC
I/ThermalEngine( 1045): Sensor:tsens_tz_sensor2:73000 mC
I/ThermalEngine( 1045): Sensor:tsens_tz_sensor5:72000 mC
I/ThermalEngine( 1045): Sensor:tsens_tz_sensor2:66000 mC
I/ThermalEngine( 1045): Sensor:tsens_tz_sensor5:66000 mC
I/ThermalEngine( 1045): Sensor:batt_temp:40700 mC
I/ThermalEngine( 1045): Sensor:tsens_tz_sensor2:64000 mC
I/ThermalEngine( 1045): Sensor:tsens_tz_sensor5:65000 mC
D/libEGL  ( 3205): loaded /vendor/lib/egl/libEGL_adreno.so
D/libEGL  ( 3205): loaded /vendor/lib/egl/libGLESv1_CM_adreno.so
D/libEGL  ( 3205): loaded /vendor/lib/egl/libGLESv2_adreno.so
I/ThermalEngine( 1045): Sensor:tsens_tz_sensor2:73000 mC
I/ThermalEngine( 1045): Sensor:tsens_tz_sensor5:70000 mC
I/ThermalEngine( 1045): Sensor:tsens_tz_sensor2:76000 mC
I/ThermalEngine( 1045): Sensor:tsens_tz_sensor5:72000 mC
I/ThermalEngine( 1045): Sensor:tsens_tz_sensor2:76000 mC
I/ThermalEngine( 1045): Sensor:tsens_tz_sensor5:72000 mC
I/ThermalEngine( 1045): Sensor:tsens_tz_sensor2:77000 mC
I/ThermalEngine( 1045): Sensor:tsens_tz_sensor5:73000 mC
I/ThermalEngine( 1045): Sensor:batt_temp:40700 mC
I/ThermalEngine( 1045): Sensor:tsens_tz_sensor2:77000 mC
I/ThermalEngine( 1045): Sensor:tsens_tz_sensor5:73000 mC
I/ThermalEngine( 1045): Sensor:tsens_tz_sensor2:70000 mC
