I/UpstartPropertyWatcher(  978): Property changed: ro.ril.svlte1x=false
I/UpstartPropertyWatcher(  978): Property changed: ro.ril.svdo=false
I/UpstartPropertyWatcher(  978): Property changed: persist.radio.eons.enabled=false
I/UpstartPropertyWatcher(  978): Property changed: ril.ecclist=911,*911,#911,112,110,119,120
I/UpstartPropertyWatcher(  978): Property changed: ril.qcril_pre_init_lock_held=0
I/ThermalEngine( 1045): Sensor:tsens_tz_sensor2:91000 mC
I/ThermalEngine( 1045): ACTION: CPU - Setting CPU[0] to 1401600
I/ThermalEngine( 1045): ACTION: CPU - Setting CPU[1] to 1401600
I/ThermalEngine( 1045): ACTION: CPU - Setting CPU[2] to 1401600
I/ThermalEngine( 1045): ACTION: CPU - Setting CPU[3] to 1401600
I/UpstartPropertyWatcher(  978): Property changed: persist.radio.eons.enabled=false
I/UpstartPropertyWatcher(  978): Property changed: ril.ecclist1=911,*911,#911,112,110,119,120
I/UpstartPropertyWatcher(  978): Property changed: ril.ecclist=911,*911,#911,112,110,119,120
I/UpstartPropertyWatcher(  978): Property changed: persist.radio.dont_use_dsd=true
I/UpstartPropertyWatcher(  978): Property changed: gsm.version.ril-impl=Qualcomm RIL 1.0
I/UpstartPropertyWatcher(  978): Property changed: persist.radio.dont_use_dsd=true
I/UpstartPropertyWatcher(  978): Property changed: persist.radio.imei=865622029785974
I/UpstartPropertyWatcher(  978): Property changed: ro.ril.oem.imei=865622029785974
I/ThermalEngine( 1045): Sensor:tsens_tz_sensor2:88000 mC
I/ThermalEngine( 1045): ACTION: CPU - Setting CPU[0] to 1497600
I/ThermalEngine( 1045): ACTION: CPU - Setting CPU[1] to 1497600
I/ThermalEngine( 1045): ACTION: CPU - Setting CPU[2] to 1497600
I/ThermalEngine( 1045): ACTION: CPU - Setting CPU[3] to 1497600
I/ThermalEngine( 1045): Sensor:tsens_tz_sensor2:90000 mC
I/ThermalEngine( 1045): ACTION: CPU - Setting CPU[0] to 1593600
I/ThermalEngine( 1045): ACTION: CPU - Setting CPU[1] to 1593600
I/ThermalEngine( 1045): ACTION: CPU - Setting CPU[2] to 1593600
I/ThermalEngine( 1045): ACTION: CPU - Setting CPU[3] to 1593600
I/ThermalEngine( 1045): Sensor:tsens_tz_sensor2:90000 mC
I/ThermalEngine( 1045): Sensor:batt_temp:40500 mC
I/ThermalEngine( 1045): Sensor:tsens_tz_sensor2:92000 mC
I/ThermalEngine( 1045): ACTION: CPU - Setting CPU[0] to 1497600
I/ThermalEngine( 1045): ACTION: CPU - Setting CPU[1] to 1497600
I/ThermalEngine( 1045): ACTION: CPU - Setting CPU[2] to 1497600
I/ThermalEngine( 1045): ACTION: CPU - Setting CPU[3] to 1497600
I/wcnss_service( 1055): wcnss_read_and_store_cal_data trying to read cal
I/ThermalEngine( 1045): Sensor:tsens_tz_sensor2:90000 mC
I/ThermalEngine( 1045): ACTION: CPU - Setting CPU[0] to 1593600
I/ThermalEngine( 1045): ACTION: CPU - Setting CPU[1] to 1593600
I/ThermalEngine( 1045): ACTION: CPU - Setting CPU[2] to 1593600
I/ThermalEngine( 1045): ACTION: CPU - Setting CPU[3] to 1593600
I/ThermalEngine( 1045): Sensor:tsens_tz_sensor2:94000 mC
I/ThermalEngine( 1045): ACTION: CPU - Setting CPU[0] to 1497600
I/ThermalEngine( 1045): ACTION: CPU - Setting CPU[1] to 1497600
I/ThermalEngine( 1045): ACTION: CPU - Setting CPU[2] to 1497600
I/ThermalEngine( 1045): ACTION: CPU - Setting CPU[3] to 1497600
I/ThermalEngine( 1045): Sensor:tsens_tz_sensor5:91000 mC
I/ThermalEngine( 1045): Sensor:tsens_tz_sensor5:91000 mC
I/ThermalEngine( 1045): Sensor:tsens_tz_sensor2:95000 mC
I/ThermalEngine( 1045): ACTION: CPU - Setting CPU[0] to 1401600
I/ThermalEngine( 1045): ACTION: CPU - Setting CPU[1] to 1401600
I/ThermalEngine( 1045): ACTION: CPU - Setting CPU[2] to 1401600
I/ThermalEngine( 1045): ACTION: CPU - Setting CPU[3] to 1401600
I/ThermalEngine( 1045): Sensor:tsens_tz_sensor5:91000 mC
I/ThermalEngine( 1045): Sensor:batt_temp:40600 mC
I/ThermalEngine( 1045): Sensor:tsens_tz_sensor2:95000 mC
I/ThermalEngine( 1045): ACTION: CPU - Setting CPU[0] to 1344000
I/ThermalEngine( 1045): ACTION: CPU - Setting CPU[1] to 1344000
I/ThermalEngine( 1045): ACTION: CPU - Setting CPU[2] to 1344000
I/ThermalEngine( 1045): ACTION: CPU - Setting CPU[3] to 1344000
I/ThermalEngine( 1045): Sensor:tsens_tz_sensor5:91000 mC
I/ThermalEngine( 1045): Sensor:tsens_tz_sensor2:91000 mC
I/ThermalEngine( 1045): ACTION: CPU - Setting CPU[0] to 1305600
I/ThermalEngine( 1045): ACTION: CPU - Setting CPU[1] to 1305600
I/ThermalEngine( 1045): ACTION: CPU - Setting CPU[2] to 1305600
I/ThermalEngine( 1045): ACTION: CPU - Setting CPU[3] to 1305600
I/ThermalEngine( 1045): Sensor:tsens_tz_sensor5:87000 mC
I/ThermalEngine( 1045): Sensor:tsens_tz_sensor2:89000 mC
I/ThermalEngine( 1045): ACTION: CPU - Setting CPU[0] to 1344000
I/ThermalEngine( 1045): ACTION: CPU - Setting CPU[1] to 1344000
I/ThermalEngine( 1045): ACTION: CPU - Setting CPU[2] to 1344000
I/ThermalEngine( 1045): ACTION: CPU - Setting CPU[3] to 1344000
I/ThermalEngine( 1045): Sensor:tsens_tz_sensor5:86000 mC
W/sensor_reg( 1048): sensor_reg_rcv_msg: received RETRY_OPEN
W/sensor_reg( 1048): sensor_reg_rcv_msg: sensor1_open returned 0
I/ThermalEngine( 1045): Sensor:tsens_tz_sensor2:88000 mC
I/ThermalEngine( 1045): ACTION: CPU - Setting CPU[0] to 1401600
I/ThermalEngine( 1045): ACTION: CPU - Setting CPU[1] to 1401600
I/ThermalEngine( 1045): ACTION: CPU - Setting CPU[2] to 1401600
I/ThermalEngine( 1045): ACTION: CPU - Setting CPU[3] to 1401600
I/ThermalEngine( 1045): Sensor:tsens_tz_sensor5:85000 mC
I/ThermalEngine( 1045): Sensor:batt_temp:40500 mC
E/Sensors ( 1043): sns_sam.c(3145):Unsupported client request type message id 33
E/qcom_sensors_hal( 1048): hal_process_sam_gravity_resp: Msg 33; Result: 1, Error: 12
E/Sensors ( 1043): sns_sam.c(3145):Unsupported client request type message id 33
E/qcom_sensors_hal( 1048): hal_process_sam_gravity_resp: Msg 33; Result: 1, Error: 12
E/Sensors ( 1043): sns_sam.c(3145):Unsupported client request type message id 33
E/qcom_sensors_hal( 1048): hal_process_sam_rotation_vector_resp: Msg 33; Result: 1, Error: 12
E/Sensors ( 1043): sns_sam.c(3145):Unsupported client request type message id 33
E/qcom_sensors_hal( 1048): hal_process_sam_game_rotation_vector_resp: Msg 33; Result: 1, Error: 12
E/Sensors ( 1043): sns_sam.c(3145):Unsupported client request type message id 33
E/qcom_sensors_hal( 1048): hal_process_sam_orientation_resp: Msg 33; Result: 1, Error: 12
I/ThermalEngine( 1045): Sensor:tsens_tz_sensor2:88000 mC
I/ThermalEngine( 1045): ACTION: CPU - Setting CPU[0] to 1497600
I/ThermalEngine( 1045): ACTION: CPU - Setting CPU[1] to 1497600
I/ThermalEngine( 1045): ACTION: CPU - Setting CPU[2] to 1497600
I/ThermalEngine( 1045): ACTION: CPU - Setting CPU[3] to 1497600
I/ThermalEngine( 1045): Sensor:tsens_tz_sensor5:85000 mC
I/SensorService( 1048): LIS3DSH Accelerometer
I/SensorService( 1048): AKM Calibration Lib
I/SensorService( 1048): AK09911 Magnetometer Uncalibrated
I/SensorService( 1048): L3GD20 Gyroscope
I/SensorService( 1048): L3GD20 Gyroscope Uncalibrated
I/SensorService( 1048): APDS-9930/QPDS-T930 Proximity
I/SensorService( 1048): APDS-9930/QPDS-T930 Light
I/SensorService( 1048): Gravity
I/SensorService( 1048): Linear Acceleration
I/SensorService( 1048): Rotation Vector
I/SensorService( 1048): Significant Motion Detector
I/SensorService( 1048): Game Rotation Vector
I/SensorService( 1048): Orientation
D/SensorService( 1048): Max socket buffer size 1048576
D/SensorService( 1048): nuSensorService thread starting...
I/UpstartPropertyWatcher(  978): Property changed: init.svc.ppd=running
I/UpstartPropertyWatcher(  978): Property changed: init.svc.quipc_igsn=running
I/UpstartPropertyWatcher(  978): Property changed: init.svc.quipc_main=running
I/UpstartPropertyWatcher(  978): Property changed: init.svc.xtwifi_inet=running
I/UpstartPropertyWatcher(  978): Property changed: init.svc.gsiff_daemon=running
I/ThermalEngine( 1045): Sensor:tsens_tz_sensor2:88000 mC
I/ThermalEngine( 1045): ACTION: CPU - Setting CPU[0] to 1593600
I/ThermalEngine( 1045): ACTION: CPU - Setting CPU[1] to 1593600
I/ThermalEngine( 1045): ACTION: CPU - Setting CPU[2] to 1593600
I/ThermalEngine( 1045): ACTION: CPU - Setting CPU[3] to 1593600
I/ThermalEngine( 1045): Sensor:tsens_tz_sensor5:85000 mC
I/UpstartPropertyWatcher(  978): Property changed: init.svc.xtwifi_inet=restarting
I/UpstartPropertyWatcher(  978): Property changed: init.svc.quipc_igsn=restarting
I/UpstartPropertyWatcher(  978): Property changed: init.svc.gsiff_daemon=restarting
I/UpstartPropertyWatcher(  978): Property changed: init.svc.quipc_main=restarting
I/UpstartPropertyWatcher(  978): Property changed: init.svc.ppd=restarting
I/ThermalEngine( 1045): Sensor:tsens_tz_sensor2:91000 mC
I/ThermalEngine( 1045): ACTION: CPU - Setting CPU[0] to 1497600
I/ThermalEngine( 1045): ACTION: CPU - Setting CPU[1] to 1497600
I/ThermalEngine( 1045): ACTION: CPU - Setting CPU[2] to 1497600
I/ThermalEngine( 1045): ACTION: CPU - Setting CPU[3] to 1497600
I/ThermalEngine( 1045): Sensor:tsens_tz_sensor5:88000 mC
I/ThermalEngine( 1045): Sensor:tsens_tz_sensor2:92000 mC
I/ThermalEngine( 1045): ACTION: CPU - Setting CPU[0] to 1401600
I/ThermalEngine( 1045): ACTION: CPU - Setting CPU[1] to 1401600
I/ThermalEngine( 1045): ACTION: CPU - Setting CPU[2] to 1401600
I/ThermalEngine( 1045): ACTION: CPU - Setting CPU[3] to 1401600
I/ThermalEngine( 1045): Sensor:tsens_tz_sensor5:89000 mC
I/ThermalEngine( 1045): Sensor:batt_temp:40500 mC
I/ThermalEngine( 1045): Sensor:tsens_tz_sensor2:88000 mC
I/ThermalEngine( 1045): ACTION: CPU - Setting CPU[0] to 1497600
I/ThermalEngine( 1045): ACTION: CPU - Setting CPU[1] to 1497600
I/ThermalEngine( 1045): ACTION: CPU - Setting CPU[2] to 1497600
I/ThermalEngine( 1045): ACTION: CPU - Setting CPU[3] to 1497600
I/ThermalEngine( 1045): Sensor:tsens_tz_sensor5:85000 mC
I/ThermalEngine( 1045): Sensor:tsens_tz_sensor2:91000 mC
I/ThermalEngine( 1045): ACTION: CPU - Setting CPU[0] to 1401600
I/ThermalEngine( 1045): ACTION: CPU - Setting CPU[1] to 1401600
I/ThermalEngine( 1045): ACTION: CPU - Setting CPU[2] to 1401600
I/ThermalEngine( 1045): ACTION: CPU - Setting CPU[3] to 1401600
I/ThermalEngine( 1045): Sensor:tsens_tz_sensor5:85000 mC
E/QCALOG  ( 1060): [MessageQ] ProcessNewMessage: [XT-CS] unknown deliver target [OS-Agent]
E/QCALOG  ( 1060): [MessageQ] ProcessNewMessage: [XTWiFi-PE] unknown deliver target [OS-Agent]
E/QCALOG  ( 1060): [MessageQ] ProcessNewMessage: [XTWWAN-PE] unknown deliver target [OS-Agent]
I/ThermalEngine( 1045): Sensor:tsens_tz_sensor2:91000 mC
I/ThermalEngine( 1045): ACTION: CPU - Setting CPU[0] to 1344000
I/ThermalEngine( 1045): ACTION: CPU - Setting CPU[1] to 1344000
I/ThermalEngine( 1045): ACTION: CPU - Setting CPU[2] to 1344000
I/ThermalEngine( 1045): ACTION: CPU - Setting CPU[3] to 1344000
I/ThermalEngine( 1045): Sensor:tsens_tz_sensor5:85000 mC
I/ThermalEngine( 1045): Sensor:tsens_tz_sensor2:87000 mC
I/ThermalEngine( 1045): ACTION: CPU - Setting CPU[0] to 1401600
I/ThermalEngine( 1045): ACTION: CPU - Setting CPU[1] to 1401600
I/ThermalEngine( 1045): ACTION: CPU - Setting CPU[2] to 1401600
I/ThermalEngine( 1045): ACTION: CPU - Setting CPU[3] to 1401600
I/ThermalEngine( 1045): Sensor:tsens_tz_sensor5:83000 mC
I/ThermalEngine( 1045): Sensor:batt_temp:40600 mC
I/ThermalEngine( 1045): Sensor:tsens_tz_sensor2:86000 mC
I/ThermalEngine( 1045): ACTION: CPU - Setting CPU[0] to 1497600
I/ThermalEngine( 1045): ACTION: CPU - Setting CPU[1] to 1497600
I/ThermalEngine( 1045): ACTION: CPU - Setting CPU[2] to 1497600
I/ThermalEngine( 1045): ACTION: CPU - Setting CPU[3] to 1497600
I/ThermalEngine( 1045): Sensor:tsens_tz_sensor5:82000 mC
I/ThermalEngine( 1045): Sensor:tsens_tz_sensor2:89000 mC
I/ThermalEngine( 1045): ACTION: CPU - Setting CPU[0] to 1593600
I/ThermalEngine( 1045): ACTION: CPU - Setting CPU[1] to 1593600
I/ThermalEngine( 1045): ACTION: CPU - Setting CPU[2] to 1593600
I/ThermalEngine( 1045): ACTION: CPU - Setting CPU[3] to 1593600
I/ThermalEngine( 1045): Sensor:tsens_tz_sensor5:83000 mC
I/ThermalEngine( 1045): Sensor:tsens_tz_sensor2:91000 mC
I/ThermalEngine( 1045): ACTION: CPU - Setting CPU[0] to 1497600
I/ThermalEngine( 1045): ACTION: CPU - Setting CPU[1] to 1497600
I/ThermalEngine( 1045): ACTION: CPU - Setting CPU[2] to 1497600
I/ThermalEngine( 1045): ACTION: CPU - Setting CPU[3] to 1497600
I/ThermalEngine( 1045): Sensor:tsens_tz_sensor5:84000 mC
I/ThermalEngine( 1045): Sensor:tsens_tz_sensor2:91000 mC
I/ThermalEngine( 1045): ACTION: CPU - Setting CPU[0] to 1401600
I/ThermalEngine( 1045): ACTION: CPU - Setting CPU[1] to 1401600
I/ThermalEngine( 1045): ACTION: CPU - Setting CPU[2] to 1401600
I/ThermalEngine( 1045): ACTION: CPU - Setting CPU[3] to 1401600
I/ThermalEngine( 1045): Sensor:tsens_tz_sensor5:84000 mC
I/ThermalEngine( 1045): Sensor:batt_temp:40600 mC
I/ThermalEngine( 1045): Sensor:tsens_tz_sensor2:90000 mC
I/ThermalEngine( 1045): ACTION: CPU - Setting CPU[0] to 1497600
I/ThermalEngine( 1045): ACTION: CPU - Setting CPU[1] to 1497600
I/ThermalEngine( 1045): ACTION: CPU - Setting CPU[2] to 1497600
I/ThermalEngine( 1045): ACTION: CPU - Setting CPU[3] to 1497600
I/ThermalEngine( 1045): Sensor:tsens_tz_sensor5:86000 mC
I/ThermalEngine( 1045): Sensor:tsens_tz_sensor2:91000 mC
I/ThermalEngine( 1045): ACTION: CPU - Setting CPU[0] to 1401600
I/ThermalEngine( 1045): ACTION: CPU - Setting CPU[1] to 1401600
I/ThermalEngine( 1045): ACTION: CPU - Setting CPU[2] to 1401600
I/ThermalEngine( 1045): ACTION: CPU - Setting CPU[3] to 1401600
I/ThermalEngine( 1045): Sensor:tsens_tz_sensor5:87000 mC
I/ThermalEngine( 1045): Sensor:tsens_tz_sensor2:90000 mC
I/ThermalEngine( 1045): ACTION: CPU - Setting CPU[0] to 1497600
I/ThermalEngine( 1045): ACTION: CPU - Setting CPU[1] to 1497600
I/ThermalEngine( 1045): ACTION: CPU - Setting CPU[2] to 1497600
I/ThermalEngine( 1045): ACTION: CPU - Setting CPU[3] to 1497600
I/ThermalEngine( 1045): Sensor:tsens_tz_sensor5:86000 mC
I/ThermalEngine( 1045): Sensor:tsens_tz_sensor2:93000 mC
I/ThermalEngine( 1045): ACTION: CPU - Setting CPU[0] to 1401600
I/ThermalEngine( 1045): ACTION: CPU - Setting CPU[1] to 1401600
I/ThermalEngine( 1045): ACTION: CPU - Setting CPU[2] to 1401600
I/ThermalEngine( 1045): ACTION: CPU - Setting CPU[3] to 1401600
I/ThermalEngine( 1045): Sensor:tsens_tz_sensor5:89000 mC
I/ThermalEngine( 1045): Sensor:batt_temp:40600 mC
I/ThermalEngine( 1045): Sensor:tsens_tz_sensor2:93000 mC
I/ThermalEngine( 1045): ACTION: CPU - Setting CPU[0] to 1344000
I/ThermalEngine( 1045): ACTION: CPU - Setting CPU[1] to 1344000
I/ThermalEngine( 1045): ACTION: CPU - Setting CPU[2] to 1344000
I/ThermalEngine( 1045): ACTION: CPU - Setting CPU[3] to 1344000
I/ThermalEngine( 1045): Sensor:tsens_tz_sensor5:89000 mC
I/ThermalEngine( 1045): Sensor:tsens_tz_sensor2:88000 mC
I/ThermalEngine( 1045): ACTION: CPU - Setting CPU[0] to 1401600
I/ThermalEngine( 1045): ACTION: CPU - Setting CPU[1] to 1401600
I/ThermalEngine( 1045): ACTION: CPU - Setting CPU[2] to 1401600
I/ThermalEngine( 1045): ACTION: CPU - Setting CPU[3] to 1401600
I/ThermalEngine( 1045): Sensor:tsens_tz_sensor5:86000 mC
I/ThermalEngine( 1045): Sensor:tsens_tz_sensor2:88000 mC
I/ThermalEngine( 1045): ACTION: CPU - Setting CPU[0] to 1497600
I/ThermalEngine( 1045): ACTION: CPU - Setting CPU[1] to 1497600
I/ThermalEngine( 1045): ACTION: CPU - Setting CPU[2] to 1497600
I/ThermalEngine( 1045): ACTION: CPU - Setting CPU[3] to 1497600
I/ThermalEngine( 1045): Sensor:tsens_tz_sensor5:84000 mC
I/UpstartPropertyWatcher(  978): Property changed: init.svc.ppd=running
I/UpstartPropertyWatcher(  978): Property changed: init.svc.quipc_igsn=running
I/UpstartPropertyWatcher(  978): Property changed: init.svc.quipc_main=running
I/UpstartPropertyWatcher(  978): Property changed: init.svc.xtwifi_inet=restarting
I/UpstartPropertyWatcher(  978): Property changed: init.svc.gsiff_daemon=running
I/UpstartPropertyWatcher(  978): Property changed: init.svc.quipc_igsn=restarting
I/UpstartPropertyWatcher(  978): Property changed: init.svc.ppd=restarting
I/ThermalEngine( 1045): Sensor:tsens_tz_sensor2:91000 mC
I/ThermalEngine( 1045): ACTION: CPU - Setting CPU[0] to 1401600
I/ThermalEngine( 1045): ACTION: CPU - Setting CPU[1] to 1401600
I/ThermalEngine( 1045): ACTION: CPU - Setting CPU[2] to 1401600
I/ThermalEngine( 1045): ACTION: CPU - Setting CPU[3] to 1401600
I/ThermalEngine( 1045): Sensor:tsens_tz_sensor5:87000 mC
I/UpstartPropertyWatcher(  978): Property changed: init.svc.quipc_main=restarting
I/UpstartPropertyWatcher(  978): Property changed: init.svc.gsiff_daemon=restarting
I/ThermalEngine( 1045): Sensor:batt_temp:40700 mC
I/ThermalEngine( 1045): Sensor:tsens_tz_sensor2:89000 mC
I/ThermalEngine( 1045): ACTION: CPU - Setting CPU[0] to 1497600
I/ThermalEngine( 1045): ACTION: CPU - Setting CPU[1] to 1497600
I/ThermalEngine( 1045): ACTION: CPU - Setting CPU[2] to 1497600
I/ThermalEngine( 1045): ACTION: CPU - Setting CPU[3] to 1497600
I/ThermalEngine( 1045): Sensor:tsens_tz_sensor5:85000 mC
I/ThermalEngine( 1045): Sensor:tsens_tz_sensor2:89000 mC
I/ThermalEngine( 1045): ACTION: CPU - Setting CPU[0] to 1593600
I/ThermalEngine( 1045): ACTION: CPU - Setting CPU[1] to 1593600
I/ThermalEngine( 1045): ACTION: CPU - Setting CPU[2] to 1593600
I/ThermalEngine( 1045): ACTION: CPU - Setting CPU[3] to 1593600
I/ThermalEngine( 1045): Sensor:tsens_tz_sensor5:85000 mC
I/ThermalEngine( 1045): Sensor:tsens_tz_sensor2:93000 mC
I/ThermalEngine( 1045): ACTION: CPU - Setting CPU[0] to 1497600
I/ThermalEngine( 1045): ACTION: CPU - Setting CPU[1] to 1497600
I/ThermalEngine( 1045): ACTION: CPU - Setting CPU[2] to 1497600
I/ThermalEngine( 1045): ACTION: CPU - Setting CPU[3] to 1497600
I/ThermalEngine( 1045): Sensor:tsens_tz_sensor5:89000 mC
I/ThermalEngine( 1045): Sensor:tsens_tz_sensor2:95000 mC
I/ThermalEngine( 1045): ACTION: CPU - Setting CPU[0] to 1401600
I/ThermalEngine( 1045): ACTION: CPU - Setting CPU[1] to 1401600
I/ThermalEngine( 1045): ACTION: CPU - Setting CPU[2] to 1401600
I/ThermalEngine( 1045): ACTION: CPU - Setting CPU[3] to 1401600
I/ThermalEngine( 1045): Sensor:tsens_tz_sensor5:90000 mC
I/ThermalEngine( 1045): Sensor:batt_temp:40700 mC
I/ThermalEngine( 1045): Sensor:tsens_tz_sensor2:91000 mC
I/ThermalEngine( 1045): ACTION: CPU - Setting CPU[0] to 1344000
I/ThermalEngine( 1045): ACTION: CPU - Setting CPU[1] to 1344000
I/ThermalEngine( 1045): ACTION: CPU - Setting CPU[2] to 1344000
I/ThermalEngine( 1045): ACTION: CPU - Setting CPU[3] to 1344000
I/ThermalEngine( 1045): Sensor:tsens_tz_sensor5:88000 mC
E/QCALOG  ( 1060): [MessageQ] ProcessNewMessage: [XT-CS] unknown deliver target [OS-Agent]
E/QCALOG  ( 1060): [MessageQ] ProcessNewMessage: [XTWiFi-PE] unknown deliver target [OS-Agent]
I/ThermalEngine( 1045): Sensor:tsens_tz_sensor2:89000 mC
I/ThermalEngine( 1045): ACTION: CPU - Setting CPU[0] to 1401600
I/ThermalEngine( 1045): ACTION: CPU - Setting CPU[1] to 1401600
I/ThermalEngine( 1045): ACTION: CPU - Setting CPU[2] to 1401600
I/ThermalEngine( 1045): ACTION: CPU - Setting CPU[3] to 1401600
I/ThermalEngine( 1045): Sensor:tsens_tz_sensor5:86000 mC
E/QCALOG  ( 1060): [MessageQ] ProcessNewMessage: [XTWWAN-PE] unknown deliver target [OS-Agent]
I/ThermalEngine( 1045): Sensor:tsens_tz_sensor2:89000 mC
I/ThermalEngine( 1045): ACTION: CPU - Setting CPU[0] to 1497600
I/ThermalEngine( 1045): ACTION: CPU - Setting CPU[1] to 1497600
I/ThermalEngine( 1045): ACTION: CPU - Setting CPU[2] to 1497600
I/ThermalEngine( 1045): ACTION: CPU - Setting CPU[3] to 1497600
I/ThermalEngine( 1045): Sensor:tsens_tz_sensor5:86000 mC
I/ThermalEngine( 1045): Sensor:tsens_tz_sensor2:91000 mC
I/ThermalEngine( 1045): ACTION: CPU - Setting CPU[0] to 1401600
I/ThermalEngine( 1045): ACTION: CPU - Setting CPU[1] to 1401600
I/ThermalEngine( 1045): ACTION: CPU - Setting CPU[2] to 1401600
I/ThermalEngine( 1045): ACTION: CPU - Setting CPU[3] to 1401600
I/ThermalEngine( 1045): Sensor:tsens_tz_sensor5:87000 mC
I/ThermalEngine( 1045): Sensor:batt_temp:41000 mC
I/ThermalEngine( 1045): Sensor:tsens_tz_sensor2:90000 mC
I/ThermalEngine( 1045): ACTION: CPU - Setting CPU[0] to 1497600
I/ThermalEngine( 1045): ACTION: CPU - Setting CPU[1] to 1497600
I/ThermalEngine( 1045): ACTION: CPU - Setting CPU[2] to 1497600
I/ThermalEngine( 1045): ACTION: CPU - Setting CPU[3] to 1497600
I/ThermalEngine( 1045): Sensor:tsens_tz_sensor5:87000 mC
I/ThermalEngine( 1045): Sensor:tsens_tz_sensor2:92000 mC
I/ThermalEngine( 1045): ACTION: CPU - Setting CPU[0] to 1401600
I/ThermalEngine( 1045): ACTION: CPU - Setting CPU[1] to 1401600
I/ThermalEngine( 1045): ACTION: CPU - Setting CPU[2] to 1401600
I/ThermalEngine( 1045): ACTION: CPU - Setting CPU[3] to 1401600
I/ThermalEngine( 1045): Sensor:tsens_tz_sensor5:89000 mC
I/ThermalEngine( 1045): Sensor:tsens_tz_sensor2:90000 mC
I/ThermalEngine( 1045): ACTION: CPU - Setting CPU[0] to 1497600
I/ThermalEngine( 1045): ACTION: CPU - Setting CPU[1] to 1497600
I/ThermalEngine( 1045): ACTION: CPU - Setting CPU[2] to 1497600
I/ThermalEngine( 1045): ACTION: CPU - Setting CPU[3] to 1497600
I/ThermalEngine( 1045): Sensor:tsens_tz_sensor5:87000 mC
I/ThermalEngine( 1045): Sensor:tsens_tz_sensor2:90000 mC
I/ThermalEngine( 1045): ACTION: CPU - Setting CPU[0] to 1593600
I/ThermalEngine( 1045): ACTION: CPU - Setting CPU[1] to 1593600
I/ThermalEngine( 1045): ACTION: CPU - Setting CPU[2] to 1593600
I/ThermalEngine( 1045): ACTION: CPU - Setting CPU[3] to 1593600
I/ThermalEngine( 1045): Sensor:tsens_tz_sensor5:87000 mC
I/ThermalEngine( 1045): Sensor:batt_temp:41000 mC
I/ThermalEngine( 1045): Sensor:tsens_tz_sensor2:95000 mC
I/ThermalEngine( 1045): ACTION: CPU - Setting CPU[0] to 1497600
I/ThermalEngine( 1045): ACTION: CPU - Setting CPU[1] to 1497600
I/ThermalEngine( 1045): ACTION: CPU - Setting CPU[2] to 1497600
I/ThermalEngine( 1045): ACTION: CPU - Setting CPU[3] to 1497600
I/ThermalEngine( 1045): Sensor:tsens_tz_sensor5:90000 mC
I/ThermalEngine( 1045): Sensor:tsens_tz_sensor2:96000 mC
I/ThermalEngine( 1045): ACTION: CPU - Setting CPU[0] to 1401600
I/ThermalEngine( 1045): ACTION: CPU - Setting CPU[1] to 1401600
I/ThermalEngine( 1045): ACTION: CPU - Setting CPU[2] to 1401600
I/ThermalEngine( 1045): ACTION: CPU - Setting CPU[3] to 1401600
I/ThermalEngine( 1045): Sensor:tsens_tz_sensor5:91000 mC
I/ThermalEngine( 1045): Sensor:tsens_tz_sensor2:92000 mC
I/ThermalEngine( 1045): ACTION: CPU - Setting CPU[0] to 1344000
I/ThermalEngine( 1045): ACTION: CPU - Setting CPU[1] to 1344000
I/ThermalEngine( 1045): ACTION: CPU - Setting CPU[2] to 1344000
I/ThermalEngine( 1045): ACTION: CPU - Setting CPU[3] to 1344000
I/ThermalEngine( 1045): Sensor:tsens_tz_sensor5:87000 mC
I/ThermalEngine( 1045): Sensor:tsens_tz_sensor2:90000 mC
I/ThermalEngine( 1045): ACTION: CPU - Setting CPU[0] to 1401600
I/ThermalEngine( 1045): ACTION: CPU - Setting CPU[1] to 1401600
I/ThermalEngine( 1045): ACTION: CPU - Setting CPU[2] to 1401600
I/ThermalEngine( 1045): ACTION: CPU - Setting CPU[3] to 1401600
I/ThermalEngine( 1045): Sensor:tsens_tz_sensor5:86000 mC
I/ThermalEngine( 1045): Sensor:batt_temp:40900 mC
I/ThermalEngine( 1045): Sensor:tsens_tz_sensor2:90000 mC
I/ThermalEngine( 1045): ACTION: CPU - Setting CPU[0] to 1497600
I/ThermalEngine( 1045): ACTION: CPU - Setting CPU[1] to 1497600
I/ThermalEngine( 1045): ACTION: CPU - Setting CPU[2] to 1497600
I/ThermalEngine( 1045): ACTION: CPU - Setting CPU[3] to 1497600
I/ThermalEngine( 1045): Sensor:tsens_tz_sensor5:86000 mC
I/ThermalEngine( 1045): Sensor:tsens_tz_sensor2:91000 mC
I/ThermalEngine( 1045): ACTION: CPU - Setting CPU[0] to 1401600
I/ThermalEngine( 1045): ACTION: CPU - Setting CPU[1] to 1401600
I/ThermalEngine( 1045): ACTION: CPU - Setting CPU[2] to 1401600
I/ThermalEngine( 1045): ACTION: CPU - Setting CPU[3] to 1401600
I/ThermalEngine( 1045): Sensor:tsens_tz_sensor5:87000 mC
I/ThermalEngine( 1045): Sensor:tsens_tz_sensor2:91000 mC
I/ThermalEngine( 1045): ACTION: CPU - Setting CPU[0] to 1344000
I/ThermalEngine( 1045): ACTION: CPU - Setting CPU[1] to 1344000
I/ThermalEngine( 1045): ACTION: CPU - Setting CPU[2] to 1344000
I/ThermalEngine( 1045): ACTION: CPU - Setting CPU[3] to 1344000
I/ThermalEngine( 1045): Sensor:tsens_tz_sensor5:88000 mC
I/ThermalEngine( 1045): Sensor:tsens_tz_sensor2:90000 mC
I/ThermalEngine( 1045): ACTION: CPU - Setting CPU[0] to 1401600
I/ThermalEngine( 1045): ACTION: CPU - Setting CPU[1] to 1401600
I/ThermalEngine( 1045): ACTION: CPU - Setting CPU[2] to 1401600
I/ThermalEngine( 1045): ACTION: CPU - Setting CPU[3] to 1401600
I/ThermalEngine( 1045): Sensor:tsens_tz_sensor5:86000 mC
I/UpstartPropertyWatcher(  978): Property changed: init.svc.ppd=running
I/UpstartPropertyWatcher(  978): Property changed: init.svc.gsiff_daemon=running
I/UpstartPropertyWatcher(  978): Property changed: init.svc.quipc_igsn=running
I/UpstartPropertyWatcher(  978): Property changed: init.svc.quipc_main=running
I/UpstartPropertyWatcher(  978): Property changed: init.svc.xtwifi_inet=running
I/UpstartPropertyWatcher(  978): Property changed: init.svc.gsiff_daemon=restarting
I/UpstartPropertyWatcher(  978): Property changed: init.svc.quipc_igsn=restarting
I/UpstartPropertyWatcher(  978): Property changed: init.svc.ppd=restarting
I/UpstartPropertyWatcher(  978): Property changed: init.svc.xtwifi_inet=restarting
I/UpstartPropertyWatcher(  978): Property changed: init.svc.quipc_main=restarting
I/ThermalEngine( 1045): Sensor:batt_temp:41000 mC
I/ThermalEngine( 1045): Sensor:tsens_tz_sensor2:90000 mC
I/ThermalEngine( 1045): ACTION: CPU - Setting CPU[0] to 1497600
I/ThermalEngine( 1045): ACTION: CPU - Setting CPU[1] to 1497600
I/ThermalEngine( 1045): ACTION: CPU - Setting CPU[2] to 1497600
I/ThermalEngine( 1045): ACTION: CPU - Setting CPU[3] to 1497600
I/ThermalEngine( 1045): Sensor:tsens_tz_sensor5:86000 mC
I/ThermalEngine( 1045): Sensor:tsens_tz_sensor2:90000 mC
I/ThermalEngine( 1045): ACTION: CPU - Setting CPU[0] to 1593600
I/ThermalEngine( 1045): ACTION: CPU - Setting CPU[1] to 1593600
I/ThermalEngine( 1045): ACTION: CPU - Setting CPU[2] to 1593600
I/ThermalEngine( 1045): ACTION: CPU - Setting CPU[3] to 1593600
I/ThermalEngine( 1045): Sensor:tsens_tz_sensor5:86000 mC
I/ThermalEngine( 1045): Sensor:tsens_tz_sensor2:95000 mC
I/ThermalEngine( 1045): ACTION: CPU - Setting CPU[0] to 1497600
I/ThermalEngine( 1045): ACTION: CPU - Setting CPU[1] to 1497600
I/ThermalEngine( 1045): ACTION: CPU - Setting CPU[2] to 1497600
I/ThermalEngine( 1045): ACTION: CPU - Setting CPU[3] to 1497600
I/ThermalEngine( 1045): Sensor:tsens_tz_sensor5:90000 mC
I/ThermalEngine( 1045): Sensor:tsens_tz_sensor2:96000 mC
I/ThermalEngine( 1045): ACTION: CPU - Setting CPU[0] to 1401600
I/ThermalEngine( 1045): ACTION: CPU - Setting CPU[1] to 1401600
I/ThermalEngine( 1045): ACTION: CPU - Setting CPU[2] to 1401600
I/ThermalEngine( 1045): ACTION: CPU - Setting CPU[3] to 1401600
I/ThermalEngine( 1045): Sensor:tsens_tz_sensor5:92000 mC
I/ThermalEngine( 1045): Sensor:batt_temp:41000 mC
I/ThermalEngine( 1045): Sensor:tsens_tz_sensor2:93000 mC
I/ThermalEngine( 1045): ACTION: CPU - Setting CPU[0] to 1344000
I/ThermalEngine( 1045): ACTION: CPU - Setting CPU[1] to 1344000
I/ThermalEngine( 1045): ACTION: CPU - Setting CPU[2] to 1344000
I/ThermalEngine( 1045): ACTION: CPU - Setting CPU[3] to 1344000
I/ThermalEngine( 1045): Sensor:tsens_tz_sensor5:89000 mC
E/QCALOG  ( 1060): [MessageQ] ProcessNewMessage: [XT-CS] unknown deliver target [OS-Agent]
E/QCALOG  ( 1060): [MessageQ] ProcessNewMessage: [XTWiFi-PE] unknown deliver target [OS-Agent]
E/QCALOG  ( 1060): [MessageQ] ProcessNewMessage: [XTWWAN-PE] unknown deliver target [OS-Agent]
I/ThermalEngine( 1045): Sensor:tsens_tz_sensor2:91000 mC
I/ThermalEngine( 1045): ACTION: CPU - Setting CPU[0] to 1305600
I/ThermalEngine( 1045): ACTION: CPU - Setting CPU[1] to 1305600
I/ThermalEngine( 1045): ACTION: CPU - Setting CPU[2] to 1305600
I/ThermalEngine( 1045): ACTION: CPU - Setting CPU[3] to 1305600
I/ThermalEngine( 1045): Sensor:tsens_tz_sensor5:87000 mC
I/ThermalEngine( 1045): Sensor:tsens_tz_sensor2:91000 mC
I/ThermalEngine( 1045): ACTION: CPU - Setting CPU[0] to 1190400
I/ThermalEngine( 1045): ACTION: CPU - Setting CPU[1] to 1190400
I/ThermalEngine( 1045): ACTION: CPU - Setting CPU[2] to 1190400
I/ThermalEngine( 1045): ACTION: CPU - Setting CPU[3] to 1190400
I/ThermalEngine( 1045): Sensor:tsens_tz_sensor5:87000 mC
I/ThermalEngine( 1045): Sensor:tsens_tz_sensor2:90000 mC
I/ThermalEngine( 1045): ACTION: CPU - Setting CPU[0] to 1305600
I/ThermalEngine( 1045): ACTION: CPU - Setting CPU[1] to 1305600
I/ThermalEngine( 1045): ACTION: CPU - Setting CPU[2] to 1305600
I/ThermalEngine( 1045): ACTION: CPU - Setting CPU[3] to 1305600
I/ThermalEngine( 1045): Sensor:tsens_tz_sensor5:86000 mC
I/ThermalEngine( 1045): Sensor:batt_temp:41000 mC
I/ThermalEngine( 1045): Sensor:tsens_tz_sensor2:87000 mC
I/ThermalEngine( 1045): ACTION: CPU - Setting CPU[0] to 1344000
I/ThermalEngine( 1045): ACTION: CPU - Setting CPU[1] to 1344000
I/ThermalEngine( 1045): ACTION: CPU - Setting CPU[2] to 1344000
I/ThermalEngine( 1045): ACTION: CPU - Setting CPU[3] to 1344000
I/ThermalEngine( 1045): Sensor:tsens_tz_sensor5:84000 mC
I/ThermalEngine( 1045): Sensor:tsens_tz_sensor2:87000 mC
I/ThermalEngine( 1045): ACTION: CPU - Setting CPU[0] to 1401600
I/ThermalEngine( 1045): ACTION: CPU - Setting CPU[1] to 1401600
I/ThermalEngine( 1045): ACTION: CPU - Setting CPU[2] to 1401600
I/ThermalEngine( 1045): ACTION: CPU - Setting CPU[3] to 1401600
I/ThermalEngine( 1045): Sensor:tsens_tz_sensor5:85000 mC
I/ThermalEngine( 1045): Sensor:tsens_tz_sensor2:87000 mC
I/ThermalEngine( 1045): ACTION: CPU - Setting CPU[0] to 1497600
I/ThermalEngine( 1045): ACTION: CPU - Setting CPU[1] to 1497600
I/ThermalEngine( 1045): ACTION: CPU - Setting CPU[2] to 1497600
I/ThermalEngine( 1045): ACTION: CPU - Setting CPU[3] to 1497600
I/ThermalEngine( 1045): Sensor:tsens_tz_sensor5:86000 mC
I/ThermalEngine( 1045): Sensor:tsens_tz_sensor2:87000 mC
I/ThermalEngine( 1045): ACTION: CPU - Setting CPU[0] to 1593600
I/ThermalEngine( 1045): ACTION: CPU - Setting CPU[1] to 1593600
I/ThermalEngine( 1045): ACTION: CPU - Setting CPU[2] to 1593600
I/ThermalEngine( 1045): ACTION: CPU - Setting CPU[3] to 1593600
I/ThermalEngine( 1045): Sensor:tsens_tz_sensor5:86000 mC
I/ThermalEngine( 1045): Sensor:batt_temp:41100 mC
I/ThermalEngine( 1045): Sensor:tsens_tz_sensor2:90000 mC
I/ThermalEngine( 1045): Sensor:tsens_tz_sensor5:89000 mC
I/ThermalEngine( 1045): Sensor:tsens_tz_sensor2:95000 mC
I/ThermalEngine( 1045): ACTION: CPU - Setting CPU[0] to 1497600
I/ThermalEngine( 1045): ACTION: CPU - Setting CPU[1] to 1497600
I/ThermalEngine( 1045): ACTION: CPU - Setting CPU[2] to 1497600
I/ThermalEngine( 1045): ACTION: CPU - Setting CPU[3] to 1497600
I/ThermalEngine( 1045): Sensor:tsens_tz_sensor5:89000 mC
I/ThermalEngine( 1045): Sensor:tsens_tz_sensor2:96000 mC
I/ThermalEngine( 1045): ACTION: CPU - Setting CPU[0] to 1401600
I/ThermalEngine( 1045): ACTION: CPU - Setting CPU[1] to 1401600
I/ThermalEngine( 1045): ACTION: CPU - Setting CPU[2] to 1401600
I/ThermalEngine( 1045): ACTION: CPU - Setting CPU[3] to 1401600
I/ThermalEngine( 1045): Sensor:tsens_tz_sensor5:91000 mC
I/ThermalEngine( 1045): Sensor:tsens_tz_sensor2:92000 mC
I/ThermalEngine( 1045): ACTION: CPU - Setting CPU[0] to 1344000
I/ThermalEngine( 1045): ACTION: CPU - Setting CPU[1] to 1344000
I/ThermalEngine( 1045): ACTION: CPU - Setting CPU[2] to 1344000
I/ThermalEngine( 1045): ACTION: CPU - Setting CPU[3] to 1344000
I/ThermalEngine( 1045): Sensor:tsens_tz_sensor5:88000 mC
I/ThermalEngine( 1045): Sensor:batt_temp:41100 mC
I/ThermalEngine( 1045): Sensor:tsens_tz_sensor2:92000 mC
I/ThermalEngine( 1045): ACTION: CPU - Setting CPU[0] to 1305600
I/ThermalEngine( 1045): ACTION: CPU - Setting CPU[1] to 1305600
I/ThermalEngine( 1045): ACTION: CPU - Setting CPU[2] to 1305600
I/ThermalEngine( 1045): ACTION: CPU - Setting CPU[3] to 1305600
I/ThermalEngine( 1045): Sensor:tsens_tz_sensor5:88000 mC
I/ThermalEngine( 1045): Sensor:tsens_tz_sensor2:88000 mC
I/ThermalEngine( 1045): ACTION: CPU - Setting CPU[0] to 1344000
I/ThermalEngine( 1045): ACTION: CPU - Setting CPU[1] to 1344000
I/ThermalEngine( 1045): ACTION: CPU - Setting CPU[2] to 1344000
I/ThermalEngine( 1045): ACTION: CPU - Setting CPU[3] to 1344000
I/ThermalEngine( 1045): Sensor:tsens_tz_sensor5:86000 mC
I/ThermalEngine( 1045): Sensor:tsens_tz_sensor2:86000 mC
I/ThermalEngine( 1045): ACTION: CPU - Setting CPU[0] to 1401600
I/ThermalEngine( 1045): ACTION: CPU - Setting CPU[1] to 1401600
I/ThermalEngine( 1045): ACTION: CPU - Setting CPU[2] to 1401600
I/ThermalEngine( 1045): ACTION: CPU - Setting CPU[3] to 1401600
I/ThermalEngine( 1045): Sensor:tsens_tz_sensor5:85000 mC
I/ThermalEngine( 1045): Sensor:tsens_tz_sensor2:89000 mC
I/ThermalEngine( 1045): ACTION: CPU - Setting CPU[0] to 1497600
I/ThermalEngine( 1045): ACTION: CPU - Setting CPU[1] to 1497600
I/ThermalEngine( 1045): ACTION: CPU - Setting CPU[2] to 1497600
I/ThermalEngine( 1045): ACTION: CPU - Setting CPU[3] to 1497600
I/ThermalEngine( 1045): Sensor:tsens_tz_sensor5:86000 mC
I/UpstartPropertyWatcher(  978): Property changed: init.svc.ppd=running
I/UpstartPropertyWatcher(  978): Property changed: init.svc.gsiff_daemon=running
I/UpstartPropertyWatcher(  978): Property changed: init.svc.quipc_igsn=running
I/UpstartPropertyWatcher(  978): Property changed: init.svc.quipc_main=running
I/UpstartPropertyWatcher(  978): Property changed: init.svc.xtwifi_inet=running
I/UpstartPropertyWatcher(  978): Property changed: init.svc.ppd=restarting
I/UpstartPropertyWatcher(  978): Property changed: init.svc.quipc_igsn=restarting
I/UpstartPropertyWatcher(  978): Property changed: init.svc.xtwifi_inet=restarting
I/UpstartPropertyWatcher(  978): Property changed: init.svc.quipc_main=restarting
I/UpstartPropertyWatcher(  978): Property changed: init.svc.gsiff_daemon=restarting
I/ThermalEngine( 1045): Sensor:batt_temp:41200 mC
I/ThermalEngine( 1045): Sensor:tsens_tz_sensor2:93000 mC
I/ThermalEngine( 1045): ACTION: CPU - Setting CPU[0] to 1401600
I/ThermalEngine( 1045): ACTION: CPU - Setting CPU[1] to 1401600
I/ThermalEngine( 1045): ACTION: CPU - Setting CPU[2] to 1401600
I/ThermalEngine( 1045): ACTION: CPU - Setting CPU[3] to 1401600
I/ThermalEngine( 1045): Sensor:tsens_tz_sensor5:89000 mC
I/ThermalEngine( 1045): Sensor:tsens_tz_sensor2:93000 mC
I/ThermalEngine( 1045): ACTION: CPU - Setting CPU[0] to 1344000
I/ThermalEngine( 1045): ACTION: CPU - Setting CPU[1] to 1344000
I/ThermalEngine( 1045): ACTION: CPU - Setting CPU[2] to 1344000
I/ThermalEngine( 1045): ACTION: CPU - Setting CPU[3] to 1344000
I/ThermalEngine( 1045): Sensor:tsens_tz_sensor5:89000 mC
I/ThermalEngine( 1045): Sensor:tsens_tz_sensor2:90000 mC
I/ThermalEngine( 1045): ACTION: CPU - Setting CPU[0] to 1401600
I/ThermalEngine( 1045): ACTION: CPU - Setting CPU[1] to 1401600
I/ThermalEngine( 1045): ACTION: CPU - Setting CPU[2] to 1401600
I/ThermalEngine( 1045): ACTION: CPU - Setting CPU[3] to 1401600
I/ThermalEngine( 1045): Sensor:tsens_tz_sensor5:87000 mC
I/ThermalEngine( 1045): Sensor:tsens_tz_sensor2:90000 mC
I/ThermalEngine( 1045): ACTION: CPU - Setting CPU[0] to 1497600
I/ThermalEngine( 1045): ACTION: CPU - Setting CPU[1] to 1497600
I/ThermalEngine( 1045): ACTION: CPU - Setting CPU[2] to 1497600
I/ThermalEngine( 1045): ACTION: CPU - Setting CPU[3] to 1497600
I/ThermalEngine( 1045): Sensor:tsens_tz_sensor5:86000 mC
I/ThermalEngine( 1045): Sensor:batt_temp:41200 mC
I/ThermalEngine( 1045): Sensor:tsens_tz_sensor2:94000 mC
I/ThermalEngine( 1045): ACTION: CPU - Setting CPU[0] to 1401600
I/ThermalEngine( 1045): ACTION: CPU - Setting CPU[1] to 1401600
I/ThermalEngine( 1045): ACTION: CPU - Setting CPU[2] to 1401600
I/ThermalEngine( 1045): ACTION: CPU - Setting CPU[3] to 1401600
I/ThermalEngine( 1045): Sensor:tsens_tz_sensor5:89000 mC
E/QCALOG  ( 1060): [MessageQ] ProcessNewMessage: [XT-CS] unknown deliver target [OS-Agent]
E/QCALOG  ( 1060): [MessageQ] ProcessNewMessage: [XTWiFi-PE] unknown deliver target [OS-Agent]
I/ThermalEngine( 1045): Sensor:tsens_tz_sensor2:94000 mC
I/ThermalEngine( 1045): ACTION: CPU - Setting CPU[0] to 1344000
I/ThermalEngine( 1045): ACTION: CPU - Setting CPU[1] to 1344000
I/ThermalEngine( 1045): ACTION: CPU - Setting CPU[2] to 1344000
I/ThermalEngine( 1045): ACTION: CPU - Setting CPU[3] to 1344000
I/ThermalEngine( 1045): Sensor:tsens_tz_sensor5:89000 mC
E/QCALOG  ( 1060): [MessageQ] ProcessNewMessage: [XTWWAN-PE] unknown deliver target [OS-Agent]
I/ThermalEngine( 1045): Sensor:tsens_tz_sensor2:91000 mC
I/ThermalEngine( 1045): ACTION: CPU - Setting CPU[0] to 1305600
I/ThermalEngine( 1045): ACTION: CPU - Setting CPU[1] to 1305600
I/ThermalEngine( 1045): ACTION: CPU - Setting CPU[2] to 1305600
I/ThermalEngine( 1045): ACTION: CPU - Setting CPU[3] to 1305600
I/ThermalEngine( 1045): Sensor:tsens_tz_sensor5:87000 mC
I/ThermalEngine( 1045): Sensor:tsens_tz_sensor2:89000 mC
I/ThermalEngine( 1045): ACTION: CPU - Setting CPU[0] to 1344000
I/ThermalEngine( 1045): ACTION: CPU - Setting CPU[1] to 1344000
I/ThermalEngine( 1045): ACTION: CPU - Setting CPU[2] to 1344000
I/ThermalEngine( 1045): ACTION: CPU - Setting CPU[3] to 1344000
I/ThermalEngine( 1045): Sensor:tsens_tz_sensor5:86000 mC
I/ThermalEngine( 1045): Sensor:tsens_tz_sensor2:88000 mC
I/ThermalEngine( 1045): ACTION: CPU - Setting CPU[0] to 1401600
I/ThermalEngine( 1045): ACTION: CPU - Setting CPU[1] to 1401600
I/ThermalEngine( 1045): ACTION: CPU - Setting CPU[2] to 1401600
I/ThermalEngine( 1045): ACTION: CPU - Setting CPU[3] to 1401600
I/ThermalEngine( 1045): Sensor:tsens_tz_sensor5:85000 mC
I/ThermalEngine( 1045): Sensor:batt_temp:41100 mC
I/ThermalEngine( 1045): Sensor:tsens_tz_sensor2:89000 mC
I/ThermalEngine( 1045): ACTION: CPU - Setting CPU[0] to 1497600
I/ThermalEngine( 1045): ACTION: CPU - Setting CPU[1] to 1497600
I/ThermalEngine( 1045): ACTION: CPU - Setting CPU[2] to 1497600
I/ThermalEngine( 1045): ACTION: CPU - Setting CPU[3] to 1497600
I/ThermalEngine( 1045): Sensor:tsens_tz_sensor5:86000 mC
I/ThermalEngine( 1045): Sensor:tsens_tz_sensor2:89000 mC
I/ThermalEngine( 1045): ACTION: CPU - Setting CPU[0] to 1593600
I/ThermalEngine( 1045): ACTION: CPU - Setting CPU[1] to 1593600
I/ThermalEngine( 1045): ACTION: CPU - Setting CPU[2] to 1593600
I/ThermalEngine( 1045): ACTION: CPU - Setting CPU[3] to 1593600
I/ThermalEngine( 1045): Sensor:tsens_tz_sensor5:86000 mC
I/ThermalEngine( 1045): Sensor:tsens_tz_sensor2:94000 mC
I/ThermalEngine( 1045): ACTION: CPU - Setting CPU[0] to 1497600
I/ThermalEngine( 1045): ACTION: CPU - Setting CPU[1] to 1497600
I/ThermalEngine( 1045): ACTION: CPU - Setting CPU[2] to 1497600
I/ThermalEngine( 1045): ACTION: CPU - Setting CPU[3] to 1497600
I/ThermalEngine( 1045): Sensor:tsens_tz_sensor5:89000 mC
I/ThermalEngine( 1045): Sensor:tsens_tz_sensor2:95000 mC
I/ThermalEngine( 1045): ACTION: CPU - Setting CPU[0] to 1401600
I/ThermalEngine( 1045): ACTION: CPU - Setting CPU[1] to 1401600
I/ThermalEngine( 1045): ACTION: CPU - Setting CPU[2] to 1401600
I/ThermalEngine( 1045): ACTION: CPU - Setting CPU[3] to 1401600
I/ThermalEngine( 1045): Sensor:tsens_tz_sensor5:91000 mC
I/ThermalEngine( 1045): Sensor:batt_temp:41200 mC
I/ThermalEngine( 1045): Sensor:tsens_tz_sensor2:91000 mC
I/ThermalEngine( 1045): ACTION: CPU - Setting CPU[0] to 1344000
I/ThermalEngine( 1045): ACTION: CPU - Setting CPU[1] to 1344000
I/ThermalEngine( 1045): ACTION: CPU - Setting CPU[2] to 1344000
I/ThermalEngine( 1045): ACTION: CPU - Setting CPU[3] to 1344000
I/ThermalEngine( 1045): Sensor:tsens_tz_sensor5:89000 mC
I/ThermalEngine( 1045): Sensor:tsens_tz_sensor2:91000 mC
I/ThermalEngine( 1045): ACTION: CPU - Setting CPU[0] to 1305600
I/ThermalEngine( 1045): ACTION: CPU - Setting CPU[1] to 1305600
I/ThermalEngine( 1045): ACTION: CPU - Setting CPU[2] to 1305600
I/ThermalEngine( 1045): ACTION: CPU - Setting CPU[3] to 1305600
I/ThermalEngine( 1045): Sensor:tsens_tz_sensor5:87000 mC
I/ThermalEngine( 1045): Sensor:tsens_tz_sensor2:91000 mC
I/ThermalEngine( 1045): ACTION: CPU - Setting CPU[0] to 1190400
I/ThermalEngine( 1045): ACTION: CPU - Setting CPU[1] to 1190400
I/ThermalEngine( 1045): ACTION: CPU - Setting CPU[2] to 1190400
I/ThermalEngine( 1045): ACTION: CPU - Setting CPU[3] to 1190400
I/ThermalEngine( 1045): Sensor:tsens_tz_sensor5:87000 mC
I/ThermalEngine( 1045): Sensor:tsens_tz_sensor2:89000 mC
I/ThermalEngine( 1045): ACTION: CPU - Setting CPU[0] to 1305600
I/ThermalEngine( 1045): ACTION: CPU - Setting CPU[1] to 1305600
I/ThermalEngine( 1045): ACTION: CPU - Setting CPU[2] to 1305600
I/ThermalEngine( 1045): ACTION: CPU - Setting CPU[3] to 1305600
I/ThermalEngine( 1045): Sensor:tsens_tz_sensor5:86000 mC
I/ThermalEngine( 1045): Sensor:batt_temp:41100 mC
I/ThermalEngine( 1045): Sensor:tsens_tz_sensor2:85000 mC
I/ThermalEngine( 1045): ACTION: CPU - Setting CPU[0] to 1344000
I/ThermalEngine( 1045): ACTION: CPU - Setting CPU[1] to 1344000
I/ThermalEngine( 1045): ACTION: CPU - Setting CPU[2] to 1344000
I/ThermalEngine( 1045): ACTION: CPU - Setting CPU[3] to 1344000
I/ThermalEngine( 1045): Sensor:tsens_tz_sensor5:84000 mC
I/ThermalEngine( 1045): Sensor:tsens_tz_sensor2:88000 mC
I/ThermalEngine( 1045): ACTION: CPU - Setting CPU[0] to 1401600
I/ThermalEngine( 1045): ACTION: CPU - Setting CPU[1] to 1401600
I/ThermalEngine( 1045): ACTION: CPU - Setting CPU[2] to 1401600
I/ThermalEngine( 1045): ACTION: CPU - Setting CPU[3] to 1401600
I/ThermalEngine( 1045): Sensor:tsens_tz_sensor5:85000 mC
I/ThermalEngine( 1045): Sensor:tsens_tz_sensor2:89000 mC
I/ThermalEngine( 1045): ACTION: CPU - Setting CPU[0] to 1497600
I/ThermalEngine( 1045): ACTION: CPU - Setting CPU[1] to 1497600
I/ThermalEngine( 1045): ACTION: CPU - Setting CPU[2] to 1497600
I/ThermalEngine( 1045): ACTION: CPU - Setting CPU[3] to 1497600
I/ThermalEngine( 1045): Sensor:tsens_tz_sensor5:86000 mC
I/UpstartPropertyWatcher(  978): Property changed: init.svc.ppd=running
I/UpstartPropertyWatcher(  978): Property changed: init.svc.quipc_igsn=running
I/UpstartPropertyWatcher(  978): Property changed: init.svc.quipc_main=running
I/UpstartPropertyWatcher(  978): Property changed: init.svc.xtwifi_inet=running
I/UpstartPropertyWatcher(  978): Property changed: init.svc.gsiff_daemon=running
I/ThermalEngine( 1045): Sensor:tsens_tz_sensor2:94000 mC
I/ThermalEngine( 1045): ACTION: CPU - Setting CPU[0] to 1401600
I/ThermalEngine( 1045): ACTION: CPU - Setting CPU[1] to 1401600
I/ThermalEngine( 1045): ACTION: CPU - Setting CPU[2] to 1401600
I/ThermalEngine( 1045): ACTION: CPU - Setting CPU[3] to 1401600
I/ThermalEngine( 1045): Sensor:tsens_tz_sensor5:90000 mC
I/ThermalEngine( 1045): Sensor:batt_temp:41300 mC
I/UpstartPropertyWatcher(  978): Property changed: init.svc.quipc_igsn=restarting
I/UpstartPropertyWatcher(  978): Property changed: init.svc.xtwifi_inet=restarting
I/UpstartPropertyWatcher(  978): Property changed: init.svc.gsiff_daemon=restarting
I/UpstartPropertyWatcher(  978): Property changed: init.svc.quipc_main=restarting
I/UpstartPropertyWatcher(  978): Property changed: init.svc.ppd=restarting
I/ThermalEngine( 1045): Sensor:tsens_tz_sensor2:94000 mC
I/ThermalEngine( 1045): ACTION: CPU - Setting CPU[0] to 1344000
I/ThermalEngine( 1045): ACTION: CPU - Setting CPU[1] to 1344000
I/ThermalEngine( 1045): ACTION: CPU - Setting CPU[2] to 1344000
I/ThermalEngine( 1045): ACTION: CPU - Setting CPU[3] to 1344000
I/ThermalEngine( 1045): Sensor:tsens_tz_sensor5:90000 mC
I/ThermalEngine( 1045): Sensor:tsens_tz_sensor2:90000 mC
I/ThermalEngine( 1045): ACTION: CPU - Setting CPU[0] to 1401600
I/ThermalEngine( 1045): ACTION: CPU - Setting CPU[1] to 1401600
I/ThermalEngine( 1045): ACTION: CPU - Setting CPU[2] to 1401600
I/ThermalEngine( 1045): ACTION: CPU - Setting CPU[3] to 1401600
I/ThermalEngine( 1045): Sensor:tsens_tz_sensor5:87000 mC
I/ThermalEngine( 1045): Sensor:tsens_tz_sensor2:89000 mC
I/ThermalEngine( 1045): ACTION: CPU - Setting CPU[0] to 1497600
I/ThermalEngine( 1045): ACTION: CPU - Setting CPU[1] to 1497600
I/ThermalEngine( 1045): ACTION: CPU - Setting CPU[2] to 1497600
I/ThermalEngine( 1045): ACTION: CPU - Setting CPU[3] to 1497600
I/ThermalEngine( 1045): Sensor:tsens_tz_sensor5:86000 mC
I/ThermalEngine( 1045): Sensor:tsens_tz_sensor2:92000 mC
I/ThermalEngine( 1045): ACTION: CPU - Setting CPU[0] to 1401600
I/ThermalEngine( 1045): ACTION: CPU - Setting CPU[1] to 1401600
I/ThermalEngine( 1045): ACTION: CPU - Setting CPU[2] to 1401600
I/ThermalEngine( 1045): ACTION: CPU - Setting CPU[3] to 1401600
I/ThermalEngine( 1045): Sensor:tsens_tz_sensor5:89000 mC
I/ThermalEngine( 1045): Sensor:batt_temp:41300 mC
E/QCALOG  ( 1060): [MessageQ] ProcessNewMessage: [XT-CS] unknown deliver target [OS-Agent]
E/QCALOG  ( 1060): [MessageQ] ProcessNewMessage: [XTWiFi-PE] unknown deliver target [OS-Agent]
E/QCALOG  ( 1060): [MessageQ] ProcessNewMessage: [XTWWAN-PE] unknown deliver target [OS-Agent]
I/ThermalEngine( 1045): Sensor:tsens_tz_sensor2:91000 mC
I/ThermalEngine( 1045): ACTION: CPU - Setting CPU[0] to 1344000
I/ThermalEngine( 1045): ACTION: CPU - Setting CPU[1] to 1344000
I/ThermalEngine( 1045): ACTION: CPU - Setting CPU[2] to 1344000
I/ThermalEngine( 1045): ACTION: CPU - Setting CPU[3] to 1344000
I/ThermalEngine( 1045): Sensor:tsens_tz_sensor5:87000 mC
I/ThermalEngine( 1045): Sensor:tsens_tz_sensor2:91000 mC
I/ThermalEngine( 1045): ACTION: CPU - Setting CPU[0] to 1305600
I/ThermalEngine( 1045): ACTION: CPU - Setting CPU[1] to 1305600
I/ThermalEngine( 1045): ACTION: CPU - Setting CPU[2] to 1305600
I/ThermalEngine( 1045): ACTION: CPU - Setting CPU[3] to 1305600
I/ThermalEngine( 1045): Sensor:tsens_tz_sensor5:87000 mC
I/ThermalEngine( 1045): Sensor:tsens_tz_sensor2:89000 mC
I/ThermalEngine( 1045): ACTION: CPU - Setting CPU[0] to 1344000
I/ThermalEngine( 1045): ACTION: CPU - Setting CPU[1] to 1344000
I/ThermalEngine( 1045): ACTION: CPU - Setting CPU[2] to 1344000
I/ThermalEngine( 1045): ACTION: CPU - Setting CPU[3] to 1344000
I/ThermalEngine( 1045): Sensor:tsens_tz_sensor5:86000 mC
I/ThermalEngine( 1045): Sensor:tsens_tz_sensor2:89000 mC
I/ThermalEngine( 1045): ACTION: CPU - Setting CPU[0] to 1401600
I/ThermalEngine( 1045): ACTION: CPU - Setting CPU[1] to 1401600
I/ThermalEngine( 1045): ACTION: CPU - Setting CPU[2] to 1401600
I/ThermalEngine( 1045): ACTION: CPU - Setting CPU[3] to 1401600
I/ThermalEngine( 1045): Sensor:tsens_tz_sensor5:86000 mC
I/ThermalEngine( 1045): Sensor:batt_temp:41300 mC
I/ThermalEngine( 1045): Sensor:tsens_tz_sensor2:90000 mC
I/ThermalEngine( 1045): ACTION: CPU - Setting CPU[0] to 1497600
I/ThermalEngine( 1045): ACTION: CPU - Setting CPU[1] to 1497600
I/ThermalEngine( 1045): ACTION: CPU - Setting CPU[2] to 1497600
I/ThermalEngine( 1045): ACTION: CPU - Setting CPU[3] to 1497600
I/ThermalEngine( 1045): Sensor:tsens_tz_sensor5:86000 mC
I/ThermalEngine( 1045): Sensor:tsens_tz_sensor2:94000 mC
I/ThermalEngine( 1045): ACTION: CPU - Setting CPU[0] to 1401600
I/ThermalEngine( 1045): ACTION: CPU - Setting CPU[1] to 1401600
I/ThermalEngine( 1045): ACTION: CPU - Setting CPU[2] to 1401600
I/ThermalEngine( 1045): ACTION: CPU - Setting CPU[3] to 1401600
I/ThermalEngine( 1045): Sensor:tsens_tz_sensor5:89000 mC
I/ThermalEngine( 1045): Sensor:tsens_tz_sensor2:94000 mC
I/ThermalEngine( 1045): ACTION: CPU - Setting CPU[0] to 1344000
I/ThermalEngine( 1045): ACTION: CPU - Setting CPU[1] to 1344000
I/ThermalEngine( 1045): ACTION: CPU - Setting CPU[2] to 1344000
I/ThermalEngine( 1045): ACTION: CPU - Setting CPU[3] to 1344000
I/ThermalEngine( 1045): Sensor:tsens_tz_sensor5:89000 mC
I/ThermalEngine( 1045): Sensor:tsens_tz_sensor2:90000 mC
I/ThermalEngine( 1045): ACTION: CPU - Setting CPU[0] to 1401600
I/ThermalEngine( 1045): ACTION: CPU - Setting CPU[1] to 1401600
I/ThermalEngine( 1045): ACTION: CPU - Setting CPU[2] to 1401600
I/ThermalEngine( 1045): ACTION: CPU - Setting CPU[3] to 1401600
I/ThermalEngine( 1045): Sensor:tsens_tz_sensor5:87000 mC
I/ThermalEngine( 1045): Sensor:batt_temp:41300 mC
I/ThermalEngine( 1045): Sensor:tsens_tz_sensor2:90000 mC
I/ThermalEngine( 1045): ACTION: CPU - Setting CPU[0] to 1497600
I/ThermalEngine( 1045): ACTION: CPU - Setting CPU[1] to 1497600
I/ThermalEngine( 1045): ACTION: CPU - Setting CPU[2] to 1497600
I/ThermalEngine( 1045): ACTION: CPU - Setting CPU[3] to 1497600
I/ThermalEngine( 1045): Sensor:tsens_tz_sensor5:87000 mC
I/ThermalEngine( 1045): Sensor:tsens_tz_sensor2:94000 mC
I/ThermalEngine( 1045): ACTION: CPU - Setting CPU[0] to 1401600
I/ThermalEngine( 1045): ACTION: CPU - Setting CPU[1] to 1401600
I/ThermalEngine( 1045): ACTION: CPU - Setting CPU[2] to 1401600
I/ThermalEngine( 1045): ACTION: CPU - Setting CPU[3] to 1401600
I/ThermalEngine( 1045): Sensor:tsens_tz_sensor5:90000 mC
I/ThermalEngine( 1045): Sensor:tsens_tz_sensor2:92000 mC
I/ThermalEngine( 1045): ACTION: CPU - Setting CPU[0] to 1344000
I/ThermalEngine( 1045): ACTION: CPU - Setting CPU[1] to 1344000
I/ThermalEngine( 1045): ACTION: CPU - Setting CPU[2] to 1344000
I/ThermalEngine( 1045): ACTION: CPU - Setting CPU[3] to 1344000
I/ThermalEngine( 1045): Sensor:tsens_tz_sensor5:88000 mC
I/ThermalEngine( 1045): Sensor:tsens_tz_sensor2:92000 mC
I/ThermalEngine( 1045): ACTION: CPU - Setting CPU[0] to 1305600
I/ThermalEngine( 1045): ACTION: CPU - Setting CPU[1] to 1305600
I/ThermalEngine( 1045): ACTION: CPU - Setting CPU[2] to 1305600
I/ThermalEngine( 1045): ACTION: CPU - Setting CPU[3] to 1305600
I/ThermalEngine( 1045): Sensor:tsens_tz_sensor5:88000 mC
I/ThermalEngine( 1045): Sensor:batt_temp:41300 mC
I/ThermalEngine( 1045): Sensor:tsens_tz_sensor2:90000 mC
I/ThermalEngine( 1045): ACTION: CPU - Setting CPU[0] to 1344000
I/ThermalEngine( 1045): ACTION: CPU - Setting CPU[1] to 1344000
I/ThermalEngine( 1045): ACTION: CPU - Setting CPU[2] to 1344000
I/ThermalEngine( 1045): ACTION: CPU - Setting CPU[3] to 1344000
I/ThermalEngine( 1045): Sensor:tsens_tz_sensor5:86000 mC
I/ThermalEngine( 1045): Sensor:tsens_tz_sensor2:88000 mC
I/ThermalEngine( 1045): ACTION: CPU - Setting CPU[0] to 1401600
I/ThermalEngine( 1045): ACTION: CPU - Setting CPU[1] to 1401600
I/ThermalEngine( 1045): ACTION: CPU - Setting CPU[2] to 1401600
I/ThermalEngine( 1045): ACTION: CPU - Setting CPU[3] to 1401600
I/ThermalEngine( 1045): Sensor:tsens_tz_sensor5:85000 mC
I/ThermalEngine( 1045): Sensor:tsens_tz_sensor2:88000 mC
I/ThermalEngine( 1045): ACTION: CPU - Setting CPU[0] to 1497600
I/ThermalEngine( 1045): ACTION: CPU - Setting CPU[1] to 1497600
