I/ThermalEngine( 1045): ACTION: CPU - Setting CPU[0] to 1497600
I/ThermalEngine( 1045): ACTION: CPU - Setting CPU[1] to 1497600
I/ThermalEngine( 1045): ACTION: CPU - Setting CPU[2] to 1497600
I/ThermalEngine( 1045): ACTION: CPU - Setting CPU[3] to 1497600
I/ThermalEngine( 1045): Sensor:batt_temp:39200 mC
I/ThermalEngine( 1045): Sensor:tsens_tz_sensor2:92000 mC
I/ThermalEngine( 1045): ACTION: CPU - Setting CPU[0] to 1401600
I/ThermalEngine( 1045): ACTION: CPU - Setting CPU[1] to 1401600
I/ThermalEngine( 1045): ACTION: CPU - Setting CPU[2] to 1401600
I/ThermalEngine( 1045): ACTION: CPU - Setting CPU[3] to 1401600
I/ThermalEngine( 1045): Sensor:tsens_tz_sensor2:91000 mC
I/ThermalEngine( 1045): ACTION: CPU - Setting CPU[0] to 1344000
I/ThermalEngine( 1045): ACTION: CPU - Setting CPU[1] to 1344000
I/ThermalEngine( 1045): ACTION: CPU - Setting CPU[2] to 1344000
I/ThermalEngine( 1045): ACTION: CPU - Setting CPU[3] to 1344000
I/ThermalEngine( 1045): Sensor:tsens_tz_sensor2:87000 mC
I/ThermalEngine( 1045): ACTION: CPU - Setting CPU[0] to 1401600
I/ThermalEngine( 1045): ACTION: CPU - Setting CPU[1] to 1401600
I/ThermalEngine( 1045): ACTION: CPU - Setting CPU[2] to 1401600
I/ThermalEngine( 1045): ACTION: CPU - Setting CPU[3] to 1401600
I/ThermalEngine( 1045): Sensor:tsens_tz_sensor2:87000 mC
I/ThermalEngine( 1045): ACTION: CPU - Setting CPU[0] to 1497600
I/ThermalEngine( 1045): ACTION: CPU - Setting CPU[1] to 1497600
I/ThermalEngine( 1045): ACTION: CPU - Setting CPU[2] to 1497600
I/ThermalEngine( 1045): ACTION: CPU - Setting CPU[3] to 1497600
I/ThermalEngine( 1045): Sensor:batt_temp:39200 mC
I/ThermalEngine( 1045): Sensor:tsens_tz_sensor2:90000 mC
I/ThermalEngine( 1045): ACTION: CPU - Setting CPU[0] to 1593600
I/ThermalEngine( 1045): ACTION: CPU - Setting CPU[1] to 1593600
I/ThermalEngine( 1045): ACTION: CPU - Setting CPU[2] to 1593600
I/ThermalEngine( 1045): ACTION: CPU - Setting CPU[3] to 1593600
I/ThermalEngine( 1045): Sensor:tsens_tz_sensor2:92000 mC
I/ThermalEngine( 1045): ACTION: CPU - Setting CPU[0] to 1497600
I/ThermalEngine( 1045): ACTION: CPU - Setting CPU[1] to 1497600
I/ThermalEngine( 1045): ACTION: CPU - Setting CPU[2] to 1497600
I/ThermalEngine( 1045): ACTION: CPU - Setting CPU[3] to 1497600
I/ThermalEngine( 1045): Sensor:tsens_tz_sensor2:92000 mC
I/ThermalEngine( 1045): ACTION: CPU - Setting CPU[0] to 1401600
I/ThermalEngine( 1045): ACTION: CPU - Setting CPU[1] to 1401600
I/ThermalEngine( 1045): ACTION: CPU - Setting CPU[2] to 1401600
I/ThermalEngine( 1045): ACTION: CPU - Setting CPU[3] to 1401600
I/ThermalEngine( 1045): Sensor:tsens_tz_sensor2:92000 mC
I/ThermalEngine( 1045): ACTION: CPU - Setting CPU[0] to 1344000
I/ThermalEngine( 1045): ACTION: CPU - Setting CPU[1] to 1344000
I/ThermalEngine( 1045): ACTION: CPU - Setting CPU[2] to 1344000
I/ThermalEngine( 1045): ACTION: CPU - Setting CPU[3] to 1344000
I/ThermalEngine( 1045): Sensor:batt_temp:39100 mC
I/ThermalEngine( 1045): Sensor:tsens_tz_sensor2:92000 mC
I/ThermalEngine( 1045): ACTION: CPU - Setting CPU[0] to 1305600
I/ThermalEngine( 1045): ACTION: CPU - Setting CPU[1] to 1305600
I/ThermalEngine( 1045): ACTION: CPU - Setting CPU[2] to 1305600
I/ThermalEngine( 1045): ACTION: CPU - Setting CPU[3] to 1305600
I/ThermalEngine( 1045): Sensor:tsens_tz_sensor2:86000 mC
I/ThermalEngine( 1045): ACTION: CPU - Setting CPU[0] to 1344000
I/ThermalEngine( 1045): ACTION: CPU - Setting CPU[1] to 1344000
I/ThermalEngine( 1045): ACTION: CPU - Setting CPU[2] to 1344000
I/ThermalEngine( 1045): ACTION: CPU - Setting CPU[3] to 1344000
I/UpstartPropertyWatcher(  995): Property changed: init.svc.ppd=running
I/UpstartPropertyWatcher(  995): Property changed: init.svc.quipc_igsn=running
I/UpstartPropertyWatcher(  995): Property changed: init.svc.quipc_main=running
I/UpstartPropertyWatcher(  995): Property changed: init.svc.xtwifi_inet=running
I/UpstartPropertyWatcher(  995): Property changed: init.svc.gsiff_daemon=running
I/UpstartPropertyWatcher(  995): Property changed: init.svc.xtwifi_inet=restarting
I/UpstartPropertyWatcher(  995): Property changed: init.svc.quipc_igsn=restarting
I/UpstartPropertyWatcher(  995): Property changed: init.svc.quipc_main=restarting
I/UpstartPropertyWatcher(  995): Property changed: init.svc.ppd=restarting
I/ThermalEngine( 1045): Sensor:tsens_tz_sensor2:83000 mC
I/ThermalEngine( 1045): ACTION: CPU - Setting CPU[0] to 1401600
I/ThermalEngine( 1045): ACTION: CPU - Setting CPU[1] to 1401600
I/ThermalEngine( 1045): ACTION: CPU - Setting CPU[2] to 1401600
I/ThermalEngine( 1045): ACTION: CPU - Setting CPU[3] to 1401600
I/UpstartPropertyWatcher(  995): Property changed: init.svc.gsiff_daemon=restarting
I/ThermalEngine( 1045): Sensor:tsens_tz_sensor2:81000 mC
I/ThermalEngine( 1045): ACTION: CPU - Setting CPU[0] to 1497600
I/ThermalEngine( 1045): ACTION: CPU - Setting CPU[1] to 1497600
I/ThermalEngine( 1045): ACTION: CPU - Setting CPU[2] to 1497600
I/ThermalEngine( 1045): ACTION: CPU - Setting CPU[3] to 1497600
I/ThermalEngine( 1045): Sensor:batt_temp:39100 mC
I/ThermalEngine( 1045): Sensor:tsens_tz_sensor2:83000 mC
I/ThermalEngine( 1045): ACTION: CPU - Setting CPU[0] to 1593600
I/ThermalEngine( 1045): ACTION: CPU - Setting CPU[1] to 1593600
I/ThermalEngine( 1045): ACTION: CPU - Setting CPU[2] to 1593600
I/ThermalEngine( 1045): ACTION: CPU - Setting CPU[3] to 1593600
E/QCALOG  ( 1085): [MessageQ] ProcessNewMessage: [XTWiFi-PE] unknown deliver target [OS-Agent]
E/QCALOG  ( 1085): [MessageQ] ProcessNewMessage: [XT-CS] unknown deliver target [OS-Agent]
E/QCALOG  ( 1085): [MessageQ] ProcessNewMessage: [XTWWAN-PE] unknown deliver target [OS-Agent]
I/ThermalEngine( 1045): Sensor:tsens_tz_sensor2:83000 mC
I/ThermalEngine( 1045): Sensor:tsens_tz_sensor2:86000 mC
I/ThermalEngine( 1045): Sensor:tsens_tz_sensor2:88000 mC
I/ThermalEngine( 1045): Sensor:batt_temp:39200 mC
I/ThermalEngine( 1045): Sensor:tsens_tz_sensor2:89000 mC
I/ThermalEngine( 1045): Sensor:tsens_tz_sensor2:90000 mC
I/ThermalEngine( 1045): Sensor:tsens_tz_sensor2:90000 mC
I/ThermalEngine( 1045): Sensor:tsens_tz_sensor2:91000 mC
I/ThermalEngine( 1045): ACTION: CPU - Setting CPU[0] to 1497600
I/ThermalEngine( 1045): ACTION: CPU - Setting CPU[1] to 1497600
I/ThermalEngine( 1045): ACTION: CPU - Setting CPU[2] to 1497600
I/ThermalEngine( 1045): ACTION: CPU - Setting CPU[3] to 1497600
I/ThermalEngine( 1045): Sensor:batt_temp:39200 mC
I/ThermalEngine( 1045): Sensor:tsens_tz_sensor2:90000 mC
I/ThermalEngine( 1045): ACTION: CPU - Setting CPU[0] to 1593600
I/ThermalEngine( 1045): ACTION: CPU - Setting CPU[1] to 1593600
I/ThermalEngine( 1045): ACTION: CPU - Setting CPU[2] to 1593600
I/ThermalEngine( 1045): ACTION: CPU - Setting CPU[3] to 1593600
I/ThermalEngine( 1045): Sensor:tsens_tz_sensor2:89000 mC
I/ThermalEngine( 1045): Sensor:tsens_tz_sensor2:89000 mC
I/ThermalEngine( 1045): Sensor:tsens_tz_sensor2:89000 mC
I/ThermalEngine( 1045): Sensor:batt_temp:39200 mC
I/ThermalEngine( 1045): Sensor:tsens_tz_sensor2:88000 mC
I/ThermalEngine( 1045): Sensor:tsens_tz_sensor2:88000 mC
I/ThermalEngine( 1045): Sensor:tsens_tz_sensor2:85000 mC
I/ThermalEngine( 1045): Sensor:tsens_tz_sensor2:87000 mC
I/ThermalEngine( 1045): Sensor:batt_temp:39200 mC
I/ThermalEngine( 1045): Sensor:tsens_tz_sensor2:87000 mC
I/ThermalEngine( 1045): Sensor:tsens_tz_sensor2:87000 mC
I/ThermalEngine( 1045): Sensor:tsens_tz_sensor2:86000 mC
I/UpstartPropertyWatcher(  995): Property changed: init.svc.ppd=running
I/UpstartPropertyWatcher(  995): Property changed: init.svc.quipc_igsn=running
I/UpstartPropertyWatcher(  995): Property changed: init.svc.gsiff_daemon=running
I/UpstartPropertyWatcher(  995): Property changed: init.svc.quipc_main=running
I/UpstartPropertyWatcher(  995): Property changed: init.svc.xtwifi_inet=running
I/UpstartPropertyWatcher(  995): Property changed: init.svc.gsiff_daemon=restarting
I/UpstartPropertyWatcher(  995): Property changed: init.svc.ppd=restarting
I/UpstartPropertyWatcher(  995): Property changed: init.svc.quipc_igsn=restarting
I/UpstartPropertyWatcher(  995): Property changed: init.svc.xtwifi_inet=restarting
I/UpstartPropertyWatcher(  995): Property changed: init.svc.quipc_main=restarting
I/ThermalEngine( 1045): Sensor:tsens_tz_sensor2:87000 mC
I/ThermalEngine( 1045): Sensor:batt_temp:39200 mC
I/ThermalEngine( 1045): Sensor:tsens_tz_sensor2:86000 mC
E/QCALOG  ( 1085): [MessageQ] ProcessNewMessage: [XTWiFi-PE] unknown deliver target [OS-Agent]
E/QCALOG  ( 1085): [MessageQ] ProcessNewMessage: [XT-CS] unknown deliver target [OS-Agent]
E/QCALOG  ( 1085): [MessageQ] ProcessNewMessage: [XTWWAN-PE] unknown deliver target [OS-Agent]
I/ThermalEngine( 1045): Sensor:tsens_tz_sensor2:86000 mC
I/ThermalEngine( 1045): Sensor:tsens_tz_sensor2:86000 mC
I/ThermalEngine( 1045): Sensor:tsens_tz_sensor2:86000 mC
I/ThermalEngine( 1045): Sensor:batt_temp:39200 mC
I/ThermalEngine( 1045): Sensor:tsens_tz_sensor2:82000 mC
I/ThermalEngine( 1045): Sensor:tsens_tz_sensor2:85000 mC
I/ThermalEngine( 1045): Sensor:tsens_tz_sensor2:85000 mC
I/ThermalEngine( 1045): Sensor:tsens_tz_sensor2:90000 mC
I/ThermalEngine( 1045): Sensor:batt_temp:39400 mC
I/ThermalEngine( 1045): Sensor:tsens_tz_sensor2:91000 mC
I/ThermalEngine( 1045): ACTION: CPU - Setting CPU[0] to 1497600
I/ThermalEngine( 1045): ACTION: CPU - Setting CPU[1] to 1497600
I/ThermalEngine( 1045): ACTION: CPU - Setting CPU[2] to 1497600
I/ThermalEngine( 1045): ACTION: CPU - Setting CPU[3] to 1497600
I/ThermalEngine( 1045): Sensor:tsens_tz_sensor2:91000 mC
I/ThermalEngine( 1045): ACTION: CPU - Setting CPU[0] to 1401600
I/ThermalEngine( 1045): ACTION: CPU - Setting CPU[1] to 1401600
I/ThermalEngine( 1045): ACTION: CPU - Setting CPU[2] to 1401600
I/ThermalEngine( 1045): ACTION: CPU - Setting CPU[3] to 1401600
I/ThermalEngine( 1045): Sensor:tsens_tz_sensor2:88000 mC
I/ThermalEngine( 1045): ACTION: CPU - Setting CPU[0] to 1497600
I/ThermalEngine( 1045): ACTION: CPU - Setting CPU[1] to 1497600
I/ThermalEngine( 1045): ACTION: CPU - Setting CPU[2] to 1497600
I/ThermalEngine( 1045): ACTION: CPU - Setting CPU[3] to 1497600
I/ThermalEngine( 1045): Sensor:tsens_tz_sensor2:88000 mC
I/ThermalEngine( 1045): ACTION: CPU - Setting CPU[0] to 1593600
I/ThermalEngine( 1045): ACTION: CPU - Setting CPU[1] to 1593600
I/ThermalEngine( 1045): ACTION: CPU - Setting CPU[2] to 1593600
I/ThermalEngine( 1045): ACTION: CPU - Setting CPU[3] to 1593600
I/ThermalEngine( 1045): Sensor:batt_temp:39500 mC
I/ThermalEngine( 1045): Sensor:tsens_tz_sensor2:92000 mC
I/ThermalEngine( 1045): ACTION: CPU - Setting CPU[0] to 1497600
I/ThermalEngine( 1045): ACTION: CPU - Setting CPU[1] to 1497600
I/ThermalEngine( 1045): ACTION: CPU - Setting CPU[2] to 1497600
I/ThermalEngine( 1045): ACTION: CPU - Setting CPU[3] to 1497600
I/ThermalEngine( 1045): Sensor:tsens_tz_sensor2:93000 mC
I/ThermalEngine( 1045): ACTION: CPU - Setting CPU[0] to 1401600
I/ThermalEngine( 1045): ACTION: CPU - Setting CPU[1] to 1401600
I/ThermalEngine( 1045): ACTION: CPU - Setting CPU[2] to 1401600
I/ThermalEngine( 1045): ACTION: CPU - Setting CPU[3] to 1401600
I/ThermalEngine( 1045): Sensor:tsens_tz_sensor2:90000 mC
I/ThermalEngine( 1045): ACTION: CPU - Setting CPU[0] to 1497600
I/ThermalEngine( 1045): ACTION: CPU - Setting CPU[1] to 1497600
I/ThermalEngine( 1045): ACTION: CPU - Setting CPU[2] to 1497600
I/ThermalEngine( 1045): ACTION: CPU - Setting CPU[3] to 1497600
I/ThermalEngine( 1045): Sensor:tsens_tz_sensor2:92000 mC
I/ThermalEngine( 1045): ACTION: CPU - Setting CPU[0] to 1401600
I/ThermalEngine( 1045): ACTION: CPU - Setting CPU[1] to 1401600
I/ThermalEngine( 1045): ACTION: CPU - Setting CPU[2] to 1401600
I/ThermalEngine( 1045): ACTION: CPU - Setting CPU[3] to 1401600
I/ThermalEngine( 1045): Sensor:batt_temp:39400 mC
I/ThermalEngine( 1045): Sensor:tsens_tz_sensor2:92000 mC
I/ThermalEngine( 1045): ACTION: CPU - Setting CPU[0] to 1344000
I/ThermalEngine( 1045): ACTION: CPU - Setting CPU[1] to 1344000
I/ThermalEngine( 1045): ACTION: CPU - Setting CPU[2] to 1344000
I/ThermalEngine( 1045): ACTION: CPU - Setting CPU[3] to 1344000
I/ThermalEngine( 1045): Sensor:tsens_tz_sensor2:88000 mC
I/ThermalEngine( 1045): ACTION: CPU - Setting CPU[0] to 1401600
I/ThermalEngine( 1045): ACTION: CPU - Setting CPU[1] to 1401600
I/ThermalEngine( 1045): ACTION: CPU - Setting CPU[2] to 1401600
I/ThermalEngine( 1045): ACTION: CPU - Setting CPU[3] to 1401600
I/ThermalEngine( 1045): Sensor:tsens_tz_sensor2:87000 mC
I/ThermalEngine( 1045): ACTION: CPU - Setting CPU[0] to 1497600
I/ThermalEngine( 1045): ACTION: CPU - Setting CPU[1] to 1497600
I/ThermalEngine( 1045): ACTION: CPU - Setting CPU[2] to 1497600
I/ThermalEngine( 1045): ACTION: CPU - Setting CPU[3] to 1497600
I/UpstartPropertyWatcher(  995): Property changed: init.svc.ppd=running
I/UpstartPropertyWatcher(  995): Property changed: init.svc.quipc_igsn=running
I/UpstartPropertyWatcher(  995): Property changed: init.svc.quipc_main=running
I/UpstartPropertyWatcher(  995): Property changed: init.svc.xtwifi_inet=running
I/UpstartPropertyWatcher(  995): Property changed: init.svc.gsiff_daemon=running
I/UpstartPropertyWatcher(  995): Property changed: init.svc.xtwifi_inet=restarting
I/UpstartPropertyWatcher(  995): Property changed: init.svc.quipc_main=restarting
I/UpstartPropertyWatcher(  995): Property changed: init.svc.ppd=restarting
I/UpstartPropertyWatcher(  995): Property changed: init.svc.quipc_igsn=restarting
I/UpstartPropertyWatcher(  995): Property changed: init.svc.gsiff_daemon=restarting
I/ThermalEngine( 1045): Sensor:tsens_tz_sensor2:91000 mC
I/ThermalEngine( 1045): ACTION: CPU - Setting CPU[0] to 1401600
I/ThermalEngine( 1045): ACTION: CPU - Setting CPU[1] to 1401600
I/ThermalEngine( 1045): ACTION: CPU - Setting CPU[2] to 1401600
I/ThermalEngine( 1045): ACTION: CPU - Setting CPU[3] to 1401600
I/ThermalEngine( 1045): Sensor:batt_temp:39400 mC
I/ThermalEngine( 1045): Sensor:tsens_tz_sensor2:89000 mC
I/ThermalEngine( 1045): ACTION: CPU - Setting CPU[0] to 1497600
I/ThermalEngine( 1045): ACTION: CPU - Setting CPU[1] to 1497600
I/ThermalEngine( 1045): ACTION: CPU - Setting CPU[2] to 1497600
I/ThermalEngine( 1045): ACTION: CPU - Setting CPU[3] to 1497600
E/QCALOG  ( 1085): [MessageQ] ProcessNewMessage: [XTWiFi-PE] unknown deliver target [OS-Agent]
E/QCALOG  ( 1085): [MessageQ] ProcessNewMessage: [XTWWAN-PE] unknown deliver target [OS-Agent]
E/QCALOG  ( 1085): [MessageQ] ProcessNewMessage: [XT-CS] unknown deliver target [OS-Agent]
I/ThermalEngine( 1045): Sensor:tsens_tz_sensor2:89000 mC
I/ThermalEngine( 1045): ACTION: CPU - Setting CPU[0] to 1593600
I/ThermalEngine( 1045): ACTION: CPU - Setting CPU[1] to 1593600
I/ThermalEngine( 1045): ACTION: CPU - Setting CPU[2] to 1593600
I/ThermalEngine( 1045): ACTION: CPU - Setting CPU[3] to 1593600
I/ThermalEngine( 1045): Sensor:tsens_tz_sensor2:92000 mC
I/ThermalEngine( 1045): ACTION: CPU - Setting CPU[0] to 1497600
I/ThermalEngine( 1045): ACTION: CPU - Setting CPU[1] to 1497600
I/ThermalEngine( 1045): ACTION: CPU - Setting CPU[2] to 1497600
I/ThermalEngine( 1045): ACTION: CPU - Setting CPU[3] to 1497600
I/ThermalEngine( 1045): Sensor:tsens_tz_sensor2:93000 mC
I/ThermalEngine( 1045): ACTION: CPU - Setting CPU[0] to 1401600
I/ThermalEngine( 1045): ACTION: CPU - Setting CPU[1] to 1401600
I/ThermalEngine( 1045): ACTION: CPU - Setting CPU[2] to 1401600
I/ThermalEngine( 1045): ACTION: CPU - Setting CPU[3] to 1401600
I/ThermalEngine( 1045): Sensor:batt_temp:39500 mC
I/ThermalEngine( 1045): Sensor:tsens_tz_sensor2:90000 mC
I/ThermalEngine( 1045): ACTION: CPU - Setting CPU[0] to 1497600
I/ThermalEngine( 1045): ACTION: CPU - Setting CPU[1] to 1497600
I/ThermalEngine( 1045): ACTION: CPU - Setting CPU[2] to 1497600
I/ThermalEngine( 1045): ACTION: CPU - Setting CPU[3] to 1497600
I/ThermalEngine( 1045): Sensor:tsens_tz_sensor2:93000 mC
I/ThermalEngine( 1045): ACTION: CPU - Setting CPU[0] to 1401600
I/ThermalEngine( 1045): ACTION: CPU - Setting CPU[1] to 1401600
I/ThermalEngine( 1045): ACTION: CPU - Setting CPU[2] to 1401600
I/ThermalEngine( 1045): ACTION: CPU - Setting CPU[3] to 1401600
I/ThermalEngine( 1045): Sensor:tsens_tz_sensor2:93000 mC
I/ThermalEngine( 1045): ACTION: CPU - Setting CPU[0] to 1344000
I/ThermalEngine( 1045): ACTION: CPU - Setting CPU[1] to 1344000
I/ThermalEngine( 1045): ACTION: CPU - Setting CPU[2] to 1344000
I/ThermalEngine( 1045): ACTION: CPU - Setting CPU[3] to 1344000
I/ThermalEngine( 1045): Sensor:tsens_tz_sensor2:89000 mC
I/ThermalEngine( 1045): ACTION: CPU - Setting CPU[0] to 1401600
I/ThermalEngine( 1045): ACTION: CPU - Setting CPU[1] to 1401600
I/ThermalEngine( 1045): ACTION: CPU - Setting CPU[2] to 1401600
I/ThermalEngine( 1045): ACTION: CPU - Setting CPU[3] to 1401600
I/ThermalEngine( 1045): Sensor:batt_temp:39500 mC
I/ThermalEngine( 1045): Sensor:tsens_tz_sensor2:87000 mC
I/ThermalEngine( 1045): ACTION: CPU - Setting CPU[0] to 1497600
I/ThermalEngine( 1045): ACTION: CPU - Setting CPU[1] to 1497600
I/ThermalEngine( 1045): ACTION: CPU - Setting CPU[2] to 1497600
I/ThermalEngine( 1045): ACTION: CPU - Setting CPU[3] to 1497600
I/ThermalEngine( 1045): Sensor:tsens_tz_sensor2:92000 mC
I/ThermalEngine( 1045): ACTION: CPU - Setting CPU[0] to 1401600
I/ThermalEngine( 1045): ACTION: CPU - Setting CPU[1] to 1401600
I/ThermalEngine( 1045): ACTION: CPU - Setting CPU[2] to 1401600
I/ThermalEngine( 1045): ACTION: CPU - Setting CPU[3] to 1401600
I/ThermalEngine( 1045): Sensor:tsens_tz_sensor2:89000 mC
I/ThermalEngine( 1045): ACTION: CPU - Setting CPU[0] to 1497600
I/ThermalEngine( 1045): ACTION: CPU - Setting CPU[1] to 1497600
I/ThermalEngine( 1045): ACTION: CPU - Setting CPU[2] to 1497600
I/ThermalEngine( 1045): ACTION: CPU - Setting CPU[3] to 1497600
I/ThermalEngine( 1045): Sensor:tsens_tz_sensor2:89000 mC
I/ThermalEngine( 1045): ACTION: CPU - Setting CPU[0] to 1593600
I/ThermalEngine( 1045): ACTION: CPU - Setting CPU[1] to 1593600
I/ThermalEngine( 1045): ACTION: CPU - Setting CPU[2] to 1593600
I/ThermalEngine( 1045): ACTION: CPU - Setting CPU[3] to 1593600
I/ThermalEngine( 1045): Sensor:batt_temp:39700 mC
I/ThermalEngine( 1045): Sensor:tsens_tz_sensor2:93000 mC
I/ThermalEngine( 1045): ACTION: CPU - Setting CPU[0] to 1497600
I/ThermalEngine( 1045): ACTION: CPU - Setting CPU[1] to 1497600
I/ThermalEngine( 1045): ACTION: CPU - Setting CPU[2] to 1497600
I/ThermalEngine( 1045): ACTION: CPU - Setting CPU[3] to 1497600
I/ThermalEngine( 1045): Sensor:tsens_tz_sensor2:94000 mC
I/ThermalEngine( 1045): ACTION: CPU - Setting CPU[0] to 1401600
I/ThermalEngine( 1045): ACTION: CPU - Setting CPU[1] to 1401600
I/ThermalEngine( 1045): ACTION: CPU - Setting CPU[2] to 1401600
I/ThermalEngine( 1045): ACTION: CPU - Setting CPU[3] to 1401600
I/ThermalEngine( 1045): Sensor:tsens_tz_sensor2:91000 mC
I/ThermalEngine( 1045): ACTION: CPU - Setting CPU[0] to 1344000
I/ThermalEngine( 1045): ACTION: CPU - Setting CPU[1] to 1344000
I/ThermalEngine( 1045): ACTION: CPU - Setting CPU[2] to 1344000
I/ThermalEngine( 1045): ACTION: CPU - Setting CPU[3] to 1344000
I/ThermalEngine( 1045): Sensor:tsens_tz_sensor2:89000 mC
I/ThermalEngine( 1045): ACTION: CPU - Setting CPU[0] to 1401600
I/ThermalEngine( 1045): ACTION: CPU - Setting CPU[1] to 1401600
I/ThermalEngine( 1045): ACTION: CPU - Setting CPU[2] to 1401600
I/ThermalEngine( 1045): ACTION: CPU - Setting CPU[3] to 1401600
I/ThermalEngine( 1045): Sensor:batt_temp:39600 mC
I/ThermalEngine( 1045): Sensor:tsens_tz_sensor2:89000 mC
I/ThermalEngine( 1045): ACTION: CPU - Setting CPU[0] to 1497600
I/ThermalEngine( 1045): ACTION: CPU - Setting CPU[1] to 1497600
I/ThermalEngine( 1045): ACTION: CPU - Setting CPU[2] to 1497600
I/ThermalEngine( 1045): ACTION: CPU - Setting CPU[3] to 1497600
I/ThermalEngine( 1045): Sensor:tsens_tz_sensor2:91000 mC
I/ThermalEngine( 1045): ACTION: CPU - Setting CPU[0] to 1401600
I/ThermalEngine( 1045): ACTION: CPU - Setting CPU[1] to 1401600
I/ThermalEngine( 1045): ACTION: CPU - Setting CPU[2] to 1401600
I/ThermalEngine( 1045): ACTION: CPU - Setting CPU[3] to 1401600
I/ThermalEngine( 1045): Sensor:tsens_tz_sensor2:91000 mC
I/ThermalEngine( 1045): ACTION: CPU - Setting CPU[0] to 1344000
I/ThermalEngine( 1045): ACTION: CPU - Setting CPU[1] to 1344000
I/ThermalEngine( 1045): ACTION: CPU - Setting CPU[2] to 1344000
I/ThermalEngine( 1045): ACTION: CPU - Setting CPU[3] to 1344000
I/UpstartPropertyWatcher(  995): Property changed: init.svc.ppd=running
I/UpstartPropertyWatcher(  995): Property changed: init.svc.quipc_igsn=running
I/UpstartPropertyWatcher(  995): Property changed: init.svc.gsiff_daemon=running
I/UpstartPropertyWatcher(  995): Property changed: init.svc.quipc_main=running
I/UpstartPropertyWatcher(  995): Property changed: init.svc.xtwifi_inet=running
I/UpstartPropertyWatcher(  995): Property changed: init.svc.xtwifi_inet=restarting
I/UpstartPropertyWatcher(  995): Property changed: init.svc.quipc_igsn=restarting
I/UpstartPropertyWatcher(  995): Property changed: init.svc.ppd=restarting
I/UpstartPropertyWatcher(  995): Property changed: init.svc.quipc_main=restarting
I/ThermalEngine( 1045): Sensor:tsens_tz_sensor2:88000 mC
I/ThermalEngine( 1045): ACTION: CPU - Setting CPU[0] to 1401600
I/ThermalEngine( 1045): ACTION: CPU - Setting CPU[1] to 1401600
I/ThermalEngine( 1045): ACTION: CPU - Setting CPU[2] to 1401600
I/ThermalEngine( 1045): ACTION: CPU - Setting CPU[3] to 1401600
I/UpstartPropertyWatcher(  995): Property changed: init.svc.gsiff_daemon=restarting
I/ThermalEngine( 1045): Sensor:batt_temp:39600 mC
I/ThermalEngine( 1045): Sensor:tsens_tz_sensor2:87000 mC
I/ThermalEngine( 1045): ACTION: CPU - Setting CPU[0] to 1497600
I/ThermalEngine( 1045): ACTION: CPU - Setting CPU[1] to 1497600
I/ThermalEngine( 1045): ACTION: CPU - Setting CPU[2] to 1497600
I/ThermalEngine( 1045): ACTION: CPU - Setting CPU[3] to 1497600
E/QCALOG  ( 1085): [MessageQ] ProcessNewMessage: [XTWWAN-PE] unknown deliver target [OS-Agent]
E/QCALOG  ( 1085): [MessageQ] ProcessNewMessage: [XTWiFi-PE] unknown deliver target [OS-Agent]
E/QCALOG  ( 1085): [MessageQ] ProcessNewMessage: [XT-CS] unknown deliver target [OS-Agent]
I/ThermalEngine( 1045): Sensor:tsens_tz_sensor2:87000 mC
I/ThermalEngine( 1045): ACTION: CPU - Setting CPU[0] to 1593600
I/ThermalEngine( 1045): ACTION: CPU - Setting CPU[1] to 1593600
I/ThermalEngine( 1045): ACTION: CPU - Setting CPU[2] to 1593600
I/ThermalEngine( 1045): ACTION: CPU - Setting CPU[3] to 1593600
I/ThermalEngine( 1045): Sensor:tsens_tz_sensor2:93000 mC
I/ThermalEngine( 1045): ACTION: CPU - Setting CPU[0] to 1497600
I/ThermalEngine( 1045): ACTION: CPU - Setting CPU[1] to 1497600
I/ThermalEngine( 1045): ACTION: CPU - Setting CPU[2] to 1497600
I/ThermalEngine( 1045): ACTION: CPU - Setting CPU[3] to 1497600
I/ThermalEngine( 1045): Sensor:tsens_tz_sensor2:92000 mC
I/ThermalEngine( 1045): ACTION: CPU - Setting CPU[0] to 1401600
I/ThermalEngine( 1045): ACTION: CPU - Setting CPU[1] to 1401600
I/ThermalEngine( 1045): ACTION: CPU - Setting CPU[2] to 1401600
I/ThermalEngine( 1045): ACTION: CPU - Setting CPU[3] to 1401600
I/ThermalEngine( 1045): Sensor:batt_temp:39700 mC
I/ThermalEngine( 1045): Sensor:tsens_tz_sensor2:91000 mC
I/ThermalEngine( 1045): ACTION: CPU - Setting CPU[0] to 1344000
I/ThermalEngine( 1045): ACTION: CPU - Setting CPU[1] to 1344000
I/ThermalEngine( 1045): ACTION: CPU - Setting CPU[2] to 1344000
I/ThermalEngine( 1045): ACTION: CPU - Setting CPU[3] to 1344000
I/ThermalEngine( 1045): Sensor:tsens_tz_sensor2:88000 mC
I/ThermalEngine( 1045): ACTION: CPU - Setting CPU[0] to 1401600
I/ThermalEngine( 1045): ACTION: CPU - Setting CPU[1] to 1401600
I/ThermalEngine( 1045): ACTION: CPU - Setting CPU[2] to 1401600
I/ThermalEngine( 1045): ACTION: CPU - Setting CPU[3] to 1401600
I/ThermalEngine( 1045): Sensor:tsens_tz_sensor2:88000 mC
I/ThermalEngine( 1045): ACTION: CPU - Setting CPU[0] to 1497600
I/ThermalEngine( 1045): ACTION: CPU - Setting CPU[1] to 1497600
I/ThermalEngine( 1045): ACTION: CPU - Setting CPU[2] to 1497600
I/ThermalEngine( 1045): ACTION: CPU - Setting CPU[3] to 1497600
I/ThermalEngine( 1045): Sensor:tsens_tz_sensor2:91000 mC
I/ThermalEngine( 1045): ACTION: CPU - Setting CPU[0] to 1401600
I/ThermalEngine( 1045): ACTION: CPU - Setting CPU[1] to 1401600
I/ThermalEngine( 1045): ACTION: CPU - Setting CPU[2] to 1401600
I/ThermalEngine( 1045): ACTION: CPU - Setting CPU[3] to 1401600
I/ThermalEngine( 1045): Sensor:batt_temp:39700 mC
I/ThermalEngine( 1045): Sensor:tsens_tz_sensor2:91000 mC
I/ThermalEngine( 1045): ACTION: CPU - Setting CPU[0] to 1344000
I/ThermalEngine( 1045): ACTION: CPU - Setting CPU[1] to 1344000
I/ThermalEngine( 1045): ACTION: CPU - Setting CPU[2] to 1344000
I/ThermalEngine( 1045): ACTION: CPU - Setting CPU[3] to 1344000
I/ThermalEngine( 1045): Sensor:tsens_tz_sensor2:89000 mC
I/ThermalEngine( 1045): ACTION: CPU - Setting CPU[0] to 1401600
I/ThermalEngine( 1045): ACTION: CPU - Setting CPU[1] to 1401600
I/ThermalEngine( 1045): ACTION: CPU - Setting CPU[2] to 1401600
I/ThermalEngine( 1045): ACTION: CPU - Setting CPU[3] to 1401600
I/ThermalEngine( 1045): Sensor:tsens_tz_sensor2:89000 mC
I/ThermalEngine( 1045): ACTION: CPU - Setting CPU[0] to 1497600
I/ThermalEngine( 1045): ACTION: CPU - Setting CPU[1] to 1497600
I/ThermalEngine( 1045): ACTION: CPU - Setting CPU[2] to 1497600
I/ThermalEngine( 1045): ACTION: CPU - Setting CPU[3] to 1497600
I/ThermalEngine( 1045): Sensor:tsens_tz_sensor2:89000 mC
I/ThermalEngine( 1045): ACTION: CPU - Setting CPU[0] to 1593600
I/ThermalEngine( 1045): ACTION: CPU - Setting CPU[1] to 1593600
I/ThermalEngine( 1045): ACTION: CPU - Setting CPU[2] to 1593600
I/ThermalEngine( 1045): ACTION: CPU - Setting CPU[3] to 1593600
I/ThermalEngine( 1045): Sensor:batt_temp:39800 mC
I/ThermalEngine( 1045): Sensor:tsens_tz_sensor2:93000 mC
I/ThermalEngine( 1045): ACTION: CPU - Setting CPU[0] to 1497600
I/ThermalEngine( 1045): ACTION: CPU - Setting CPU[1] to 1497600
I/ThermalEngine( 1045): ACTION: CPU - Setting CPU[2] to 1497600
I/ThermalEngine( 1045): ACTION: CPU - Setting CPU[3] to 1497600
I/ThermalEngine( 1045): Sensor:tsens_tz_sensor5:90000 mC
I/ThermalEngine( 1045): Sensor:tsens_tz_sensor5:90000 mC
I/ThermalEngine( 1045): Sensor:tsens_tz_sensor2:94000 mC
I/ThermalEngine( 1045): ACTION: CPU - Setting CPU[0] to 1401600
I/ThermalEngine( 1045): ACTION: CPU - Setting CPU[1] to 1401600
I/ThermalEngine( 1045): ACTION: CPU - Setting CPU[2] to 1401600
I/ThermalEngine( 1045): ACTION: CPU - Setting CPU[3] to 1401600
I/ThermalEngine( 1045): Sensor:tsens_tz_sensor5:90000 mC
I/ThermalEngine( 1045): Sensor:tsens_tz_sensor2:91000 mC
I/ThermalEngine( 1045): ACTION: CPU - Setting CPU[0] to 1344000
I/ThermalEngine( 1045): ACTION: CPU - Setting CPU[1] to 1344000
I/ThermalEngine( 1045): ACTION: CPU - Setting CPU[2] to 1344000
I/ThermalEngine( 1045): ACTION: CPU - Setting CPU[3] to 1344000
I/ThermalEngine( 1045): Sensor:tsens_tz_sensor5:87000 mC
I/ThermalEngine( 1045): Sensor:tsens_tz_sensor2:91000 mC
I/ThermalEngine( 1045): ACTION: CPU - Setting CPU[0] to 1305600
I/ThermalEngine( 1045): ACTION: CPU - Setting CPU[1] to 1305600
I/ThermalEngine( 1045): ACTION: CPU - Setting CPU[2] to 1305600
I/ThermalEngine( 1045): ACTION: CPU - Setting CPU[3] to 1305600
I/ThermalEngine( 1045): Sensor:tsens_tz_sensor5:87000 mC
I/ThermalEngine( 1045): Sensor:batt_temp:39600 mC
I/ThermalEngine( 1045): Sensor:tsens_tz_sensor2:87000 mC
I/ThermalEngine( 1045): ACTION: CPU - Setting CPU[0] to 1344000
I/ThermalEngine( 1045): ACTION: CPU - Setting CPU[1] to 1344000
I/ThermalEngine( 1045): ACTION: CPU - Setting CPU[2] to 1344000
I/ThermalEngine( 1045): ACTION: CPU - Setting CPU[3] to 1344000
I/ThermalEngine( 1045): Sensor:tsens_tz_sensor5:84000 mC
I/ThermalEngine( 1045): Sensor:tsens_tz_sensor2:82000 mC
I/ThermalEngine( 1045): ACTION: CPU - Setting CPU[0] to 1401600
I/ThermalEngine( 1045): ACTION: CPU - Setting CPU[1] to 1401600
I/ThermalEngine( 1045): ACTION: CPU - Setting CPU[2] to 1401600
I/ThermalEngine( 1045): ACTION: CPU - Setting CPU[3] to 1401600
I/ThermalEngine( 1045): Sensor:tsens_tz_sensor5:81000 mC
I/ThermalEngine( 1045): Sensor:tsens_tz_sensor2:80000 mC
I/ThermalEngine( 1045): ACTION: CPU - Setting CPU[0] to 1497600
I/ThermalEngine( 1045): ACTION: CPU - Setting CPU[1] to 1497600
I/ThermalEngine( 1045): ACTION: CPU - Setting CPU[2] to 1497600
I/ThermalEngine( 1045): ACTION: CPU - Setting CPU[3] to 1497600
I/ThermalEngine( 1045): Sensor:tsens_tz_sensor5:78000 mC
I/ThermalEngine( 1045): Sensor:tsens_tz_sensor2:81000 mC
I/ThermalEngine( 1045): ACTION: CPU - Setting CPU[0] to 1593600
I/ThermalEngine( 1045): ACTION: CPU - Setting CPU[1] to 1593600
I/ThermalEngine( 1045): ACTION: CPU - Setting CPU[2] to 1593600
I/ThermalEngine( 1045): ACTION: CPU - Setting CPU[3] to 1593600
I/ThermalEngine( 1045): Sensor:tsens_tz_sensor5:79000 mC
I/UpstartPropertyWatcher(  995): Property changed: init.svc.ppd=running
I/UpstartPropertyWatcher(  995): Property changed: init.svc.gsiff_daemon=running
I/UpstartPropertyWatcher(  995): Property changed: init.svc.quipc_igsn=running
I/UpstartPropertyWatcher(  995): Property changed: init.svc.quipc_main=running
I/UpstartPropertyWatcher(  995): Property changed: init.svc.xtwifi_inet=running
I/UpstartPropertyWatcher(  995): Property changed: init.svc.quipc_igsn=restarting
I/UpstartPropertyWatcher(  995): Property changed: init.svc.xtwifi_inet=restarting
I/UpstartPropertyWatcher(  995): Property changed: init.svc.ppd=restarting
I/UpstartPropertyWatcher(  995): Property changed: init.svc.quipc_main=restarting
I/UpstartPropertyWatcher(  995): Property changed: init.svc.gsiff_daemon=restarting
I/ThermalEngine( 1045): Sensor:batt_temp:39800 mC
I/ThermalEngine( 1045): Sensor:tsens_tz_sensor2:81000 mC
I/ThermalEngine( 1045): Sensor:tsens_tz_sensor5:79000 mC
E/QCALOG  ( 1085): [MessageQ] ProcessNewMessage: [XTWWAN-PE] unknown deliver target [OS-Agent]
E/QCALOG  ( 1085): [MessageQ] ProcessNewMessage: [XTWiFi-PE] unknown deliver target [OS-Agent]
E/QCALOG  ( 1085): [MessageQ] ProcessNewMessage: [XT-CS] unknown deliver target [OS-Agent]
I/ThermalEngine( 1045): Sensor:tsens_tz_sensor2:85000 mC
I/ThermalEngine( 1045): Sensor:tsens_tz_sensor5:82000 mC
I/ThermalEngine( 1045): Sensor:tsens_tz_sensor2:85000 mC
I/ThermalEngine( 1045): Sensor:tsens_tz_sensor5:83000 mC
I/ThermalEngine( 1045): Sensor:tsens_tz_sensor2:84000 mC
I/ThermalEngine( 1045): Sensor:tsens_tz_sensor5:82000 mC
I/ThermalEngine( 1045): Sensor:batt_temp:39700 mC
I/ThermalEngine( 1045): Sensor:tsens_tz_sensor2:83000 mC
I/ThermalEngine( 1045): Sensor:tsens_tz_sensor5:81000 mC
I/ThermalEngine( 1045): Sensor:tsens_tz_sensor2:83000 mC
I/ThermalEngine( 1045): Sensor:tsens_tz_sensor5:81000 mC
I/ThermalEngine( 1045): Sensor:tsens_tz_sensor2:77000 mC
I/ThermalEngine( 1045): Sensor:tsens_tz_sensor5:76000 mC
I/ThermalEngine( 1045): Sensor:tsens_tz_sensor2:86000 mC
I/ThermalEngine( 1045): Sensor:tsens_tz_sensor5:82000 mC
I/ThermalEngine( 1045): Sensor:batt_temp:39800 mC
I/ThermalEngine( 1045): Sensor:tsens_tz_sensor2:86000 mC
I/ThermalEngine( 1045): Sensor:tsens_tz_sensor5:83000 mC
I/ThermalEngine( 1045): Sensor:tsens_tz_sensor2:89000 mC
I/ThermalEngine( 1045): Sensor:tsens_tz_sensor5:85000 mC
I/ThermalEngine( 1045): Sensor:tsens_tz_sensor2:89000 mC
I/ThermalEngine( 1045): Sensor:tsens_tz_sensor5:85000 mC
V/MediaCodecList( 2189): size_t media_codec_list_count_codecs() 
I/ThermalEngine( 1045): Sensor:tsens_tz_sensor2:88000 mC
I/ThermalEngine( 1045): Sensor:tsens_tz_sensor5:84000 mC
V/MediaCodecList( 2189): void media_codec_list_get_codec_info_at_id(size_t) 
V/MediaCodecList( 2189): const char* media_codec_list_get_codec_name(size_t) 
V/MediaCodecList( 2189): void media_codec_list_get_codec_info_at_id(size_t) 
V/MediaCodecList( 2189): const char* media_codec_list_get_codec_name(size_t) 
V/MediaCodecList( 2189): bool media_codec_list_is_encoder(size_t) 
V/MediaCodecList( 2189): size_t media_codec_list_get_num_supported_types(size_t) 
D/MediaCodecList( 2189): Number of supported codec types: 1
V/MediaCodecList( 2189): size_t media_codec_list_get_nth_supported_type_len(size_t, size_t) 
V/MediaCodecList( 2189): int media_codec_list_get_nth_supported_type(size_t, char*, size_t) 
V/MediaCodecList( 2189): size_t media_codec_list_get_num_color_formats(size_t, const char*) 
V/MediaCodecList( 2189): void media_codec_list_get_num_codec_capabilities(size_t, const char*, size_t*, size_t*) 
D/MediaCodecList( 2189): index: 1, type: 'audio/evrc'
I/OMXClient( 2189): Using client-side OMX mux.
I/OMXClient( 2189): Allocating remote Node (false remote).
E/OMXMaster( 2189): A component of name 'OMX.qcom.audio.decoder.aac' already exists, ignoring this one.
E/QC_EVRCENC( 2189):  component init: role = OMX.qcom.audio.encoder.evrc
I/QC_EVRCENC( 2189):  component init: role = OMX.qcom.audio.encoder.evrc
I/QC_EVRCENC( 2189): 
I/QC_EVRCENC( 2189): component_init: Component OMX.qcom.audio.encoder.evrc LOADED 
I/QC_EVRCENC( 2189): Driver in Non Tunnel mode open
E/QC_EVRCENC( 2189): unknown param 0600000f
E/QC_EVRCENC( 2189): unknown param 06000001
I/QC_EVRCENC( 2189): Returning the state 1
I/QC_EVRCENC( 2189): Returning the state 1
I/QC_EVRCENC( 2189): Component-deinit being processed
I/QC_EVRCENC( 2189): ********************************
I/QC_EVRCENC( 2189): STATS: in-buf-len[0]out-buf-len[0] tot-pb-time[0]
I/QC_EVRCENC( 2189): STATS: fbd-cnt[0]ftb-cnt[0]etb-cnt[0]ebd-cnt[0]
I/QC_EVRCENC( 2189): ************************************
I/QC_EVRCENC( 2189):  DEINIT COMPLETED
I/QC_EVRCENC( 2189): ************************************
E/QC_EVRCENC( 2189): component_deinit:COMPONENT DEINIT...
E/QC_EVRCENC( 2189): EVRC Object getting destroyed comp-deinit=1
E/QC_EVRCENC( 2189): OMX EVRC component destroyed
D/MediaCodecList( 2189): Number of codec color formats: 0
V/MediaCodecList( 2189): void media_codec_list_get_codec_info_at_id(size_t) 
V/MediaCodecList( 2189): const char* media_codec_list_get_codec_name(size_t) 
V/MediaCodecList( 2189): void media_codec_list_get_codec_info_at_id(size_t) 
V/MediaCodecList( 2189): const char* media_codec_list_get_codec_name(size_t) 
V/MediaCodecList( 2189): bool media_codec_list_is_encoder(size_t) 
V/MediaCodecList( 2189): size_t media_codec_list_get_num_supported_types(size_t) 
D/MediaCodecList( 2189): Number of supported codec types: 1
V/MediaCodecList( 2189): size_t media_codec_list_get_nth_supported_type_len(size_t, size_t) 
V/MediaCodecList( 2189): int media_codec_list_get_nth_supported_type(size_t, char*, size_t) 
V/MediaCodecList( 2189): size_t media_codec_list_get_num_color_formats(size_t, const char*) 
V/MediaCodecList( 2189): void media_codec_list_get_num_codec_capabilities(size_t, const char*, size_t*, size_t*) 
D/MediaCodecList( 2189): index: 3, type: 'audio/qcelp'
I/OMXClient( 2189): Using client-side OMX mux.
I/OMXClient( 2189): Allocating remote Node (false remote).
E/OMXMaster( 2189): A component of name 'OMX.qcom.audio.decoder.aac' already exists, ignoring this one.
E/QC_QCELP13ENC( 2189):  component init: role = OMX.qcom.audio.encoder.qcelp13
I/QC_QCELP13ENC( 2189):  component init: role = OMX.qcom.audio.encoder.qcelp13
I/QC_QCELP13ENC( 2189): 
I/QC_QCELP13ENC( 2189): component_init: Component OMX.qcom.audio.encoder.qcelp13 LOADED 
I/QC_QCELP13ENC( 2189): Driver in Non Tunnel mode open
E/QC_QCELP13ENC( 2189): unknown param 0600000f
E/QC_QCELP13ENC( 2189): unknown param 06000001
I/QC_QCELP13ENC( 2189): Returning the state 1
I/QC_QCELP13ENC( 2189): Returning the state 1
I/QC_QCELP13ENC( 2189): Component-deinit being processed
I/QC_QCELP13ENC( 2189): ********************************
I/QC_QCELP13ENC( 2189): STATS: in-buf-len[0]out-buf-len[0] tot-pb-time[0]
I/QC_QCELP13ENC( 2189): STATS: fbd-cnt[0]ftb-cnt[0]etb-cnt[0]ebd-cnt[0]
I/QC_QCELP13ENC( 2189): ************************************
I/QC_QCELP13ENC( 2189):  DEINIT COMPLETED
I/QC_QCELP13ENC( 2189): ************************************
E/QC_QCELP13ENC( 2189): component_deinit:COMPONENT DEINIT...
E/QC_QCELP13ENC( 2189): QCELP13 Object getting destroyed comp-deinit=1
E/QC_QCELP13ENC( 2189): OMX QCELP13 component destroyed
D/MediaCodecList( 2189): Number of codec color formats: 0
V/MediaCodecList( 2189): void media_codec_list_get_codec_info_at_id(size_t) 
V/MediaCodecList( 2189): const char* media_codec_list_get_codec_name(size_t) 
V/MediaCodecList( 2189): void media_codec_list_get_codec_info_at_id(size_t) 
V/MediaCodecList( 2189): const char* media_codec_list_get_codec_name(size_t) 
V/MediaCodecList( 2189): void media_codec_list_get_codec_info_at_id(size_t) 
V/MediaCodecList( 2189): const char* media_codec_list_get_codec_name(size_t) 
V/MediaCodecList( 2189): void media_codec_list_get_codec_info_at_id(size_t) 
V/MediaCodecList( 2189): const char* media_codec_list_get_codec_name(size_t) 
V/MediaCodecList( 2189): bool media_codec_list_is_encoder(size_t) 
V/MediaCodecList( 2189): size_t media_codec_list_get_num_supported_types(size_t) 
D/MediaCodecList( 2189): Number of supported codec types: 1
V/MediaCodecList( 2189): size_t media_codec_list_get_nth_supported_type_len(size_t, size_t) 
V/MediaCodecList( 2189): int media_codec_list_get_nth_supported_type(size_t, char*, size_t) 
V/MediaCodecList( 2189): size_t media_codec_list_get_num_color_formats(size_t, const char*) 
V/MediaCodecList( 2189): void media_codec_list_get_num_codec_capabilities(size_t, const char*, size_t*, size_t*) 
D/MediaCodecList( 2189): index: 7, type: 'video/avc'
I/OMXClient( 2189): Using client-side OMX mux.
I/OMXClient( 2189): Allocating remote Node (false remote).
E/OMXMaster( 2189): A component of name 'OMX.qcom.audio.decoder.aac' already exists, ignoring this one.
E/MediaCodecList( 2189): Failed to get the number of supported codec capabilities (err: -2147483648)
V/MediaCodecList( 2189): void media_codec_list_get_codec_info_at_id(size_t) 
V/MediaCodecList( 2189): const char* media_codec_list_get_codec_name(size_t) 
V/MediaCodecList( 2189): bool media_codec_list_is_encoder(size_t) 
V/MediaCodecList( 2189): size_t media_codec_list_get_num_supported_types(size_t) 
D/MediaCodecList( 2189): Number of supported codec types: 1
V/MediaCodecList( 2189): size_t media_codec_list_get_nth_supported_type_len(size_t, size_t) 
V/MediaCodecList( 2189): int media_codec_list_get_nth_supported_type(size_t, char*, size_t) 
V/MediaCodecList( 2189): size_t media_codec_list_get_num_color_formats(size_t, const char*) 
V/MediaCodecList( 2189): void media_codec_list_get_num_codec_capabilities(size_t, const char*, size_t*, size_t*) 
D/MediaCodecList( 2189): index: 8, type: 'video/mp4v-es'
I/OMXClient( 2189): Using client-side OMX mux.
I/OMXClient( 2189): Allocating remote Node (false remote).
E/OMXMaster( 2189): A component of name 'OMX.qcom.audio.decoder.aac' already exists, ignoring this one.
E/MediaCodecList( 2189): Failed to get the number of supported codec capabilities (err: -2147483648)
V/MediaCodecList( 2189): void media_codec_list_get_codec_info_at_id(size_t) 
V/MediaCodecList( 2189): const char* media_codec_list_get_codec_name(size_t) 
V/MediaCodecList( 2189): bool media_codec_list_is_encoder(size_t) 
V/MediaCodecList( 2189): size_t media_codec_list_get_num_supported_types(size_t) 
D/MediaCodecList( 2189): Number of supported codec types: 1
V/MediaCodecList( 2189): size_t media_codec_list_get_nth_supported_type_len(size_t, size_t) 
V/MediaCodecList( 2189): int media_codec_list_get_nth_supported_type(size_t, char*, size_t) 
V/MediaCodecList( 2189): size_t media_codec_list_get_num_color_formats(size_t, const char*) 
V/MediaCodecList( 2189): void media_codec_list_get_num_codec_capabilities(size_t, const char*, size_t*, size_t*) 
D/MediaCodecList( 2189): index: 9, type: 'video/3gpp'
I/OMXClient( 2189): Using client-side OMX mux.
I/OMXClient( 2189): Allocating remote Node (false remote).
E/OMXMaster( 2189): A component of name 'OMX.qcom.audio.decoder.aac' already exists, ignoring this one.
E/MediaCodecList( 2189): Failed to get the number of supported codec capabilities (err: -2147483648)
V/MediaCodecList( 2189): void media_codec_list_get_codec_info_at_id(size_t) 
V/MediaCodecList( 2189): const char* media_codec_list_get_codec_name(size_t) 
V/MediaCodecList( 2189): void media_codec_list_get_codec_info_at_id(size_t) 
V/MediaCodecList( 2189): const char* media_codec_list_get_codec_name(size_t) 
V/MediaCodecList( 2189): void media_codec_list_get_codec_info_at_id(size_t) 
V/MediaCodecList( 2189): const char* media_codec_list_get_codec_name(size_t) 
V/MediaCodecList( 2189): void media_codec_list_get_codec_info_at_id(size_t) 
V/MediaCodecList( 2189): const char* media_codec_list_get_codec_name(size_t) 
V/MediaCodecList( 2189): bool media_codec_list_is_encoder(size_t) 
V/MediaCodecList( 2189): size_t media_codec_list_get_num_supported_types(size_t) 
D/MediaCodecList( 2189): Number of supported codec types: 1
V/MediaCodecList( 2189): size_t media_codec_list_get_nth_supported_type_len(size_t, size_t) 
V/MediaCodecList( 2189): int media_codec_list_get_nth_supported_type(size_t, char*, size_t) 
V/MediaCodecList( 2189): size_t media_codec_list_get_num_color_formats(size_t, const char*) 
V/MediaCodecList( 2189): void media_codec_list_get_num_codec_capabilities(size_t, const char*, size_t*, size_t*) 
D/MediaCodecList( 2189): index: 13, type: 'audio/x-ms-wma'
I/OMXClient( 2189): Using client-side OMX mux.
I/OMXClient( 2189): Allocating remote Node (false remote).
E/OMXMaster( 2189): A component of name 'OMX.qcom.audio.decoder.aac' already exists, ignoring this one.
E/QC_WMADEC( 2189):  component init: role = OMX.qcom.audio.decoder.wma
E/QC_WMADEC( 2189): unknown param 0600000f
E/QC_WMADEC( 2189): unknown param 06000001
E/QC_WMADEC( 2189): COMPONENT DEINIT...
E/QC_WMADEC( 2189): OMX WMA component destroyed
D/MediaCodecList( 2189): Number of codec color formats: 0
V/MediaCodecList( 2189): void media_codec_list_get_codec_info_at_id(size_t) 
V/MediaCodecList( 2189): const char* media_codec_list_get_codec_name(size_t) 
V/MediaCodecList( 2189): bool media_codec_list_is_encoder(size_t) 
V/MediaCodecList( 2189): size_t media_codec_list_get_num_supported_types(size_t) 
D/MediaCodecList( 2189): Number of supported codec types: 1
V/MediaCodecList( 2189): size_t media_codec_list_get_nth_supported_type_len(size_t, size_t) 
V/MediaCodecList( 2189): int media_codec_list_get_nth_supported_type(size_t, char*, size_t) 
V/MediaCodecList( 2189): size_t media_codec_list_get_num_color_formats(size_t, const char*) 
V/MediaCodecList( 2189): void media_codec_list_get_num_codec_capabilities(size_t, const char*, size_t*, size_t*) 
D/MediaCodecList( 2189): index: 14, type: 'audio/x-ms-wma'
I/OMXClient( 2189): Using client-side OMX mux.
I/OMXClient( 2189): Allocating remote Node (false remote).
E/OMXMaster( 2189): A component of name 'OMX.qcom.audio.decoder.aac' already exists, ignoring this one.
E/QC_WMADEC( 2189):  component init: role = OMX.qcom.audio.decoder.wmaLossLess
E/QC_WMADEC( 2189): unknown param 0600000f
E/QC_WMADEC( 2189): unknown param 06000001
E/QC_WMADEC( 2189): COMPONENT DEINIT...
E/QC_WMADEC( 2189): OMX WMA component destroyed
D/MediaCodecList( 2189): Number of codec color formats: 0
V/MediaCodecList( 2189): void media_codec_list_get_codec_info_at_id(size_t) 
V/MediaCodecList( 2189): const char* media_codec_list_get_codec_name(size_t) 
V/MediaCodecList( 2189): bool media_codec_list_is_encoder(size_t) 
V/MediaCodecList( 2189): size_t media_codec_list_get_num_supported_types(size_t) 
D/MediaCodecList( 2189): Number of supported codec types: 1
V/MediaCodecList( 2189): size_t media_codec_list_get_nth_supported_type_len(size_t, size_t) 
V/MediaCodecList( 2189): int media_codec_list_get_nth_supported_type(size_t, char*, size_t) 
V/MediaCodecList( 2189): size_t media_codec_list_get_num_color_formats(size_t, const char*) 
V/MediaCodecList( 2189): void media_codec_list_get_num_codec_capabilities(size_t, const char*, size_t*, size_t*) 
D/MediaCodecList( 2189): index: 15, type: 'audio/x-ms-wma'
I/OMXClient( 2189): Using client-side OMX mux.
I/OMXClient( 2189): Allocating remote Node (false remote).
E/OMXMaster( 2189): A component of name 'OMX.qcom.audio.decoder.aac' already exists, ignoring this one.
E/QC_WMADEC( 2189):  component init: role = OMX.qcom.audio.decoder.wma10Pro
E/QC_WMADEC( 2189): unknown param 0600000f
E/QC_WMADEC( 2189): unknown param 06000001
E/QC_WMADEC( 2189): COMPONENT DEINIT...
E/QC_WMADEC( 2189): OMX WMA component destroyed
D/MediaCodecList( 2189): Number of codec color formats: 0
V/MediaCodecList( 2189): void media_codec_list_get_codec_info_at_id(size_t) 
V/MediaCodecList( 2189): const char* media_codec_list_get_codec_name(size_t) 
V/MediaCodecList( 2189): bool media_codec_list_is_encoder(size_t) 
V/MediaCodecList( 2189): size_t media_codec_list_get_num_supported_types(size_t) 
D/MediaCodecList( 2189): Number of supported codec types: 1
V/MediaCodecList( 2189): size_t media_codec_list_get_nth_supported_type_len(size_t, size_t) 
V/MediaCodecList( 2189): int media_codec_list_get_nth_supported_type(size_t, char*, size_t) 
V/MediaCodecList( 2189): size_t media_codec_list_get_num_color_formats(size_t, const char*) 
V/MediaCodecList( 2189): void media_codec_list_get_num_codec_capabilities(size_t, const char*, size_t*, size_t*) 
D/MediaCodecList( 2189): index: 16, type: 'audio/amr-wb-plus'
I/OMXClient( 2189): Using client-side OMX mux.
I/OMXClient( 2189): Allocating remote Node (false remote).
E/OMXMaster( 2189): A component of name 'OMX.qcom.audio.decoder.aac' already exists, ignoring this one.
E/QC_AMRWBPLUSDEC( 2189): unknown param 0600000f
E/QC_AMRWBPLUSDEC( 2189): unknown param 06000001
D/MediaCodecList( 2189): Number of codec color formats: 0
V/MediaCodecList( 2189): void media_codec_list_get_codec_info_at_id(size_t) 
V/MediaCodecList( 2189): const char* media_codec_list_get_codec_name(size_t) 
V/MediaCodecList( 2189): void media_codec_list_get_codec_info_at_id(size_t) 
V/MediaCodecList( 2189): const char* media_codec_list_get_codec_name(size_t) 
V/MediaCodecList( 2189): void media_codec_list_get_codec_info_at_id(size_t) 
V/MediaCodecList( 2189): const char* media_codec_list_get_codec_name(size_t) 
V/MediaCodecList( 2189): bool media_codec_list_is_encoder(size_t) 
V/MediaCodecList( 2189): size_t media_codec_list_get_num_supported_types(size_t) 
D/MediaCodecList( 2189): Number of supported codec types: 1
V/MediaCodecList( 2189): size_t media_codec_list_get_nth_supported_type_len(size_t, size_t) 
V/MediaCodecList( 2189): int media_codec_list_get_nth_supported_type(size_t, char*, size_t) 
V/MediaCodecList( 2189): size_t media_codec_list_get_num_color_formats(size_t, const char*) 
V/MediaCodecList( 2189): void media_codec_list_get_num_codec_capabilities(size_t, const char*, size_t*, size_t*) 
D/MediaCodecList( 2189): index: 19, type: 'audio/mpeg'
I/OMXClient( 2189): Using client-side OMX mux.
D/MediaCodecList( 2189): Number of codec color formats: 0
V/MediaCodecList( 2189): void media_codec_list_get_codec_info_at_id(size_t) 
V/MediaCodecList( 2189): const char* media_codec_list_get_codec_name(size_t) 
V/MediaCodecList( 2189): void media_codec_list_get_codec_info_at_id(size_t) 
V/MediaCodecList( 2189): const char* media_codec_list_get_codec_name(size_t) 
V/MediaCodecList( 2189): void media_codec_list_get_codec_info_at_id(size_t) 
V/MediaCodecList( 2189): const char* media_codec_list_get_codec_name(size_t) 
V/MediaCodecList( 2189): void media_codec_list_get_codec_info_at_id(size_t) 
V/MediaCodecList( 2189): const char* media_codec_list_get_codec_name(size_t) 
V/MediaCodecList( 2189): bool media_codec_list_is_encoder(size_t) 
V/MediaCodecList( 2189): size_t media_codec_list_get_num_supported_types(size_t) 
D/MediaCodecList( 2189): Number of supported codec types: 1
V/MediaCodecList( 2189): size_t media_codec_list_get_nth_supported_type_len(size_t, size_t) 
V/MediaCodecList( 2189): int media_codec_list_get_nth_supported_type(size_t, char*, size_t) 
V/MediaCodecList( 2189): size_t media_codec_list_get_num_color_formats(size_t, const char*) 
V/MediaCodecList( 2189): void media_codec_list_get_num_codec_capabilities(size_t, const char*, size_t*, size_t*) 
D/MediaCodecList( 2189): index: 23, type: 'audio/mp4a-latm'
I/OMXClient( 2189): Using client-side OMX mux.
D/MediaCodecList( 2189): Number of codec color formats: 0
V/MediaCodecList( 2189): void media_codec_list_get_codec_info_at_id(size_t) 
V/MediaCodecList( 2189): const char* media_codec_list_get_codec_name(size_t) 
V/MediaCodecList( 2189): void media_codec_list_get_codec_info_at_id(size_t) 
V/MediaCodecList( 2189): const char* media_codec_list_get_codec_name(size_t) 
V/MediaCodecList( 2189): void media_codec_list_get_codec_info_at_id(size_t) 
V/MediaCodecList( 2189): const char* media_codec_list_get_codec_name(size_t) 
V/MediaCodecList( 2189): bool media_codec_list_is_encoder(size_t) 
V/MediaCodecList( 2189): size_t media_codec_list_get_num_supported_types(size_t) 
D/MediaCodecList( 2189): Number of supported codec types: 1
V/MediaCodecList( 2189): size_t media_codec_list_get_nth_supported_type_len(size_t, size_t) 
V/MediaCodecList( 2189): int media_codec_list_get_nth_supported_type(size_t, char*, size_t) 
V/MediaCodecList( 2189): size_t media_codec_list_get_num_color_formats(size_t, const char*) 
V/MediaCodecList( 2189): void media_codec_list_get_num_codec_capabilities(size_t, const char*, size_t*, size_t*) 
D/MediaCodecList( 2189): index: 26, type: 'audio/qcelp'
I/OMXClient( 2189): Using client-side OMX mux.
I/OMXClient( 2189): Allocating remote Node (false remote).
E/OMXMaster( 2189): A component of name 'OMX.qcom.audio.decoder.aac' already exists, ignoring this one.
I/OMX_QCELP13_DEC( 2189):  Enabling Non-Tunnel mode 
I/OMX_QCELP13_DEC( 2189): MIME type: aud
I/OMX_QCELP13_DEC( 2189):  component init: role = OMX.qcom.audio.decoder.Qcelp13
I/OMX_QCELP13_DEC( 2189): 
I/OMX_QCELP13_DEC( 2189): component_init: Component OMX.qcom.audio.decoder.Qcelp13 LOADED 
I/OMX_QCELP13_DEC( 2189): Created thread for INP 
I/OMX_QCELP13_DEC( 2189): Created thread for CMD 
E/OMX_QCELP13_DEC( 2189): unknown param 0600000f
E/OMX_QCELP13_DEC( 2189): unknown param 06000001
I/OMX_QCELP13_DEC( 2189): omx_Qcelp13_thread_stop stop server
I/OMX_QCELP13_DEC( 2189): omx_Qcelp13_thread_stop stop server
