I/UpstartPropertyWatcher(  881): Property changed: init.svc.gsiff_daemon=restarting
I/ThermalEngine(  932): Sensor:batt_temp:39400 mC
D/libEGL  ( 2207): loaded /vendor/lib/egl/libEGL_adreno.so
D/libEGL  ( 2207): loaded /vendor/lib/egl/libGLESv1_CM_adreno.so
D/libEGL  ( 2207): loaded /vendor/lib/egl/libGLESv2_adreno.so
E/QCALOG  (  948): [MessageQ] ProcessNewMessage: [XTWiFi-PE] unknown deliver target [OS-Agent]
E/QCALOG  (  948): [MessageQ] ProcessNewMessage: [XT-CS] unknown deliver target [OS-Agent]
E/QCALOG  (  948): [MessageQ] ProcessNewMessage: [XTWWAN-PE] unknown deliver target [OS-Agent]
I/ThermalEngine(  932): Sensor:batt_temp:39500 mC
I/ThermalEngine(  932): Sensor:batt_temp:39400 mC
D/libEGL  ( 2213): loaded /vendor/lib/egl/libEGL_adreno.so
D/libEGL  ( 2213): loaded /vendor/lib/egl/libGLESv1_CM_adreno.so
D/libEGL  ( 2213): loaded /vendor/lib/egl/libGLESv2_adreno.so
I/ThermalEngine(  932): Sensor:batt_temp:39500 mC
I/ThermalEngine(  932): Sensor:batt_temp:39400 mC
I/UpstartPropertyWatcher(  881): Property changed: init.svc.ppd=running
I/UpstartPropertyWatcher(  881): Property changed: init.svc.gsiff_daemon=running
I/UpstartPropertyWatcher(  881): Property changed: init.svc.quipc_igsn=running
I/UpstartPropertyWatcher(  881): Property changed: init.svc.quipc_main=running
I/UpstartPropertyWatcher(  881): Property changed: init.svc.xtwifi_inet=running
I/UpstartPropertyWatcher(  881): Property changed: init.svc.quipc_igsn=restarting
I/UpstartPropertyWatcher(  881): Property changed: init.svc.ppd=restarting
I/UpstartPropertyWatcher(  881): Property changed: init.svc.gsiff_daemon=restarting
D/libEGL  ( 2219): loaded /vendor/lib/egl/libEGL_adreno.so
D/libEGL  ( 2219): loaded /vendor/lib/egl/libGLESv1_CM_adreno.so
I/UpstartPropertyWatcher(  881): Property changed: init.svc.xtwifi_inet=restarting
D/libEGL  ( 2219): loaded /vendor/lib/egl/libGLESv2_adreno.so
I/UpstartPropertyWatcher(  881): Property changed: init.svc.quipc_main=restarting
I/ThermalEngine(  932): Sensor:batt_temp:39500 mC
E/QCALOG  (  948): [MessageQ] ProcessNewMessage: [XTWiFi-PE] unknown deliver target [OS-Agent]
E/QCALOG  (  948): [MessageQ] ProcessNewMessage: [XT-CS] unknown deliver target [OS-Agent]
E/QCALOG  (  948): [MessageQ] ProcessNewMessage: [XTWWAN-PE] unknown deliver target [OS-Agent]
I/ThermalEngine(  932): Sensor:batt_temp:39500 mC
D/libEGL  ( 2230): loaded /vendor/lib/egl/libEGL_adreno.so
D/libEGL  ( 2230): loaded /vendor/lib/egl/libGLESv1_CM_adreno.so
D/libEGL  ( 2230): loaded /vendor/lib/egl/libGLESv2_adreno.so
I/ThermalEngine(  932): Sensor:batt_temp:39500 mC
I/ThermalEngine(  932): Sensor:batt_temp:39700 mC
D/libEGL  ( 2239): loaded /vendor/lib/egl/libEGL_adreno.so
D/libEGL  ( 2239): loaded /vendor/lib/egl/libGLESv1_CM_adreno.so
D/libEGL  ( 2239): loaded /vendor/lib/egl/libGLESv2_adreno.so
I/ThermalEngine(  932): Sensor:batt_temp:39500 mC
I/UpstartPropertyWatcher(  881): Property changed: init.svc.ppd=running
I/UpstartPropertyWatcher(  881): Property changed: init.svc.gsiff_daemon=running
I/UpstartPropertyWatcher(  881): Property changed: init.svc.quipc_igsn=running
I/UpstartPropertyWatcher(  881): Property changed: init.svc.quipc_main=running
I/UpstartPropertyWatcher(  881): Property changed: init.svc.xtwifi_inet=running
I/UpstartPropertyWatcher(  881): Property changed: init.svc.xtwifi_inet=restarting
I/UpstartPropertyWatcher(  881): Property changed: init.svc.ppd=restarting
I/UpstartPropertyWatcher(  881): Property changed: init.svc.quipc_igsn=restarting
I/UpstartPropertyWatcher(  881): Property changed: init.svc.gsiff_daemon=restarting
I/UpstartPropertyWatcher(  881): Property changed: init.svc.quipc_main=restarting
I/ThermalEngine(  932): Sensor:batt_temp:39500 mC
E/QCALOG  (  948): [MessageQ] ProcessNewMessage: [XTWiFi-PE] unknown deliver target [OS-Agent]
E/QCALOG  (  948): [MessageQ] ProcessNewMessage: [XT-CS] unknown deliver target [OS-Agent]
E/QCALOG  (  948): [MessageQ] ProcessNewMessage: [XTWWAN-PE] unknown deliver target [OS-Agent]
D/libEGL  ( 2253): loaded /vendor/lib/egl/libEGL_adreno.so
D/libEGL  ( 2253): loaded /vendor/lib/egl/libGLESv1_CM_adreno.so
D/libEGL  ( 2253): loaded /vendor/lib/egl/libGLESv2_adreno.so
I/ThermalEngine(  932): Sensor:batt_temp:39500 mC
I/ThermalEngine(  932): Sensor:batt_temp:39500 mC
D/libEGL  ( 2259): loaded /vendor/lib/egl/libEGL_adreno.so
D/libEGL  ( 2259): loaded /vendor/lib/egl/libGLESv1_CM_adreno.so
D/libEGL  ( 2259): loaded /vendor/lib/egl/libGLESv2_adreno.so
I/ThermalEngine(  932): Sensor:batt_temp:39500 mC
I/ThermalEngine(  932): Sensor:batt_temp:39500 mC
I/UpstartPropertyWatcher(  881): Property changed: init.svc.ppd=running
I/UpstartPropertyWatcher(  881): Property changed: init.svc.gsiff_daemon=running
I/UpstartPropertyWatcher(  881): Property changed: init.svc.quipc_igsn=running
I/UpstartPropertyWatcher(  881): Property changed: init.svc.quipc_main=running
I/UpstartPropertyWatcher(  881): Property changed: init.svc.xtwifi_inet=running
I/ThermalEngine(  932): Sensor:batt_temp:39700 mC
D/libEGL  ( 2265): loaded /vendor/lib/egl/libEGL_adreno.so
I/UpstartPropertyWatcher(  881): Property changed: init.svc.quipc_igsn=restarting
D/libEGL  ( 2265): loaded /vendor/lib/egl/libGLESv1_CM_adreno.so
D/libEGL  ( 2265): loaded /vendor/lib/egl/libGLESv2_adreno.so
I/UpstartPropertyWatcher(  881): Property changed: init.svc.ppd=restarting
I/UpstartPropertyWatcher(  881): Property changed: init.svc.xtwifi_inet=restarting
I/UpstartPropertyWatcher(  881): Property changed: init.svc.quipc_main=restarting
I/UpstartPropertyWatcher(  881): Property changed: init.svc.gsiff_daemon=restarting
E/QCALOG  (  948): [MessageQ] ProcessNewMessage: [XTWiFi-PE] unknown deliver target [OS-Agent]
E/QCALOG  (  948): [MessageQ] ProcessNewMessage: [XT-CS] unknown deliver target [OS-Agent]
E/QCALOG  (  948): [MessageQ] ProcessNewMessage: [XTWWAN-PE] unknown deliver target [OS-Agent]
I/ThermalEngine(  932): Sensor:batt_temp:39500 mC
I/ThermalEngine(  932): Sensor:batt_temp:39500 mC
D/libEGL  ( 2277): loaded /vendor/lib/egl/libEGL_adreno.so
D/libEGL  ( 2277): loaded /vendor/lib/egl/libGLESv1_CM_adreno.so
D/libEGL  ( 2277): loaded /vendor/lib/egl/libGLESv2_adreno.so
I/ThermalEngine(  932): Sensor:batt_temp:39600 mC
I/ThermalEngine(  932): Sensor:batt_temp:39500 mC
D/libEGL  ( 2283): loaded /vendor/lib/egl/libEGL_adreno.so
D/libEGL  ( 2283): loaded /vendor/lib/egl/libGLESv1_CM_adreno.so
D/libEGL  ( 2283): loaded /vendor/lib/egl/libGLESv2_adreno.so
I/ThermalEngine(  932): Sensor:batt_temp:39600 mC
I/UpstartPropertyWatcher(  881): Property changed: init.svc.ppd=running
I/UpstartPropertyWatcher(  881): Property changed: init.svc.gsiff_daemon=running
I/UpstartPropertyWatcher(  881): Property changed: init.svc.quipc_igsn=running
I/UpstartPropertyWatcher(  881): Property changed: init.svc.quipc_main=running
I/UpstartPropertyWatcher(  881): Property changed: init.svc.xtwifi_inet=running
I/UpstartPropertyWatcher(  881): Property changed: init.svc.quipc_igsn=restarting
I/UpstartPropertyWatcher(  881): Property changed: init.svc.xtwifi_inet=restarting
I/UpstartPropertyWatcher(  881): Property changed: init.svc.quipc_main=restarting
I/UpstartPropertyWatcher(  881): Property changed: init.svc.gsiff_daemon=restarting
I/UpstartPropertyWatcher(  881): Property changed: init.svc.ppd=restarting
E/QCALOG  (  948): [MessageQ] ProcessNewMessage: [XTWWAN-PE] unknown deliver target [OS-Agent]
E/QCALOG  (  948): [MessageQ] ProcessNewMessage: [XTWiFi-PE] unknown deliver target [OS-Agent]
E/QCALOG  (  948): [MessageQ] ProcessNewMessage: [XT-CS] unknown deliver target [OS-Agent]
I/ThermalEngine(  932): Sensor:batt_temp:39500 mC
D/libEGL  ( 2294): loaded /vendor/lib/egl/libEGL_adreno.so
D/libEGL  ( 2294): loaded /vendor/lib/egl/libGLESv1_CM_adreno.so
D/libEGL  ( 2294): loaded /vendor/lib/egl/libGLESv2_adreno.so
I/ThermalEngine(  932): Sensor:batt_temp:39600 mC
I/ThermalEngine(  932): Sensor:batt_temp:39500 mC
D/libEGL  ( 2300): loaded /vendor/lib/egl/libEGL_adreno.so
D/libEGL  ( 2300): loaded /vendor/lib/egl/libGLESv1_CM_adreno.so
D/libEGL  ( 2300): loaded /vendor/lib/egl/libGLESv2_adreno.so
I/ThermalEngine(  932): Sensor:batt_temp:39600 mC
I/ThermalEngine(  932): Sensor:batt_temp:39500 mC
I/UpstartPropertyWatcher(  881): Property changed: init.svc.ppd=running
I/UpstartPropertyWatcher(  881): Property changed: init.svc.gsiff_daemon=running
I/UpstartPropertyWatcher(  881): Property changed: init.svc.quipc_igsn=running
I/UpstartPropertyWatcher(  881): Property changed: init.svc.quipc_main=running
I/UpstartPropertyWatcher(  881): Property changed: init.svc.xtwifi_inet=running
I/UpstartPropertyWatcher(  881): Property changed: init.svc.quipc_igsn=restarting
I/UpstartPropertyWatcher(  881): Property changed: init.svc.xtwifi_inet=restarting
D/libEGL  ( 2306): loaded /vendor/lib/egl/libEGL_adreno.so
D/libEGL  ( 2306): loaded /vendor/lib/egl/libGLESv1_CM_adreno.so
I/UpstartPropertyWatcher(  881): Property changed: init.svc.ppd=restarting
I/UpstartPropertyWatcher(  881): Property changed: init.svc.quipc_main=restarting
D/libEGL  ( 2306): loaded /vendor/lib/egl/libGLESv2_adreno.so
I/UpstartPropertyWatcher(  881): Property changed: init.svc.gsiff_daemon=restarting
E/QCALOG  (  948): [MessageQ] ProcessNewMessage: [XTWiFi-PE] unknown deliver target [OS-Agent]
E/QCALOG  (  948): [MessageQ] ProcessNewMessage: [XT-CS] unknown deliver target [OS-Agent]
E/QCALOG  (  948): [MessageQ] ProcessNewMessage: [XTWWAN-PE] unknown deliver target [OS-Agent]
I/ThermalEngine(  932): Sensor:batt_temp:39600 mC
I/ThermalEngine(  932): Sensor:batt_temp:39500 mC
D/libEGL  ( 2317): loaded /vendor/lib/egl/libEGL_adreno.so
D/libEGL  ( 2317): loaded /vendor/lib/egl/libGLESv1_CM_adreno.so
D/libEGL  ( 2317): loaded /vendor/lib/egl/libGLESv2_adreno.so
I/ThermalEngine(  932): Sensor:batt_temp:39700 mC
I/ThermalEngine(  932): Sensor:batt_temp:39500 mC
D/libEGL  ( 2323): loaded /vendor/lib/egl/libEGL_adreno.so
D/libEGL  ( 2323): loaded /vendor/lib/egl/libGLESv1_CM_adreno.so
D/libEGL  ( 2323): loaded /vendor/lib/egl/libGLESv2_adreno.so
I/ThermalEngine(  932): Sensor:batt_temp:39700 mC
I/UpstartPropertyWatcher(  881): Property changed: init.svc.ppd=running
I/UpstartPropertyWatcher(  881): Property changed: init.svc.gsiff_daemon=running
I/UpstartPropertyWatcher(  881): Property changed: init.svc.quipc_igsn=running
I/UpstartPropertyWatcher(  881): Property changed: init.svc.quipc_main=running
I/UpstartPropertyWatcher(  881): Property changed: init.svc.xtwifi_inet=running
I/UpstartPropertyWatcher(  881): Property changed: init.svc.quipc_igsn=restarting
I/UpstartPropertyWatcher(  881): Property changed: init.svc.ppd=restarting
I/UpstartPropertyWatcher(  881): Property changed: init.svc.xtwifi_inet=restarting
I/UpstartPropertyWatcher(  881): Property changed: init.svc.quipc_main=restarting
I/UpstartPropertyWatcher(  881): Property changed: init.svc.gsiff_daemon=restarting
E/QCALOG  (  948): [MessageQ] ProcessNewMessage: [LOWI-SERVER] unknown deliver target [OS-Agent]
E/QCALOG  (  948): [MessageQ] ProcessNewMessage: [XTWiFi-PE] unknown deliver target [OS-Agent]
E/QCALOG  (  948): [MessageQ] ProcessNewMessage: [XT-CS] unknown deliver target [OS-Agent]
E/QCALOG  (  948): [MessageQ] ProcessNewMessage: [XTWWAN-PE] unknown deliver target [OS-Agent]
I/ThermalEngine(  932): Sensor:batt_temp:39500 mC
D/libEGL  ( 2334): loaded /vendor/lib/egl/libEGL_adreno.so
D/libEGL  ( 2334): loaded /vendor/lib/egl/libGLESv1_CM_adreno.so
D/libEGL  ( 2334): loaded /vendor/lib/egl/libGLESv2_adreno.so
I/ThermalEngine(  932): Sensor:batt_temp:39700 mC
I/ThermalEngine(  932): Sensor:batt_temp:39500 mC
D/libEGL  ( 2340): loaded /vendor/lib/egl/libEGL_adreno.so
D/libEGL  ( 2340): loaded /vendor/lib/egl/libGLESv1_CM_adreno.so
D/libEGL  ( 2340): loaded /vendor/lib/egl/libGLESv2_adreno.so
I/ThermalEngine(  932): Sensor:batt_temp:39700 mC
I/ThermalEngine(  932): Sensor:batt_temp:39500 mC
I/UpstartPropertyWatcher(  881): Property changed: init.svc.ppd=running
I/UpstartPropertyWatcher(  881): Property changed: init.svc.gsiff_daemon=running
I/UpstartPropertyWatcher(  881): Property changed: init.svc.quipc_igsn=running
I/UpstartPropertyWatcher(  881): Property changed: init.svc.quipc_main=running
I/UpstartPropertyWatcher(  881): Property changed: init.svc.xtwifi_inet=running
I/UpstartPropertyWatcher(  881): Property changed: init.svc.quipc_igsn=restarting
I/UpstartPropertyWatcher(  881): Property changed: init.svc.ppd=restarting
I/UpstartPropertyWatcher(  881): Property changed: init.svc.xtwifi_inet=restarting
D/libEGL  ( 2346): loaded /vendor/lib/egl/libEGL_adreno.so
D/libEGL  ( 2346): loaded /vendor/lib/egl/libGLESv1_CM_adreno.so
I/UpstartPropertyWatcher(  881): Property changed: init.svc.gsiff_daemon=restarting
D/libEGL  ( 2346): loaded /vendor/lib/egl/libGLESv2_adreno.so
I/UpstartPropertyWatcher(  881): Property changed: init.svc.quipc_main=restarting
E/QCALOG  (  948): [MessageQ] ProcessNewMessage: [XTWiFi-PE] unknown deliver target [OS-Agent]
E/QCALOG  (  948): [MessageQ] ProcessNewMessage: [XT-CS] unknown deliver target [OS-Agent]
E/QCALOG  (  948): [MessageQ] ProcessNewMessage: [XTWWAN-PE] unknown deliver target [OS-Agent]
I/ThermalEngine(  932): Sensor:batt_temp:39700 mC
I/ThermalEngine(  932): Sensor:batt_temp:39500 mC
D/libEGL  ( 2358): loaded /vendor/lib/egl/libEGL_adreno.so
D/libEGL  ( 2358): loaded /vendor/lib/egl/libGLESv1_CM_adreno.so
D/libEGL  ( 2358): loaded /vendor/lib/egl/libGLESv2_adreno.so
I/ThermalEngine(  932): Sensor:batt_temp:39700 mC
I/ThermalEngine(  932): Sensor:batt_temp:39500 mC
D/libEGL  ( 2370): loaded /vendor/lib/egl/libEGL_adreno.so
D/libEGL  ( 2370): loaded /vendor/lib/egl/libGLESv1_CM_adreno.so
D/libEGL  ( 2370): loaded /vendor/lib/egl/libGLESv2_adreno.so
I/UpstartPropertyWatcher(  881): Property changed: init.svc.ppd=running
I/UpstartPropertyWatcher(  881): Property changed: init.svc.gsiff_daemon=running
I/UpstartPropertyWatcher(  881): Property changed: init.svc.quipc_igsn=running
I/UpstartPropertyWatcher(  881): Property changed: init.svc.quipc_main=running
I/UpstartPropertyWatcher(  881): Property changed: init.svc.xtwifi_inet=running
I/UpstartPropertyWatcher(  881): Property changed: init.svc.xtwifi_inet=restarting
I/UpstartPropertyWatcher(  881): Property changed: init.svc.quipc_igsn=restarting
I/UpstartPropertyWatcher(  881): Property changed: init.svc.quipc_main=restarting
I/UpstartPropertyWatcher(  881): Property changed: init.svc.ppd=restarting
I/UpstartPropertyWatcher(  881): Property changed: init.svc.gsiff_daemon=restarting
I/ThermalEngine(  932): Sensor:batt_temp:39700 mC
E/QCALOG  (  948): [MessageQ] ProcessNewMessage: [XTWiFi-PE] unknown deliver target [OS-Agent]
E/QCALOG  (  948): [MessageQ] ProcessNewMessage: [XT-CS] unknown deliver target [OS-Agent]
E/QCALOG  (  948): [MessageQ] ProcessNewMessage: [XTWWAN-PE] unknown deliver target [OS-Agent]
I/ThermalEngine(  932): Sensor:batt_temp:39600 mC
D/libEGL  ( 2381): loaded /vendor/lib/egl/libEGL_adreno.so
D/libEGL  ( 2381): loaded /vendor/lib/egl/libGLESv1_CM_adreno.so
D/libEGL  ( 2381): loaded /vendor/lib/egl/libGLESv2_adreno.so
I/ThermalEngine(  932): Sensor:batt_temp:39700 mC
I/ThermalEngine(  932): Sensor:batt_temp:39700 mC
D/libEGL  ( 2388): loaded /vendor/lib/egl/libEGL_adreno.so
D/libEGL  ( 2388): loaded /vendor/lib/egl/libGLESv1_CM_adreno.so
D/libEGL  ( 2388): loaded /vendor/lib/egl/libGLESv2_adreno.so
I/ThermalEngine(  932): Sensor:batt_temp:39700 mC
I/UpstartPropertyWatcher(  881): Property changed: init.svc.ppd=running
I/UpstartPropertyWatcher(  881): Property changed: init.svc.gsiff_daemon=running
I/UpstartPropertyWatcher(  881): Property changed: init.svc.quipc_igsn=running
I/UpstartPropertyWatcher(  881): Property changed: init.svc.quipc_main=running
I/UpstartPropertyWatcher(  881): Property changed: init.svc.xtwifi_inet=running
I/UpstartPropertyWatcher(  881): Property changed: init.svc.xtwifi_inet=restarting
I/UpstartPropertyWatcher(  881): Property changed: init.svc.quipc_igsn=restarting
I/UpstartPropertyWatcher(  881): Property changed: init.svc.ppd=restarting
I/UpstartPropertyWatcher(  881): Property changed: init.svc.gsiff_daemon=restarting
I/UpstartPropertyWatcher(  881): Property changed: init.svc.quipc_main=restarting
I/ThermalEngine(  932): Sensor:batt_temp:39600 mC
E/QCALOG  (  948): [MessageQ] ProcessNewMessage: [XTWiFi-PE] unknown deliver target [OS-Agent]
E/QCALOG  (  948): [MessageQ] ProcessNewMessage: [XT-CS] unknown deliver target [OS-Agent]
D/libEGL  ( 2399): loaded /vendor/lib/egl/libEGL_adreno.so
E/QCALOG  (  948): [MessageQ] ProcessNewMessage: [XTWWAN-PE] unknown deliver target [OS-Agent]
D/libEGL  ( 2399): loaded /vendor/lib/egl/libGLESv1_CM_adreno.so
D/libEGL  ( 2399): loaded /vendor/lib/egl/libGLESv2_adreno.so
I/ThermalEngine(  932): Sensor:batt_temp:39700 mC
I/ThermalEngine(  932): Sensor:batt_temp:39600 mC
D/libEGL  ( 2405): loaded /vendor/lib/egl/libEGL_adreno.so
D/libEGL  ( 2405): loaded /vendor/lib/egl/libGLESv1_CM_adreno.so
D/libEGL  ( 2405): loaded /vendor/lib/egl/libGLESv2_adreno.so
I/ThermalEngine(  932): Sensor:batt_temp:39700 mC
I/ThermalEngine(  932): Sensor:batt_temp:39600 mC
I/UpstartPropertyWatcher(  881): Property changed: init.svc.ppd=running
I/UpstartPropertyWatcher(  881): Property changed: init.svc.gsiff_daemon=running
I/UpstartPropertyWatcher(  881): Property changed: init.svc.quipc_igsn=running
I/UpstartPropertyWatcher(  881): Property changed: init.svc.quipc_main=running
I/UpstartPropertyWatcher(  881): Property changed: init.svc.xtwifi_inet=running
I/UpstartPropertyWatcher(  881): Property changed: init.svc.xtwifi_inet=restarting
I/UpstartPropertyWatcher(  881): Property changed: init.svc.quipc_igsn=restarting
I/UpstartPropertyWatcher(  881): Property changed: init.svc.ppd=restarting
I/UpstartPropertyWatcher(  881): Property changed: init.svc.quipc_main=restarting
I/UpstartPropertyWatcher(  881): Property changed: init.svc.gsiff_daemon=restarting
D/libEGL  ( 2411): loaded /vendor/lib/egl/libEGL_adreno.so
D/libEGL  ( 2411): loaded /vendor/lib/egl/libGLESv1_CM_adreno.so
D/libEGL  ( 2411): loaded /vendor/lib/egl/libGLESv2_adreno.so
I/ThermalEngine(  932): Sensor:batt_temp:39700 mC
E/QCALOG  (  948): [MessageQ] ProcessNewMessage: [XTWiFi-PE] unknown deliver target [OS-Agent]
E/QCALOG  (  948): [MessageQ] ProcessNewMessage: [XT-CS] unknown deliver target [OS-Agent]
E/QCALOG  (  948): [MessageQ] ProcessNewMessage: [XTWWAN-PE] unknown deliver target [OS-Agent]
I/ThermalEngine(  932): Sensor:batt_temp:39600 mC
D/libEGL  ( 2422): loaded /vendor/lib/egl/libEGL_adreno.so
D/libEGL  ( 2422): loaded /vendor/lib/egl/libGLESv1_CM_adreno.so
D/libEGL  ( 2422): loaded /vendor/lib/egl/libGLESv2_adreno.so
I/ThermalEngine(  932): Sensor:batt_temp:39800 mC
I/ThermalEngine(  932): Sensor:batt_temp:39700 mC
D/libEGL  ( 2428): loaded /vendor/lib/egl/libEGL_adreno.so
D/libEGL  ( 2428): loaded /vendor/lib/egl/libGLESv1_CM_adreno.so
D/libEGL  ( 2428): loaded /vendor/lib/egl/libGLESv2_adreno.so
I/ThermalEngine(  932): Sensor:batt_temp:39800 mC
I/UpstartPropertyWatcher(  881): Property changed: init.svc.ppd=running
I/UpstartPropertyWatcher(  881): Property changed: init.svc.gsiff_daemon=running
I/UpstartPropertyWatcher(  881): Property changed: init.svc.quipc_igsn=running
I/UpstartPropertyWatcher(  881): Property changed: init.svc.quipc_main=running
I/UpstartPropertyWatcher(  881): Property changed: init.svc.xtwifi_inet=running
I/UpstartPropertyWatcher(  881): Property changed: init.svc.gsiff_daemon=restarting
I/UpstartPropertyWatcher(  881): Property changed: init.svc.quipc_igsn=restarting
I/UpstartPropertyWatcher(  881): Property changed: init.svc.ppd=restarting
I/UpstartPropertyWatcher(  881): Property changed: init.svc.xtwifi_inet=restarting
I/UpstartPropertyWatcher(  881): Property changed: init.svc.quipc_main=restarting
I/ThermalEngine(  932): Sensor:batt_temp:39700 mC
E/QCALOG  (  948): [MessageQ] ProcessNewMessage: [XT-CS] unknown deliver target [OS-Agent]
E/QCALOG  (  948): [MessageQ] ProcessNewMessage: [XTWiFi-PE] unknown deliver target [OS-Agent]
E/QCALOG  (  948): [MessageQ] ProcessNewMessage: [XTWWAN-PE] unknown deliver target [OS-Agent]
D/libEGL  ( 2439): loaded /vendor/lib/egl/libEGL_adreno.so
D/libEGL  ( 2439): loaded /vendor/lib/egl/libGLESv1_CM_adreno.so
D/libEGL  ( 2439): loaded /vendor/lib/egl/libGLESv2_adreno.so
I/ThermalEngine(  932): Sensor:batt_temp:39800 mC
E/Sensors ( 2443): sns_fsa_la.c(83):invalid directory path 15
E/Sensors ( 2443): sns_reg_la.c(339):Error opening registry file
W/Sensors ( 2443): sns_reg_mr.c(219):File init failed 5
I/ThermalEngine(  932): Sensor:batt_temp:39700 mC
E/Sensors ( 2443): sns_debug_main.c(438):Debug Config File missing in EFS!
E/Sensors ( 2443): sns_fsa_la.c(83):invalid directory path 3
E/Sensors ( 2443): sns_init_la.c(239):Error 5 initializing sns_file_init
E/Sensors ( 2443): sns_main.c(1692):Exiting! sensor1_init failed with 5
D/libEGL  ( 2469): loaded /vendor/lib/egl/libEGL_adreno.so
D/libEGL  ( 2469): loaded /vendor/lib/egl/libGLESv1_CM_adreno.so
D/libEGL  ( 2469): loaded /vendor/lib/egl/libGLESv2_adreno.so
I/ThermalEngine(  932): Sensor:batt_temp:39800 mC
I/ThermalEngine(  932): Sensor:batt_temp:39700 mC
I/UpstartPropertyWatcher(  881): Property changed: init.svc.ppd=running
I/UpstartPropertyWatcher(  881): Property changed: init.svc.gsiff_daemon=running
I/UpstartPropertyWatcher(  881): Property changed: init.svc.quipc_igsn=running
I/UpstartPropertyWatcher(  881): Property changed: init.svc.quipc_main=running
I/UpstartPropertyWatcher(  881): Property changed: init.svc.xtwifi_inet=running
I/UpstartPropertyWatcher(  881): Property changed: init.svc.quipc_igsn=restarting
I/UpstartPropertyWatcher(  881): Property changed: init.svc.xtwifi_inet=restarting
I/UpstartPropertyWatcher(  881): Property changed: init.svc.ppd=restarting
I/UpstartPropertyWatcher(  881): Property changed: init.svc.gsiff_daemon=restarting
I/UpstartPropertyWatcher(  881): Property changed: init.svc.quipc_main=restarting
D/libEGL  ( 2475): loaded /vendor/lib/egl/libEGL_adreno.so
D/libEGL  ( 2475): loaded /vendor/lib/egl/libGLESv1_CM_adreno.so
D/libEGL  ( 2475): loaded /vendor/lib/egl/libGLESv2_adreno.so
I/ThermalEngine(  932): Sensor:batt_temp:39800 mC
E/QCALOG  (  948): [MessageQ] ProcessNewMessage: [XTWiFi-PE] unknown deliver target [OS-Agent]
E/QCALOG  (  948): [MessageQ] ProcessNewMessage: [XT-CS] unknown deliver target [OS-Agent]
E/QCALOG  (  948): [MessageQ] ProcessNewMessage: [XTWWAN-PE] unknown deliver target [OS-Agent]
I/ThermalEngine(  932): Sensor:batt_temp:39800 mC
D/libEGL  ( 2486): loaded /vendor/lib/egl/libEGL_adreno.so
D/libEGL  ( 2486): loaded /vendor/lib/egl/libGLESv1_CM_adreno.so
D/libEGL  ( 2486): loaded /vendor/lib/egl/libGLESv2_adreno.so
I/ThermalEngine(  932): Sensor:batt_temp:39800 mC
I/ThermalEngine(  932): Sensor:batt_temp:39800 mC
I/ThermalEngine(  932): Sensor:batt_temp:39800 mC
D/libEGL  ( 2492): loaded /vendor/lib/egl/libEGL_adreno.so
D/libEGL  ( 2492): loaded /vendor/lib/egl/libGLESv1_CM_adreno.so
D/libEGL  ( 2492): loaded /vendor/lib/egl/libGLESv2_adreno.so
I/ThermalEngine(  932): Sensor:batt_temp:39800 mC
I/UpstartPropertyWatcher(  881): Property changed: init.svc.ppd=running
I/UpstartPropertyWatcher(  881): Property changed: init.svc.quipc_igsn=running
I/UpstartPropertyWatcher(  881): Property changed: init.svc.quipc_main=running
I/UpstartPropertyWatcher(  881): Property changed: init.svc.xtwifi_inet=running
I/UpstartPropertyWatcher(  881): Property changed: init.svc.gsiff_daemon=running
I/UpstartPropertyWatcher(  881): Property changed: init.svc.quipc_igsn=restarting
I/UpstartPropertyWatcher(  881): Property changed: init.svc.xtwifi_inet=restarting
I/UpstartPropertyWatcher(  881): Property changed: init.svc.gsiff_daemon=restarting
I/UpstartPropertyWatcher(  881): Property changed: init.svc.quipc_main=restarting
I/UpstartPropertyWatcher(  881): Property changed: init.svc.ppd=restarting
E/QCALOG  (  948): [MessageQ] ProcessNewMessage: [XTWiFi-PE] unknown deliver target [OS-Agent]
E/QCALOG  (  948): [MessageQ] ProcessNewMessage: [XT-CS] unknown deliver target [OS-Agent]
E/QCALOG  (  948): [MessageQ] ProcessNewMessage: [XTWWAN-PE] unknown deliver target [OS-Agent]
I/ThermalEngine(  932): Sensor:batt_temp:39800 mC
D/libEGL  ( 2503): loaded /vendor/lib/egl/libEGL_adreno.so
D/libEGL  ( 2503): loaded /vendor/lib/egl/libGLESv1_CM_adreno.so
D/libEGL  ( 2503): loaded /vendor/lib/egl/libGLESv2_adreno.so
I/ThermalEngine(  932): Sensor:batt_temp:39800 mC
I/ThermalEngine(  932): Sensor:batt_temp:39800 mC
D/libEGL  ( 2509): loaded /vendor/lib/egl/libEGL_adreno.so
D/libEGL  ( 2509): loaded /vendor/lib/egl/libGLESv1_CM_adreno.so
D/libEGL  ( 2509): loaded /vendor/lib/egl/libGLESv2_adreno.so
I/ThermalEngine(  932): Sensor:batt_temp:39800 mC
I/ThermalEngine(  932): Sensor:batt_temp:39700 mC
I/UpstartPropertyWatcher(  881): Property changed: init.svc.ppd=running
I/UpstartPropertyWatcher(  881): Property changed: init.svc.gsiff_daemon=running
I/UpstartPropertyWatcher(  881): Property changed: init.svc.quipc_igsn=running
I/UpstartPropertyWatcher(  881): Property changed: init.svc.quipc_main=running
I/UpstartPropertyWatcher(  881): Property changed: init.svc.xtwifi_inet=running
I/UpstartPropertyWatcher(  881): Property changed: init.svc.ppd=restarting
I/UpstartPropertyWatcher(  881): Property changed: init.svc.quipc_igsn=restarting
I/UpstartPropertyWatcher(  881): Property changed: init.svc.gsiff_daemon=restarting
I/UpstartPropertyWatcher(  881): Property changed: init.svc.xtwifi_inet=restarting
I/UpstartPropertyWatcher(  881): Property changed: init.svc.quipc_main=restarting
D/libEGL  ( 2515): loaded /vendor/lib/egl/libEGL_adreno.so
D/libEGL  ( 2515): loaded /vendor/lib/egl/libGLESv1_CM_adreno.so
D/libEGL  ( 2515): loaded /vendor/lib/egl/libGLESv2_adreno.so
E/QCALOG  (  948): [MessageQ] ProcessNewMessage: [XTWiFi-PE] unknown deliver target [OS-Agent]
E/QCALOG  (  948): [MessageQ] ProcessNewMessage: [XT-CS] unknown deliver target [OS-Agent]
E/QCALOG  (  948): [MessageQ] ProcessNewMessage: [XTWWAN-PE] unknown deliver target [OS-Agent]
I/ThermalEngine(  932): Sensor:batt_temp:39800 mC
I/ThermalEngine(  932): Sensor:batt_temp:39700 mC
D/libEGL  ( 2526): loaded /vendor/lib/egl/libEGL_adreno.so
D/libEGL  ( 2526): loaded /vendor/lib/egl/libGLESv1_CM_adreno.so
D/libEGL  ( 2526): loaded /vendor/lib/egl/libGLESv2_adreno.so
I/ThermalEngine(  932): Sensor:batt_temp:39800 mC
I/ThermalEngine(  932): Sensor:batt_temp:39700 mC
D/libEGL  ( 2532): loaded /vendor/lib/egl/libEGL_adreno.so
D/libEGL  ( 2532): loaded /vendor/lib/egl/libGLESv1_CM_adreno.so
D/libEGL  ( 2532): loaded /vendor/lib/egl/libGLESv2_adreno.so
I/ThermalEngine(  932): Sensor:batt_temp:39900 mC
I/UpstartPropertyWatcher(  881): Property changed: init.svc.ppd=running
I/UpstartPropertyWatcher(  881): Property changed: init.svc.gsiff_daemon=running
I/UpstartPropertyWatcher(  881): Property changed: init.svc.quipc_igsn=running
I/UpstartPropertyWatcher(  881): Property changed: init.svc.quipc_main=running
I/UpstartPropertyWatcher(  881): Property changed: init.svc.xtwifi_inet=running
I/UpstartPropertyWatcher(  881): Property changed: init.svc.gsiff_daemon=restarting
I/UpstartPropertyWatcher(  881): Property changed: init.svc.quipc_igsn=restarting
I/UpstartPropertyWatcher(  881): Property changed: init.svc.xtwifi_inet=restarting
I/UpstartPropertyWatcher(  881): Property changed: init.svc.ppd=restarting
I/UpstartPropertyWatcher(  881): Property changed: init.svc.quipc_main=restarting
E/QCALOG  (  948): [MessageQ] ProcessNewMessage: [XTWiFi-PE] unknown deliver target [OS-Agent]
E/QCALOG  (  948): [MessageQ] ProcessNewMessage: [XT-CS] unknown deliver target [OS-Agent]
E/QCALOG  (  948): [MessageQ] ProcessNewMessage: [XTWWAN-PE] unknown deliver target [OS-Agent]
I/ThermalEngine(  932): Sensor:batt_temp:39700 mC
D/libEGL  ( 2543): loaded /vendor/lib/egl/libEGL_adreno.so
D/libEGL  ( 2543): loaded /vendor/lib/egl/libGLESv1_CM_adreno.so
D/libEGL  ( 2543): loaded /vendor/lib/egl/libGLESv2_adreno.so
I/ThermalEngine(  932): Sensor:batt_temp:39900 mC
I/ThermalEngine(  932): Sensor:batt_temp:39800 mC
D/libEGL  ( 2549): loaded /vendor/lib/egl/libEGL_adreno.so
D/libEGL  ( 2549): loaded /vendor/lib/egl/libGLESv1_CM_adreno.so
D/libEGL  ( 2549): loaded /vendor/lib/egl/libGLESv2_adreno.so
I/ThermalEngine(  932): Sensor:batt_temp:39900 mC
I/ThermalEngine(  932): Sensor:batt_temp:39800 mC
I/UpstartPropertyWatcher(  881): Property changed: init.svc.ppd=running
I/UpstartPropertyWatcher(  881): Property changed: init.svc.gsiff_daemon=running
I/UpstartPropertyWatcher(  881): Property changed: init.svc.quipc_igsn=running
I/UpstartPropertyWatcher(  881): Property changed: init.svc.quipc_main=running
I/UpstartPropertyWatcher(  881): Property changed: init.svc.xtwifi_inet=running
I/UpstartPropertyWatcher(  881): Property changed: init.svc.xtwifi_inet=restarting
D/libEGL  ( 2555): loaded /vendor/lib/egl/libEGL_adreno.so
I/UpstartPropertyWatcher(  881): Property changed: init.svc.quipc_igsn=restarting
D/libEGL  ( 2555): loaded /vendor/lib/egl/libGLESv1_CM_adreno.so
D/libEGL  ( 2555): loaded /vendor/lib/egl/libGLESv2_adreno.so
I/UpstartPropertyWatcher(  881): Property changed: init.svc.ppd=restarting
I/UpstartPropertyWatcher(  881): Property changed: init.svc.quipc_main=restarting
I/UpstartPropertyWatcher(  881): Property changed: init.svc.gsiff_daemon=restarting
E/QCALOG  (  948): [MessageQ] ProcessNewMessage: [XTWiFi-PE] unknown deliver target [OS-Agent]
E/QCALOG  (  948): [MessageQ] ProcessNewMessage: [XT-CS] unknown deliver target [OS-Agent]
E/QCALOG  (  948): [MessageQ] ProcessNewMessage: [XTWWAN-PE] unknown deliver target [OS-Agent]
I/ThermalEngine(  932): Sensor:batt_temp:39900 mC
I/ThermalEngine(  932): Sensor:batt_temp:39800 mC
D/libEGL  ( 2566): loaded /vendor/lib/egl/libEGL_adreno.so
D/libEGL  ( 2566): loaded /vendor/lib/egl/libGLESv1_CM_adreno.so
D/libEGL  ( 2566): loaded /vendor/lib/egl/libGLESv2_adreno.so
I/ThermalEngine(  932): Sensor:batt_temp:40000 mC
I/ThermalEngine(  932): Sensor:batt_temp:39800 mC
D/libEGL  ( 2572): loaded /vendor/lib/egl/libEGL_adreno.so
D/libEGL  ( 2572): loaded /vendor/lib/egl/libGLESv1_CM_adreno.so
D/libEGL  ( 2572): loaded /vendor/lib/egl/libGLESv2_adreno.so
I/ThermalEngine(  932): Sensor:batt_temp:39900 mC
E/QCALOG  (  948): [MessageQ] ProcessNewMessage: [XTWiFi-PE] unknown deliver target [OS-Agent]
E/QCALOG  (  948): [MessageQ] ProcessNewMessage: [XT-CS] unknown deliver target [OS-Agent]
I/UpstartPropertyWatcher(  881): Property changed: init.svc.ppd=running
I/UpstartPropertyWatcher(  881): Property changed: init.svc.gsiff_daemon=running
I/UpstartPropertyWatcher(  881): Property changed: init.svc.quipc_igsn=running
I/UpstartPropertyWatcher(  881): Property changed: init.svc.quipc_main=running
I/UpstartPropertyWatcher(  881): Property changed: init.svc.xtwifi_inet=running
E/QCALOG  (  948): [MessageQ] ProcessNewMessage: [XTWWAN-PE] unknown deliver target [OS-Agent]
I/UpstartPropertyWatcher(  881): Property changed: init.svc.quipc_igsn=restarting
I/UpstartPropertyWatcher(  881): Property changed: init.svc.ppd=restarting
I/UpstartPropertyWatcher(  881): Property changed: init.svc.xtwifi_inet=restarting
I/UpstartPropertyWatcher(  881): Property changed: init.svc.gsiff_daemon=restarting
I/UpstartPropertyWatcher(  881): Property changed: init.svc.quipc_main=restarting
I/ThermalEngine(  932): Sensor:batt_temp:39800 mC
D/libEGL  ( 2583): loaded /vendor/lib/egl/libEGL_adreno.so
D/libEGL  ( 2583): loaded /vendor/lib/egl/libGLESv1_CM_adreno.so
D/libEGL  ( 2583): loaded /vendor/lib/egl/libGLESv2_adreno.so
I/ThermalEngine(  932): Sensor:batt_temp:40000 mC
I/ThermalEngine(  932): Sensor:batt_temp:39800 mC
D/libEGL  ( 2589): loaded /vendor/lib/egl/libEGL_adreno.so
D/libEGL  ( 2589): loaded /vendor/lib/egl/libGLESv1_CM_adreno.so
D/libEGL  ( 2589): loaded /vendor/lib/egl/libGLESv2_adreno.so
I/ThermalEngine(  932): Sensor:batt_temp:40000 mC
I/ThermalEngine(  932): Sensor:batt_temp:39800 mC
E/QCALOG  (  948): [MessageQ] ProcessNewMessage: [LOWI-SERVER] unknown deliver target [OS-Agent]
E/QCALOG  (  948): [MessageQ] ProcessNewMessage: [XTWiFi-PE] unknown deliver target [OS-Agent]
E/QCALOG  (  948): [MessageQ] ProcessNewMessage: [XT-CS] unknown deliver target [OS-Agent]
E/QCALOG  (  948): [MessageQ] ProcessNewMessage: [XTWWAN-PE] unknown deliver target [OS-Agent]
I/UpstartPropertyWatcher(  881): Property changed: init.svc.ppd=running
I/UpstartPropertyWatcher(  881): Property changed: init.svc.gsiff_daemon=running
I/UpstartPropertyWatcher(  881): Property changed: init.svc.quipc_igsn=running
I/UpstartPropertyWatcher(  881): Property changed: init.svc.quipc_main=running
I/UpstartPropertyWatcher(  881): Property changed: init.svc.xtwifi_inet=running
I/UpstartPropertyWatcher(  881): Property changed: init.svc.xtwifi_inet=restarting
I/UpstartPropertyWatcher(  881): Property changed: init.svc.ppd=restarting
I/UpstartPropertyWatcher(  881): Property changed: init.svc.quipc_igsn=restarting
I/UpstartPropertyWatcher(  881): Property changed: init.svc.gsiff_daemon=restarting
I/UpstartPropertyWatcher(  881): Property changed: init.svc.quipc_main=restarting
D/libEGL  ( 2595): loaded /vendor/lib/egl/libEGL_adreno.so
D/libEGL  ( 2595): loaded /vendor/lib/egl/libGLESv1_CM_adreno.so
D/libEGL  ( 2595): loaded /vendor/lib/egl/libGLESv2_adreno.so
I/ThermalEngine(  932): Sensor:batt_temp:40000 mC
I/rmt_storage(  916): rmt_storage_connect_cb: clnt_h=0x5 conn_h=0xb7687178
I/rmt_storage(  916): rmt_storage_rw_iovec_cb: /boot/modem_fs1: clnt_h=0x1: req_h=0x9 msg_id=3: R/W request received
I/rmt_storage(  916): wakelock acquired: 1, error no: 42
I/rmt_storage(  916): rmt_storage_client_thread: /boot/modem_fs1: clnt_h=0x1 Unblock worker thread (th_id: -1217892632)
I/rmt_storage(  916): rmt_storage_client_thread: /boot/modem_fs1: clnt_h=0x1: req_h=0x9 msg_id=3: Bytes written = 1572864
I/rmt_storage(  916): rmt_storage_client_thread: /boot/modem_fs1: clnt_h=0x1: req_h=0x9 msg_id=3: Send response: res=0 err=0
I/rmt_storage(  916): rmt_storage_client_thread: /boot/modem_fs1: clnt_h=0x1 About to block rmt_storage client thread (th_id: -1217892632) wakelock released: 1, error no: 0
I/rmt_storage(  916): 
I/rmt_storage(  916): rmt_storage_disconnect_cb: clnt_h=0x0x5 conn_h=0x0xb7687178
I/ThermalEngine(  932): Sensor:batt_temp:39800 mC
I/ServiceManager( 2606): Waiting for service SurfaceFlinger...
D/libEGL  ( 2607): loaded /vendor/lib/egl/libEGL_adreno.so
D/libEGL  ( 2607): loaded /vendor/lib/egl/libGLESv1_CM_adreno.so
D/libEGL  ( 2607): loaded /vendor/lib/egl/libGLESv2_adreno.so
I/ThermalEngine(  932): Sensor:batt_temp:40000 mC
I/ServiceManager( 2606): Waiting for service SurfaceFlinger...
I/ThermalEngine(  932): Sensor:batt_temp:39800 mC
I/ServiceManager( 2606): Waiting for service SurfaceFlinger...
D/libEGL  ( 2613): loaded /vendor/lib/egl/libEGL_adreno.so
D/libEGL  ( 2613): loaded /vendor/lib/egl/libGLESv1_CM_adreno.so
D/libEGL  ( 2613): loaded /vendor/lib/egl/libGLESv2_adreno.so
I/ThermalEngine(  932): Sensor:batt_temp:40000 mC
I/ServiceManager( 2606): Waiting for service SurfaceFlinger...
E/QCALOG  (  948): [MessageQ] ProcessNewMessage: [XTWiFi-PE] unknown deliver target [OS-Agent]
E/QCALOG  (  948): [MessageQ] ProcessNewMessage: [XT-CS] unknown deliver target [OS-Agent]
E/QCALOG  (  948): [MessageQ] ProcessNewMessage: [XTWWAN-PE] unknown deliver target [OS-Agent]
I/UpstartPropertyWatcher(  881): Property changed: init.svc.ppd=running
I/UpstartPropertyWatcher(  881): Property changed: init.svc.gsiff_daemon=running
I/UpstartPropertyWatcher(  881): Property changed: init.svc.quipc_igsn=running
I/UpstartPropertyWatcher(  881): Property changed: init.svc.quipc_main=running
I/UpstartPropertyWatcher(  881): Property changed: init.svc.xtwifi_inet=running
I/UpstartPropertyWatcher(  881): Property changed: init.svc.ppd=restarting
I/UpstartPropertyWatcher(  881): Property changed: init.svc.quipc_igsn=restarting
I/UpstartPropertyWatcher(  881): Property changed: init.svc.quipc_main=restarting
I/UpstartPropertyWatcher(  881): Property changed: init.svc.xtwifi_inet=restarting
I/UpstartPropertyWatcher(  881): Property changed: init.svc.gsiff_daemon=restarting
I/ThermalEngine(  932): Sensor:batt_temp:39800 mC
I/ServiceManager( 2606): Waiting for service SurfaceFlinger...
D/libEGL  ( 2624): loaded /vendor/lib/egl/libEGL_adreno.so
D/libEGL  ( 2624): loaded /vendor/lib/egl/libGLESv1_CM_adreno.so
D/libEGL  ( 2624): loaded /vendor/lib/egl/libGLESv2_adreno.so
I/ThermalEngine(  932): Sensor:batt_temp:40000 mC
I/ServiceManager( 2606): Waiting for service SurfaceFlinger...
I/ThermalEngine(  932): Sensor:batt_temp:39800 mC
I/ServiceManager( 2606): Waiting for service SurfaceFlinger...
D/libEGL  ( 2630): loaded /vendor/lib/egl/libEGL_adreno.so
D/libEGL  ( 2630): loaded /vendor/lib/egl/libGLESv1_CM_adreno.so
D/libEGL  ( 2630): loaded /vendor/lib/egl/libGLESv2_adreno.so
I/ThermalEngine(  932): Sensor:batt_temp:40000 mC
I/ThermalEngine(  932): Sensor:batt_temp:39800 mC
E/QCALOG  (  948): [MessageQ] ProcessNewMessage: [XTWiFi-PE] unknown deliver target [OS-Agent]
E/QCALOG  (  948): [MessageQ] ProcessNewMessage: [XT-CS] unknown deliver target [OS-Agent]
E/QCALOG  (  948): [MessageQ] ProcessNewMessage: [XTWWAN-PE] unknown deliver target [OS-Agent]
I/UpstartPropertyWatcher(  881): Property changed: init.svc.ppd=running
I/UpstartPropertyWatcher(  881): Property changed: init.svc.gsiff_daemon=running
I/UpstartPropertyWatcher(  881): Property changed: init.svc.quipc_igsn=running
I/UpstartPropertyWatcher(  881): Property changed: init.svc.quipc_main=running
I/UpstartPropertyWatcher(  881): Property changed: init.svc.xtwifi_inet=running
I/UpstartPropertyWatcher(  881): Property changed: init.svc.quipc_igsn=restarting
I/UpstartPropertyWatcher(  881): Property changed: init.svc.xtwifi_inet=restarting
I/UpstartPropertyWatcher(  881): Property changed: init.svc.ppd=restarting
I/UpstartPropertyWatcher(  881): Property changed: init.svc.gsiff_daemon=restarting
I/UpstartPropertyWatcher(  881): Property changed: init.svc.quipc_main=restarting
D/libEGL  ( 2636): loaded /vendor/lib/egl/libEGL_adreno.so
D/libEGL  ( 2636): loaded /vendor/lib/egl/libGLESv1_CM_adreno.so
D/libEGL  ( 2636): loaded /vendor/lib/egl/libGLESv2_adreno.so
I/ThermalEngine(  932): Sensor:batt_temp:40000 mC
I/ThermalEngine(  932): Sensor:batt_temp:39900 mC
D/libEGL  ( 2647): loaded /vendor/lib/egl/libEGL_adreno.so
D/libEGL  ( 2647): loaded /vendor/lib/egl/libGLESv1_CM_adreno.so
D/libEGL  ( 2647): loaded /vendor/lib/egl/libGLESv2_adreno.so
I/ThermalEngine(  932): Sensor:batt_temp:40000 mC
I/ThermalEngine(  932): Sensor:batt_temp:39900 mC
D/libEGL  ( 2653): loaded /vendor/lib/egl/libEGL_adreno.so
D/libEGL  ( 2653): loaded /vendor/lib/egl/libGLESv1_CM_adreno.so
D/libEGL  ( 2653): loaded /vendor/lib/egl/libGLESv2_adreno.so
I/ThermalEngine(  932): Sensor:batt_temp:40000 mC
E/QCALOG  (  948): [MessageQ] ProcessNewMessage: [XTWiFi-PE] unknown deliver target [OS-Agent]
E/QCALOG  (  948): [MessageQ] ProcessNewMessage: [XT-CS] unknown deliver target [OS-Agent]
E/QCALOG  (  948): [MessageQ] ProcessNewMessage: [XTWWAN-PE] unknown deliver target [OS-Agent]
I/UpstartPropertyWatcher(  881): Property changed: init.svc.ppd=running
I/UpstartPropertyWatcher(  881): Property changed: init.svc.gsiff_daemon=running
I/UpstartPropertyWatcher(  881): Property changed: init.svc.quipc_igsn=running
I/UpstartPropertyWatcher(  881): Property changed: init.svc.quipc_main=running
I/UpstartPropertyWatcher(  881): Property changed: init.svc.xtwifi_inet=running
I/UpstartPropertyWatcher(  881): Property changed: init.svc.quipc_igsn=restarting
I/UpstartPropertyWatcher(  881): Property changed: init.svc.xtwifi_inet=restarting
I/UpstartPropertyWatcher(  881): Property changed: init.svc.ppd=restarting
I/UpstartPropertyWatcher(  881): Property changed: init.svc.quipc_main=restarting
I/UpstartPropertyWatcher(  881): Property changed: init.svc.gsiff_daemon=restarting
I/ThermalEngine(  932): Sensor:batt_temp:40000 mC
D/libEGL  ( 2665): loaded /vendor/lib/egl/libEGL_adreno.so
D/libEGL  ( 2665): loaded /vendor/lib/egl/libGLESv1_CM_adreno.so
D/libEGL  ( 2665): loaded /vendor/lib/egl/libGLESv2_adreno.so
I/ThermalEngine(  932): Sensor:batt_temp:40000 mC
I/ThermalEngine(  932): Sensor:batt_temp:40000 mC
D/libEGL  ( 2671): loaded /vendor/lib/egl/libEGL_adreno.so
D/libEGL  ( 2671): loaded /vendor/lib/egl/libGLESv1_CM_adreno.so
D/libEGL  ( 2671): loaded /vendor/lib/egl/libGLESv2_adreno.so
I/ThermalEngine(  932): Sensor:batt_temp:40000 mC
I/ThermalEngine(  932): Sensor:batt_temp:40000 mC
E/QCALOG  (  948): [MessageQ] ProcessNewMessage: [XTWiFi-PE] unknown deliver target [OS-Agent]
E/QCALOG  (  948): [MessageQ] ProcessNewMessage: [XT-CS] unknown deliver target [OS-Agent]
E/QCALOG  (  948): [MessageQ] ProcessNewMessage: [XTWWAN-PE] unknown deliver target [OS-Agent]
I/UpstartPropertyWatcher(  881): Property changed: init.svc.ppd=running
I/UpstartPropertyWatcher(  881): Property changed: init.svc.gsiff_daemon=running
I/UpstartPropertyWatcher(  881): Property changed: init.svc.quipc_igsn=running
I/UpstartPropertyWatcher(  881): Property changed: init.svc.quipc_main=running
I/UpstartPropertyWatcher(  881): Property changed: init.svc.xtwifi_inet=running
I/UpstartPropertyWatcher(  881): Property changed: init.svc.ppd=restarting
I/UpstartPropertyWatcher(  881): Property changed: init.svc.xtwifi_inet=restarting
I/UpstartPropertyWatcher(  881): Property changed: init.svc.quipc_igsn=restarting
I/UpstartPropertyWatcher(  881): Property changed: init.svc.quipc_main=restarting
I/UpstartPropertyWatcher(  881): Property changed: init.svc.gsiff_daemon=restarting
D/libEGL  ( 2677): loaded /vendor/lib/egl/libEGL_adreno.so
D/libEGL  ( 2677): loaded /vendor/lib/egl/libGLESv1_CM_adreno.so
D/libEGL  ( 2677): loaded /vendor/lib/egl/libGLESv2_adreno.so
I/ThermalEngine(  932): Sensor:batt_temp:40100 mC
I/ThermalEngine(  932): Sensor:batt_temp:40100 mC
F/libc    ( 2689): Fatal signal 11 (SIGSEGV) at 0x00000000 (code=1), thread 2692 (direct_input_te)
I/DEBUG   (  919): tid 2692 does not exist in pid 0. ignoring debug request
D/libEGL  ( 2688): loaded /vendor/lib/egl/libEGL_adreno.so
D/libEGL  ( 2688): loaded /vendor/lib/egl/libGLESv1_CM_adreno.so
D/libEGL  ( 2688): loaded /vendor/lib/egl/libGLESv2_adreno.so
I/ThermalEngine(  932): Sensor:batt_temp:40100 mC
I/ThermalEngine(  932): Sensor:batt_temp:40100 mC
D/libEGL  ( 2698): loaded /vendor/lib/egl/libEGL_adreno.so
D/libEGL  ( 2698): loaded /vendor/lib/egl/libGLESv1_CM_adreno.so
D/libEGL  ( 2698): loaded /vendor/lib/egl/libGLESv2_adreno.so
I/ThermalEngine(  932): Sensor:batt_temp:40100 mC
E/QCALOG  (  948): [MessageQ] ProcessNewMessage: [XTWiFi-PE] unknown deliver target [OS-Agent]
E/QCALOG  (  948): [MessageQ] ProcessNewMessage: [XT-CS] unknown deliver target [OS-Agent]
E/QCALOG  (  948): [MessageQ] ProcessNewMessage: [XTWWAN-PE] unknown deliver target [OS-Agent]
I/UpstartPropertyWatcher(  881): Property changed: init.svc.ppd=running
I/UpstartPropertyWatcher(  881): Property changed: init.svc.gsiff_daemon=running
I/UpstartPropertyWatcher(  881): Property changed: init.svc.quipc_igsn=running
I/UpstartPropertyWatcher(  881): Property changed: init.svc.quipc_main=running
I/UpstartPropertyWatcher(  881): Property changed: init.svc.xtwifi_inet=running
I/UpstartPropertyWatcher(  881): Property changed: init.svc.ppd=restarting
I/UpstartPropertyWatcher(  881): Property changed: init.svc.gsiff_daemon=restarting
I/UpstartPropertyWatcher(  881): Property changed: init.svc.quipc_igsn=restarting
I/UpstartPropertyWatcher(  881): Property changed: init.svc.quipc_main=restarting
I/UpstartPropertyWatcher(  881): Property changed: init.svc.xtwifi_inet=restarting
I/ThermalEngine(  932): Sensor:batt_temp:40100 mC
D/libEGL  ( 2712): loaded /vendor/lib/egl/libEGL_adreno.so
D/libEGL  ( 2712): loaded /vendor/lib/egl/libGLESv1_CM_adreno.so
D/libEGL  ( 2712): loaded /vendor/lib/egl/libGLESv2_adreno.so
I/ThermalEngine(  932): Sensor:batt_temp:40100 mC
I/ThermalEngine(  932): Sensor:batt_temp:40100 mC
D/libEGL  ( 2718): loaded /vendor/lib/egl/libEGL_adreno.so
D/libEGL  ( 2718): loaded /vendor/lib/egl/libGLESv1_CM_adreno.so
D/libEGL  ( 2718): loaded /vendor/lib/egl/libGLESv2_adreno.so
I/ThermalEngine(  932): Sensor:batt_temp:40100 mC
I/ThermalEngine(  932): Sensor:batt_temp:40100 mC
E/QCALOG  (  948): [MessageQ] ProcessNewMessage: [XTWiFi-PE] unknown deliver target [OS-Agent]
E/QCALOG  (  948): [MessageQ] ProcessNewMessage: [XT-CS] unknown deliver target [OS-Agent]
E/QCALOG  (  948): [MessageQ] ProcessNewMessage: [XTWWAN-PE] unknown deliver target [OS-Agent]
I/ThermalEngine(  932): Sensor:batt_temp:40100 mC
I/UpstartPropertyWatcher(  881): Property changed: init.svc.ppd=running
I/UpstartPropertyWatcher(  881): Property changed: init.svc.gsiff_daemon=running
I/UpstartPropertyWatcher(  881): Property changed: init.svc.quipc_igsn=running
I/UpstartPropertyWatcher(  881): Property changed: init.svc.quipc_main=running
I/UpstartPropertyWatcher(  881): Property changed: init.svc.xtwifi_inet=running
I/UpstartPropertyWatcher(  881): Property changed: init.svc.xtwifi_inet=restarting
I/UpstartPropertyWatcher(  881): Property changed: init.svc.ppd=restarting
I/UpstartPropertyWatcher(  881): Property changed: init.svc.quipc_igsn=restarting
I/UpstartPropertyWatcher(  881): Property changed: init.svc.quipc_main=restarting
I/UpstartPropertyWatcher(  881): Property changed: init.svc.gsiff_daemon=restarting
D/libEGL  ( 2724): loaded /vendor/lib/egl/libEGL_adreno.so
D/libEGL  ( 2724): loaded /vendor/lib/egl/libGLESv1_CM_adreno.so
D/libEGL  ( 2724): loaded /vendor/lib/egl/libGLESv2_adreno.so
I/ThermalEngine(  932): Sensor:batt_temp:40100 mC
I/ThermalEngine(  932): Sensor:batt_temp:40100 mC
D/libEGL  ( 2735): loaded /vendor/lib/egl/libEGL_adreno.so
D/libEGL  ( 2735): loaded /vendor/lib/egl/libGLESv1_CM_adreno.so
D/libEGL  ( 2735): loaded /vendor/lib/egl/libGLESv2_adreno.so
I/ThermalEngine(  932): Sensor:batt_temp:40100 mC
I/ThermalEngine(  932): Sensor:batt_temp:40000 mC
I/UpstartPropertyWatcher(  881): Property changed: init.svc.ppd=running
I/UpstartPropertyWatcher(  881): Property changed: init.svc.gsiff_daemon=running
I/UpstartPropertyWatcher(  881): Property changed: init.svc.quipc_igsn=running
I/UpstartPropertyWatcher(  881): Property changed: init.svc.quipc_main=running
I/UpstartPropertyWatcher(  881): Property changed: init.svc.xtwifi_inet=running
I/UpstartPropertyWatcher(  881): Property changed: init.svc.quipc_igsn=restarting
I/UpstartPropertyWatcher(  881): Property changed: init.svc.xtwifi_inet=restarting
I/UpstartPropertyWatcher(  881): Property changed: init.svc.ppd=restarting
D/libEGL  ( 2741): loaded /vendor/lib/egl/libEGL_adreno.so
D/libEGL  ( 2741): loaded /vendor/lib/egl/libGLESv1_CM_adreno.so
I/UpstartPropertyWatcher(  881): Property changed: init.svc.gsiff_daemon=restarting
D/libEGL  ( 2741): loaded /vendor/lib/egl/libGLESv2_adreno.so
I/UpstartPropertyWatcher(  881): Property changed: init.svc.quipc_main=restarting
E/QCALOG  (  948): [MessageQ] ProcessNewMessage: [XTWiFi-PE] unknown deliver target [OS-Agent]
E/QCALOG  (  948): [MessageQ] ProcessNewMessage: [XT-CS] unknown deliver target [OS-Agent]
E/QCALOG  (  948): [MessageQ] ProcessNewMessage: [XTWWAN-PE] unknown deliver target [OS-Agent]
I/ThermalEngine(  932): Sensor:batt_temp:40100 mC
I/ThermalEngine(  932): Sensor:batt_temp:40000 mC
D/libEGL  ( 2752): loaded /vendor/lib/egl/libEGL_adreno.so
D/libEGL  ( 2752): loaded /vendor/lib/egl/libGLESv1_CM_adreno.so
D/libEGL  ( 2752): loaded /vendor/lib/egl/libGLESv2_adreno.so
I/ThermalEngine(  932): Sensor:batt_temp:40100 mC
E/wcnss_service( 2758): source file do not exist /system/etc/wifi/WCNSS_qcom_cfg.ini
E/QMI_FW  ( 2758): QMUXD: WARNING qmi_qmux_if_pwr_up_init failed! rc=-1
E/QMI_FW  ( 2758): QMUXD: WARNING qmi_qmux_if_pwr_up_init failed! rc=-1
E/QMI_FW  ( 2758): QMUXD: WARNING qmi_qmux_if_pwr_up_init failed! rc=-1
E/QMI_FW  ( 2758): QMUXD: WARNING qmi_qmux_if_pwr_up_init failed! rc=-1
E/QMI_FW  ( 2758): QMUXD: WARNING qmi_qmux_if_pwr_up_init failed! rc=-1
E/QMI_FW  ( 2758): QMUXD: WARNING qmi_qmux_if_pwr_up_init failed! rc=-1
E/QMI_FW  ( 2758): QMUXD: WARNING qmi_qmux_if_pwr_up_init failed! rc=-1
E/QMI_FW  ( 2758): QMUXD: WARNING qmi_qmux_if_pwr_up_init failed! rc=-1
E/QMI_FW  ( 2758): QMUXD: WARNING qmi_qmux_if_pwr_up_init failed! rc=-1
E/QMI_FW  ( 2758): QMUXD: WARNING qmi_qmux_if_pwr_up_init failed! rc=-1
E/QMI_FW  ( 2758): QMUXD: WARNING qmi_qmux_if_pwr_up_init failed! rc=-1
E/QMI_FW  ( 2758): QMUXD: WARNING qmi_qmux_if_pwr_up_init failed! rc=-1
E/QMI_FW  ( 2758): QMUXD: WARNING qmi_qmux_if_pwr_up_init failed! rc=-1
E/QMI_FW  ( 2758): QMUXD: WARNING qmi_qmux_if_pwr_up_init failed! rc=-1
E/QMI_FW  ( 2758): QMUXD: WARNING qmi_qmux_if_pwr_up_init failed! rc=-1
E/QMI_XIAOMI( 2758): qmi_xiaomi: inc async 1
E/QMI_XIAOMI( 2758): qmi_xiaomi: dec sync flag 0
I/wcnss_xiaomi( 2758): Found MAC address: 28:e3:1f:5a:3b:de
E/wcnss_service( 2758): WLAN MAC Addr:28:e3:1f:5a:3b:de
E/wcnss_service( 2758): Failed to open /dev/wcnss_ctrl : Bad address
I/wcnss_service( 2758): wcnss_write_cal_data trying to write cal
E/wcnss_service( 2758): Failed to stat cal file : No such file or directory
E/wcnss_service( 2758): No cal data is written to WCNSS -1
I/wcnss_service( 2758): wcnss_read_and_store_cal_data trying to read cal
I/ThermalEngine(  932): Sensor:batt_temp:40000 mC
D/libEGL  ( 2761): loaded /vendor/lib/egl/libEGL_adreno.so
D/libEGL  ( 2761): loaded /vendor/lib/egl/libGLESv1_CM_adreno.so
D/libEGL  ( 2761): loaded /vendor/lib/egl/libGLESv2_adreno.so
I/ThermalEngine(  932): Sensor:batt_temp:40100 mC
E/QCALOG  (  948): [MessageQ] ProcessNewMessage: [XTWiFi-PE] unknown deliver target [OS-Agent]
E/QCALOG  (  948): [MessageQ] ProcessNewMessage: [XT-CS] unknown deliver target [OS-Agent]
E/QCALOG  (  948): [MessageQ] ProcessNewMessage: [XTWWAN-PE] unknown deliver target [OS-Agent]
