D/QSEECOMD: ( 1164): RPMB system services: Started (Listener ID = 8192)
E/QSEECOMD: ( 1164): Listener: index = 1, hierarchy = 1
D/QSEECOMD: ( 1164): Init dlopen(libssd.so, RTLD_NOW) succeeds
D/QSEECOMD: ( 1164): Init::Init dlsym(g_FSHandle ssd_start) succeeds
D/QSEECOMAPI: ( 1164): QSEECom_register_listener 12288 sb_length = 0x5000
D/QSEECOMD: ( 1164): Init ssd_start ret = 0
D/QSEECOMD: ( 1164): SSD system services: Started (Listener ID = 12288)
E/QSEECOMD: ( 1164): Listener: index = 2, hierarchy = 1
E/QSEECOMD: ( 1164): Init dlopen(libsecureui.so, RLTD_NOW) is failed....
E/QSEECOMD: ( 1164): Listener: index = 3, hierarchy = 1
D/QSEECOMD: ( 1164): Init dlopen(libdrmtime.so, RTLD_NOW) succeeds
D/QSEECOMD: ( 1164): Init::Init dlsym(g_FSHandle atime_start) succeeds
D/QSEECOMAPI: ( 1164): QSEECom_register_listener 11 sb_length = 0x5000
D/QSEECOMD: ( 1164): Init atime_start ret = 0
D/QSEECOMD: ( 1164): time services: Started (Listener ID = 11)
E/QSEECOMD: ( 1164): Listener: index = 4, hierarchy = 1
D/QSEECOMD: ( 1164): Init dlopen(libdrmfs.so, RTLD_NOW) succeeds
D/QSEECOMD: ( 1164): Init::Init dlsym(g_FSHandle fs_start) succeeds
D/QSEECOMAPI: ( 1164): QSEECom_register_listener 10 sb_length = 0x5000
D/QSEECOMD: ( 1164): Init fs_start ret = 0
D/QSEECOMD: ( 1164): file system services: Started (Listener ID = 10)
D/QSEECOMD: ( 1164): QSEECOM DAEMON RUNNING 
I/UpstartPropertyWatcher(  991): Property changed: persist.radio.adb_log_on=0
I/UpstartPropertyWatcher(  991): Property changed: ro.qualcomm.bluetooth.map=true
E/mm-camera-sensor( 1050): sensor_probe:117 failed: to load imx134
E/mm-camera-sensor( 1050): sensor_init_probe:123 failed: to load imx134
E/mm-camera-sensor( 1050): sensor_probe:117 failed: to load imx135
E/mm-camera-sensor( 1050): sensor_init_probe:123 failed: to load imx135
E/mm-camera-sensor( 1050): sensor_probe:117 failed: to load s5k3l1yx
E/mm-camera-sensor( 1050): sensor_init_probe:123 failed: to load s5k3l1yx
E/mm-camera-sensor( 1050): sensor_probe:117 failed: to load imx214
E/mm-camera-sensor( 1050): sensor_init_probe:123 failed: to load imx214
E/mm-camera-sensor( 1050): sensor_probe:117 failed: to load imx132
E/mm-camera-sensor( 1050): sensor_init_probe:123 failed: to load imx132
I/UpstartPropertyWatcher(  991): Property changed: ro.bluetooth.hfp.ver=1.6
E/mm-camera-sensor( 1050): sensor_probe:117 failed: to load ov2720
E/mm-camera-sensor( 1050): sensor_init_probe:123 failed: to load ov2720
E/mm-camera-sensor( 1050): sensor_probe:117 failed: to load SKUAA_ST_gc0339
E/mm-camera-sensor( 1050): sensor_init_probe:123 failed: to load SKUAA_ST_gc0339
E/mm-camera-sensor( 1050): sensor_probe:117 failed: to load ov8825
E/mm-camera-sensor( 1050): sensor_init_probe:123 failed: to load ov8825
E/mm-camera-sensor( 1050): sensor_probe:117 failed: to load ov9724
E/mm-camera-sensor( 1050): sensor_init_probe:123 failed: to load ov9724
E/mm-camera-sensor( 1050): sensor_probe:117 failed: to load ov8865_q8v18a
E/mm-camera-sensor( 1050): sensor_init_probe:123 failed: to load ov8865_q8v18a
E/mm-camera-sensor( 1050): sensor_probe:117 failed: to load ov5648_oty5f03
E/mm-camera-sensor( 1050): sensor_init_probe:123 failed: to load ov5648_oty5f03
E/mm-camera-sensor( 1050): sensor_probe:117 failed: to load skuf_ov12830_p12v01c
E/mm-camera-sensor( 1050): sensor_init_probe:123 failed: to load skuf_ov12830_p12v01c
E/mm-camera-sensor( 1050): sensor_probe:117 failed: to load skuf_ov5648_p5v23c
E/mm-camera-sensor( 1050): sensor_init_probe:123 failed: to load skuf_ov5648_p5v23c
I/UpstartPropertyWatcher(  991): Property changed: ro.qualcomm.bt.hci_transport=smd
E/mm-camera-sensor( 1050): sensor_probe:117 failed: to load SKUAB_ST_s5k4e1
E/mm-camera-sensor( 1050): sensor_init_probe:123 failed: to load SKUAB_ST_s5k4e1
E/mm-camera-sensor( 1050): sensor_probe:117 failed: to load skuab_shinetech_gc0339
E/mm-camera-sensor( 1050): sensor_init_probe:123 failed: to load skuab_shinetech_gc0339
E/mm-camera-sensor( 1050): sensor_probe:117 failed: to load oem_camera1
E/mm-camera-sensor( 1050): sensor_init_probe:123 failed: to load oem_camera1
E/mm-camera-sensor( 1050): sensor_probe:117 failed: to load oem_camera2
E/mm-camera-sensor( 1050): sensor_init_probe:123 failed: to load oem_camera2
E/mm-camera-sensor( 1050): sensor_probe:117 failed: to load oem_camera3
E/mm-camera-sensor( 1050): sensor_init_probe:123 failed: to load oem_camera3
E/mm-camera-sensor( 1050): sensor_probe:117 failed: to load oem_camera4
E/mm-camera-sensor( 1050): sensor_init_probe:123 failed: to load oem_camera4
I/qcom-bluetooth( 1176): /system/etc/init.qcom.bt.sh: Bluetooth stack is Bluedroid 
I/UpstartPropertyWatcher(  991): Property changed: init.svc.config_bluetooth=stopped
D/CameraService( 1022): virtual bool {anonymous}::TrustAgentRegistry::threadLoop() start
I/UpstartPropertyWatcher(  991): Property changed: persist.radio.adb_log_on=0
I/audit_log( 1018): Previous audit logfile not detected
E/adsprpc ( 1033): vendor/qcom/proprietary/adsprpc/src/listener_android.c:107:listener using ion heap: -1
I/UpstartPropertyWatcher(  991): Property changed: init.svc.ppd=running
I/UpstartPropertyWatcher(  991): Property changed: init.svc.gsiff_daemon=running
I/UpstartPropertyWatcher(  991): Property changed: init.svc.quipc_igsn=running
I/UpstartPropertyWatcher(  991): Property changed: init.svc.quipc_main=running
I/ThermalEngine( 1030): Thermal daemon started
I/ThermalEngine( 1030): devices_manager_init: Init
I/ThermalEngine( 1030): Number of gpus :1
I/Thermal-IOCTL( 1030): KTM IOCTL interface "/dev/msm_thermal_query" opened
E/adsprpc ( 1033): vendor/qcom/proprietary/adsprpc/src/apps_std_imp.c:33:apps_std fopen failed: ./oemconfig.so No such file or directory
E/adsprpc ( 1033): vendor/qcom/proprietary/adsprpc/src/apps_std_imp.c:33:apps_std fopen failed: /system/lib/rfsa/adsp/./oemconfig.so No such file or directory
I/ThermalEngine( 1030): vdd_rstr_init: Init KTM VDD RSTR enabled: 0
I/ThermalEngine( 1030): sensors_manager_init: Init
E/adsprpc ( 1033): vendor/qcom/proprietary/adsprpc/src/apps_std_imp.c:33:apps_std fopen failed: /system/vendor/lib/rfsa/adsp/./oemconfig.so No such file or directory
E/adsprpc ( 1033): vendor/qcom/proprietary/adsprpc/src/../inc/mod_table_imp.h:346::error: 2: 0 == (nErr = invoke_func_ptr(sc, pra))
D/installd( 1023): Upgrading to shared /data/media/obb
E/adsprpc ( 1033): vendor/qcom/proprietary/adsprpc/src/apps_std_imp.c:33:apps_std fopen failed: ./voiceproc_tx.so No such file or directory
E/adsprpc ( 1033): vendor/qcom/proprietary/adsprpc/src/apps_std_imp.c:33:apps_std fopen failed: /system/lib/rfsa/adsp/./voiceproc_tx.so No such file or directory
E/adsprpc ( 1033): vendor/qcom/proprietary/adsprpc/src/apps_std_imp.c:33:apps_std fopen failed: /system/vendor/lib/rfsa/adsp/./voiceproc_tx.so No such file or directory
E/adsprpc ( 1033): vendor/qcom/proprietary/adsprpc/src/../inc/mod_table_imp.h:346::error: 2: 0 == (nErr = invoke_func_ptr(sc, pra))
E/adsprpc ( 1033): vendor/qcom/proprietary/adsprpc/src/apps_std_imp.c:33:apps_std fopen failed: ./voiceproc_rx.so No such file or directory
E/adsprpc ( 1033): vendor/qcom/proprietary/adsprpc/src/apps_std_imp.c:33:apps_std fopen failed: /system/lib/rfsa/adsp/./voiceproc_rx.so No such file or directory
E/adsprpc ( 1033): vendor/qcom/proprietary/adsprpc/src/apps_std_imp.c:33:apps_std fopen failed: /system/vendor/lib/rfsa/adsp/./voiceproc_rx.so No such file or directory
E/adsprpc ( 1033): vendor/qcom/proprietary/adsprpc/src/../inc/mod_table_imp.h:346::error: 2: 0 == (nErr = invoke_func_ptr(sc, pra))
E/mm-camera( 1050): isp_util_gen_hws_caps: integrating kernel vfe is pending
E/mm-camera( 1050): isp_tintless_create: using BE stats for tintless!, isp main version = 28
E/mm-camera( 1050): isp_tintless_open_version: E: 40
E/mm-camera( 1050): gyro_module_init: Enter
E/mm-camera( 1050): gyro_module_init: Exit successful
I/UpstartPropertyWatcher(  991): Property changed: init.svc.location_mq=running
I/UpstartPropertyWatcher(  991): Property changed: init.svc.xtwifi_inet=running
I/ThermalEngine( 1030): BCL sensors setup done.
I/ThermalEngine( 1030): Using target config file '/system/etc/thermal-engine-8226.conf'
E/mm-camera( 1050): cpp_hardware_load_firmware:368, cpphw->hwinfo.version = 0x20000000
I/ThermalEngine( 1030): Loading config file for virtual sensor
E/ThermalEngine( 1030): virtual_sensors_init: Error getting virtual sensors set
I/ThermalEngine( 1030): [BATTERY_MONITOR]
I/ThermalEngine( 1030): algo_type monitor
I/ThermalEngine( 1030): sampling 1000
I/ThermalEngine( 1030): sensor batt_temp
I/ThermalEngine( 1030): thresholds 44000 47000 50000 53000 56000
I/ThermalEngine( 1030): thresholds_clr 42000 45000 48000 51000 54000
I/ThermalEngine( 1030): actions cpu+hotplug_2+hotplug_3 cpu+hotplug_3 cpu+hotplug_3 cpu cpu
I/ThermalEngine( 1030): action_info 1190400+1+0 998400+1 787200+1 600000 384000
I/ThermalEngine( 1030): [CPU2-3_MONITOR]
I/ThermalEngine( 1030): algo_type monitor
I/ThermalEngine( 1030): sampling 1000
I/ThermalEngine( 1030): sensor cpu2-3
I/ThermalEngine( 1030): thresholds 120000
I/ThermalEngine( 1030): thresholds_clr 115000
I/ThermalEngine( 1030): actions shutdown
I/ThermalEngine( 1030): action_info 5000
I/ThermalEngine( 1030): [CPU0-1_MONITOR]
I/ThermalEngine( 1030): algo_type monitor
I/ThermalEngine( 1030): sampling 1000
I/ThermalEngine( 1030): sensor cpu0-1
I/ThermalEngine( 1030): thresholds 120000
I/ThermalEngine( 1030): thresholds_clr 115000
I/ThermalEngine( 1030): actions shutdown
I/ThermalEngine( 1030): action_info 5000
I/ThermalEngine( 1030): [VDD_RSTR_MONITOR-TSENS5]
I/ThermalEngine( 1030): #algo_type monitor
I/ThermalEngine( 1030): sampling 1000
I/ThermalEngine( 1030): sensor tsens_tz_sensor5
I/ThermalEngine( 1030): thresholds 5000
I/ThermalEngine( 1030): thresholds_clr 10000
I/ThermalEngine( 1030): actions vdd_restriction
I/ThermalEngine( 1030): action_info 1
I/ThermalEngine( 1030): descending
I/ThermalEngine( 1030): [VDD_RSTR_MONITOR-TSENS4]
I/ThermalEngine( 1030): #algo_type monitor
I/ThermalEngine( 1030): sampling 1000
I/ThermalEngine( 1030): sensor tsens_tz_sensor4
I/ThermalEngine( 1030): thresholds 5000
I/ThermalEngine( 1030): thresholds_clr 10000
I/ThermalEngine( 1030): actions vdd_restriction
I/ThermalEngine( 1030): action_info 1
I/ThermalEngine( 1030): descending
I/ThermalEngine( 1030): [VDD_RSTR_MONITOR-TSENS3]
I/ThermalEngine( 1030): #algo_type monitor
I/ThermalEngine( 1030): sampling 1000
I/ThermalEngine( 1030): sensor tsens_tz_sensor3
I/ThermalEngine( 1030): thresholds 5000
I/ThermalEngine( 1030): thresholds_clr 10000
I/ThermalEngine( 1030): actions vdd_restriction
I/ThermalEngine( 1030): action_info 1
I/ThermalEngine( 1030): descending
I/ThermalEngine( 1030): [VDD_RSTR_MONITOR-TSENS2]
I/ThermalEngine( 1030): #algo_type monitor
I/ThermalEngine( 1030): sampling 1000
I/ThermalEngine( 1030): sensor tsens_tz_sensor2
I/ThermalEngine( 1030): thresholds 5000
I/ThermalEngine( 1030): thresholds_clr 10000
I/ThermalEngine( 1030): actions vdd_restriction
I/ThermalEngine( 1030): action_info 1
I/ThermalEngine( 1030): descending
I/ThermalEngine( 1030): [VDD_RSTR_MONITOR-TSENS1]
I/ThermalEngine( 1030): #algo_type monitor
I/ThermalEngine( 1030): sampling 1000
I/ThermalEngine( 1030): sensor tsens_tz_sensor1
I/ThermalEngine( 1030): thresholds 5000
I/ThermalEngine( 1030): thresholds_clr 10000
I/ThermalEngine( 1030): actions vdd_restriction
I/ThermalEngine( 1030): action_info 1
I/ThermalEngine( 1030): descending
I/ThermalEngine( 1030): [VDD_RSTR_MONITOR-TSENS0]
I/ThermalEngine( 1030): #algo_type monitor
I/ThermalEngine( 1030): sampling 1000
I/ThermalEngine( 1030): sensor tsens_tz_sensor0
I/ThermalEngine( 1030): thresholds 5000
I/ThermalEngine( 1030): thresholds_clr 10000
I/ThermalEngine( 1030): actions vdd_restriction
I/ThermalEngine( 1030): action_info 1
I/ThermalEngine( 1030): descending
I/ThermalEngine( 1030): [SS-POPMEM]
I/ThermalEngine( 1030): #algo_type ss
I/ThermalEngine( 1030): sampling 1000
I/ThermalEngine( 1030): sensor pop_mem
I/ThermalEngine( 1030): device cpu
I/ThermalEngine( 1030): set_point 90000
I/ThermalEngine( 1030): set_point_clr 55000
I/ThermalEngine( 1030): time_constant 2
I/ThermalEngine( 1030): [SS-CPU2-3]
I/ThermalEngine( 1030): #algo_type ss
I/ThermalEngine( 1030): sampling 250
I/ThermalEngine( 1030): sensor cpu2-3
I/ThermalEngine( 1030): device cpu
I/ThermalEngine( 1030): set_point 90000
I/ThermalEngine( 1030): set_point_clr 55000
I/ThermalEngine( 1030): time_constant 0
I/ThermalEngine( 1030): [SS-CPU0-1]
E/wcnss_service( 1055): source file do not exist /system/etc/wifi/WCNSS_qcom_cfg.ini
I/ThermalEngine( 1030): #algo_type ss
I/ThermalEngine( 1030): sampling 250
I/ThermalEngine( 1030): sensor cpu0-1
I/ThermalEngine( 1030): device cpu
I/ThermalEngine( 1030): set_point 90000
I/ThermalEngine( 1030): set_point_clr 55000
I/ThermalEngine( 1030): time_constant 0
I/ThermalEngine( 1030): Sensor:tsens_tz_sensor3:57000 mC
I/ThermalEngine( 1030): Sensor:tsens_tz_sensor3:57000 mC
I/ThermalEngine( 1030): Sensor:tsens_tz_sensor2:80000 mC
I/ThermalEngine( 1030): Sensor:tsens_tz_sensor5:76000 mC
I/ThermalEngine( 1030): Sensor:tsens_tz_sensor5:76000 mC
I/ThermalEngine( 1030): Sensor:batt_temp:38100 mC
I/ThermalEngine( 1030): Sensor:tsens_tz_sensor2:80000 mC
I/ThermalEngine( 1030): Sensor:tsens_tz_sensor5:76000 mC
I/ThermalEngine( 1030): Sensor:tsens_tz_sensor5:76000 mC
I/ThermalEngine( 1030): Sensor:tsens_tz_sensor4:58000 mC
I/ThermalEngine( 1030): Sensor:tsens_tz_sensor4:58000 mC
I/ThermalEngine( 1030): Sensor:tsens_tz_sensor3:57000 mC
I/ThermalEngine( 1030): Sensor:tsens_tz_sensor2:80000 mC
I/ThermalEngine( 1030): Sensor:tsens_tz_sensor2:80000 mC
I/ThermalEngine( 1030): Sensor:tsens_tz_sensor1:58000 mC
D/WLAN_PSA( 1029): FTM Test App: Diag_LSM_Init succeeded with 1 retries. 
D/WLAN_PSA( 1029): PTT_SOCKET_APP Init done, wait clients
I/UpstartPropertyWatcher(  991): Property changed: init.svc.xtwifi_client=running
I/ThermalEngine( 1030): Sensor:tsens_tz_sensor1:58000 mC
I/ThermalEngine( 1030): Sensor:tsens_tz_sensor0:67000 mC
I/ThermalEngine( 1030): vdd_restrict_qmi_request: MODEM req level(0) is recorded and waiting for completing QMI registration
I/ThermalEngine( 1030): vdd_restrict_qmi_request: ADSP req level(0) is recorded and waiting for completing QMI registration
I/ThermalEngine( 1030): hotplug_ktm_disable_cb: write out 0
I/ThermalEngine( 1030): Sensor:tsens_tz_sensor0:67000 mC
D/QC-time-services( 1052): Daemon:genoff_pre_init::Base = 0
D/QC-time-services( 1052): Daemon:ats_rtc_init: Time read from RTC -- year = 115, month = 11,day = 1
I/qrngd   ( 1031): qrngd has started:
I/qrngd   ( 1031): Reading device:'/dev/hw_random' updating entropy for device:'/dev/random'
I/UpstartPropertyWatcher(  991): Property changed: init.svc.lowi-server=running
I/UpstartPropertyWatcher(  991): Property changed: init.svc.quipc_igsn=restarting
I/UpstartPropertyWatcher(  991): Property changed: init.svc.xtwifi_inet=restarting
I/UpstartPropertyWatcher(  991): Property changed: ril.qcril_pre_init_lock_held=1
I/irsc_util( 1024): irsc tool created:0xb7c43020
I/irsc_util( 1024): Starting irsc tool
I/irsc_util( 1024): Trying to open sec config file
I/UpstartPropertyWatcher(  991): Property changed: ro.qualcomm.bluetooth.opp=true
I/UpstartPropertyWatcher(  991): Property changed: init.svc.gsiff_daemon=restarting
E/mm-camera( 1050): server_process_module_init:59, int mods
E/mm-camera-sensor( 1050): module_sensor_init:4145 Enter
E/mm-camera-sensor( 1050): sensor_probe:117 failed: to load s5k3l2_q13s01b
E/mm-camera-sensor( 1050): sensor_init_probe:123 failed: to load s5k3l2_q13s01b
E/mm-camera-sensor( 1050): sensor_probe:117 failed: to load s5k3l2_omiba01
E/mm-camera-sensor( 1050): sensor_init_probe:123 failed: to load s5k3l2_omiba01
E/mm-camera-sensor( 1050): sensor_probe:117 failed: to load ov5693_p5v40a
E/mm-camera-sensor( 1050): sensor_init_probe:123 failed: to load ov5693_p5v40a
E/mm-camera-sensor( 1050): sensor_probe:117 failed: to load ov5693_olq5f08
E/mm-camera-sensor( 1050): sensor_init_probe:123 failed: to load ov5693_olq5f08
I/ThermalEngine( 1030): Sensor:batt_temp:38100 mC
I/irsc_util( 1024): file_parser Number of element :0
I/irsc_util( 1024): file_parser Invalid Format or Comment - '/* IPC Security Config */
I/irsc_util( 1024): '
I/irsc_util( 1024): file_parser Number of element :0
I/irsc_util( 1024): file_parser Invalid Format or Comment - '/* <GPS QMI Service ID - 16>:<GPS QMI Instance ID - all instances>:<Client Group ID> */
I/irsc_util( 1024): '
D/QC-time-services( 1052): Daemon:Value read from RTC seconds = 1449001976000
D/QC-time-services( 1052): Daemon:genoff_init_config: ATS_RTC initialized
D/QC-time-services( 1052): Daemon:genoff_pre_init::Base = 1
D/QC-time-services( 1052): Daemon: Storage Name: ats_1 
D/QC-time-services( 1052): Daemon:Opening File: /data/time/ats_1
D/QC-time-services( 1052): Daemon:time_persistent_memory_opr:Genoff Read operation 
D/QC-time-services( 1052): Daemon:Unable to open filefor read
D/QC-time-services( 1052): Daemon:genoff_post_init:Error in accessing storage
D/QC-time-services( 1052): Daemon:genoff_pre_init::Base = 2
D/QC-time-services( 1052): Daemon: Storage Name: ats_2 
D/QC-time-services( 1052): Daemon:Opening File: /data/time/ats_2
D/QC-time-services( 1052): Daemon:time_persistent_memory_opr:Genoff Read operation 
D/QC-time-services( 1052): Daemon:Unable to open filefor read
D/QC-time-services( 1052): Daemon:genoff_post_init:Error in accessing storage
D/QC-time-services( 1052): Daemon:genoff_pre_init::Base = 3
D/QC-time-services( 1052): Daemon: Storage Name: ats_3 
D/QC-time-services( 1052): Daemon:Opening File: /data/time/ats_3
D/QC-time-services( 1052): Daemon:time_persistent_memory_opr:Genoff Read operation 
D/QC-time-services( 1052): Daemon:Unable to open filefor read
D/QC-time-services( 1052): Daemon:genoff_post_init:Error in accessing storage
D/QC-time-services( 1052): Daemon:genoff_pre_init::Base = 4
D/QC-time-services( 1052): Daemon: Storage Name: ats_4 
D/QC-time-services( 1052): Daemon:Opening File: /data/time/ats_4
D/QC-time-services( 1052): Daemon:time_persistent_memory_opr:Genoff Read operation 
D/QC-time-services( 1052): Daemon:Unable to open filefor read
D/QC-time-services( 1052): Daemon:genoff_post_init:Error in accessing storage
D/QC-time-services( 1052): Daemon:genoff_pre_init::Base = 5
D/QC-time-services( 1052): Daemon: Storage Name: ats_5 
D/QC-time-services( 1052): Daemon:Opening File: /data/time/ats_5
D/QC-time-services( 1052): Daemon:time_persistent_memory_opr:Genoff Read operation 
I/irsc_util( 1024): file_parser Number of element :4
D/QC-time-services( 1052): Daemon:Unable to open filefor read
D/QC-time-services( 1052): Daemon:genoff_post_init:Error in accessing storage
D/QC-time-services( 1052): Daemon:genoff_pre_init::Base = 6
D/QC-time-services( 1052): Daemon: Storage Name: ats_6 
D/QC-time-services( 1052): Daemon:Opening File: /data/time/ats_6
D/QC-time-services( 1052): Daemon:time_persistent_memory_opr:Genoff Read operation 
I/irsc_util( 1024): file_parser Number of element :5
D/QC-time-services( 1052): Daemon:Unable to open filefor read
D/QC-time-services( 1052): Daemon:genoff_post_init:Error in accessing storage
D/QC-time-services( 1052): Daemon:genoff_pre_init::Base = 7
D/QC-time-services( 1052): Daemon: Storage Name: ats_7 
D/QC-time-services( 1052): Daemon:Opening File: /data/time/ats_7
D/QC-time-services( 1052): Daemon:time_persistent_memory_opr:Genoff Read operation 
D/QC-time-services( 1052): Daemon:Unable to open filefor read
D/QC-time-services( 1052): Daemon:genoff_post_init:Error in accessing storage
D/QC-time-services( 1052): Daemon:genoff_pre_init::Base = 8
D/QC-time-services( 1052): Daemon: Storage Name: ats_8 
D/QC-time-services( 1052): Daemon:Opening File: /data/time/ats_8
D/QC-time-services( 1052): Daemon:time_persistent_memory_opr:Genoff Read operation 
D/QC-time-services( 1052): Daemon:Unable to open filefor read
D/QC-time-services( 1052): Daemon:genoff_post_init:Error in accessing storage
D/QC-time-services( 1052): Daemon:genoff_pre_init::Base = 9
D/QC-time-services( 1052): Daemon: Storage Name: ats_9 
D/QC-time-services( 1052): Daemon:Opening File: /data/time/ats_9
D/QC-time-services( 1052): Daemon:time_persistent_memory_opr:Genoff Read operation 
D/QC-time-services( 1052): Daemon:Unable to open filefor read
D/QC-time-services( 1052): Daemon:genoff_post_init:Error in accessing storage
D/QC-time-services( 1052): Daemon:genoff_pre_init::Base = 10
D/QC-time-services( 1052): Daemon: Storage Name: ats_10 
D/QC-time-services( 1052): Daemon:Opening File: /data/time/ats_10
D/QC-time-services( 1052): Daemon:time_persistent_memory_opr:Genoff Read operation 
D/QC-time-services( 1052): Daemon:Unable to open filefor read
D/QC-time-services( 1052): Daemon:genoff_post_init:Error in accessing storage
D/QC-time-services( 1052): Daemon:genoff_pre_init::Base = 11
D/QC-time-services( 1052): Daemon: Storage Name: ats_11 
D/QC-time-services( 1052): Daemon:Opening File: /data/time/ats_11
D/QC-time-services( 1052): Daemon:time_persistent_memory_opr:Genoff Read operation 
D/QC-time-services( 1052): Daemon:Unable to open filefor read
D/QC-time-services( 1052): Daemon:genoff_post_init:Error in accessing storage
D/QC-time-services( 1052): Daemon:genoff_pre_init::Base = 12
D/QC-time-services( 1052): Daemon: Storage Name: ats_12 
D/QC-time-services( 1052): Daemon:Opening File: /data/time/ats_12
D/QC-time-services( 1052): Daemon:time_persistent_memory_opr:Genoff Read operation 
D/QC-time-services( 1052): Daemon:Unable to open filefor read
D/QC-time-services( 1052): Daemon:genoff_post_init:Error in accessing storage
D/QC-time-services( 1052): Daemon:genoff_pre_init::Base = 13
D/QC-time-services( 1052): Daemon: Storage Name: ats_13 
D/QC-time-services( 1052): Daemon:Opening File: /data/time/ats_13
D/QC-time-services( 1052): Daemon:time_persistent_memory_opr:Genoff Read operation 
D/QC-time-services( 1052): Daemon:Unable to open filefor read
D/QC-time-services( 1052): Daemon:genoff_post_init:Error in accessing storage
D/QC-time-services( 1052): Daemon:genoff_pre_init::Base = 14
D/QC-time-services( 1052): Daemon: Storage Name: ats_14 
D/QC-time-services( 1052): Daemon:Opening File: /data/time/ats_14
D/QC-time-services( 1052): Daemon:time_persistent_memory_opr:Genoff Read operation 
D/QC-time-services( 1052): Daemon:Unable to open filefor read
D/QC-time-services( 1052): Daemon:genoff_post_init:Error in accessing storage
D/QC-time-services( 1052): Daemon:genoff_init_config: Other bases initilized, exiting genoff_init
D/QC-time-services( 1052): Daemon:genoff_opr: Base = 1, val = 0, operation = 1
D/QC-time-services( 1052): Daemon: genoff get for 1
D/QC-time-services( 1052): Daemon:rtc_get: Time read from RTC -- MM/DD/YY HH:MM:SS11/1/115 20:32:56
D/QC-time-services( 1052): Daemon:Value read from RTC seconds = 1449001976000
D/QC-time-services( 1052): Daemon:Value read from RTC seconds = 1449001976000
D/QC-time-services( 1052): Daemon:Value read from generif offset = 0
D/QC-time-services( 1052): Daemon:Final Time = 1449001976000
D/QC-time-services( 1052): Daemon:genoff_boot_tod_init: Setting system time to sec =1449001976, nsec =0
E/mm-camera( 1050): vpe_module_init:26 name=vpe
E/mm-camera( 1050): vpe_hardware_find_subdev:716: entity.name=video0 entity.revision=0
E/mm-camera( 1050): vpe_hardware_find_subdev:716: entity.name=msm_cci entity.revision=0
E/mm-camera( 1050): vpe_hardware_find_subdev:716: entity.name=v4l-subdev0 entity.revision=0
E/mm-camera( 1050): vpe_hardware_find_subdev:716: entity.name=v4l-subdev1 entity.revision=0
E/mm-camera( 1050): vpe_hardware_find_subdev:716: entity.name=v4l-subdev2 entity.revision=0
E/mm-camera( 1050): vpe_hardware_find_subdev:716: entity.name=v4l-subdev3 entity.revision=0
E/mm-camera( 1050): vpe_hardware_find_subdev:716: entity.name=v4l-subdev4 entity.revision=0
E/mm-camera( 1050): vpe_hardware_find_subdev:716: entity.name=v4l-subdev5 entity.revision=0
E/mm-camera( 1050): vpe_hardware_find_subdev:716: entity.name=v4l-subdev6 entity.revision=0
E/mm-camera( 1050): vpe_hardware_find_subdev:716: entity.name=v4l-subdev7 entity.revision=0
E/mm-camera( 1050): vpe_hardware_find_subdev:716: entity.name=v4l-subdev8 entity.revision=0
E/mm-camera( 1050): vpe_hardware_find_subdev:716: entity.name=v4l-subdev9 entity.revision=0
E/mm-camera( 1050): vpe_hardware_find_subdev:716: entity.name=v4l-subdev10 entity.revision=0
E/mm-camera( 1050): vpe_hardware_find_subdev:716: entity.name=v4l-subdev11 entity.revision=0
E/mm-camera( 1050): vpe_hardware_find_subdev:716: entity.name=v4l-subdev12 entity.revision=12
E/mm-camera( 1050): vpe_hardware_find_subdev:716: entity.name=v4l-subdev13 entity.revision=0
E/mm-camera( 1050): vpe_hardware_find_subdev:716: entity.name=v4l-subdev14 entity.revision=0
E/mm-camera( 1050): vpe_hardware_find_subdev:711: done enumerating media entities
E/mm-camera( 1050): vpe_hardware_find_subdev:716: entity.name=video1 entity.revision=0
E/mm-camera( 1050): vpe_hardware_find_subdev:711: done enumerating media entities
E/mm-camera( 1050): vpe_hardware_find_subdev:716: entity.name=video2 entity.revision=0
E/mm-camera( 1050): vpe_hardware_find_subdev:711: done enumerating media entities
E/mm-camera( 1050): vpe_hardware_find_subdev:683: no more media devices
E/mm-camera( 1050): vpe_hardware_find_subdev:728: no vpe device found.
E/mm-camera( 1050): vpe_hardware_create:31: error: cannot find vpe subdev
E/mm-camera( 1050): vpe_module_create_vpe_ctrl:141, failed, cannnot create vpe hardware instance
E/mm-camera( 1050): vpe_module_init:34 failed
E/mm-camera( 1050): c2d_module_init:28 name=c2d
E/mm-camera( 1050): c2d_module_init:67: info: C2D module_init successful
E/mm-camera-img( 1050): img_core_get_comp:37] role 0 name qcom.wavelet
E/mm-camera-img( 1050): img_core_get_comp:42] comp_index[0] role 0 name qcom.wavelet
E/mm-camera-img( 1050): img_core_get_comp:47] find component role 0 name qcom.wavelet
V/CameraServiceCompatLayer( 1022): Starting camera services (MediaRecorderFactory, CameraRecordService & CameraService)
D/MediaRecorderFactory( 1022): Creating new static instance of MediaRecorderFactory
V/ICameraRecordService( 1022): static void android::CameraRecordService::instantiate() 
V/ICameraRecordService( 1022): static android::sp<android::CameraRecordService>& android::CameraRecordService::service_instance() 
D/ICameraRecordService( 1022): Creating new static instance of CameraRecordService
V/ICameraRecordService( 1022): android::BnCameraRecordService::BnCameraRecordService() 
V/ICameraRecordService( 1022): android::CameraRecordService::CameraRecordService() 
V/ICameraRecordService( 1022): Added Binder service 'android.media.ICameraRecordService' to ServiceManager
I/CameraService( 1022): CameraService started (pid=24)
E/mm-camera-img( 1050): wd_comp_load:1931] WD library loaded successfully dsp 0
E/mm-camera( 1050): module_imglib_create_port:1784 portname imglib_d2_i0
E/mm-camera-img( 1050): img_core_get_comp:37] role 2 name qcom.faceproc
E/mm-camera-img( 1050): img_core_get_comp:42] comp_index[0] role 0 name qcom.wavelet
E/mm-camera-img( 1050): img_core_get_comp:42] comp_index[1] role 1 name qcom.hdr
E/mm-camera-img( 1050): img_core_get_comp:42] comp_index[2] role 2 name qcom.faceproc
E/mm-camera-img( 1050): img_core_get_comp:47] find component role 2 name qcom.faceproc
I/CameraService( 1022): Loaded "Armani Camera Wrapper" camera module
E/mm-camera-img( 1050): img_core_get_comp:37] role 1 name qcom.hdr
E/mm-camera-img( 1050): img_core_get_comp:42] comp_index[0] role 0 name qcom.wavelet
E/mm-camera-img( 1050): img_core_get_comp:42] comp_index[1] role 1 name qcom.hdr
E/mm-camera-img( 1050): img_core_get_comp:47] find component role 1 name qcom.hdr
E/mm-camera-img( 1050): hdr_comp_load:1139] HDR library loaded successfully
E/mm-camera( 1050): Port hdr_dummy initialized
E/mm-camera-img( 1050): img_core_get_comp:37] role 4 name qcom.gen_frameproc
E/mm-camera-img( 1050): img_core_get_comp:42] comp_index[0] role 0 name qcom.wavelet
E/mm-camera-img( 1050): img_core_get_comp:42] comp_index[1] role 1 name qcom.hdr
E/mm-camera-img( 1050): img_core_get_comp:42] comp_index[2] role 2 name qcom.faceproc
E/mm-camera-img( 1050): img_core_get_comp:42] comp_index[3] role 3 name qcom.cac
E/mm-camera-img( 1050): img_core_get_comp:42] comp_index[4] role 4 name qcom.gen_frameproc
E/mm-camera-img( 1050): img_core_get_comp:47] find component role 4 name qcom.gen_frameproc
E/mm-camera-img( 1050): frameproc_comp_load:811] Error opening frameproc library libmmcamera_chromaflash_lib.so
E/mm-camera( 1050): module_imgbase_init:1070] Error rc -6
E/mm-camera( 1050): module_imglib_create_topology:644] Can not init the module imglib_chroma_flash
E/mm-camera-img( 1050): img_core_get_comp:37] role 4 name qcom.gen_frameproc
E/mm-camera-img( 1050): img_core_get_comp:42] comp_index[0] role 0 name qcom.wavelet
E/mm-camera-img( 1050): img_core_get_comp:42] comp_index[1] role 1 name qcom.hdr
E/mm-camera-img( 1050): img_core_get_comp:42] comp_index[2] role 2 name qcom.faceproc
E/mm-camera-img( 1050): img_core_get_comp:42] comp_index[3] role 3 name qcom.cac
E/mm-camera-img( 1050): img_core_get_comp:42] comp_index[4] role 4 name qcom.gen_frameproc
E/mm-camera-img( 1050): img_core_get_comp:47] find component role 4 name qcom.gen_frameproc
E/mm-camera-img( 1050): frameproc_comp_load:811] Error opening frameproc library libmmcamera_optizoom_lib.so
E/mm-camera( 1050): module_imgbase_init:1070] Error rc -6
E/mm-camera( 1050): module_imglib_create_topology:644] Can not init the module imglib_optizoom
E/mm-camera-img( 1050): img_core_get_comp:37] role 4 name qcom.gen_frameproc
E/mm-camera-img( 1050): img_core_get_comp:42] comp_index[0] role 0 name qcom.wavelet
E/mm-camera-img( 1050): img_core_get_comp:42] comp_index[1] role 1 name qcom.hdr
E/mm-camera-img( 1050): img_core_get_comp:42] comp_index[2] role 2 name qcom.faceproc
E/mm-camera-img( 1050): img_core_get_comp:42] comp_index[3] role 3 name qcom.cac
E/mm-camera-img( 1050): img_core_get_comp:42] comp_index[4] role 4 name qcom.gen_frameproc
E/mm-camera-img( 1050): img_core_get_comp:47] find component role 4 name qcom.gen_frameproc
E/mm-camera-img( 1050): frameproc_comp_load:811] Error opening frameproc library libmmcamera_ubifocus_lib.so
E/mm-camera( 1050): module_imgbase_init:1070] Error rc -6
E/mm-camera( 1050): module_imglib_create_topology:644] Can not init the module imglib_ubifocus
E/mm-camera( 1050): module_imglib_create_dummy_port:1906 portname imglib_dymmy_d1_i0
E/HAL     ( 1022): load: module=/system/lib/hw/camera.vendor.msm8226.so
E/HAL     ( 1022): dlopen failed: could not load library "libFaceDeform.so" needed by "camera.vendor.msm8226.so"; caused by could not load library "libandroid.so" needed by "libFaceDeform.so"; caused by library "libandroid.so" not found
E/CameraWrapper( 1022): failed to open vendor camera module
E/QMI_FW  ( 1052): QMUXD: WARNING qmi_qmux_if_pwr_up_init failed! rc=-1
E/QMI_FW  ( 1052): QMUXD: WARNING qmi_qmux_if_pwr_up_init failed! rc=-1
E/QMI_FW  ( 1052): QMUXD: WARNING qmi_qmux_if_pwr_up_init failed! rc=-1
E/QMI_FW  ( 1052): QMUXD: WARNING qmi_qmux_if_pwr_up_init failed! rc=-1
E/QMI_FW  ( 1052): QMUXD: WARNING qmi_qmux_if_pwr_up_init failed! rc=-1
E/QMI_FW  ( 1052): QMUXD: WARNING qmi_qmux_if_pwr_up_init failed! rc=-1
E/QC-time-services( 1052): Daemon:genoff_modem_qmi_init: qmi_client_get_service_list returned -2num_services 0
I/rmt_storage( 1016): rmt_storage_connect_cb: clnt_h=0x1 conn_h=0xb712cda8
I/rmt_storage( 1016): rmt_storage_open_cb: /boot/modem_fs1: clnt_h=0x1: req_h=0x1 msg_id=1: Client found
I/rmt_storage( 1016): rmt_storage_open_cb: /boot/modem_fs1: clnt_h=0x1: req_h=0x1 msg_id=1: Send response: res=0 err=0
I/rmt_storage( 1016): rmt_storage_client_thread: /boot/modem_fs1: clnt_h=0x1 Worker thread started
I/rmt_storage( 1016): wake lock name: rmt_storage_-1223504152, name creation success: 23
I/rmt_storage( 1016): rmt_storage_connect_cb: clnt_h=0x2 conn_h=0xb712ce00
I/rmt_storage( 1016): rmt_storage_open_cb: /boot/modem_fs2: clnt_h=0x2: req_h=0x2 msg_id=1: Client found
I/rmt_storage( 1016): rmt_storage_open_cb: /boot/modem_fs2: clnt_h=0x2: req_h=0x2 msg_id=1: Send response: res=0 err=0
I/rmt_storage( 1016): rmt_storage_connect_cb: clnt_h=0x3 conn_h=0xb712ce58
I/rmt_storage( 1016): rmt_storage_open_cb: /boot/modem_fsg: clnt_h=0x3: req_h=0x3 msg_id=1: Client found
I/rmt_storage( 1016): rmt_storage_open_cb: /boot/modem_fsg: clnt_h=0x3: req_h=0x3 msg_id=1: Send response: res=0 err=0
I/rmt_storage( 1016): rmt_storage_connect_cb: clnt_h=0x4 conn_h=0xb712ceb0
I/rmt_storage( 1016): rmt_storage_open_cb: /boot/modem_fsc: clnt_h=0x4: req_h=0x4 msg_id=1: Client found
I/rmt_storage( 1016): rmt_storage_open_cb: /boot/modem_fsc: clnt_h=0x4: req_h=0x4 msg_id=1: Send response: res=0 err=0
I/rmt_storage( 1016): rmt_storage_client_thread: /boot/modem_fs2: clnt_h=0x2 Worker thread started
I/rmt_storage( 1016): wake lock name: rmt_storage_-1223503304, name creation success: 23
I/rmt_storage( 1016): rmt_storage_client_thread: /boot/modem_fsg: clnt_h=0x3 Worker thread started
I/rmt_storage( 1016): wake lock name: rmt_storage_-1223502720, name creation success: 23
I/rmt_storage( 1016): rmt_storage_client_thread: /boot/modem_fsc: clnt_h=0x4 Worker thread started
I/rmt_storage( 1016): wake lock name: rmt_storage_-1223502136, name creation success: 23
I/rmt_storage( 1016): rmt_storage_alloc_buff_cb: /boot/modem_fs1: clnt_h=0x1: req_h=0x5 msg_id=4: Alloc request received: Size: 1572864
I/rmt_storage( 1016): rmt_storage_alloc_buff_cb: /boot/modem_fs1: clnt_h=0x1: req_h=0x5 msg_id=4: Send response: res=0 err=0
I/rmt_storage( 1016): rmt_storage_rw_iovec_cb: /boot/modem_fs1: clnt_h=0x1: req_h=0x6 msg_id=3: R/W request received
I/rmt_storage( 1016): Shared mem address set to 0xb6856000
I/rmt_storage( 1016): wakelock acquired: 1, error no: 42
I/rmt_storage( 1016): rmt_storage_client_thread: /boot/modem_fs1: clnt_h=0x1 Unblock worker thread (th_id: -1223504152)
I/rmt_storage( 1016): rmt_storage_client_thread: /boot/modem_fs1: clnt_h=0x1: req_h=0x6 msg_id=3: Bytes read = 512
I/rmt_storage( 1016): rmt_storage_client_thread: /boot/modem_fs1: clnt_h=0x1: req_h=0x6 msg_id=3: Send response: res=0 err=0
I/rmt_storage( 1016): rmt_storage_client_thread: /boot/modem_fs1: clnt_h=0x1 About to block rmt_storage client thread (th_id: -1223504152) wakelock released: 1, error no: 0
I/rmt_storage( 1016): 
I/rmt_storage( 1016): rmt_storage_rw_iovec_cb: /boot/modem_fs2: clnt_h=0x2: req_h=0x7 msg_id=3: R/W request received
I/rmt_storage( 1016): Shared mem address set to 0xb6856000
I/rmt_storage( 1016): wakelock acquired: 1, error no: 42
I/rmt_storage( 1016): rmt_storage_client_thread: /boot/modem_fs2: clnt_h=0x2 Unblock worker thread (th_id: -1223503304)
I/rmt_storage( 1016): rmt_storage_client_thread: /boot/modem_fs2: clnt_h=0x2: req_h=0x7 msg_id=3: Bytes read = 512
I/rmt_storage( 1016): rmt_storage_client_thread: /boot/modem_fs2: clnt_h=0x2: req_h=0x7 msg_id=3: Send response: res=0 err=0
I/rmt_storage( 1016): rmt_storage_client_thread: /boot/modem_fs2: clnt_h=0x2 About to block rmt_storage client thread (th_id: -1223503304) wakelock released: 1, error no: 0
I/rmt_storage( 1016): 
I/rmt_storage( 1016): rmt_storage_rw_iovec_cb: /boot/modem_fs2: clnt_h=0x2: req_h=0x8 msg_id=3: R/W request received
I/rmt_storage( 1016): wakelock acquired: 1, error no: 42
I/rmt_storage( 1016): rmt_storage_client_thread: /boot/modem_fs2: clnt_h=0x2 Unblock worker thread (th_id: -1223503304)
I/rmt_storage( 1016): rmt_storage_client_thread: /boot/modem_fs2: clnt_h=0x2: req_h=0x8 msg_id=3: Bytes read = 1571840
I/rmt_storage( 1016): rmt_storage_client_thread: /boot/modem_fs2: clnt_h=0x2: req_h=0x8 msg_id=3: Send response: res=0 err=0
I/rmt_storage( 1016): rmt_storage_client_thread: /boot/modem_fs2: clnt_h=0x2 About to block rmt_storage client thread (th_id: -1223503304) wakelock released: 1, error no: 0
I/rmt_storage( 1016): 
E/Sensors ( 1028): sns_debug_main.c(438):Debug Config File missing in EFS!
I/ThermalEngine( 1030): Sensor:batt_temp:38100 mC
D/SensorService( 1047): nuSensorService starting...
E/Sensors ( 1028): sns_smr_util.c(104):Unable to initialize service 259 with QCCI, timed out (200 ms)
E/Sensors ( 1028): sns_acm_mr.c(390):Error getting info for service 3
E/QMI_FW  ( 1052): QMUXD: WARNING qmi_qmux_if_pwr_up_init failed! rc=-1
E/QMI_FW  ( 1052): QMUXD: WARNING qmi_qmux_if_pwr_up_init failed! rc=-1
E/QMI_FW  ( 1052): QMUXD: WARNING qmi_qmux_if_pwr_up_init failed! rc=-1
E/QC-time-services( 1052): Daemon:genoff_modem_qmi_init: qmi_client_get_service_list returned 0num_services 1
E/QMI_FW  ( 1052): QMUXD: WARNING qmi_qmux_if_pwr_up_init failed! rc=-1
E/QMI_FW  ( 1052): QMUXD: WARNING qmi_qmux_if_pwr_up_init failed! rc=-1
E/QMI_FW  ( 1052): QMUXD: WARNING qmi_qmux_if_pwr_up_init failed! rc=-1
E/QMI_FW  ( 1052): QMUXD: WARNING qmi_qmux_if_pwr_up_init failed! rc=-1
E/QMI_FW  ( 1052): QMUXD: WARNING qmi_qmux_if_pwr_up_init failed! rc=-1
E/QMI_FW  ( 1052): QMUXD: WARNING qmi_qmux_if_pwr_up_init failed! rc=-1
E/QMI_FW  ( 1052): QMUXD: WARNING qmi_qmux_if_pwr_up_init failed! rc=-1
E/QMI_FW  ( 1052): QMUXD: WARNING qmi_qmux_if_pwr_up_init failed! rc=-1
E/QMI_FW  ( 1052): QMUXD: WARNING qmi_qmux_if_pwr_up_init failed! rc=-1
D/QC-time-services( 1052): Daemon:rtc_get: Time read from RTC -- MM/DD/YY HH:MM:SS11/1/115 20:32:59
D/QC-time-services( 1052): Daemon:Value read from RTC seconds = 1449001979000
D/QC-time-services( 1052): Daemon:genoff_modem_qmi_init: Initial transaction successfull
D/QC-time-services( 1052): Daemon: Time-services: All initializations done
E/QC-time-services( 1052): Daemon: Time-services: Waiting to acceptconnection
I/ThermalEngine( 1030): Sensor:batt_temp:38100 mC
I/UpstartPropertyWatcher(  991): Property changed: ril.qcril_pre_init_lock_held=0
I/UpstartPropertyWatcher(  991): Property changed: ro.ril.svlte1x=false
I/UpstartPropertyWatcher(  991): Property changed: ro.ril.svdo=false
I/UpstartPropertyWatcher(  991): Property changed: persist.radio.eons.enabled=false
I/UpstartPropertyWatcher(  991): Property changed: ril.ecclist1=911,*911,#911,112,110,119,120
I/UpstartPropertyWatcher(  991): Property changed: persist.radio.dont_use_dsd=true
I/UpstartPropertyWatcher(  991): Property changed: ril.qcril_pre_init_lock_held=0
I/UpstartPropertyWatcher(  991): Property changed: persist.radio.eons.enabled=false
I/UpstartPropertyWatcher(  991): Property changed: ril.ecclist1=911,*911,#911,112,110,119,120
I/UpstartPropertyWatcher(  991): Property changed: ril.ecclist=911,*911,#911,112,110,119,120
I/UpstartPropertyWatcher(  991): Property changed: persist.radio.dont_use_dsd=true
I/ThermalEngine( 1030): qmi: Instance id 45 for fusion TS
E/QMI_XIAOMI( 1055): qmi_xiaomi: inc async 1
E/QMI_XIAOMI( 1055): qmi_xiaomi: dec sync flag 0
I/ThermalEngine( 1030): MODEM thermal mitigation available.
I/ThermalEngine( 1030): ACTION: MODEM - Pending request: pa mitigation succeeded for level 0.
I/ThermalEngine( 1030): Mitigation:Modem:0
I/ThermalEngine( 1030): ACTION: MODEM - Pending request: cpuv_restriction_cold mitigation succeeded for level 0.
I/ThermalEngine( 1030): Mitigation:VDD[MODEM-cpuv_restriction_cold]:0
I/ThermalEngine( 1030): Sensor:batt_temp:38100 mC
I/wcnss_xiaomi( 1055): Found MAC address: 28:e3:1f:5a:3b:de
E/wcnss_service( 1055): WLAN MAC Addr:28:e3:1f:5a:3b:de
I/wcnss_service( 1055): WLAN MAC Addr:28:e3:1f:5a:3b:de
E/wcnss_service( 1055): CAL file not found
I/ThermalEngine( 1030): Sensor:batt_temp:38200 mC
I/wcnss_service( 1055): wcnss_read_and_store_cal_data trying to read cal
E/libsensor1( 1047): sensor1_open: Error in connect() errno=2 No such file or directory
E/sensor_reg( 1047): sensor_reg_sensor1_open: sensor1_open returned 11
I/UpstartPropertyWatcher(  991): Property changed: init.svc.ppd=running
I/UpstartPropertyWatcher(  991): Property changed: init.svc.quipc_igsn=running
I/UpstartPropertyWatcher(  991): Property changed: init.svc.quipc_main=running
I/UpstartPropertyWatcher(  991): Property changed: init.svc.gsiff_daemon=running
I/UpstartPropertyWatcher(  991): Property changed: init.svc.xtwifi_inet=running
I/UpstartPropertyWatcher(  991): Property changed: init.svc.xtwifi_inet=restarting
I/UpstartPropertyWatcher(  991): Property changed: init.svc.quipc_igsn=restarting
I/UpstartPropertyWatcher(  991): Property changed: init.svc.gsiff_daemon=restarting
I/UpstartPropertyWatcher(  991): Property changed: init.svc.quipc_main=restarting
I/UpstartPropertyWatcher(  991): Property changed: init.svc.ppd=restarting
E/QCALOG  ( 1102): [MessageQ] ProcessNewMessage: [XTWiFi-PE] unknown deliver target [OS-Agent]
E/QCALOG  ( 1102): [MessageQ] ProcessNewMessage: [XT-CS] unknown deliver target [OS-Agent]
E/QCALOG  ( 1102): [MessageQ] ProcessNewMessage: [XTWWAN-PE] unknown deliver target [OS-Agent]
W/sensor_reg( 1047): sensor_reg_rcv_msg: received RETRY_OPEN
W/sensor_reg( 1047): sensor_reg_rcv_msg: sensor1_open returned 0
E/Sensors ( 1028): sns_sam.c(3145):Unsupported client request type message id 33
E/qcom_sensors_hal( 1047): hal_process_sam_gravity_resp: Msg 33; Result: 1, Error: 12
E/Sensors ( 1028): sns_sam.c(3145):Unsupported client request type message id 33
E/qcom_sensors_hal( 1047): hal_process_sam_gravity_resp: Msg 33; Result: 1, Error: 12
E/Sensors ( 1028): sns_sam.c(3145):Unsupported client request type message id 33
E/qcom_sensors_hal( 1047): hal_process_sam_rotation_vector_resp: Msg 33; Result: 1, Error: 12
E/Sensors ( 1028): sns_sam.c(3145):Unsupported client request type message id 33
E/qcom_sensors_hal( 1047): hal_process_sam_game_rotation_vector_resp: Msg 33; Result: 1, Error: 12
E/Sensors ( 1028): sns_sam.c(3145):Unsupported client request type message id 33
E/qcom_sensors_hal( 1047): hal_process_sam_orientation_resp: Msg 33; Result: 1, Error: 12
I/SensorService( 1047): LIS3DSH Accelerometer
I/SensorService( 1047): AKM Calibration Lib
I/SensorService( 1047): AK09911 Magnetometer Uncalibrated
I/SensorService( 1047): L3GD20 Gyroscope
I/SensorService( 1047): L3GD20 Gyroscope Uncalibrated
I/SensorService( 1047): APDS-9930/QPDS-T930 Proximity
I/SensorService( 1047): APDS-9930/QPDS-T930 Light
I/SensorService( 1047): Gravity
I/SensorService( 1047): Linear Acceleration
I/SensorService( 1047): Rotation Vector
I/SensorService( 1047): Significant Motion Detector
I/SensorService( 1047): Game Rotation Vector
I/SensorService( 1047): Orientation
D/SensorService( 1047): Max socket buffer size 1048576
D/SensorService( 1047): nuSensorService thread starting...
I/ThermalEngine( 1030): Sensor:batt_temp:38200 mC
I/ThermalEngine( 1030): Sensor:batt_temp:38300 mC
I/ThermalEngine( 1030): Sensor:batt_temp:38400 mC
I/ThermalEngine( 1030): Sensor:batt_temp:38400 mC
I/ThermalEngine( 1030): Sensor:tsens_tz_sensor2:90000 mC
I/ThermalEngine( 1030): Sensor:tsens_tz_sensor2:90000 mC
I/ThermalEngine( 1030): Sensor:tsens_tz_sensor2:90000 mC
I/ThermalEngine( 1030): Sensor:batt_temp:38500 mC
I/UpstartPropertyWatcher(  991): Property changed: init.svc.ppd=running
I/UpstartPropertyWatcher(  991): Property changed: init.svc.quipc_igsn=running
I/ThermalEngine( 1030): Sensor:tsens_tz_sensor2:90000 mC
I/UpstartPropertyWatcher(  991): Property changed: init.svc.gsiff_daemon=running
I/UpstartPropertyWatcher(  991): Property changed: init.svc.quipc_main=running
I/UpstartPropertyWatcher(  991): Property changed: init.svc.xtwifi_inet=running
I/UpstartPropertyWatcher(  991): Property changed: init.svc.ppd=restarting
I/UpstartPropertyWatcher(  991): Property changed: init.svc.gsiff_daemon=restarting
E/QCALOG  ( 1102): [MessageQ] ProcessNewMessage: [XTWWAN-PE] unknown deliver target [OS-Agent]
E/QCALOG  ( 1102): [MessageQ] ProcessNewMessage: [XT-CS] unknown deliver target [OS-Agent]
I/ThermalEngine( 1030): Sensor:tsens_tz_sensor2:90000 mC
I/UpstartPropertyWatcher(  991): Property changed: init.svc.xtwifi_inet=restarting
E/QCALOG  ( 1102): [MessageQ] ProcessNewMessage: [XTWiFi-PE] unknown deliver target [OS-Agent]
I/UpstartPropertyWatcher(  991): Property changed: init.svc.quipc_igsn=restarting
I/UpstartPropertyWatcher(  991): Property changed: init.svc.quipc_main=restarting
I/ThermalEngine( 1030): Sensor:tsens_tz_sensor2:91000 mC
I/ThermalEngine( 1030): ACTION: CPU - Setting CPU[0] to 1497600
I/ThermalEngine( 1030): ACTION: CPU - Setting CPU[1] to 1497600
I/ThermalEngine( 1030): ACTION: CPU - Setting CPU[2] to 1497600
I/ThermalEngine( 1030): ACTION: CPU - Setting CPU[3] to 1497600
I/ThermalEngine( 1030): Sensor:tsens_tz_sensor2:91000 mC
I/ThermalEngine( 1030): ACTION: CPU - Setting CPU[0] to 1401600
I/ThermalEngine( 1030): ACTION: CPU - Setting CPU[1] to 1401600
I/ThermalEngine( 1030): ACTION: CPU - Setting CPU[2] to 1401600
I/ThermalEngine( 1030): ACTION: CPU - Setting CPU[3] to 1401600
I/ThermalEngine( 1030): Sensor:batt_temp:38500 mC
I/ThermalEngine( 1030): Sensor:tsens_tz_sensor2:91000 mC
I/ThermalEngine( 1030): ACTION: CPU - Setting CPU[0] to 1344000
I/ThermalEngine( 1030): ACTION: CPU - Setting CPU[1] to 1344000
I/ThermalEngine( 1030): ACTION: CPU - Setting CPU[2] to 1344000
I/ThermalEngine( 1030): ACTION: CPU - Setting CPU[3] to 1344000
I/ThermalEngine( 1030): Sensor:tsens_tz_sensor2:89000 mC
I/ThermalEngine( 1030): ACTION: CPU - Setting CPU[0] to 1401600
I/ThermalEngine( 1030): ACTION: CPU - Setting CPU[1] to 1401600
I/ThermalEngine( 1030): ACTION: CPU - Setting CPU[2] to 1401600
I/ThermalEngine( 1030): ACTION: CPU - Setting CPU[3] to 1401600
I/ThermalEngine( 1030): Sensor:tsens_tz_sensor2:87000 mC
I/ThermalEngine( 1030): ACTION: CPU - Setting CPU[0] to 1497600
I/ThermalEngine( 1030): ACTION: CPU - Setting CPU[1] to 1497600
I/ThermalEngine( 1030): ACTION: CPU - Setting CPU[2] to 1497600
I/ThermalEngine( 1030): ACTION: CPU - Setting CPU[3] to 1497600
I/ThermalEngine( 1030): Sensor:tsens_tz_sensor2:89000 mC
I/ThermalEngine( 1030): ACTION: CPU - Setting CPU[0] to 1593600
I/ThermalEngine( 1030): ACTION: CPU - Setting CPU[1] to 1593600
I/ThermalEngine( 1030): ACTION: CPU - Setting CPU[2] to 1593600
I/ThermalEngine( 1030): ACTION: CPU - Setting CPU[3] to 1593600
I/ThermalEngine( 1030): Sensor:batt_temp:38600 mC
I/ThermalEngine( 1030): Sensor:tsens_tz_sensor2:90000 mC
I/ThermalEngine( 1030): Sensor:tsens_tz_sensor2:90000 mC
I/ThermalEngine( 1030): Sensor:tsens_tz_sensor2:91000 mC
I/ThermalEngine( 1030): ACTION: CPU - Setting CPU[0] to 1497600
I/ThermalEngine( 1030): ACTION: CPU - Setting CPU[1] to 1497600
I/ThermalEngine( 1030): ACTION: CPU - Setting CPU[2] to 1497600
I/ThermalEngine( 1030): ACTION: CPU - Setting CPU[3] to 1497600
I/ThermalEngine( 1030): Sensor:tsens_tz_sensor2:92000 mC
I/ThermalEngine( 1030): ACTION: CPU - Setting CPU[0] to 1401600
I/ThermalEngine( 1030): ACTION: CPU - Setting CPU[1] to 1401600
I/ThermalEngine( 1030): ACTION: CPU - Setting CPU[2] to 1401600
I/ThermalEngine( 1030): ACTION: CPU - Setting CPU[3] to 1401600
I/ThermalEngine( 1030): Sensor:batt_temp:38600 mC
I/ThermalEngine( 1030): Sensor:tsens_tz_sensor2:90000 mC
I/ThermalEngine( 1030): ACTION: CPU - Setting CPU[0] to 1497600
I/ThermalEngine( 1030): ACTION: CPU - Setting CPU[1] to 1497600
I/ThermalEngine( 1030): ACTION: CPU - Setting CPU[2] to 1497600
I/ThermalEngine( 1030): ACTION: CPU - Setting CPU[3] to 1497600
I/ThermalEngine( 1030): Sensor:tsens_tz_sensor2:89000 mC
I/ThermalEngine( 1030): ACTION: CPU - Setting CPU[0] to 1593600
I/ThermalEngine( 1030): ACTION: CPU - Setting CPU[1] to 1593600
I/ThermalEngine( 1030): ACTION: CPU - Setting CPU[2] to 1593600
I/ThermalEngine( 1030): ACTION: CPU - Setting CPU[3] to 1593600
I/ThermalEngine( 1030): Sensor:tsens_tz_sensor2:89000 mC
I/ThermalEngine( 1030): Sensor:tsens_tz_sensor2:91000 mC
I/ThermalEngine( 1030): ACTION: CPU - Setting CPU[0] to 1497600
I/ThermalEngine( 1030): ACTION: CPU - Setting CPU[1] to 1497600
I/ThermalEngine( 1030): ACTION: CPU - Setting CPU[2] to 1497600
I/ThermalEngine( 1030): ACTION: CPU - Setting CPU[3] to 1497600
I/ThermalEngine( 1030): Sensor:batt_temp:38700 mC
I/ThermalEngine( 1030): Sensor:tsens_tz_sensor2:92000 mC
I/ThermalEngine( 1030): ACTION: CPU - Setting CPU[0] to 1401600
I/ThermalEngine( 1030): ACTION: CPU - Setting CPU[1] to 1401600
I/ThermalEngine( 1030): ACTION: CPU - Setting CPU[2] to 1401600
I/ThermalEngine( 1030): ACTION: CPU - Setting CPU[3] to 1401600
I/ThermalEngine( 1030): Sensor:tsens_tz_sensor2:90000 mC
I/ThermalEngine( 1030): ACTION: CPU - Setting CPU[0] to 1497600
I/ThermalEngine( 1030): ACTION: CPU - Setting CPU[1] to 1497600
I/ThermalEngine( 1030): ACTION: CPU - Setting CPU[2] to 1497600
I/ThermalEngine( 1030): ACTION: CPU - Setting CPU[3] to 1497600
I/UpstartPropertyWatcher(  991): Property changed: init.svc.ppd=running
I/UpstartPropertyWatcher(  991): Property changed: init.svc.gsiff_daemon=running
I/UpstartPropertyWatcher(  991): Property changed: init.svc.quipc_igsn=running
I/UpstartPropertyWatcher(  991): Property changed: init.svc.quipc_main=running
I/UpstartPropertyWatcher(  991): Property changed: init.svc.xtwifi_inet=running
I/ThermalEngine( 1030): Sensor:tsens_tz_sensor2:92000 mC
I/ThermalEngine( 1030): ACTION: CPU - Setting CPU[0] to 1401600
I/ThermalEngine( 1030): ACTION: CPU - Setting CPU[1] to 1401600
I/ThermalEngine( 1030): ACTION: CPU - Setting CPU[2] to 1401600
I/ThermalEngine( 1030): ACTION: CPU - Setting CPU[3] to 1401600
I/UpstartPropertyWatcher(  991): Property changed: init.svc.quipc_igsn=restarting
I/UpstartPropertyWatcher(  991): Property changed: init.svc.xtwifi_inet=restarting
I/UpstartPropertyWatcher(  991): Property changed: init.svc.gsiff_daemon=restarting
I/UpstartPropertyWatcher(  991): Property changed: init.svc.ppd=restarting
I/ThermalEngine( 1030): Sensor:tsens_tz_sensor2:92000 mC
I/ThermalEngine( 1030): ACTION: CPU - Setting CPU[0] to 1344000
I/ThermalEngine( 1030): ACTION: CPU - Setting CPU[1] to 1344000
I/ThermalEngine( 1030): ACTION: CPU - Setting CPU[2] to 1344000
I/ThermalEngine( 1030): ACTION: CPU - Setting CPU[3] to 1344000
I/UpstartPropertyWatcher(  991): Property changed: init.svc.quipc_main=restarting
I/ThermalEngine( 1030): Sensor:batt_temp:38700 mC
