E/QCALOG  ( 1049): [MessageQ] ProcessNewMessage: [XTWWAN-PE] unknown deliver target [OS-Agent]
I/UpstartPropertyWatcher(  986): Property changed: persist.radio.dont_use_dsd=true
I/UpstartPropertyWatcher(  986): Property changed: persist.radio.dont_use_dsd=true
I/ThermalEngine( 1032): Sensor:tsens_tz_sensor2:92000 mC
I/ThermalEngine( 1032): ACTION: CPU - Setting CPU[0] to 1401600
I/ThermalEngine( 1032): ACTION: CPU - Setting CPU[1] to 1401600
I/ThermalEngine( 1032): ACTION: CPU - Setting CPU[2] to 1401600
I/ThermalEngine( 1032): ACTION: CPU - Setting CPU[3] to 1401600
I/ThermalEngine( 1032): Sensor:tsens_tz_sensor2:92000 mC
I/ThermalEngine( 1032): ACTION: CPU - Setting CPU[0] to 1344000
I/ThermalEngine( 1032): ACTION: CPU - Setting CPU[1] to 1344000
I/ThermalEngine( 1032): ACTION: CPU - Setting CPU[2] to 1344000
I/ThermalEngine( 1032): ACTION: CPU - Setting CPU[3] to 1344000
I/UpstartPropertyWatcher(  986): Property changed: init.svc.gsiff_daemon=restarting
I/UpstartPropertyWatcher(  986): Property changed: gsm.version.ril-impl=Qualcomm RIL 1.0
I/UpstartPropertyWatcher(  986): Property changed: init.svc.ppd=restarting
I/ThermalEngine( 1032): Sensor:tsens_tz_sensor2:91000 mC
I/ThermalEngine( 1032): ACTION: CPU - Setting CPU[0] to 1305600
I/ThermalEngine( 1032): ACTION: CPU - Setting CPU[1] to 1305600
I/ThermalEngine( 1032): ACTION: CPU - Setting CPU[2] to 1305600
I/ThermalEngine( 1032): ACTION: CPU - Setting CPU[3] to 1305600
I/ThermalEngine( 1032): Sensor:tsens_tz_sensor2:87000 mC
I/ThermalEngine( 1032): ACTION: CPU - Setting CPU[0] to 1344000
I/ThermalEngine( 1032): ACTION: CPU - Setting CPU[1] to 1344000
I/ThermalEngine( 1032): ACTION: CPU - Setting CPU[2] to 1344000
I/ThermalEngine( 1032): ACTION: CPU - Setting CPU[3] to 1344000
I/ThermalEngine( 1032): Sensor:batt_temp:41000 mC
I/ThermalEngine( 1032): Sensor:tsens_tz_sensor2:86000 mC
I/ThermalEngine( 1032): ACTION: CPU - Setting CPU[0] to 1401600
I/ThermalEngine( 1032): ACTION: CPU - Setting CPU[1] to 1401600
I/ThermalEngine( 1032): ACTION: CPU - Setting CPU[2] to 1401600
I/ThermalEngine( 1032): ACTION: CPU - Setting CPU[3] to 1401600
I/ThermalEngine( 1032): Sensor:tsens_tz_sensor2:89000 mC
I/ThermalEngine( 1032): ACTION: CPU - Setting CPU[0] to 1497600
I/ThermalEngine( 1032): ACTION: CPU - Setting CPU[1] to 1497600
I/ThermalEngine( 1032): ACTION: CPU - Setting CPU[2] to 1497600
I/ThermalEngine( 1032): ACTION: CPU - Setting CPU[3] to 1497600
E/QCALOG  ( 1049): [MessageQ] ProcessNewMessage: [XT-CS] unknown deliver target [OS-Agent]
I/ThermalEngine( 1032): Sensor:tsens_tz_sensor2:89000 mC
I/ThermalEngine( 1032): ACTION: CPU - Setting CPU[0] to 1593600
I/ThermalEngine( 1032): ACTION: CPU - Setting CPU[1] to 1593600
I/ThermalEngine( 1032): ACTION: CPU - Setting CPU[2] to 1593600
I/ThermalEngine( 1032): ACTION: CPU - Setting CPU[3] to 1593600
I/ThermalEngine( 1032): Sensor:tsens_tz_sensor2:92000 mC
I/ThermalEngine( 1032): ACTION: CPU - Setting CPU[0] to 1497600
I/ThermalEngine( 1032): ACTION: CPU - Setting CPU[1] to 1497600
I/ThermalEngine( 1032): ACTION: CPU - Setting CPU[2] to 1497600
I/ThermalEngine( 1032): ACTION: CPU - Setting CPU[3] to 1497600
I/ThermalEngine( 1032): Sensor:batt_temp:41100 mC
I/ThermalEngine( 1032): Sensor:tsens_tz_sensor2:91000 mC
I/ThermalEngine( 1032): ACTION: CPU - Setting CPU[0] to 1401600
I/ThermalEngine( 1032): ACTION: CPU - Setting CPU[1] to 1401600
I/ThermalEngine( 1032): ACTION: CPU - Setting CPU[2] to 1401600
I/ThermalEngine( 1032): ACTION: CPU - Setting CPU[3] to 1401600
I/UpstartPropertyWatcher(  986): Property changed: persist.radio.imei=865622029785974
I/UpstartPropertyWatcher(  986): Property changed: ro.ril.oem.imei=865622029785974
I/ThermalEngine( 1032): Sensor:tsens_tz_sensor2:91000 mC
I/ThermalEngine( 1032): ACTION: CPU - Setting CPU[0] to 1344000
I/ThermalEngine( 1032): ACTION: CPU - Setting CPU[1] to 1344000
I/ThermalEngine( 1032): ACTION: CPU - Setting CPU[2] to 1344000
I/ThermalEngine( 1032): ACTION: CPU - Setting CPU[3] to 1344000
I/wcnss_service( 1044): wcnss_read_and_store_cal_data trying to read cal
E/libsensor1( 1037): sensor1_open: Error in connect() errno=2 No such file or directory
E/sensor_reg( 1037): sensor_reg_sensor1_open: sensor1_open returned 11
I/ThermalEngine( 1032): Sensor:tsens_tz_sensor2:86000 mC
I/ThermalEngine( 1032): ACTION: CPU - Setting CPU[0] to 1401600
I/ThermalEngine( 1032): ACTION: CPU - Setting CPU[1] to 1401600
I/ThermalEngine( 1032): ACTION: CPU - Setting CPU[2] to 1401600
I/ThermalEngine( 1032): ACTION: CPU - Setting CPU[3] to 1401600
I/ThermalEngine( 1032): Sensor:tsens_tz_sensor2:86000 mC
I/ThermalEngine( 1032): ACTION: CPU - Setting CPU[0] to 1497600
I/ThermalEngine( 1032): ACTION: CPU - Setting CPU[1] to 1497600
I/ThermalEngine( 1032): ACTION: CPU - Setting CPU[2] to 1497600
I/ThermalEngine( 1032): ACTION: CPU - Setting CPU[3] to 1497600
I/ThermalEngine( 1032): Sensor:batt_temp:41000 mC
I/ThermalEngine( 1032): Sensor:tsens_tz_sensor2:84000 mC
I/ThermalEngine( 1032): ACTION: CPU - Setting CPU[0] to 1593600
I/ThermalEngine( 1032): ACTION: CPU - Setting CPU[1] to 1593600
I/ThermalEngine( 1032): ACTION: CPU - Setting CPU[2] to 1593600
I/ThermalEngine( 1032): ACTION: CPU - Setting CPU[3] to 1593600
I/UpstartPropertyWatcher(  986): Property changed: init.svc.ppd=running
I/UpstartPropertyWatcher(  986): Property changed: init.svc.quipc_igsn=running
I/UpstartPropertyWatcher(  986): Property changed: init.svc.quipc_main=running
I/UpstartPropertyWatcher(  986): Property changed: init.svc.xtwifi_inet=running
I/UpstartPropertyWatcher(  986): Property changed: init.svc.gsiff_daemon=running
I/UpstartPropertyWatcher(  986): Property changed: init.svc.quipc_main=restarting
I/UpstartPropertyWatcher(  986): Property changed: init.svc.ppd=restarting
I/UpstartPropertyWatcher(  986): Property changed: init.svc.quipc_igsn=restarting
I/UpstartPropertyWatcher(  986): Property changed: init.svc.xtwifi_inet=restarting
I/UpstartPropertyWatcher(  986): Property changed: init.svc.gsiff_daemon=restarting
I/ThermalEngine( 1032): Sensor:tsens_tz_sensor2:88000 mC
I/ThermalEngine( 1032): Sensor:tsens_tz_sensor2:91000 mC
I/ThermalEngine( 1032): ACTION: CPU - Setting CPU[0] to 1497600
I/ThermalEngine( 1032): ACTION: CPU - Setting CPU[1] to 1497600
I/ThermalEngine( 1032): ACTION: CPU - Setting CPU[2] to 1497600
I/ThermalEngine( 1032): ACTION: CPU - Setting CPU[3] to 1497600
I/ThermalEngine( 1032): Sensor:tsens_tz_sensor2:93000 mC
I/ThermalEngine( 1032): ACTION: CPU - Setting CPU[0] to 1401600
I/ThermalEngine( 1032): ACTION: CPU - Setting CPU[1] to 1401600
I/ThermalEngine( 1032): ACTION: CPU - Setting CPU[2] to 1401600
I/ThermalEngine( 1032): ACTION: CPU - Setting CPU[3] to 1401600
I/ThermalEngine( 1032): Sensor:batt_temp:41200 mC
I/ThermalEngine( 1032): Sensor:tsens_tz_sensor2:93000 mC
I/ThermalEngine( 1032): ACTION: CPU - Setting CPU[0] to 1344000
I/ThermalEngine( 1032): ACTION: CPU - Setting CPU[1] to 1344000
I/ThermalEngine( 1032): ACTION: CPU - Setting CPU[2] to 1344000
I/ThermalEngine( 1032): ACTION: CPU - Setting CPU[3] to 1344000
I/ThermalEngine( 1032): Sensor:tsens_tz_sensor2:89000 mC
I/ThermalEngine( 1032): ACTION: CPU - Setting CPU[0] to 1401600
I/ThermalEngine( 1032): ACTION: CPU - Setting CPU[1] to 1401600
I/ThermalEngine( 1032): ACTION: CPU - Setting CPU[2] to 1401600
I/ThermalEngine( 1032): ACTION: CPU - Setting CPU[3] to 1401600
I/ThermalEngine( 1032): Sensor:tsens_tz_sensor2:88000 mC
I/ThermalEngine( 1032): ACTION: CPU - Setting CPU[0] to 1497600
I/ThermalEngine( 1032): ACTION: CPU - Setting CPU[1] to 1497600
I/ThermalEngine( 1032): ACTION: CPU - Setting CPU[2] to 1497600
I/ThermalEngine( 1032): ACTION: CPU - Setting CPU[3] to 1497600
I/ThermalEngine( 1032): Sensor:tsens_tz_sensor2:89000 mC
I/ThermalEngine( 1032): ACTION: CPU - Setting CPU[0] to 1593600
I/ThermalEngine( 1032): ACTION: CPU - Setting CPU[1] to 1593600
I/ThermalEngine( 1032): ACTION: CPU - Setting CPU[2] to 1593600
I/ThermalEngine( 1032): ACTION: CPU - Setting CPU[3] to 1593600
I/ThermalEngine( 1032): Sensor:batt_temp:41200 mC
E/QCALOG  ( 1049): [MessageQ] ProcessNewMessage: [XTWiFi-PE] unknown deliver target [OS-Agent]
E/QCALOG  ( 1049): [MessageQ] ProcessNewMessage: [XTWWAN-PE] unknown deliver target [OS-Agent]
I/ThermalEngine( 1032): Sensor:tsens_tz_sensor2:92000 mC
I/ThermalEngine( 1032): ACTION: CPU - Setting CPU[0] to 1497600
I/ThermalEngine( 1032): ACTION: CPU - Setting CPU[1] to 1497600
I/ThermalEngine( 1032): ACTION: CPU - Setting CPU[2] to 1497600
I/ThermalEngine( 1032): ACTION: CPU - Setting CPU[3] to 1497600
I/ThermalEngine( 1032): Sensor:tsens_tz_sensor2:92000 mC
I/ThermalEngine( 1032): ACTION: CPU - Setting CPU[0] to 1401600
I/ThermalEngine( 1032): ACTION: CPU - Setting CPU[1] to 1401600
I/ThermalEngine( 1032): ACTION: CPU - Setting CPU[2] to 1401600
I/ThermalEngine( 1032): ACTION: CPU - Setting CPU[3] to 1401600
I/ThermalEngine( 1032): Sensor:tsens_tz_sensor2:90000 mC
I/ThermalEngine( 1032): ACTION: CPU - Setting CPU[0] to 1497600
I/ThermalEngine( 1032): ACTION: CPU - Setting CPU[1] to 1497600
I/ThermalEngine( 1032): ACTION: CPU - Setting CPU[2] to 1497600
I/ThermalEngine( 1032): ACTION: CPU - Setting CPU[3] to 1497600
I/ThermalEngine( 1032): Sensor:tsens_tz_sensor2:88000 mC
I/ThermalEngine( 1032): ACTION: CPU - Setting CPU[0] to 1593600
I/ThermalEngine( 1032): ACTION: CPU - Setting CPU[1] to 1593600
I/ThermalEngine( 1032): ACTION: CPU - Setting CPU[2] to 1593600
I/ThermalEngine( 1032): ACTION: CPU - Setting CPU[3] to 1593600
I/ThermalEngine( 1032): Sensor:batt_temp:41200 mC
I/ThermalEngine( 1032): Sensor:tsens_tz_sensor2:89000 mC
I/ThermalEngine( 1032): Sensor:tsens_tz_sensor2:90000 mC
E/QCALOG  ( 1049): [MessageQ] ProcessNewMessage: [XT-CS] unknown deliver target [OS-Agent]
I/ThermalEngine( 1032): Sensor:tsens_tz_sensor2:90000 mC
I/ThermalEngine( 1032): Sensor:tsens_tz_sensor2:88000 mC
I/ThermalEngine( 1032): Sensor:batt_temp:41200 mC
I/ThermalEngine( 1032): Sensor:tsens_tz_sensor2:89000 mC
I/ThermalEngine( 1032): Sensor:tsens_tz_sensor2:89000 mC
I/ThermalEngine( 1032): Sensor:tsens_tz_sensor2:89000 mC
I/ThermalEngine( 1032): Sensor:tsens_tz_sensor2:89000 mC
I/ThermalEngine( 1032): Sensor:batt_temp:41200 mC
I/ThermalEngine( 1032): Sensor:tsens_tz_sensor2:89000 mC
I/UpstartPropertyWatcher(  986): Property changed: init.svc.ppd=running
I/UpstartPropertyWatcher(  986): Property changed: init.svc.quipc_igsn=running
I/UpstartPropertyWatcher(  986): Property changed: init.svc.gsiff_daemon=running
I/UpstartPropertyWatcher(  986): Property changed: init.svc.quipc_main=running
I/UpstartPropertyWatcher(  986): Property changed: init.svc.xtwifi_inet=running
I/UpstartPropertyWatcher(  986): Property changed: init.svc.xtwifi_inet=restarting
I/UpstartPropertyWatcher(  986): Property changed: init.svc.quipc_main=restarting
I/UpstartPropertyWatcher(  986): Property changed: init.svc.gsiff_daemon=restarting
I/UpstartPropertyWatcher(  986): Property changed: init.svc.quipc_igsn=restarting
I/UpstartPropertyWatcher(  986): Property changed: init.svc.ppd=restarting
I/ThermalEngine( 1032): Sensor:tsens_tz_sensor2:89000 mC
I/ThermalEngine( 1032): Sensor:tsens_tz_sensor2:85000 mC
I/ThermalEngine( 1032): Sensor:tsens_tz_sensor2:84000 mC
I/ThermalEngine( 1032): Sensor:batt_temp:41300 mC
I/ThermalEngine( 1032): Sensor:tsens_tz_sensor2:84000 mC
I/ThermalEngine( 1032): Sensor:tsens_tz_sensor2:92000 mC
I/ThermalEngine( 1032): ACTION: CPU - Setting CPU[0] to 1497600
I/ThermalEngine( 1032): ACTION: CPU - Setting CPU[1] to 1497600
I/ThermalEngine( 1032): ACTION: CPU - Setting CPU[2] to 1497600
I/ThermalEngine( 1032): ACTION: CPU - Setting CPU[3] to 1497600
I/ThermalEngine( 1032): Sensor:tsens_tz_sensor2:93000 mC
I/ThermalEngine( 1032): ACTION: CPU - Setting CPU[0] to 1401600
I/ThermalEngine( 1032): ACTION: CPU - Setting CPU[1] to 1401600
I/ThermalEngine( 1032): ACTION: CPU - Setting CPU[2] to 1401600
I/ThermalEngine( 1032): ACTION: CPU - Setting CPU[3] to 1401600
I/ThermalEngine( 1032): Sensor:tsens_tz_sensor2:91000 mC
I/ThermalEngine( 1032): ACTION: CPU - Setting CPU[0] to 1344000
I/ThermalEngine( 1032): ACTION: CPU - Setting CPU[1] to 1344000
I/ThermalEngine( 1032): ACTION: CPU - Setting CPU[2] to 1344000
I/ThermalEngine( 1032): ACTION: CPU - Setting CPU[3] to 1344000
I/ThermalEngine( 1032): Sensor:batt_temp:41300 mC
E/QCALOG  ( 1049): [MessageQ] ProcessNewMessage: [XTWiFi-PE] unknown deliver target [OS-Agent]
E/QCALOG  ( 1049): [MessageQ] ProcessNewMessage: [XTWWAN-PE] unknown deliver target [OS-Agent]
I/ThermalEngine( 1032): Sensor:tsens_tz_sensor2:88000 mC
I/ThermalEngine( 1032): ACTION: CPU - Setting CPU[0] to 1401600
I/ThermalEngine( 1032): ACTION: CPU - Setting CPU[1] to 1401600
I/ThermalEngine( 1032): ACTION: CPU - Setting CPU[2] to 1401600
I/ThermalEngine( 1032): ACTION: CPU - Setting CPU[3] to 1401600
I/ThermalEngine( 1032): Sensor:tsens_tz_sensor2:88000 mC
I/ThermalEngine( 1032): ACTION: CPU - Setting CPU[0] to 1497600
I/ThermalEngine( 1032): ACTION: CPU - Setting CPU[1] to 1497600
I/ThermalEngine( 1032): ACTION: CPU - Setting CPU[2] to 1497600
I/ThermalEngine( 1032): ACTION: CPU - Setting CPU[3] to 1497600
I/ThermalEngine( 1032): Sensor:tsens_tz_sensor2:90000 mC
I/ThermalEngine( 1032): ACTION: CPU - Setting CPU[0] to 1593600
I/ThermalEngine( 1032): ACTION: CPU - Setting CPU[1] to 1593600
I/ThermalEngine( 1032): ACTION: CPU - Setting CPU[2] to 1593600
I/ThermalEngine( 1032): ACTION: CPU - Setting CPU[3] to 1593600
I/ThermalEngine( 1032): Sensor:tsens_tz_sensor2:94000 mC
I/ThermalEngine( 1032): ACTION: CPU - Setting CPU[0] to 1497600
I/ThermalEngine( 1032): ACTION: CPU - Setting CPU[1] to 1497600
I/ThermalEngine( 1032): ACTION: CPU - Setting CPU[2] to 1497600
I/ThermalEngine( 1032): ACTION: CPU - Setting CPU[3] to 1497600
I/ThermalEngine( 1032): Sensor:batt_temp:41500 mC
I/ThermalEngine( 1032): Sensor:tsens_tz_sensor5:90000 mC
I/ThermalEngine( 1032): Sensor:tsens_tz_sensor5:90000 mC
I/ThermalEngine( 1032): Sensor:tsens_tz_sensor2:95000 mC
I/ThermalEngine( 1032): ACTION: CPU - Setting CPU[0] to 1401600
I/ThermalEngine( 1032): ACTION: CPU - Setting CPU[1] to 1401600
I/ThermalEngine( 1032): ACTION: CPU - Setting CPU[2] to 1401600
I/ThermalEngine( 1032): ACTION: CPU - Setting CPU[3] to 1401600
I/ThermalEngine( 1032): Sensor:tsens_tz_sensor5:90000 mC
I/ThermalEngine( 1032): Sensor:tsens_tz_sensor2:92000 mC
I/ThermalEngine( 1032): ACTION: CPU - Setting CPU[0] to 1344000
I/ThermalEngine( 1032): ACTION: CPU - Setting CPU[1] to 1344000
I/ThermalEngine( 1032): ACTION: CPU - Setting CPU[2] to 1344000
I/ThermalEngine( 1032): ACTION: CPU - Setting CPU[3] to 1344000
I/ThermalEngine( 1032): Sensor:tsens_tz_sensor5:88000 mC
E/QCALOG  ( 1049): [MessageQ] ProcessNewMessage: [XT-CS] unknown deliver target [OS-Agent]
I/ThermalEngine( 1032): Sensor:tsens_tz_sensor2:92000 mC
I/ThermalEngine( 1032): ACTION: CPU - Setting CPU[0] to 1305600
I/ThermalEngine( 1032): ACTION: CPU - Setting CPU[1] to 1305600
I/ThermalEngine( 1032): ACTION: CPU - Setting CPU[2] to 1305600
I/ThermalEngine( 1032): ACTION: CPU - Setting CPU[3] to 1305600
I/ThermalEngine( 1032): Sensor:tsens_tz_sensor5:88000 mC
I/ThermalEngine( 1032): Sensor:tsens_tz_sensor2:87000 mC
I/ThermalEngine( 1032): ACTION: CPU - Setting CPU[0] to 1344000
I/ThermalEngine( 1032): ACTION: CPU - Setting CPU[1] to 1344000
I/ThermalEngine( 1032): ACTION: CPU - Setting CPU[2] to 1344000
I/ThermalEngine( 1032): ACTION: CPU - Setting CPU[3] to 1344000
I/ThermalEngine( 1032): Sensor:tsens_tz_sensor5:85000 mC
I/ThermalEngine( 1032): Sensor:batt_temp:41300 mC
I/ThermalEngine( 1032): Sensor:tsens_tz_sensor2:87000 mC
I/ThermalEngine( 1032): ACTION: CPU - Setting CPU[0] to 1401600
I/ThermalEngine( 1032): ACTION: CPU - Setting CPU[1] to 1401600
I/ThermalEngine( 1032): ACTION: CPU - Setting CPU[2] to 1401600
I/ThermalEngine( 1032): ACTION: CPU - Setting CPU[3] to 1401600
I/ThermalEngine( 1032): Sensor:tsens_tz_sensor5:84000 mC
I/ThermalEngine( 1032): Sensor:tsens_tz_sensor2:89000 mC
I/ThermalEngine( 1032): ACTION: CPU - Setting CPU[0] to 1497600
I/ThermalEngine( 1032): ACTION: CPU - Setting CPU[1] to 1497600
I/ThermalEngine( 1032): ACTION: CPU - Setting CPU[2] to 1497600
I/ThermalEngine( 1032): ACTION: CPU - Setting CPU[3] to 1497600
I/ThermalEngine( 1032): Sensor:tsens_tz_sensor5:85000 mC
I/        ( 1857): UASensorsProximity* ua_sensors_proximity_new()():153
I/ServiceManager( 1857): Waiting for service sensorservice...
E/sensor_reg( 1037): sensor_reg_wait_for_response: Registry request timeout
E/sensor_reg( 1037): sensor_reg_read: sensor1 not available
E/qcom_sensors_hal( 1037): hal_init: Error in sensor_reg_read(): -4
E/libsensor1( 1037): sensor1_write: Error getting socket name fd: -1: Bad file number
E/sensor_reg( 1037): sensor_reg_write: sensor1_write returned 3
E/qcom_sensors_hal( 1037): hal_init: Error in sensor_reg_write(): -4
E/libsensor1( 1037): sensor1_write: Error getting socket name fd: -1: Bad file number
E/sensor_reg( 1037): sensor_reg_read: sensor1_write returned 3
E/qcom_sensors_hal( 1037): hal_check_ltcy_ssi_reg_flag: Error in sensor_reg_read() for reg flag: -4
E/libsensor1( 1037): sensor1_write: Error getting socket name fd: -1: Bad file number
E/sensor_reg( 1037): sensor_reg_read: sensor1_write returned 3
E/qcom_sensors_hal( 1037): hal_check_ltcy_ssi_reg_flag: Error in sensor_reg_read() for reg flag: -4
E/libsensor1( 1037): sensor1_write: Error getting socket name fd: -1: Bad file number
E/sensor_reg( 1037): sensor_reg_read: sensor1_write returned 3
E/qcom_sensors_hal( 1037): hal_check_ltcy_ssi_reg_flag: Error in sensor_reg_read() for reg flag: -4
E/libsensor1( 1037): sensor1_write: Error getting socket name fd: -1: Bad file number
E/sensor_reg( 1037): sensor_reg_read: sensor1_write returned 3
E/qcom_sensors_hal( 1037): hal_check_ltcy_ssi_reg_flag: Error in sensor_reg_read() for reg flag: -4
E/libsensor1( 1037): sensor1_write: Error getting socket name fd: -1: Bad file number
E/sensor_reg( 1037): sensor_reg_read: sensor1_write returned 3
E/qcom_sensors_hal( 1037): hal_check_ltcy_ssi_reg_flag: Error in sensor_reg_read() for reg flag: -4
W/sensor_reg( 1037): sensor_reg_rcv_msg: received RETRY_OPEN
W/sensor_reg( 1037): sensor_reg_rcv_msg: sensor1_open returned 0
I/ThermalEngine( 1032): Sensor:tsens_tz_sensor2:93000 mC
I/ThermalEngine( 1032): ACTION: CPU - Setting CPU[0] to 1401600
I/ThermalEngine( 1032): ACTION: CPU - Setting CPU[1] to 1401600
I/ThermalEngine( 1032): ACTION: CPU - Setting CPU[2] to 1401600
I/ThermalEngine( 1032): ACTION: CPU - Setting CPU[3] to 1401600
I/ThermalEngine( 1032): Sensor:tsens_tz_sensor5:89000 mC
E/Sensors ( 1030): sns_sam.c(3145):Unsupported client request type message id 33
E/qcom_sensors_hal( 1037): hal_process_sam_gravity_resp: Msg 33; Result: 1, Error: 12
E/Sensors ( 1030): sns_sam.c(3145):Unsupported client request type message id 33
E/qcom_sensors_hal( 1037): hal_process_sam_gravity_resp: Msg 33; Result: 1, Error: 12
E/Sensors ( 1030): sns_sam.c(3145):Unsupported client request type message id 33
E/qcom_sensors_hal( 1037): hal_process_sam_rotation_vector_resp: Msg 33; Result: 1, Error: 12
E/Sensors ( 1030): sns_sam.c(3145):Unsupported client request type message id 33
E/qcom_sensors_hal( 1037): hal_process_sam_game_rotation_vector_resp: Msg 33; Result: 1, Error: 12
E/Sensors ( 1030): sns_sam.c(3145):Unsupported client request type message id 33
E/qcom_sensors_hal( 1037): hal_process_sam_orientation_resp: Msg 33; Result: 1, Error: 12
I/SensorService( 1037): LIS3DSH Accelerometer
I/SensorService( 1037): AKM Calibration Lib
I/SensorService( 1037): AK09911 Magnetometer Uncalibrated
I/SensorService( 1037): L3GD20 Gyroscope
I/SensorService( 1037): L3GD20 Gyroscope Uncalibrated
I/SensorService( 1037): APDS-9930/QPDS-T930 Proximity
I/SensorService( 1037): APDS-9930/QPDS-T930 Light
I/SensorService( 1037): Gravity
I/SensorService( 1037): Linear Acceleration
I/SensorService( 1037): Rotation Vector
I/SensorService( 1037): Significant Motion Detector
I/SensorService( 1037): Game Rotation Vector
I/SensorService( 1037): Orientation
D/SensorService( 1037): Max socket buffer size 1048576
D/SensorService( 1037): nuSensorService thread starting...
I/ThermalEngine( 1032): Sensor:tsens_tz_sensor2:93000 mC
I/ThermalEngine( 1032): ACTION: CPU - Setting CPU[0] to 1344000
I/ThermalEngine( 1032): ACTION: CPU - Setting CPU[1] to 1344000
I/ThermalEngine( 1032): ACTION: CPU - Setting CPU[2] to 1344000
I/ThermalEngine( 1032): ACTION: CPU - Setting CPU[3] to 1344000
I/ThermalEngine( 1032): Sensor:tsens_tz_sensor5:89000 mC
I/ThermalEngine( 1032): Sensor:batt_temp:41400 mC
I/ThermalEngine( 1032): Sensor:tsens_tz_sensor2:90000 mC
I/ThermalEngine( 1032): ACTION: CPU - Setting CPU[0] to 1401600
I/ThermalEngine( 1032): ACTION: CPU - Setting CPU[1] to 1401600
I/ThermalEngine( 1032): ACTION: CPU - Setting CPU[2] to 1401600
I/ThermalEngine( 1032): ACTION: CPU - Setting CPU[3] to 1401600
I/ThermalEngine( 1032): Sensor:tsens_tz_sensor5:86000 mC
I/ThermalEngine( 1032): Sensor:tsens_tz_sensor2:89000 mC
I/ThermalEngine( 1032): ACTION: CPU - Setting CPU[0] to 1497600
I/ThermalEngine( 1032): ACTION: CPU - Setting CPU[1] to 1497600
I/ThermalEngine( 1032): ACTION: CPU - Setting CPU[2] to 1497600
I/ThermalEngine( 1032): ACTION: CPU - Setting CPU[3] to 1497600
I/ThermalEngine( 1032): Sensor:tsens_tz_sensor5:86000 mC
I/UpstartPropertyWatcher(  986): Property changed: init.svc.ppd=running
I/UpstartPropertyWatcher(  986): Property changed: init.svc.gsiff_daemon=running
I/UpstartPropertyWatcher(  986): Property changed: init.svc.quipc_igsn=running
I/UpstartPropertyWatcher(  986): Property changed: init.svc.quipc_main=running
I/UpstartPropertyWatcher(  986): Property changed: init.svc.xtwifi_inet=running
I/UpstartPropertyWatcher(  986): Property changed: init.svc.quipc_igsn=restarting
I/UpstartPropertyWatcher(  986): Property changed: init.svc.xtwifi_inet=restarting
I/        ( 1857): void ua_sensors_proximity_set_reading_cb(UASensorsProximity*, on_proximity_event_cb, void*)():261
I/        ( 1857): UASensorsLight* ua_sensors_light_new()():318
I/        ( 1857): void ua_sensors_light_set_reading_cb(UASensorsLight*, on_light_event_cb, void*)():421
I/UpstartPropertyWatcher(  986): Property changed: init.svc.ppd=restarting
I/UpstartPropertyWatcher(  986): Property changed: init.svc.quipc_main=restarting
I/UpstartPropertyWatcher(  986): Property changed: init.svc.gsiff_daemon=restarting
I/ThermalEngine( 1032): Sensor:tsens_tz_sensor2:93000 mC
I/ThermalEngine( 1032): ACTION: CPU - Setting CPU[0] to 1401600
I/ThermalEngine( 1032): ACTION: CPU - Setting CPU[1] to 1401600
I/ThermalEngine( 1032): ACTION: CPU - Setting CPU[2] to 1401600
I/ThermalEngine( 1032): ACTION: CPU - Setting CPU[3] to 1401600
I/ThermalEngine( 1032): Sensor:tsens_tz_sensor5:89000 mC
I/ThermalEngine( 1032): Sensor:tsens_tz_sensor2:91000 mC
I/ThermalEngine( 1032): ACTION: CPU - Setting CPU[0] to 1344000
I/ThermalEngine( 1032): ACTION: CPU - Setting CPU[1] to 1344000
I/ThermalEngine( 1032): ACTION: CPU - Setting CPU[2] to 1344000
I/ThermalEngine( 1032): ACTION: CPU - Setting CPU[3] to 1344000
I/ThermalEngine( 1032): Sensor:tsens_tz_sensor5:86000 mC
I/ThermalEngine( 1032): Sensor:batt_temp:41500 mC
I/ThermalEngine( 1032): Sensor:tsens_tz_sensor2:91000 mC
I/ThermalEngine( 1032): ACTION: CPU - Setting CPU[0] to 1305600
I/ThermalEngine( 1032): ACTION: CPU - Setting CPU[1] to 1305600
I/ThermalEngine( 1032): ACTION: CPU - Setting CPU[2] to 1305600
I/ThermalEngine( 1032): ACTION: CPU - Setting CPU[3] to 1305600
I/ThermalEngine( 1032): Sensor:tsens_tz_sensor5:86000 mC
I/ThermalEngine( 1032): Sensor:tsens_tz_sensor2:88000 mC
I/ThermalEngine( 1032): ACTION: CPU - Setting CPU[0] to 1344000
I/ThermalEngine( 1032): ACTION: CPU - Setting CPU[1] to 1344000
I/ThermalEngine( 1032): ACTION: CPU - Setting CPU[2] to 1344000
I/ThermalEngine( 1032): ACTION: CPU - Setting CPU[3] to 1344000
I/ThermalEngine( 1032): Sensor:tsens_tz_sensor5:85000 mC
I/ThermalEngine( 1032): Sensor:tsens_tz_sensor2:88000 mC
I/ThermalEngine( 1032): ACTION: CPU - Setting CPU[0] to 1401600
I/ThermalEngine( 1032): ACTION: CPU - Setting CPU[1] to 1401600
I/ThermalEngine( 1032): ACTION: CPU - Setting CPU[2] to 1401600
I/ThermalEngine( 1032): ACTION: CPU - Setting CPU[3] to 1401600
I/ThermalEngine( 1032): Sensor:tsens_tz_sensor5:85000 mC
I/ThermalEngine( 1032): Sensor:tsens_tz_sensor2:89000 mC
I/ThermalEngine( 1032): ACTION: CPU - Setting CPU[0] to 1497600
I/ThermalEngine( 1032): ACTION: CPU - Setting CPU[1] to 1497600
I/ThermalEngine( 1032): ACTION: CPU - Setting CPU[2] to 1497600
I/ThermalEngine( 1032): ACTION: CPU - Setting CPU[3] to 1497600
I/ThermalEngine( 1032): Sensor:tsens_tz_sensor5:86000 mC
E/QCALOG  ( 1049): [MessageQ] ProcessNewMessage: [XTWiFi-PE] unknown deliver target [OS-Agent]
I/ThermalEngine( 1032): Sensor:batt_temp:41600 mC
E/QCALOG  ( 1049): [MessageQ] ProcessNewMessage: [XTWWAN-PE] unknown deliver target [OS-Agent]
I/ThermalEngine( 1032): Sensor:tsens_tz_sensor2:93000 mC
I/ThermalEngine( 1032): ACTION: CPU - Setting CPU[0] to 1401600
I/ThermalEngine( 1032): ACTION: CPU - Setting CPU[1] to 1401600
I/ThermalEngine( 1032): ACTION: CPU - Setting CPU[2] to 1401600
I/ThermalEngine( 1032): ACTION: CPU - Setting CPU[3] to 1401600
I/ThermalEngine( 1032): Sensor:tsens_tz_sensor5:89000 mC
I/ThermalEngine( 1032): Sensor:tsens_tz_sensor2:93000 mC
I/ThermalEngine( 1032): ACTION: CPU - Setting CPU[0] to 1344000
I/ThermalEngine( 1032): ACTION: CPU - Setting CPU[1] to 1344000
I/ThermalEngine( 1032): ACTION: CPU - Setting CPU[2] to 1344000
I/ThermalEngine( 1032): ACTION: CPU - Setting CPU[3] to 1344000
I/ThermalEngine( 1032): Sensor:tsens_tz_sensor5:89000 mC
I/ThermalEngine( 1032): Sensor:tsens_tz_sensor2:90000 mC
I/ThermalEngine( 1032): ACTION: CPU - Setting CPU[0] to 1401600
I/ThermalEngine( 1032): ACTION: CPU - Setting CPU[1] to 1401600
I/ThermalEngine( 1032): ACTION: CPU - Setting CPU[2] to 1401600
I/ThermalEngine( 1032): ACTION: CPU - Setting CPU[3] to 1401600
I/ThermalEngine( 1032): Sensor:tsens_tz_sensor5:86000 mC
I/ThermalEngine( 1032): Sensor:tsens_tz_sensor2:90000 mC
I/ThermalEngine( 1032): ACTION: CPU - Setting CPU[0] to 1497600
I/ThermalEngine( 1032): ACTION: CPU - Setting CPU[1] to 1497600
I/ThermalEngine( 1032): ACTION: CPU - Setting CPU[2] to 1497600
I/ThermalEngine( 1032): ACTION: CPU - Setting CPU[3] to 1497600
I/ThermalEngine( 1032): Sensor:tsens_tz_sensor5:86000 mC
I/ThermalEngine( 1032): Sensor:batt_temp:41600 mC
I/ThermalEngine( 1032): Sensor:tsens_tz_sensor2:93000 mC
I/ThermalEngine( 1032): ACTION: CPU - Setting CPU[0] to 1401600
I/ThermalEngine( 1032): ACTION: CPU - Setting CPU[1] to 1401600
I/ThermalEngine( 1032): ACTION: CPU - Setting CPU[2] to 1401600
I/ThermalEngine( 1032): ACTION: CPU - Setting CPU[3] to 1401600
I/ThermalEngine( 1032): Sensor:tsens_tz_sensor5:88000 mC
I/ThermalEngine( 1032): Sensor:tsens_tz_sensor2:91000 mC
I/ThermalEngine( 1032): ACTION: CPU - Setting CPU[0] to 1344000
I/ThermalEngine( 1032): ACTION: CPU - Setting CPU[1] to 1344000
I/ThermalEngine( 1032): ACTION: CPU - Setting CPU[2] to 1344000
I/ThermalEngine( 1032): ACTION: CPU - Setting CPU[3] to 1344000
I/ThermalEngine( 1032): Sensor:tsens_tz_sensor5:87000 mC
E/QCALOG  ( 1049): [MessageQ] ProcessNewMessage: [XT-CS] unknown deliver target [OS-Agent]
I/ThermalEngine( 1032): Sensor:tsens_tz_sensor2:91000 mC
I/ThermalEngine( 1032): ACTION: CPU - Setting CPU[0] to 1305600
I/ThermalEngine( 1032): ACTION: CPU - Setting CPU[1] to 1305600
I/ThermalEngine( 1032): ACTION: CPU - Setting CPU[2] to 1305600
I/ThermalEngine( 1032): ACTION: CPU - Setting CPU[3] to 1305600
I/ThermalEngine( 1032): Sensor:tsens_tz_sensor5:87000 mC
I/ThermalEngine( 1032): Sensor:tsens_tz_sensor2:88000 mC
I/ThermalEngine( 1032): ACTION: CPU - Setting CPU[0] to 1344000
I/ThermalEngine( 1032): ACTION: CPU - Setting CPU[1] to 1344000
I/ThermalEngine( 1032): ACTION: CPU - Setting CPU[2] to 1344000
I/ThermalEngine( 1032): ACTION: CPU - Setting CPU[3] to 1344000
I/ThermalEngine( 1032): Sensor:tsens_tz_sensor5:85000 mC
I/ThermalEngine( 1032): Sensor:batt_temp:41500 mC
I/ThermalEngine( 1032): Sensor:tsens_tz_sensor2:88000 mC
I/ThermalEngine( 1032): ACTION: CPU - Setting CPU[0] to 1401600
I/ThermalEngine( 1032): ACTION: CPU - Setting CPU[1] to 1401600
I/ThermalEngine( 1032): ACTION: CPU - Setting CPU[2] to 1401600
I/ThermalEngine( 1032): ACTION: CPU - Setting CPU[3] to 1401600
I/ThermalEngine( 1032): Sensor:tsens_tz_sensor5:85000 mC
I/ThermalEngine( 1032): Sensor:tsens_tz_sensor2:89000 mC
I/ThermalEngine( 1032): ACTION: CPU - Setting CPU[0] to 1497600
I/ThermalEngine( 1032): ACTION: CPU - Setting CPU[1] to 1497600
I/ThermalEngine( 1032): ACTION: CPU - Setting CPU[2] to 1497600
I/ThermalEngine( 1032): ACTION: CPU - Setting CPU[3] to 1497600
I/ThermalEngine( 1032): Sensor:tsens_tz_sensor5:86000 mC
I/ThermalEngine( 1032): Sensor:tsens_tz_sensor2:91000 mC
I/ThermalEngine( 1032): ACTION: CPU - Setting CPU[0] to 1401600
I/ThermalEngine( 1032): ACTION: CPU - Setting CPU[1] to 1401600
I/ThermalEngine( 1032): ACTION: CPU - Setting CPU[2] to 1401600
I/ThermalEngine( 1032): ACTION: CPU - Setting CPU[3] to 1401600
I/ThermalEngine( 1032): Sensor:tsens_tz_sensor5:89000 mC
I/ThermalEngine( 1032): Sensor:tsens_tz_sensor2:91000 mC
I/ThermalEngine( 1032): ACTION: CPU - Setting CPU[0] to 1344000
I/ThermalEngine( 1032): ACTION: CPU - Setting CPU[1] to 1344000
I/ThermalEngine( 1032): ACTION: CPU - Setting CPU[2] to 1344000
I/ThermalEngine( 1032): ACTION: CPU - Setting CPU[3] to 1344000
I/ThermalEngine( 1032): Sensor:tsens_tz_sensor5:89000 mC
I/ThermalEngine( 1032): Sensor:batt_temp:41500 mC
I/ThermalEngine( 1032): Sensor:tsens_tz_sensor2:90000 mC
I/ThermalEngine( 1032): ACTION: CPU - Setting CPU[0] to 1401600
I/ThermalEngine( 1032): ACTION: CPU - Setting CPU[1] to 1401600
I/ThermalEngine( 1032): ACTION: CPU - Setting CPU[2] to 1401600
I/ThermalEngine( 1032): ACTION: CPU - Setting CPU[3] to 1401600
I/ThermalEngine( 1032): Sensor:tsens_tz_sensor5:86000 mC
I/ThermalEngine( 1032): Sensor:tsens_tz_sensor2:90000 mC
I/ThermalEngine( 1032): ACTION: CPU - Setting CPU[0] to 1497600
I/ThermalEngine( 1032): ACTION: CPU - Setting CPU[1] to 1497600
I/ThermalEngine( 1032): ACTION: CPU - Setting CPU[2] to 1497600
I/ThermalEngine( 1032): ACTION: CPU - Setting CPU[3] to 1497600
I/ThermalEngine( 1032): Sensor:tsens_tz_sensor5:86000 mC
I/UpstartPropertyWatcher(  986): Property changed: init.svc.ppd=running
I/UpstartPropertyWatcher(  986): Property changed: init.svc.quipc_igsn=running
I/UpstartPropertyWatcher(  986): Property changed: init.svc.quipc_main=running
I/UpstartPropertyWatcher(  986): Property changed: init.svc.xtwifi_inet=running
I/UpstartPropertyWatcher(  986): Property changed: init.svc.gsiff_daemon=running
I/UpstartPropertyWatcher(  986): Property changed: init.svc.quipc_igsn=restarting
I/ThermalEngine( 1032): Sensor:tsens_tz_sensor2:93000 mC
I/ThermalEngine( 1032): ACTION: CPU - Setting CPU[0] to 1401600
I/ThermalEngine( 1032): ACTION: CPU - Setting CPU[1] to 1401600
I/ThermalEngine( 1032): ACTION: CPU - Setting CPU[2] to 1401600
I/ThermalEngine( 1032): ACTION: CPU - Setting CPU[3] to 1401600
I/ThermalEngine( 1032): Sensor:tsens_tz_sensor5:89000 mC
I/UpstartPropertyWatcher(  986): Property changed: init.svc.ppd=restarting
I/UpstartPropertyWatcher(  986): Property changed: init.svc.xtwifi_inet=restarting
I/UpstartPropertyWatcher(  986): Property changed: init.svc.quipc_main=restarting
I/UpstartPropertyWatcher(  986): Property changed: init.svc.gsiff_daemon=restarting
I/ThermalEngine( 1032): Sensor:tsens_tz_sensor2:91000 mC
I/ThermalEngine( 1032): ACTION: CPU - Setting CPU[0] to 1344000
I/ThermalEngine( 1032): ACTION: CPU - Setting CPU[1] to 1344000
I/ThermalEngine( 1032): ACTION: CPU - Setting CPU[2] to 1344000
I/ThermalEngine( 1032): ACTION: CPU - Setting CPU[3] to 1344000
I/ThermalEngine( 1032): Sensor:tsens_tz_sensor5:88000 mC
I/ThermalEngine( 1032): Sensor:batt_temp:41600 mC
I/ThermalEngine( 1032): Sensor:tsens_tz_sensor2:91000 mC
I/ThermalEngine( 1032): ACTION: CPU - Setting CPU[0] to 1305600
I/ThermalEngine( 1032): ACTION: CPU - Setting CPU[1] to 1305600
I/ThermalEngine( 1032): ACTION: CPU - Setting CPU[2] to 1305600
I/ThermalEngine( 1032): ACTION: CPU - Setting CPU[3] to 1305600
I/ThermalEngine( 1032): Sensor:tsens_tz_sensor5:88000 mC
I/ThermalEngine( 1032): Sensor:tsens_tz_sensor2:89000 mC
I/ThermalEngine( 1032): ACTION: CPU - Setting CPU[0] to 1344000
I/ThermalEngine( 1032): ACTION: CPU - Setting CPU[1] to 1344000
I/ThermalEngine( 1032): ACTION: CPU - Setting CPU[2] to 1344000
I/ThermalEngine( 1032): ACTION: CPU - Setting CPU[3] to 1344000
I/ThermalEngine( 1032): Sensor:tsens_tz_sensor5:86000 mC
I/ThermalEngine( 1032): Sensor:tsens_tz_sensor2:88000 mC
I/ThermalEngine( 1032): ACTION: CPU - Setting CPU[0] to 1401600
I/ThermalEngine( 1032): ACTION: CPU - Setting CPU[1] to 1401600
I/ThermalEngine( 1032): ACTION: CPU - Setting CPU[2] to 1401600
I/ThermalEngine( 1032): ACTION: CPU - Setting CPU[3] to 1401600
I/ThermalEngine( 1032): Sensor:tsens_tz_sensor5:85000 mC
I/ThermalEngine( 1032): Sensor:tsens_tz_sensor2:88000 mC
I/ThermalEngine( 1032): ACTION: CPU - Setting CPU[0] to 1497600
I/ThermalEngine( 1032): ACTION: CPU - Setting CPU[1] to 1497600
I/ThermalEngine( 1032): ACTION: CPU - Setting CPU[2] to 1497600
I/ThermalEngine( 1032): ACTION: CPU - Setting CPU[3] to 1497600
I/ThermalEngine( 1032): Sensor:tsens_tz_sensor5:86000 mC
E/QCALOG  ( 1049): [MessageQ] ProcessNewMessage: [XTWiFi-PE] unknown deliver target [OS-Agent]
E/QCALOG  ( 1049): [MessageQ] ProcessNewMessage: [XTWWAN-PE] unknown deliver target [OS-Agent]
I/ThermalEngine( 1032): Sensor:batt_temp:41700 mC
I/ThermalEngine( 1032): Sensor:tsens_tz_sensor2:93000 mC
I/ThermalEngine( 1032): ACTION: CPU - Setting CPU[0] to 1401600
I/ThermalEngine( 1032): ACTION: CPU - Setting CPU[1] to 1401600
I/ThermalEngine( 1032): ACTION: CPU - Setting CPU[2] to 1401600
I/ThermalEngine( 1032): ACTION: CPU - Setting CPU[3] to 1401600
I/ThermalEngine( 1032): Sensor:tsens_tz_sensor5:89000 mC
I/ThermalEngine( 1032): Sensor:tsens_tz_sensor2:93000 mC
I/ThermalEngine( 1032): ACTION: CPU - Setting CPU[0] to 1344000
I/ThermalEngine( 1032): ACTION: CPU - Setting CPU[1] to 1344000
I/ThermalEngine( 1032): ACTION: CPU - Setting CPU[2] to 1344000
I/ThermalEngine( 1032): ACTION: CPU - Setting CPU[3] to 1344000
I/ThermalEngine( 1032): Sensor:tsens_tz_sensor5:89000 mC
I/ThermalEngine( 1032): Sensor:tsens_tz_sensor2:90000 mC
I/ThermalEngine( 1032): ACTION: CPU - Setting CPU[0] to 1401600
I/ThermalEngine( 1032): ACTION: CPU - Setting CPU[1] to 1401600
I/ThermalEngine( 1032): ACTION: CPU - Setting CPU[2] to 1401600
I/ThermalEngine( 1032): ACTION: CPU - Setting CPU[3] to 1401600
I/ThermalEngine( 1032): Sensor:tsens_tz_sensor5:87000 mC
I/ThermalEngine( 1032): Sensor:tsens_tz_sensor2:90000 mC
I/ThermalEngine( 1032): ACTION: CPU - Setting CPU[0] to 1497600
I/ThermalEngine( 1032): ACTION: CPU - Setting CPU[1] to 1497600
I/ThermalEngine( 1032): ACTION: CPU - Setting CPU[2] to 1497600
I/ThermalEngine( 1032): ACTION: CPU - Setting CPU[3] to 1497600
I/ThermalEngine( 1032): Sensor:tsens_tz_sensor5:87000 mC
I/ThermalEngine( 1032): Sensor:batt_temp:41800 mC
I/ThermalEngine( 1032): Sensor:tsens_tz_sensor2:94000 mC
I/ThermalEngine( 1032): ACTION: CPU - Setting CPU[0] to 1401600
I/ThermalEngine( 1032): ACTION: CPU - Setting CPU[1] to 1401600
I/ThermalEngine( 1032): ACTION: CPU - Setting CPU[2] to 1401600
I/ThermalEngine( 1032): ACTION: CPU - Setting CPU[3] to 1401600
I/ThermalEngine( 1032): Sensor:tsens_tz_sensor5:90000 mC
I/ThermalEngine( 1032): Sensor:tsens_tz_sensor2:94000 mC
I/ThermalEngine( 1032): ACTION: CPU - Setting CPU[0] to 1344000
I/ThermalEngine( 1032): ACTION: CPU - Setting CPU[1] to 1344000
I/ThermalEngine( 1032): ACTION: CPU - Setting CPU[2] to 1344000
I/ThermalEngine( 1032): ACTION: CPU - Setting CPU[3] to 1344000
I/ThermalEngine( 1032): Sensor:tsens_tz_sensor5:90000 mC
E/QCALOG  ( 1049): [MessageQ] ProcessNewMessage: [XT-CS] unknown deliver target [OS-Agent]
I/ThermalEngine( 1032): Sensor:tsens_tz_sensor2:90000 mC
I/ThermalEngine( 1032): ACTION: CPU - Setting CPU[0] to 1401600
I/ThermalEngine( 1032): ACTION: CPU - Setting CPU[1] to 1401600
I/ThermalEngine( 1032): ACTION: CPU - Setting CPU[2] to 1401600
I/ThermalEngine( 1032): ACTION: CPU - Setting CPU[3] to 1401600
I/ThermalEngine( 1032): Sensor:tsens_tz_sensor5:87000 mC
I/ThermalEngine( 1032): Sensor:tsens_tz_sensor2:88000 mC
I/ThermalEngine( 1032): ACTION: CPU - Setting CPU[0] to 1497600
I/ThermalEngine( 1032): ACTION: CPU - Setting CPU[1] to 1497600
I/ThermalEngine( 1032): ACTION: CPU - Setting CPU[2] to 1497600
I/ThermalEngine( 1032): ACTION: CPU - Setting CPU[3] to 1497600
I/ThermalEngine( 1032): Sensor:tsens_tz_sensor5:85000 mC
I/ThermalEngine( 1032): Sensor:batt_temp:41600 mC
I/ThermalEngine( 1032): Sensor:tsens_tz_sensor2:89000 mC
I/ThermalEngine( 1032): ACTION: CPU - Setting CPU[0] to 1593600
I/ThermalEngine( 1032): ACTION: CPU - Setting CPU[1] to 1593600
I/ThermalEngine( 1032): ACTION: CPU - Setting CPU[2] to 1593600
I/ThermalEngine( 1032): ACTION: CPU - Setting CPU[3] to 1593600
I/ThermalEngine( 1032): Sensor:tsens_tz_sensor5:85000 mC
I/ThermalEngine( 1032): Sensor:tsens_tz_sensor2:90000 mC
I/ThermalEngine( 1032): Sensor:tsens_tz_sensor5:86000 mC
I/ThermalEngine( 1032): Sensor:tsens_tz_sensor2:90000 mC
I/ThermalEngine( 1032): Sensor:tsens_tz_sensor5:86000 mC
I/ThermalEngine( 1032): Sensor:tsens_tz_sensor2:91000 mC
I/ThermalEngine( 1032): ACTION: CPU - Setting CPU[0] to 1497600
I/ThermalEngine( 1032): ACTION: CPU - Setting CPU[1] to 1497600
I/ThermalEngine( 1032): ACTION: CPU - Setting CPU[2] to 1497600
I/ThermalEngine( 1032): ACTION: CPU - Setting CPU[3] to 1497600
I/ThermalEngine( 1032): Sensor:tsens_tz_sensor5:86000 mC
I/ThermalEngine( 1032): Sensor:batt_temp:41600 mC
I/ThermalEngine( 1032): Sensor:tsens_tz_sensor2:90000 mC
I/ThermalEngine( 1032): ACTION: CPU - Setting CPU[0] to 1593600
I/ThermalEngine( 1032): ACTION: CPU - Setting CPU[1] to 1593600
I/ThermalEngine( 1032): ACTION: CPU - Setting CPU[2] to 1593600
I/ThermalEngine( 1032): ACTION: CPU - Setting CPU[3] to 1593600
I/ThermalEngine( 1032): Sensor:tsens_tz_sensor5:84000 mC
I/ThermalEngine( 1032): Sensor:tsens_tz_sensor2:86000 mC
I/ThermalEngine( 1032): Sensor:tsens_tz_sensor5:83000 mC
I/ThermalEngine( 1032): Sensor:tsens_tz_sensor2:89000 mC
I/ThermalEngine( 1032): Sensor:tsens_tz_sensor5:86000 mC
I/UpstartPropertyWatcher(  986): Property changed: init.svc.ppd=running
I/UpstartPropertyWatcher(  986): Property changed: init.svc.quipc_igsn=running
I/UpstartPropertyWatcher(  986): Property changed: init.svc.quipc_main=running
I/UpstartPropertyWatcher(  986): Property changed: init.svc.gsiff_daemon=running
I/UpstartPropertyWatcher(  986): Property changed: init.svc.xtwifi_inet=running
I/UpstartPropertyWatcher(  986): Property changed: init.svc.xtwifi_inet=restarting
I/UpstartPropertyWatcher(  986): Property changed: init.svc.quipc_igsn=restarting
I/UpstartPropertyWatcher(  986): Property changed: init.svc.ppd=restarting
I/UpstartPropertyWatcher(  986): Property changed: init.svc.gsiff_daemon=restarting
I/UpstartPropertyWatcher(  986): Property changed: init.svc.quipc_main=restarting
I/ThermalEngine( 1032): Sensor:tsens_tz_sensor2:89000 mC
I/ThermalEngine( 1032): Sensor:tsens_tz_sensor5:86000 mC
I/ThermalEngine( 1032): Sensor:batt_temp:41800 mC
I/ThermalEngine( 1032): Sensor:tsens_tz_sensor2:89000 mC
I/ThermalEngine( 1032): Sensor:tsens_tz_sensor5:86000 mC
I/ThermalEngine( 1032): Sensor:tsens_tz_sensor2:88000 mC
I/ThermalEngine( 1032): Sensor:tsens_tz_sensor5:85000 mC
I/ThermalEngine( 1032): Sensor:tsens_tz_sensor2:85000 mC
I/ThermalEngine( 1032): Sensor:tsens_tz_sensor5:83000 mC
I/ThermalEngine( 1032): Sensor:tsens_tz_sensor2:78000 mC
I/ThermalEngine( 1032): Sensor:tsens_tz_sensor5:77000 mC
E/QCALOG  ( 1049): [MessageQ] ProcessNewMessage: [XTWiFi-PE] unknown deliver target [OS-Agent]
E/QCALOG  ( 1049): [MessageQ] ProcessNewMessage: [XTWWAN-PE] unknown deliver target [OS-Agent]
I/ThermalEngine( 1032): Sensor:batt_temp:41800 mC
I/ThermalEngine( 1032): Sensor:tsens_tz_sensor2:78000 mC
I/ThermalEngine( 1032): Sensor:tsens_tz_sensor5:77000 mC
I/ThermalEngine( 1032): Sensor:tsens_tz_sensor2:86000 mC
I/ThermalEngine( 1032): Sensor:tsens_tz_sensor5:83000 mC
I/ThermalEngine( 1032): Sensor:tsens_tz_sensor2:88000 mC
I/ThermalEngine( 1032): Sensor:tsens_tz_sensor5:85000 mC
I/ThermalEngine( 1032): Sensor:tsens_tz_sensor2:90000 mC
I/ThermalEngine( 1032): Sensor:tsens_tz_sensor5:86000 mC
I/ThermalEngine( 1032): Sensor:batt_temp:41700 mC
I/ThermalEngine( 1032): Sensor:tsens_tz_sensor2:89000 mC
I/ThermalEngine( 1032): Sensor:tsens_tz_sensor5:84000 mC
I/ThermalEngine( 1032): Sensor:tsens_tz_sensor2:89000 mC
I/ThermalEngine( 1032): Sensor:tsens_tz_sensor5:84000 mC
E/QCALOG  ( 1049): [MessageQ] ProcessNewMessage: [XT-CS] unknown deliver target [OS-Agent]
I/ThermalEngine( 1032): Sensor:tsens_tz_sensor2:85000 mC
I/ThermalEngine( 1032): Sensor:tsens_tz_sensor5:85000 mC
I/ThermalEngine( 1032): Sensor:tsens_tz_sensor2:84000 mC
I/ThermalEngine( 1032): Sensor:tsens_tz_sensor5:83000 mC
I/ThermalEngine( 1032): Sensor:batt_temp:41800 mC
I/ThermalEngine( 1032): Sensor:tsens_tz_sensor2:84000 mC
I/ThermalEngine( 1032): Sensor:tsens_tz_sensor5:85000 mC
I/ThermalEngine( 1032): Sensor:tsens_tz_sensor2:87000 mC
I/ThermalEngine( 1032): Sensor:tsens_tz_sensor5:82000 mC
I/ThermalEngine( 1032): Sensor:tsens_tz_sensor2:87000 mC
I/ThermalEngine( 1032): Sensor:tsens_tz_sensor5:82000 mC
I/ThermalEngine( 1032): Sensor:tsens_tz_sensor2:86000 mC
I/ThermalEngine( 1032): Sensor:tsens_tz_sensor5:84000 mC
I/ThermalEngine( 1032): Sensor:batt_temp:41800 mC
I/ThermalEngine( 1032): Sensor:tsens_tz_sensor2:84000 mC
I/ThermalEngine( 1032): Sensor:tsens_tz_sensor5:86000 mC
I/ThermalEngine( 1032): Sensor:tsens_tz_sensor2:85000 mC
I/ThermalEngine( 1032): Sensor:tsens_tz_sensor5:85000 mC
I/UpstartPropertyWatcher(  986): Property changed: init.svc.ppd=running
I/UpstartPropertyWatcher(  986): Property changed: init.svc.gsiff_daemon=running
I/UpstartPropertyWatcher(  986): Property changed: init.svc.quipc_igsn=running
I/UpstartPropertyWatcher(  986): Property changed: init.svc.quipc_main=running
I/UpstartPropertyWatcher(  986): Property changed: init.svc.xtwifi_inet=running
I/ThermalEngine( 1032): Sensor:tsens_tz_sensor2:85000 mC
I/ThermalEngine( 1032): Sensor:tsens_tz_sensor5:85000 mC
I/UpstartPropertyWatcher(  986): Property changed: init.svc.ppd=restarting
I/UpstartPropertyWatcher(  986): Property changed: init.svc.quipc_igsn=restarting
I/UpstartPropertyWatcher(  986): Property changed: init.svc.xtwifi_inet=restarting
I/UpstartPropertyWatcher(  986): Property changed: init.svc.gsiff_daemon=restarting
I/UpstartPropertyWatcher(  986): Property changed: init.svc.quipc_main=restarting
I/ThermalEngine( 1032): Sensor:tsens_tz_sensor2:85000 mC
I/ThermalEngine( 1032): Sensor:tsens_tz_sensor5:85000 mC
I/ThermalEngine( 1032): Sensor:batt_temp:41800 mC
I/ThermalEngine( 1032): Sensor:tsens_tz_sensor2:86000 mC
I/ThermalEngine( 1032): Sensor:tsens_tz_sensor5:85000 mC
V/MediaCodecList( 2187): size_t media_codec_list_count_codecs() 
V/MediaCodecList( 2187): void media_codec_list_get_codec_info_at_id(size_t) 
V/MediaCodecList( 2187): const char* media_codec_list_get_codec_name(size_t) 
V/MediaCodecList( 2187): void media_codec_list_get_codec_info_at_id(size_t) 
V/MediaCodecList( 2187): const char* media_codec_list_get_codec_name(size_t) 
V/MediaCodecList( 2187): bool media_codec_list_is_encoder(size_t) 
V/MediaCodecList( 2187): size_t media_codec_list_get_num_supported_types(size_t) 
D/MediaCodecList( 2187): Number of supported codec types: 1
V/MediaCodecList( 2187): size_t media_codec_list_get_nth_supported_type_len(size_t, size_t) 
V/MediaCodecList( 2187): int media_codec_list_get_nth_supported_type(size_t, char*, size_t) 
V/MediaCodecList( 2187): size_t media_codec_list_get_num_color_formats(size_t, const char*) 
V/MediaCodecList( 2187): void media_codec_list_get_num_codec_capabilities(size_t, const char*, size_t*, size_t*) 
D/MediaCodecList( 2187): index: 1, type: 'audio/evrc'
I/OMXClient( 2187): Using client-side OMX mux.
I/OMXClient( 2187): Allocating remote Node (false remote).
E/OMXMaster( 2187): A component of name 'OMX.qcom.audio.decoder.aac' already exists, ignoring this one.
E/QC_EVRCENC( 2187):  component init: role = OMX.qcom.audio.encoder.evrc
I/QC_EVRCENC( 2187):  component init: role = OMX.qcom.audio.encoder.evrc
I/QC_EVRCENC( 2187): 
I/QC_EVRCENC( 2187): component_init: Component OMX.qcom.audio.encoder.evrc LOADED 
I/QC_EVRCENC( 2187): Driver in Non Tunnel mode open
E/QC_EVRCENC( 2187): unknown param 0600000f
E/QC_EVRCENC( 2187): unknown param 06000001
I/QC_EVRCENC( 2187): Returning the state 1
I/QC_EVRCENC( 2187): Returning the state 1
I/QC_EVRCENC( 2187): Component-deinit being processed
I/QC_EVRCENC( 2187): ********************************
I/QC_EVRCENC( 2187): STATS: in-buf-len[0]out-buf-len[0] tot-pb-time[0]
I/QC_EVRCENC( 2187): STATS: fbd-cnt[0]ftb-cnt[0]etb-cnt[0]ebd-cnt[0]
I/QC_EVRCENC( 2187): ************************************
I/QC_EVRCENC( 2187):  DEINIT COMPLETED
I/QC_EVRCENC( 2187): ************************************
E/QC_EVRCENC( 2187): component_deinit:COMPONENT DEINIT...
E/QC_EVRCENC( 2187): EVRC Object getting destroyed comp-deinit=1
E/QC_EVRCENC( 2187): OMX EVRC component destroyed
D/MediaCodecList( 2187): Number of codec color formats: 0
V/MediaCodecList( 2187): void media_codec_list_get_codec_info_at_id(size_t) 
V/MediaCodecList( 2187): const char* media_codec_list_get_codec_name(size_t) 
V/MediaCodecList( 2187): void media_codec_list_get_codec_info_at_id(size_t) 
V/MediaCodecList( 2187): const char* media_codec_list_get_codec_name(size_t) 
V/MediaCodecList( 2187): bool media_codec_list_is_encoder(size_t) 
V/MediaCodecList( 2187): size_t media_codec_list_get_num_supported_types(size_t) 
D/MediaCodecList( 2187): Number of supported codec types: 1
V/MediaCodecList( 2187): size_t media_codec_list_get_nth_supported_type_len(size_t, size_t) 
V/MediaCodecList( 2187): int media_codec_list_get_nth_supported_type(size_t, char*, size_t) 
V/MediaCodecList( 2187): size_t media_codec_list_get_num_color_formats(size_t, const char*) 
V/MediaCodecList( 2187): void media_codec_list_get_num_codec_capabilities(size_t, const char*, size_t*, size_t*) 
D/MediaCodecList( 2187): index: 3, type: 'audio/qcelp'
I/OMXClient( 2187): Using client-side OMX mux.
I/OMXClient( 2187): Allocating remote Node (false remote).
E/OMXMaster( 2187): A component of name 'OMX.qcom.audio.decoder.aac' already exists, ignoring this one.
E/QC_QCELP13ENC( 2187):  component init: role = OMX.qcom.audio.encoder.qcelp13
I/QC_QCELP13ENC( 2187):  component init: role = OMX.qcom.audio.encoder.qcelp13
I/QC_QCELP13ENC( 2187): 
I/QC_QCELP13ENC( 2187): component_init: Component OMX.qcom.audio.encoder.qcelp13 LOADED 
I/QC_QCELP13ENC( 2187): Driver in Non Tunnel mode open
E/QC_QCELP13ENC( 2187): unknown param 0600000f
E/QC_QCELP13ENC( 2187): unknown param 06000001
I/QC_QCELP13ENC( 2187): Returning the state 1
I/QC_QCELP13ENC( 2187): Returning the state 1
I/QC_QCELP13ENC( 2187): Component-deinit being processed
I/QC_QCELP13ENC( 2187): ********************************
I/QC_QCELP13ENC( 2187): STATS: in-buf-len[0]out-buf-len[0] tot-pb-time[0]
I/QC_QCELP13ENC( 2187): STATS: fbd-cnt[0]ftb-cnt[0]etb-cnt[0]ebd-cnt[0]
I/QC_QCELP13ENC( 2187): ************************************
I/QC_QCELP13ENC( 2187):  DEINIT COMPLETED
I/QC_QCELP13ENC( 2187): ************************************
E/QC_QCELP13ENC( 2187): component_deinit:COMPONENT DEINIT...
E/QC_QCELP13ENC( 2187): QCELP13 Object getting destroyed comp-deinit=1
E/QC_QCELP13ENC( 2187): OMX QCELP13 component destroyed
D/MediaCodecList( 2187): Number of codec color formats: 0
V/MediaCodecList( 2187): void media_codec_list_get_codec_info_at_id(size_t) 
V/MediaCodecList( 2187): const char* media_codec_list_get_codec_name(size_t) 
V/MediaCodecList( 2187): void media_codec_list_get_codec_info_at_id(size_t) 
V/MediaCodecList( 2187): const char* media_codec_list_get_codec_name(size_t) 
V/MediaCodecList( 2187): void media_codec_list_get_codec_info_at_id(size_t) 
V/MediaCodecList( 2187): const char* media_codec_list_get_codec_name(size_t) 
V/MediaCodecList( 2187): void media_codec_list_get_codec_info_at_id(size_t) 
V/MediaCodecList( 2187): const char* media_codec_list_get_codec_name(size_t) 
V/MediaCodecList( 2187): bool media_codec_list_is_encoder(size_t) 
V/MediaCodecList( 2187): size_t media_codec_list_get_num_supported_types(size_t) 
D/MediaCodecList( 2187): Number of supported codec types: 1
V/MediaCodecList( 2187): size_t media_codec_list_get_nth_supported_type_len(size_t, size_t) 
V/MediaCodecList( 2187): int media_codec_list_get_nth_supported_type(size_t, char*, size_t) 
V/MediaCodecList( 2187): size_t media_codec_list_get_num_color_formats(size_t, const char*) 
V/MediaCodecList( 2187): void media_codec_list_get_num_codec_capabilities(size_t, const char*, size_t*, size_t*) 
D/MediaCodecList( 2187): index: 7, type: 'video/avc'
I/OMXClient( 2187): Using client-side OMX mux.
I/OMXClient( 2187): Allocating remote Node (false remote).
E/OMXMaster( 2187): A component of name 'OMX.qcom.audio.decoder.aac' already exists, ignoring this one.
E/MediaCodecList( 2187): Failed to get the number of supported codec capabilities (err: -2147483648)
V/MediaCodecList( 2187): void media_codec_list_get_codec_info_at_id(size_t) 
V/MediaCodecList( 2187): const char* media_codec_list_get_codec_name(size_t) 
V/MediaCodecList( 2187): bool media_codec_list_is_encoder(size_t) 
V/MediaCodecList( 2187): size_t media_codec_list_get_num_supported_types(size_t) 
D/MediaCodecList( 2187): Number of supported codec types: 1
V/MediaCodecList( 2187): size_t media_codec_list_get_nth_supported_type_len(size_t, size_t) 
V/MediaCodecList( 2187): int media_codec_list_get_nth_supported_type(size_t, char*, size_t) 
