E/QCALOG  ( 1049): [MessageQ] ProcessNewMessage: [XTWWAN-PE] unknown deliver target [OS-Agent]
E/QCALOG  ( 1049): [MessageQ] ProcessNewMessage: [XTWiFi-PE] unknown deliver target [OS-Agent]
I/ThermalEngine( 1032): Sensor:tsens_tz_sensor2:74000 mC
I/ThermalEngine( 1032): Sensor:tsens_tz_sensor5:75000 mC
I/ThermalEngine( 1032): Sensor:tsens_tz_sensor2:75000 mC
I/ThermalEngine( 1032): Sensor:tsens_tz_sensor5:76000 mC
I/ThermalEngine( 1032): Sensor:batt_temp:43300 mC
I/ThermalEngine( 1032): Sensor:tsens_tz_sensor2:75000 mC
I/ThermalEngine( 1032): Sensor:tsens_tz_sensor5:77000 mC
I/ThermalEngine( 1032): Sensor:tsens_tz_sensor2:76000 mC
I/ThermalEngine( 1032): Sensor:tsens_tz_sensor5:76000 mC
I/ThermalEngine( 1032): Sensor:tsens_tz_sensor2:69000 mC
I/ThermalEngine( 1032): Sensor:tsens_tz_sensor5:69000 mC
I/ThermalEngine( 1032): Sensor:tsens_tz_sensor2:69000 mC
I/ThermalEngine( 1032): Sensor:tsens_tz_sensor5:69000 mC
I/ThermalEngine( 1032): Sensor:batt_temp:43100 mC
E/QCALOG  ( 1049): [MessageQ] ProcessNewMessage: [XT-CS] unknown deliver target [OS-Agent]
I/ThermalEngine( 1032): Sensor:tsens_tz_sensor2:67000 mC
I/ThermalEngine( 1032): Sensor:tsens_tz_sensor5:67000 mC
D/libEGL  ( 3501): loaded /vendor/lib/egl/libEGL_adreno.so
D/libEGL  ( 3501): loaded /vendor/lib/egl/libGLESv1_CM_adreno.so
D/libEGL  ( 3501): loaded /vendor/lib/egl/libGLESv2_adreno.so
I/ThermalEngine( 1032): Sensor:tsens_tz_sensor2:72000 mC
I/ThermalEngine( 1032): Sensor:tsens_tz_sensor5:72000 mC
I/ThermalEngine( 1032): Sensor:tsens_tz_sensor2:75000 mC
I/ThermalEngine( 1032): Sensor:tsens_tz_sensor5:73000 mC
I/ThermalEngine( 1032): Sensor:tsens_tz_sensor2:76000 mC
I/ThermalEngine( 1032): Sensor:tsens_tz_sensor5:74000 mC
I/ThermalEngine( 1032): Sensor:batt_temp:43300 mC
I/ThermalEngine( 1032): Sensor:tsens_tz_sensor2:76000 mC
I/ThermalEngine( 1032): Sensor:tsens_tz_sensor5:74000 mC
I/ThermalEngine( 1032): Sensor:tsens_tz_sensor2:76000 mC
I/ThermalEngine( 1032): Sensor:tsens_tz_sensor5:75000 mC
I/ThermalEngine( 1032): Sensor:tsens_tz_sensor2:73000 mC
I/ThermalEngine( 1032): Sensor:tsens_tz_sensor5:73000 mC
I/ThermalEngine( 1032): Sensor:tsens_tz_sensor2:68000 mC
I/ThermalEngine( 1032): Sensor:tsens_tz_sensor5:68000 mC
I/ThermalEngine( 1032): Sensor:batt_temp:43100 mC
I/ThermalEngine( 1032): Sensor:tsens_tz_sensor2:67000 mC
I/ThermalEngine( 1032): Sensor:tsens_tz_sensor5:67000 mC
I/UpstartPropertyWatcher(  986): Property changed: init.svc.ppd=running
I/UpstartPropertyWatcher(  986): Property changed: init.svc.ppd=restarting
D/libEGL  ( 3507): loaded /vendor/lib/egl/libEGL_adreno.so
D/libEGL  ( 3507): loaded /vendor/lib/egl/libGLESv1_CM_adreno.so
D/libEGL  ( 3507): loaded /vendor/lib/egl/libGLESv2_adreno.so
I/ThermalEngine( 1032): Sensor:tsens_tz_sensor2:67000 mC
I/ThermalEngine( 1032): Sensor:tsens_tz_sensor5:67000 mC
I/ThermalEngine( 1032): Sensor:tsens_tz_sensor2:77000 mC
I/ThermalEngine( 1032): Sensor:tsens_tz_sensor5:73000 mC
I/ThermalEngine( 1032): Sensor:tsens_tz_sensor2:75000 mC
I/ThermalEngine( 1032): Sensor:tsens_tz_sensor5:76000 mC
I/ThermalEngine( 1032): Sensor:batt_temp:43300 mC
I/ThermalEngine( 1032): Sensor:tsens_tz_sensor2:76000 mC
I/ThermalEngine( 1032): Sensor:tsens_tz_sensor5:77000 mC
I/UpstartPropertyWatcher(  986): Property changed: init.svc.gsiff_daemon=running
I/UpstartPropertyWatcher(  986): Property changed: init.svc.quipc_igsn=running
I/UpstartPropertyWatcher(  986): Property changed: init.svc.quipc_main=running
I/UpstartPropertyWatcher(  986): Property changed: init.svc.xtwifi_inet=running
I/UpstartPropertyWatcher(  986): Property changed: init.svc.quipc_igsn=restarting
I/UpstartPropertyWatcher(  986): Property changed: init.svc.xtwifi_inet=restarting
I/UpstartPropertyWatcher(  986): Property changed: init.svc.gsiff_daemon=restarting
I/UpstartPropertyWatcher(  986): Property changed: init.svc.quipc_main=restarting
I/ThermalEngine( 1032): Sensor:tsens_tz_sensor2:76000 mC
I/ThermalEngine( 1032): Sensor:tsens_tz_sensor5:77000 mC
E/QCALOG  ( 1049): [MessageQ] ProcessNewMessage: [XTWWAN-PE] unknown deliver target [OS-Agent]
E/QCALOG  ( 1049): [MessageQ] ProcessNewMessage: [XTWiFi-PE] unknown deliver target [OS-Agent]
I/ThermalEngine( 1032): Sensor:tsens_tz_sensor2:77000 mC
I/ThermalEngine( 1032): Sensor:tsens_tz_sensor5:76000 mC
I/ThermalEngine( 1032): Sensor:tsens_tz_sensor2:70000 mC
I/ThermalEngine( 1032): Sensor:tsens_tz_sensor5:70000 mC
I/ThermalEngine( 1032): Sensor:batt_temp:43100 mC
I/ThermalEngine( 1032): Sensor:tsens_tz_sensor2:67000 mC
I/ThermalEngine( 1032): Sensor:tsens_tz_sensor5:68000 mC
D/libEGL  ( 3518): loaded /vendor/lib/egl/libEGL_adreno.so
D/libEGL  ( 3518): loaded /vendor/lib/egl/libGLESv1_CM_adreno.so
D/libEGL  ( 3518): loaded /vendor/lib/egl/libGLESv2_adreno.so
I/ThermalEngine( 1032): Sensor:tsens_tz_sensor2:74000 mC
I/ThermalEngine( 1032): Sensor:tsens_tz_sensor5:73000 mC
I/ThermalEngine( 1032): Sensor:tsens_tz_sensor2:74000 mC
I/ThermalEngine( 1032): Sensor:tsens_tz_sensor5:73000 mC
I/ThermalEngine( 1032): Sensor:tsens_tz_sensor2:78000 mC
I/ThermalEngine( 1032): Sensor:tsens_tz_sensor5:74000 mC
I/ThermalEngine( 1032): Sensor:batt_temp:43300 mC
E/QCALOG  ( 1049): [MessageQ] ProcessNewMessage: [XT-CS] unknown deliver target [OS-Agent]
I/ThermalEngine( 1032): Sensor:tsens_tz_sensor2:80000 mC
I/ThermalEngine( 1032): Sensor:tsens_tz_sensor5:75000 mC
I/ThermalEngine( 1032): Sensor:tsens_tz_sensor2:80000 mC
I/ThermalEngine( 1032): Sensor:tsens_tz_sensor5:75000 mC
I/ThermalEngine( 1032): Sensor:tsens_tz_sensor2:72000 mC
I/ThermalEngine( 1032): Sensor:tsens_tz_sensor5:71000 mC
I/ThermalEngine( 1032): Sensor:tsens_tz_sensor2:72000 mC
I/ThermalEngine( 1032): Sensor:tsens_tz_sensor5:71000 mC
I/ThermalEngine( 1032): Sensor:batt_temp:43100 mC
I/ThermalEngine( 1032): Sensor:tsens_tz_sensor2:68000 mC
I/ThermalEngine( 1032): Sensor:tsens_tz_sensor5:68000 mC
D/libEGL  ( 3524): loaded /vendor/lib/egl/libEGL_adreno.so
D/libEGL  ( 3524): loaded /vendor/lib/egl/libGLESv1_CM_adreno.so
D/libEGL  ( 3524): loaded /vendor/lib/egl/libGLESv2_adreno.so
I/ThermalEngine( 1032): Sensor:tsens_tz_sensor2:67000 mC
I/ThermalEngine( 1032): Sensor:tsens_tz_sensor5:67000 mC
I/ThermalEngine( 1032): Sensor:tsens_tz_sensor2:73000 mC
I/ThermalEngine( 1032): Sensor:tsens_tz_sensor5:75000 mC
I/ThermalEngine( 1032): Sensor:tsens_tz_sensor2:75000 mC
I/ThermalEngine( 1032): Sensor:tsens_tz_sensor5:76000 mC
I/ThermalEngine( 1032): Sensor:batt_temp:43300 mC
I/ThermalEngine( 1032): Sensor:tsens_tz_sensor2:75000 mC
I/ThermalEngine( 1032): Sensor:tsens_tz_sensor5:76000 mC
I/UpstartPropertyWatcher(  986): Property changed: init.svc.ppd=running
I/UpstartPropertyWatcher(  986): Property changed: init.svc.ppd=restarting
I/ThermalEngine( 1032): Sensor:tsens_tz_sensor2:75000 mC
I/ThermalEngine( 1032): Sensor:tsens_tz_sensor5:77000 mC
I/ThermalEngine( 1032): Sensor:tsens_tz_sensor2:77000 mC
I/ThermalEngine( 1032): Sensor:tsens_tz_sensor5:77000 mC
I/ThermalEngine( 1032): Sensor:tsens_tz_sensor2:69000 mC
I/ThermalEngine( 1032): Sensor:tsens_tz_sensor5:69000 mC
I/ThermalEngine( 1032): Sensor:batt_temp:43100 mC
I/ThermalEngine( 1032): Sensor:tsens_tz_sensor2:67000 mC
I/ThermalEngine( 1032): Sensor:tsens_tz_sensor5:68000 mC
I/UpstartPropertyWatcher(  986): Property changed: init.svc.gsiff_daemon=running
I/UpstartPropertyWatcher(  986): Property changed: init.svc.quipc_igsn=running
I/UpstartPropertyWatcher(  986): Property changed: init.svc.quipc_main=running
I/UpstartPropertyWatcher(  986): Property changed: init.svc.xtwifi_inet=running
I/UpstartPropertyWatcher(  986): Property changed: init.svc.quipc_igsn=restarting
D/libEGL  ( 3531): loaded /vendor/lib/egl/libEGL_adreno.so
D/libEGL  ( 3531): loaded /vendor/lib/egl/libGLESv1_CM_adreno.so
I/UpstartPropertyWatcher(  986): Property changed: init.svc.xtwifi_inet=restarting
I/UpstartPropertyWatcher(  986): Property changed: init.svc.gsiff_daemon=restarting
D/libEGL  ( 3531): loaded /vendor/lib/egl/libGLESv2_adreno.so
I/UpstartPropertyWatcher(  986): Property changed: init.svc.quipc_main=restarting
I/ThermalEngine( 1032): Sensor:tsens_tz_sensor2:67000 mC
I/ThermalEngine( 1032): Sensor:tsens_tz_sensor5:68000 mC
E/QCALOG  ( 1049): [MessageQ] ProcessNewMessage: [XTWWAN-PE] unknown deliver target [OS-Agent]
E/QCALOG  ( 1049): [MessageQ] ProcessNewMessage: [XTWiFi-PE] unknown deliver target [OS-Agent]
I/ThermalEngine( 1032): Sensor:tsens_tz_sensor2:76000 mC
I/ThermalEngine( 1032): Sensor:tsens_tz_sensor5:73000 mC
I/ThermalEngine( 1032): Sensor:tsens_tz_sensor2:78000 mC
I/ThermalEngine( 1032): Sensor:tsens_tz_sensor5:74000 mC
I/ThermalEngine( 1032): Sensor:batt_temp:43300 mC
I/ThermalEngine( 1032): Sensor:tsens_tz_sensor2:80000 mC
I/ThermalEngine( 1032): Sensor:tsens_tz_sensor5:74000 mC
I/ThermalEngine( 1032): Sensor:tsens_tz_sensor2:80000 mC
I/ThermalEngine( 1032): Sensor:tsens_tz_sensor5:75000 mC
I/ThermalEngine( 1032): Sensor:tsens_tz_sensor2:80000 mC
I/ThermalEngine( 1032): Sensor:tsens_tz_sensor5:75000 mC
I/ThermalEngine( 1032): Sensor:tsens_tz_sensor2:73000 mC
I/ThermalEngine( 1032): Sensor:tsens_tz_sensor5:72000 mC
I/ThermalEngine( 1032): Sensor:batt_temp:43100 mC
E/QCALOG  ( 1049): [MessageQ] ProcessNewMessage: [XT-CS] unknown deliver target [OS-Agent]
I/ThermalEngine( 1032): Sensor:tsens_tz_sensor2:68000 mC
I/ThermalEngine( 1032): Sensor:tsens_tz_sensor5:68000 mC
I/ThermalEngine( 1032): Sensor:tsens_tz_sensor2:67000 mC
I/ThermalEngine( 1032): Sensor:tsens_tz_sensor5:67000 mC
D/libEGL  ( 3541): loaded /vendor/lib/egl/libEGL_adreno.so
D/libEGL  ( 3541): loaded /vendor/lib/egl/libGLESv1_CM_adreno.so
D/libEGL  ( 3541): loaded /vendor/lib/egl/libGLESv2_adreno.so
I/ThermalEngine( 1032): Sensor:tsens_tz_sensor2:73000 mC
I/ThermalEngine( 1032): Sensor:tsens_tz_sensor5:75000 mC
I/ThermalEngine( 1032): Sensor:tsens_tz_sensor2:73000 mC
I/ThermalEngine( 1032): Sensor:tsens_tz_sensor5:75000 mC
I/ThermalEngine( 1032): Sensor:batt_temp:43300 mC
I/ThermalEngine( 1032): Sensor:tsens_tz_sensor2:75000 mC
I/ThermalEngine( 1032): Sensor:tsens_tz_sensor5:76000 mC
I/ThermalEngine( 1032): Sensor:tsens_tz_sensor2:76000 mC
I/ThermalEngine( 1032): Sensor:tsens_tz_sensor5:77000 mC
I/ThermalEngine( 1032): Sensor:tsens_tz_sensor2:77000 mC
I/ThermalEngine( 1032): Sensor:tsens_tz_sensor5:76000 mC
I/ThermalEngine( 1032): Sensor:tsens_tz_sensor2:69000 mC
I/ThermalEngine( 1032): Sensor:tsens_tz_sensor5:69000 mC
I/ThermalEngine( 1032): Sensor:batt_temp:43200 mC
I/ThermalEngine( 1032): Sensor:tsens_tz_sensor2:69000 mC
I/ThermalEngine( 1032): Sensor:tsens_tz_sensor5:69000 mC
I/ThermalEngine( 1032): Sensor:tsens_tz_sensor2:67000 mC
I/ThermalEngine( 1032): Sensor:tsens_tz_sensor5:68000 mC
I/UpstartPropertyWatcher(  986): Property changed: init.svc.ppd=running
I/UpstartPropertyWatcher(  986): Property changed: init.svc.ppd=restarting
D/libEGL  ( 3547): loaded /vendor/lib/egl/libEGL_adreno.so
D/libEGL  ( 3547): loaded /vendor/lib/egl/libGLESv1_CM_adreno.so
D/libEGL  ( 3547): loaded /vendor/lib/egl/libGLESv2_adreno.so
I/ThermalEngine( 1032): Sensor:tsens_tz_sensor2:71000 mC
I/ThermalEngine( 1032): Sensor:tsens_tz_sensor5:73000 mC
I/ThermalEngine( 1032): Sensor:tsens_tz_sensor2:74000 mC
I/ThermalEngine( 1032): Sensor:tsens_tz_sensor5:76000 mC
I/ThermalEngine( 1032): Sensor:batt_temp:43400 mC
I/ThermalEngine( 1032): Sensor:tsens_tz_sensor2:75000 mC
I/ThermalEngine( 1032): Sensor:tsens_tz_sensor5:76000 mC
I/ThermalEngine( 1032): Sensor:tsens_tz_sensor2:75000 mC
I/ThermalEngine( 1032): Sensor:tsens_tz_sensor5:76000 mC
I/UpstartPropertyWatcher(  986): Property changed: init.svc.gsiff_daemon=running
I/UpstartPropertyWatcher(  986): Property changed: init.svc.quipc_igsn=running
I/UpstartPropertyWatcher(  986): Property changed: init.svc.quipc_main=running
I/UpstartPropertyWatcher(  986): Property changed: init.svc.xtwifi_inet=running
I/UpstartPropertyWatcher(  986): Property changed: init.svc.quipc_igsn=restarting
I/UpstartPropertyWatcher(  986): Property changed: init.svc.xtwifi_inet=restarting
I/UpstartPropertyWatcher(  986): Property changed: init.svc.gsiff_daemon=restarting
I/UpstartPropertyWatcher(  986): Property changed: init.svc.quipc_main=restarting
E/QCALOG  ( 1049): [MessageQ] ProcessNewMessage: [XTWWAN-PE] unknown deliver target [OS-Agent]
E/QCALOG  ( 1049): [MessageQ] ProcessNewMessage: [XTWiFi-PE] unknown deliver target [OS-Agent]
I/ThermalEngine( 1032): Sensor:tsens_tz_sensor2:76000 mC
I/ThermalEngine( 1032): Sensor:tsens_tz_sensor5:77000 mC
I/ThermalEngine( 1032): Sensor:tsens_tz_sensor2:74000 mC
I/ThermalEngine( 1032): Sensor:tsens_tz_sensor5:73000 mC
I/ThermalEngine( 1032): Sensor:batt_temp:43200 mC
I/ThermalEngine( 1032): Sensor:tsens_tz_sensor2:68000 mC
I/ThermalEngine( 1032): Sensor:tsens_tz_sensor5:68000 mC
I/ThermalEngine( 1032): Sensor:tsens_tz_sensor2:67000 mC
I/ThermalEngine( 1032): Sensor:tsens_tz_sensor5:67000 mC
D/libEGL  ( 3558): loaded /vendor/lib/egl/libEGL_adreno.so
D/libEGL  ( 3558): loaded /vendor/lib/egl/libGLESv1_CM_adreno.so
D/libEGL  ( 3558): loaded /vendor/lib/egl/libGLESv2_adreno.so
I/ThermalEngine( 1032): Sensor:tsens_tz_sensor2:67000 mC
I/ThermalEngine( 1032): Sensor:tsens_tz_sensor5:67000 mC
I/ThermalEngine( 1032): Sensor:tsens_tz_sensor2:72000 mC
I/ThermalEngine( 1032): Sensor:tsens_tz_sensor5:74000 mC
I/ThermalEngine( 1032): Sensor:batt_temp:43400 mC
E/QCALOG  ( 1049): [MessageQ] ProcessNewMessage: [XT-CS] unknown deliver target [OS-Agent]
I/ThermalEngine( 1032): Sensor:tsens_tz_sensor2:74000 mC
I/ThermalEngine( 1032): Sensor:tsens_tz_sensor5:75000 mC
I/ThermalEngine( 1032): Sensor:tsens_tz_sensor2:75000 mC
I/ThermalEngine( 1032): Sensor:tsens_tz_sensor5:76000 mC
I/ThermalEngine( 1032): Sensor:tsens_tz_sensor2:76000 mC
I/ThermalEngine( 1032): Sensor:tsens_tz_sensor5:76000 mC
I/ThermalEngine( 1032): Sensor:tsens_tz_sensor2:76000 mC
I/ThermalEngine( 1032): Sensor:tsens_tz_sensor5:76000 mC
I/ThermalEngine( 1032): Sensor:batt_temp:43200 mC
I/ThermalEngine( 1032): Sensor:tsens_tz_sensor2:70000 mC
I/ThermalEngine( 1032): Sensor:tsens_tz_sensor5:70000 mC
I/ThermalEngine( 1032): Sensor:tsens_tz_sensor2:68000 mC
I/ThermalEngine( 1032): Sensor:tsens_tz_sensor5:68000 mC
D/libEGL  ( 3564): loaded /vendor/lib/egl/libEGL_adreno.so
D/libEGL  ( 3564): loaded /vendor/lib/egl/libGLESv1_CM_adreno.so
D/libEGL  ( 3564): loaded /vendor/lib/egl/libGLESv2_adreno.so
I/ThermalEngine( 1032): Sensor:tsens_tz_sensor2:72000 mC
I/ThermalEngine( 1032): Sensor:tsens_tz_sensor5:70000 mC
I/ThermalEngine( 1032): Sensor:tsens_tz_sensor2:74000 mC
I/ThermalEngine( 1032): Sensor:tsens_tz_sensor5:75000 mC
I/ThermalEngine( 1032): Sensor:batt_temp:43400 mC
I/ThermalEngine( 1032): Sensor:tsens_tz_sensor2:74000 mC
I/ThermalEngine( 1032): Sensor:tsens_tz_sensor5:75000 mC
I/ThermalEngine( 1032): Sensor:tsens_tz_sensor2:75000 mC
I/ThermalEngine( 1032): Sensor:tsens_tz_sensor5:76000 mC
I/UpstartPropertyWatcher(  986): Property changed: init.svc.ppd=running
I/UpstartPropertyWatcher(  986): Property changed: init.svc.ppd=restarting
I/ThermalEngine( 1032): Sensor:tsens_tz_sensor2:76000 mC
I/ThermalEngine( 1032): Sensor:tsens_tz_sensor5:77000 mC
I/ThermalEngine( 1032): Sensor:tsens_tz_sensor2:76000 mC
I/ThermalEngine( 1032): Sensor:tsens_tz_sensor5:75000 mC
I/ThermalEngine( 1032): Sensor:batt_temp:43200 mC
I/ThermalEngine( 1032): Sensor:tsens_tz_sensor2:68000 mC
I/ThermalEngine( 1032): Sensor:tsens_tz_sensor5:69000 mC
I/ThermalEngine( 1032): Sensor:tsens_tz_sensor2:68000 mC
I/ThermalEngine( 1032): Sensor:tsens_tz_sensor5:69000 mC
E/QCALOG  ( 1049): [MessageQ] ProcessNewMessage: [XTWWAN-PE] unknown deliver target [OS-Agent]
E/QCALOG  ( 1049): [MessageQ] ProcessNewMessage: [XTWiFi-PE] unknown deliver target [OS-Agent]
I/UpstartPropertyWatcher(  986): Property changed: init.svc.gsiff_daemon=running
I/UpstartPropertyWatcher(  986): Property changed: init.svc.quipc_igsn=running
I/UpstartPropertyWatcher(  986): Property changed: init.svc.quipc_main=running
I/UpstartPropertyWatcher(  986): Property changed: init.svc.xtwifi_inet=running
I/UpstartPropertyWatcher(  986): Property changed: init.svc.quipc_igsn=restarting
I/UpstartPropertyWatcher(  986): Property changed: init.svc.xtwifi_inet=restarting
D/libEGL  ( 3571): loaded /vendor/lib/egl/libEGL_adreno.so
D/libEGL  ( 3571): loaded /vendor/lib/egl/libGLESv1_CM_adreno.so
I/ThermalEngine( 1032): Sensor:tsens_tz_sensor2:67000 mC
I/ThermalEngine( 1032): Sensor:tsens_tz_sensor5:67000 mC
D/libEGL  ( 3571): loaded /vendor/lib/egl/libGLESv2_adreno.so
I/UpstartPropertyWatcher(  986): Property changed: init.svc.quipc_main=restarting
I/UpstartPropertyWatcher(  986): Property changed: init.svc.gsiff_daemon=restarting
I/ThermalEngine( 1032): Sensor:tsens_tz_sensor2:73000 mC
I/ThermalEngine( 1032): Sensor:tsens_tz_sensor5:74000 mC
I/ThermalEngine( 1032): Sensor:batt_temp:43400 mC
I/ThermalEngine( 1032): Sensor:tsens_tz_sensor2:74000 mC
I/ThermalEngine( 1032): Sensor:tsens_tz_sensor5:76000 mC
I/ThermalEngine( 1032): Sensor:tsens_tz_sensor2:75000 mC
I/ThermalEngine( 1032): Sensor:tsens_tz_sensor5:77000 mC
I/ThermalEngine( 1032): Sensor:tsens_tz_sensor2:75000 mC
I/ThermalEngine( 1032): Sensor:tsens_tz_sensor5:77000 mC
I/ThermalEngine( 1032): Sensor:tsens_tz_sensor2:76000 mC
I/ThermalEngine( 1032): Sensor:tsens_tz_sensor5:77000 mC
I/ThermalEngine( 1032): Sensor:batt_temp:43300 mC
E/QCALOG  ( 1049): [MessageQ] ProcessNewMessage: [XT-CS] unknown deliver target [OS-Agent]
I/ThermalEngine( 1032): Sensor:tsens_tz_sensor2:71000 mC
I/ThermalEngine( 1032): Sensor:tsens_tz_sensor5:71000 mC
I/ThermalEngine( 1032): Sensor:tsens_tz_sensor2:68000 mC
I/ThermalEngine( 1032): Sensor:tsens_tz_sensor5:68000 mC
I/ThermalEngine( 1032): Sensor:tsens_tz_sensor2:69000 mC
I/ThermalEngine( 1032): Sensor:tsens_tz_sensor5:71000 mC
D/libEGL  ( 3581): loaded /vendor/lib/egl/libEGL_adreno.so
D/libEGL  ( 3581): loaded /vendor/lib/egl/libGLESv1_CM_adreno.so
D/libEGL  ( 3581): loaded /vendor/lib/egl/libGLESv2_adreno.so
I/ThermalEngine( 1032): Sensor:tsens_tz_sensor2:69000 mC
I/ThermalEngine( 1032): Sensor:tsens_tz_sensor5:71000 mC
I/ThermalEngine( 1032): Sensor:batt_temp:43400 mC
I/ThermalEngine( 1032): Sensor:tsens_tz_sensor2:74000 mC
I/ThermalEngine( 1032): Sensor:tsens_tz_sensor5:75000 mC
I/ThermalEngine( 1032): Sensor:tsens_tz_sensor2:75000 mC
I/ThermalEngine( 1032): Sensor:tsens_tz_sensor5:76000 mC
I/ThermalEngine( 1032): Sensor:tsens_tz_sensor2:76000 mC
I/ThermalEngine( 1032): Sensor:tsens_tz_sensor5:77000 mC
I/ThermalEngine( 1032): Sensor:tsens_tz_sensor2:76000 mC
I/ThermalEngine( 1032): Sensor:tsens_tz_sensor5:76000 mC
I/ThermalEngine( 1032): Sensor:batt_temp:43300 mC
I/ThermalEngine( 1032): Sensor:tsens_tz_sensor2:76000 mC
I/ThermalEngine( 1032): Sensor:tsens_tz_sensor5:76000 mC
I/ThermalEngine( 1032): Sensor:tsens_tz_sensor2:69000 mC
I/ThermalEngine( 1032): Sensor:tsens_tz_sensor5:69000 mC
I/ThermalEngine( 1032): Sensor:tsens_tz_sensor2:67000 mC
I/ThermalEngine( 1032): Sensor:tsens_tz_sensor5:67000 mC
I/UpstartPropertyWatcher(  986): Property changed: init.svc.ppd=running
I/UpstartPropertyWatcher(  986): Property changed: init.svc.ppd=restarting
D/libEGL  ( 3587): loaded /vendor/lib/egl/libEGL_adreno.so
D/libEGL  ( 3587): loaded /vendor/lib/egl/libGLESv1_CM_adreno.so
D/libEGL  ( 3587): loaded /vendor/lib/egl/libGLESv2_adreno.so
E/QCALOG  ( 1049): [MessageQ] ProcessNewMessage: [LOWI-SERVER] unknown deliver target [OS-Agent]
I/ThermalEngine( 1032): Sensor:tsens_tz_sensor2:73000 mC
I/ThermalEngine( 1032): Sensor:tsens_tz_sensor5:74000 mC
I/ThermalEngine( 1032): Sensor:batt_temp:43400 mC
I/ThermalEngine( 1032): Sensor:tsens_tz_sensor2:74000 mC
I/ThermalEngine( 1032): Sensor:tsens_tz_sensor5:75000 mC
I/ThermalEngine( 1032): Sensor:tsens_tz_sensor2:74000 mC
I/ThermalEngine( 1032): Sensor:tsens_tz_sensor5:75000 mC
E/QCALOG  ( 1049): [MessageQ] ProcessNewMessage: [XTWWAN-PE] unknown deliver target [OS-Agent]
E/QCALOG  ( 1049): [MessageQ] ProcessNewMessage: [XTWiFi-PE] unknown deliver target [OS-Agent]
I/ThermalEngine( 1032): Sensor:tsens_tz_sensor2:75000 mC
I/ThermalEngine( 1032): Sensor:tsens_tz_sensor5:76000 mC
I/UpstartPropertyWatcher(  986): Property changed: init.svc.gsiff_daemon=running
I/UpstartPropertyWatcher(  986): Property changed: init.svc.quipc_igsn=running
I/UpstartPropertyWatcher(  986): Property changed: init.svc.quipc_main=running
I/UpstartPropertyWatcher(  986): Property changed: init.svc.xtwifi_inet=running
I/UpstartPropertyWatcher(  986): Property changed: init.svc.xtwifi_inet=restarting
I/UpstartPropertyWatcher(  986): Property changed: init.svc.quipc_igsn=restarting
I/UpstartPropertyWatcher(  986): Property changed: init.svc.gsiff_daemon=restarting
I/UpstartPropertyWatcher(  986): Property changed: init.svc.quipc_main=restarting
I/ThermalEngine( 1032): Sensor:tsens_tz_sensor2:75000 mC
I/ThermalEngine( 1032): Sensor:tsens_tz_sensor5:76000 mC
I/ThermalEngine( 1032): Sensor:batt_temp:43400 mC
I/ThermalEngine( 1032): Sensor:tsens_tz_sensor2:75000 mC
I/ThermalEngine( 1032): Sensor:tsens_tz_sensor5:76000 mC
I/ThermalEngine( 1032): Sensor:tsens_tz_sensor2:69000 mC
I/ThermalEngine( 1032): Sensor:tsens_tz_sensor5:69000 mC
I/ThermalEngine( 1032): Sensor:tsens_tz_sensor2:69000 mC
I/ThermalEngine( 1032): Sensor:tsens_tz_sensor5:69000 mC
D/libEGL  ( 3599): loaded /vendor/lib/egl/libEGL_adreno.so
D/libEGL  ( 3599): loaded /vendor/lib/egl/libGLESv1_CM_adreno.so
D/libEGL  ( 3599): loaded /vendor/lib/egl/libGLESv2_adreno.so
I/ThermalEngine( 1032): Sensor:tsens_tz_sensor2:70000 mC
I/ThermalEngine( 1032): Sensor:tsens_tz_sensor5:71000 mC
I/ThermalEngine( 1032): Sensor:batt_temp:43500 mC
E/QCALOG  ( 1049): [MessageQ] ProcessNewMessage: [XT-CS] unknown deliver target [OS-Agent]
I/ThermalEngine( 1032): Sensor:tsens_tz_sensor2:78000 mC
I/ThermalEngine( 1032): Sensor:tsens_tz_sensor5:74000 mC
I/ThermalEngine( 1032): Sensor:tsens_tz_sensor2:80000 mC
I/ThermalEngine( 1032): Sensor:tsens_tz_sensor5:75000 mC
I/ThermalEngine( 1032): Sensor:tsens_tz_sensor2:80000 mC
I/ThermalEngine( 1032): Sensor:tsens_tz_sensor5:75000 mC
I/ThermalEngine( 1032): Sensor:tsens_tz_sensor2:80000 mC
I/ThermalEngine( 1032): Sensor:tsens_tz_sensor5:75000 mC
I/ThermalEngine( 1032): Sensor:batt_temp:43300 mC
I/ThermalEngine( 1032): Sensor:tsens_tz_sensor2:78000 mC
I/ThermalEngine( 1032): Sensor:tsens_tz_sensor5:76000 mC
I/ThermalEngine( 1032): Sensor:tsens_tz_sensor2:70000 mC
I/ThermalEngine( 1032): Sensor:tsens_tz_sensor5:70000 mC
I/ThermalEngine( 1032): Sensor:tsens_tz_sensor2:68000 mC
I/ThermalEngine( 1032): Sensor:tsens_tz_sensor5:68000 mC
I/UpstartPropertyWatcher(  986): Property changed: init.svc.ppd=running
D/libEGL  ( 3605): loaded /vendor/lib/egl/libEGL_adreno.so
D/libEGL  ( 3605): loaded /vendor/lib/egl/libGLESv1_CM_adreno.so
D/libEGL  ( 3605): loaded /vendor/lib/egl/libGLESv2_adreno.so
I/UpstartPropertyWatcher(  986): Property changed: init.svc.ppd=restarting
I/ThermalEngine( 1032): Sensor:tsens_tz_sensor2:73000 mC
I/ThermalEngine( 1032): Sensor:tsens_tz_sensor5:74000 mC
I/ThermalEngine( 1032): Sensor:batt_temp:43500 mC
I/ThermalEngine( 1032): Sensor:tsens_tz_sensor2:73000 mC
I/ThermalEngine( 1032): Sensor:tsens_tz_sensor5:74000 mC
I/ThermalEngine( 1032): Sensor:tsens_tz_sensor2:75000 mC
I/ThermalEngine( 1032): Sensor:tsens_tz_sensor5:76000 mC
I/ThermalEngine( 1032): Sensor:tsens_tz_sensor2:76000 mC
I/ThermalEngine( 1032): Sensor:tsens_tz_sensor5:77000 mC
I/UpstartPropertyWatcher(  986): Property changed: init.svc.gsiff_daemon=running
I/UpstartPropertyWatcher(  986): Property changed: init.svc.quipc_igsn=running
I/UpstartPropertyWatcher(  986): Property changed: init.svc.quipc_main=running
I/UpstartPropertyWatcher(  986): Property changed: init.svc.xtwifi_inet=running
I/UpstartPropertyWatcher(  986): Property changed: init.svc.xtwifi_inet=restarting
I/UpstartPropertyWatcher(  986): Property changed: init.svc.quipc_igsn=restarting
I/UpstartPropertyWatcher(  986): Property changed: init.svc.quipc_main=restarting
I/UpstartPropertyWatcher(  986): Property changed: init.svc.gsiff_daemon=restarting
I/ThermalEngine( 1032): Sensor:tsens_tz_sensor2:76000 mC
I/ThermalEngine( 1032): Sensor:tsens_tz_sensor5:77000 mC
I/ThermalEngine( 1032): Sensor:batt_temp:43300 mC
I/ThermalEngine( 1032): Sensor:tsens_tz_sensor2:73000 mC
I/ThermalEngine( 1032): Sensor:tsens_tz_sensor5:73000 mC
I/ThermalEngine( 1032): Sensor:tsens_tz_sensor2:73000 mC
I/ThermalEngine( 1032): Sensor:tsens_tz_sensor5:73000 mC
E/QCALOG  ( 1049): [MessageQ] ProcessNewMessage: [XTWWAN-PE] unknown deliver target [OS-Agent]
E/QCALOG  ( 1049): [MessageQ] ProcessNewMessage: [XTWiFi-PE] unknown deliver target [OS-Agent]
I/ThermalEngine( 1032): Sensor:tsens_tz_sensor2:68000 mC
I/ThermalEngine( 1032): Sensor:tsens_tz_sensor5:69000 mC
D/libEGL  ( 3616): loaded /vendor/lib/egl/libEGL_adreno.so
D/libEGL  ( 3616): loaded /vendor/lib/egl/libGLESv1_CM_adreno.so
D/libEGL  ( 3616): loaded /vendor/lib/egl/libGLESv2_adreno.so
I/ThermalEngine( 1032): Sensor:tsens_tz_sensor2:67000 mC
I/ThermalEngine( 1032): Sensor:tsens_tz_sensor5:67000 mC
I/ThermalEngine( 1032): Sensor:batt_temp:43500 mC
I/ThermalEngine( 1032): Sensor:tsens_tz_sensor2:74000 mC
I/ThermalEngine( 1032): Sensor:tsens_tz_sensor5:75000 mC
I/ThermalEngine( 1032): Sensor:tsens_tz_sensor2:75000 mC
I/ThermalEngine( 1032): Sensor:tsens_tz_sensor5:76000 mC
I/ThermalEngine( 1032): Sensor:tsens_tz_sensor2:75000 mC
I/ThermalEngine( 1032): Sensor:tsens_tz_sensor5:76000 mC
I/ThermalEngine( 1032): Sensor:tsens_tz_sensor2:76000 mC
I/ThermalEngine( 1032): Sensor:tsens_tz_sensor5:77000 mC
E/QCALOG  ( 1049): [MessageQ] ProcessNewMessage: [XT-CS] unknown deliver target [OS-Agent]
I/ThermalEngine( 1032): Sensor:batt_temp:43300 mC
I/ThermalEngine( 1032): Sensor:tsens_tz_sensor2:76000 mC
I/ThermalEngine( 1032): Sensor:tsens_tz_sensor5:77000 mC
I/ThermalEngine( 1032): Sensor:tsens_tz_sensor2:70000 mC
I/ThermalEngine( 1032): Sensor:tsens_tz_sensor5:70000 mC
I/ThermalEngine( 1032): Sensor:tsens_tz_sensor2:68000 mC
I/ThermalEngine( 1032): Sensor:tsens_tz_sensor5:68000 mC
I/ThermalEngine( 1032): Sensor:tsens_tz_sensor2:68000 mC
I/ThermalEngine( 1032): Sensor:tsens_tz_sensor5:68000 mC
D/libEGL  ( 3622): loaded /vendor/lib/egl/libEGL_adreno.so
D/libEGL  ( 3622): loaded /vendor/lib/egl/libGLESv1_CM_adreno.so
D/libEGL  ( 3622): loaded /vendor/lib/egl/libGLESv2_adreno.so
I/ThermalEngine( 1032): Sensor:batt_temp:43500 mC
I/ThermalEngine( 1032): Sensor:tsens_tz_sensor2:72000 mC
I/ThermalEngine( 1032): Sensor:tsens_tz_sensor5:72000 mC
I/ThermalEngine( 1032): Sensor:tsens_tz_sensor2:75000 mC
I/ThermalEngine( 1032): Sensor:tsens_tz_sensor5:74000 mC
I/ThermalEngine( 1032): Sensor:tsens_tz_sensor2:76000 mC
I/ThermalEngine( 1032): Sensor:tsens_tz_sensor5:75000 mC
I/ThermalEngine( 1032): Sensor:tsens_tz_sensor2:77000 mC
I/ThermalEngine( 1032): Sensor:tsens_tz_sensor5:75000 mC
I/UpstartPropertyWatcher(  986): Property changed: init.svc.ppd=running
I/UpstartPropertyWatcher(  986): Property changed: init.svc.ppd=restarting
I/ThermalEngine( 1032): Sensor:batt_temp:43300 mC
I/ThermalEngine( 1032): Sensor:tsens_tz_sensor2:77000 mC
I/ThermalEngine( 1032): Sensor:tsens_tz_sensor5:75000 mC
I/ThermalEngine( 1032): Sensor:tsens_tz_sensor2:72000 mC
I/ThermalEngine( 1032): Sensor:tsens_tz_sensor5:72000 mC
I/ThermalEngine( 1032): Sensor:tsens_tz_sensor2:68000 mC
I/ThermalEngine( 1032): Sensor:tsens_tz_sensor5:68000 mC
I/ThermalEngine( 1032): Sensor:tsens_tz_sensor2:67000 mC
I/ThermalEngine( 1032): Sensor:tsens_tz_sensor5:67000 mC
I/UpstartPropertyWatcher(  986): Property changed: init.svc.gsiff_daemon=running
I/UpstartPropertyWatcher(  986): Property changed: init.svc.quipc_igsn=running
I/UpstartPropertyWatcher(  986): Property changed: init.svc.quipc_main=running
I/UpstartPropertyWatcher(  986): Property changed: init.svc.xtwifi_inet=running
D/libEGL  ( 3629): loaded /vendor/lib/egl/libEGL_adreno.so
D/libEGL  ( 3629): loaded /vendor/lib/egl/libGLESv1_CM_adreno.so
I/UpstartPropertyWatcher(  986): Property changed: init.svc.quipc_igsn=restarting
I/UpstartPropertyWatcher(  986): Property changed: init.svc.xtwifi_inet=restarting
D/libEGL  ( 3629): loaded /vendor/lib/egl/libGLESv2_adreno.so
I/UpstartPropertyWatcher(  986): Property changed: init.svc.gsiff_daemon=restarting
I/UpstartPropertyWatcher(  986): Property changed: init.svc.quipc_main=restarting
I/ThermalEngine( 1032): Sensor:batt_temp:43500 mC
I/ThermalEngine( 1032): Sensor:tsens_tz_sensor2:73000 mC
I/ThermalEngine( 1032): Sensor:tsens_tz_sensor5:75000 mC
I/ThermalEngine( 1032): Sensor:tsens_tz_sensor2:73000 mC
I/ThermalEngine( 1032): Sensor:tsens_tz_sensor5:75000 mC
E/QCALOG  ( 1049): [MessageQ] ProcessNewMessage: [XTWWAN-PE] unknown deliver target [OS-Agent]
E/QCALOG  ( 1049): [MessageQ] ProcessNewMessage: [XTWiFi-PE] unknown deliver target [OS-Agent]
I/ThermalEngine( 1032): Sensor:tsens_tz_sensor2:75000 mC
I/ThermalEngine( 1032): Sensor:tsens_tz_sensor5:76000 mC
I/ThermalEngine( 1032): Sensor:tsens_tz_sensor2:76000 mC
I/ThermalEngine( 1032): Sensor:tsens_tz_sensor5:77000 mC
I/ThermalEngine( 1032): Sensor:batt_temp:43500 mC
I/ThermalEngine( 1032): Sensor:tsens_tz_sensor2:78000 mC
I/ThermalEngine( 1032): Sensor:tsens_tz_sensor5:76000 mC
I/ThermalEngine( 1032): Sensor:tsens_tz_sensor2:70000 mC
I/ThermalEngine( 1032): Sensor:tsens_tz_sensor5:70000 mC
I/ThermalEngine( 1032): Sensor:tsens_tz_sensor2:70000 mC
I/ThermalEngine( 1032): Sensor:tsens_tz_sensor5:70000 mC
I/ThermalEngine( 1032): Sensor:tsens_tz_sensor2:68000 mC
I/ThermalEngine( 1032): Sensor:tsens_tz_sensor5:68000 mC
D/libEGL  ( 3639): loaded /vendor/lib/egl/libEGL_adreno.so
D/libEGL  ( 3639): loaded /vendor/lib/egl/libGLESv1_CM_adreno.so
D/libEGL  ( 3639): loaded /vendor/lib/egl/libGLESv2_adreno.so
E/QCALOG  ( 1049): [MessageQ] ProcessNewMessage: [XT-CS] unknown deliver target [OS-Agent]
I/ThermalEngine( 1032): Sensor:batt_temp:43500 mC
I/ThermalEngine( 1032): Sensor:tsens_tz_sensor2:72000 mC
I/ThermalEngine( 1032): Sensor:tsens_tz_sensor5:72000 mC
I/ThermalEngine( 1032): Sensor:tsens_tz_sensor2:78000 mC
I/ThermalEngine( 1032): Sensor:tsens_tz_sensor5:74000 mC
I/ThermalEngine( 1032): Sensor:tsens_tz_sensor2:80000 mC
I/ThermalEngine( 1032): Sensor:tsens_tz_sensor5:75000 mC
I/ThermalEngine( 1032): Sensor:tsens_tz_sensor2:80000 mC
I/ThermalEngine( 1032): Sensor:tsens_tz_sensor5:75000 mC
I/ThermalEngine( 1032): Sensor:batt_temp:43600 mC
I/ThermalEngine( 1032): Sensor:tsens_tz_sensor2:80000 mC
I/ThermalEngine( 1032): Sensor:tsens_tz_sensor5:75000 mC
I/ThermalEngine( 1032): Sensor:tsens_tz_sensor2:74000 mC
I/ThermalEngine( 1032): Sensor:tsens_tz_sensor5:74000 mC
I/ThermalEngine( 1032): Sensor:tsens_tz_sensor2:68000 mC
I/ThermalEngine( 1032): Sensor:tsens_tz_sensor5:69000 mC
I/ThermalEngine( 1032): Sensor:tsens_tz_sensor2:67000 mC
I/ThermalEngine( 1032): Sensor:tsens_tz_sensor5:67000 mC
I/UpstartPropertyWatcher(  986): Property changed: init.svc.ppd=running
I/UpstartPropertyWatcher(  986): Property changed: init.svc.ppd=restarting
D/libEGL  ( 3645): loaded /vendor/lib/egl/libEGL_adreno.so
D/libEGL  ( 3645): loaded /vendor/lib/egl/libGLESv1_CM_adreno.so
D/libEGL  ( 3645): loaded /vendor/lib/egl/libGLESv2_adreno.so
I/ThermalEngine( 1032): Sensor:batt_temp:43500 mC
I/ThermalEngine( 1032): Sensor:tsens_tz_sensor2:67000 mC
I/ThermalEngine( 1032): Sensor:tsens_tz_sensor5:67000 mC
I/ThermalEngine( 1032): Sensor:tsens_tz_sensor2:74000 mC
I/ThermalEngine( 1032): Sensor:tsens_tz_sensor5:73000 mC
I/ThermalEngine( 1032): Sensor:tsens_tz_sensor2:76000 mC
I/ThermalEngine( 1032): Sensor:tsens_tz_sensor5:74000 mC
I/ThermalEngine( 1032): Sensor:tsens_tz_sensor2:76000 mC
I/ThermalEngine( 1032): Sensor:tsens_tz_sensor5:75000 mC
I/UpstartPropertyWatcher(  986): Property changed: init.svc.gsiff_daemon=running
I/UpstartPropertyWatcher(  986): Property changed: init.svc.quipc_igsn=running
I/UpstartPropertyWatcher(  986): Property changed: init.svc.quipc_main=running
I/UpstartPropertyWatcher(  986): Property changed: init.svc.xtwifi_inet=running
I/UpstartPropertyWatcher(  986): Property changed: init.svc.quipc_igsn=restarting
I/UpstartPropertyWatcher(  986): Property changed: init.svc.xtwifi_inet=restarting
I/UpstartPropertyWatcher(  986): Property changed: init.svc.gsiff_daemon=restarting
I/UpstartPropertyWatcher(  986): Property changed: init.svc.quipc_main=restarting
I/ThermalEngine( 1032): Sensor:batt_temp:43500 mC
I/ThermalEngine( 1032): Sensor:tsens_tz_sensor2:78000 mC
I/ThermalEngine( 1032): Sensor:tsens_tz_sensor5:77000 mC
I/ThermalEngine( 1032): Sensor:tsens_tz_sensor2:78000 mC
I/ThermalEngine( 1032): Sensor:tsens_tz_sensor5:77000 mC
E/QCALOG  ( 1049): [MessageQ] ProcessNewMessage: [XTWWAN-PE] unknown deliver target [OS-Agent]
E/QCALOG  ( 1049): [MessageQ] ProcessNewMessage: [XTWiFi-PE] unknown deliver target [OS-Agent]
I/ThermalEngine( 1032): Sensor:tsens_tz_sensor2:70000 mC
I/ThermalEngine( 1032): Sensor:tsens_tz_sensor5:70000 mC
I/ThermalEngine( 1032): Sensor:tsens_tz_sensor2:68000 mC
I/ThermalEngine( 1032): Sensor:tsens_tz_sensor5:68000 mC
D/libEGL  ( 3656): loaded /vendor/lib/egl/libEGL_adreno.so
D/libEGL  ( 3656): loaded /vendor/lib/egl/libGLESv1_CM_adreno.so
D/libEGL  ( 3656): loaded /vendor/lib/egl/libGLESv2_adreno.so
I/ThermalEngine( 1032): Sensor:batt_temp:43500 mC
I/ThermalEngine( 1032): Sensor:tsens_tz_sensor2:71000 mC
I/ThermalEngine( 1032): Sensor:tsens_tz_sensor5:73000 mC
I/ThermalEngine( 1032): Sensor:tsens_tz_sensor2:74000 mC
I/ThermalEngine( 1032): Sensor:tsens_tz_sensor5:75000 mC
I/ThermalEngine( 1032): Sensor:tsens_tz_sensor2:74000 mC
I/ThermalEngine( 1032): Sensor:tsens_tz_sensor5:75000 mC
I/ThermalEngine( 1032): Sensor:tsens_tz_sensor2:75000 mC
I/ThermalEngine( 1032): Sensor:tsens_tz_sensor5:76000 mC
E/QCALOG  ( 1049): [MessageQ] ProcessNewMessage: [XT-CS] unknown deliver target [OS-Agent]
I/ThermalEngine( 1032): Sensor:tsens_tz_sensor2:75000 mC
I/ThermalEngine( 1032): Sensor:tsens_tz_sensor5:76000 mC
I/ThermalEngine( 1032): Sensor:batt_temp:43600 mC
I/ThermalEngine( 1032): Sensor:tsens_tz_sensor2:74000 mC
I/ThermalEngine( 1032): Sensor:tsens_tz_sensor5:73000 mC
I/ThermalEngine( 1032): Sensor:tsens_tz_sensor2:68000 mC
I/ThermalEngine( 1032): Sensor:tsens_tz_sensor5:69000 mC
I/ThermalEngine( 1032): Sensor:tsens_tz_sensor2:68000 mC
I/ThermalEngine( 1032): Sensor:tsens_tz_sensor5:69000 mC
D/libEGL  ( 3662): loaded /vendor/lib/egl/libEGL_adreno.so
D/libEGL  ( 3662): loaded /vendor/lib/egl/libGLESv1_CM_adreno.so
D/libEGL  ( 3662): loaded /vendor/lib/egl/libGLESv2_adreno.so
I/ThermalEngine( 1032): Sensor:tsens_tz_sensor2:67000 mC
I/ThermalEngine( 1032): Sensor:tsens_tz_sensor5:67000 mC
I/ThermalEngine( 1032): Sensor:batt_temp:43500 mC
I/ThermalEngine( 1032): Sensor:tsens_tz_sensor2:73000 mC
I/ThermalEngine( 1032): Sensor:tsens_tz_sensor5:74000 mC
I/ThermalEngine( 1032): Sensor:tsens_tz_sensor2:74000 mC
I/ThermalEngine( 1032): Sensor:tsens_tz_sensor5:76000 mC
I/ThermalEngine( 1032): Sensor:tsens_tz_sensor2:75000 mC
I/ThermalEngine( 1032): Sensor:tsens_tz_sensor5:76000 mC
I/UpstartPropertyWatcher(  986): Property changed: init.svc.ppd=running
I/UpstartPropertyWatcher(  986): Property changed: init.svc.ppd=restarting
I/ThermalEngine( 1032): Sensor:tsens_tz_sensor2:75000 mC
I/ThermalEngine( 1032): Sensor:tsens_tz_sensor5:76000 mC
I/ThermalEngine( 1032): Sensor:batt_temp:43500 mC
I/ThermalEngine( 1032): Sensor:tsens_tz_sensor2:77000 mC
I/ThermalEngine( 1032): Sensor:tsens_tz_sensor5:76000 mC
I/ThermalEngine( 1032): Sensor:tsens_tz_sensor2:70000 mC
I/ThermalEngine( 1032): Sensor:tsens_tz_sensor5:70000 mC
I/ThermalEngine( 1032): Sensor:tsens_tz_sensor2:68000 mC
I/ThermalEngine( 1032): Sensor:tsens_tz_sensor5:68000 mC
I/UpstartPropertyWatcher(  986): Property changed: init.svc.gsiff_daemon=running
I/UpstartPropertyWatcher(  986): Property changed: init.svc.quipc_igsn=running
I/UpstartPropertyWatcher(  986): Property changed: init.svc.quipc_main=running
I/UpstartPropertyWatcher(  986): Property changed: init.svc.xtwifi_inet=running
I/UpstartPropertyWatcher(  986): Property changed: init.svc.xtwifi_inet=restarting
I/ThermalEngine( 1032): Sensor:tsens_tz_sensor2:68000 mC
I/ThermalEngine( 1032): Sensor:tsens_tz_sensor5:68000 mC
D/libEGL  ( 3669): loaded /vendor/lib/egl/libEGL_adreno.so
D/libEGL  ( 3669): loaded /vendor/lib/egl/libGLESv1_CM_adreno.so
I/UpstartPropertyWatcher(  986): Property changed: init.svc.quipc_igsn=restarting
I/UpstartPropertyWatcher(  986): Property changed: init.svc.gsiff_daemon=restarting
D/libEGL  ( 3669): loaded /vendor/lib/egl/libGLESv2_adreno.so
I/ThermalEngine( 1032): Sensor:batt_temp:43600 mC
I/UpstartPropertyWatcher(  986): Property changed: init.svc.quipc_main=restarting
I/ThermalEngine( 1032): Sensor:tsens_tz_sensor2:73000 mC
I/ThermalEngine( 1032): Sensor:tsens_tz_sensor5:73000 mC
E/QCALOG  ( 1049): [MessageQ] ProcessNewMessage: [XTWWAN-PE] unknown deliver target [OS-Agent]
E/QCALOG  ( 1049): [MessageQ] ProcessNewMessage: [XTWiFi-PE] unknown deliver target [OS-Agent]
I/ThermalEngine( 1032): Sensor:tsens_tz_sensor2:74000 mC
I/ThermalEngine( 1032): Sensor:tsens_tz_sensor5:75000 mC
I/ThermalEngine( 1032): Sensor:tsens_tz_sensor2:75000 mC
I/ThermalEngine( 1032): Sensor:tsens_tz_sensor5:76000 mC
I/ThermalEngine( 1032): Sensor:tsens_tz_sensor2:75000 mC
I/ThermalEngine( 1032): Sensor:tsens_tz_sensor5:77000 mC
I/ThermalEngine( 1032): Sensor:batt_temp:43500 mC
I/ThermalEngine( 1032): Sensor:tsens_tz_sensor2:75000 mC
I/ThermalEngine( 1032): Sensor:tsens_tz_sensor5:77000 mC
I/ThermalEngine( 1032): Sensor:tsens_tz_sensor2:74000 mC
I/ThermalEngine( 1032): Sensor:tsens_tz_sensor5:73000 mC
I/ThermalEngine( 1032): Sensor:tsens_tz_sensor2:68000 mC
I/ThermalEngine( 1032): Sensor:tsens_tz_sensor5:69000 mC
E/QCALOG  ( 1049): [MessageQ] ProcessNewMessage: [XT-CS] unknown deliver target [OS-Agent]
I/ThermalEngine( 1032): Sensor:tsens_tz_sensor2:67000 mC
I/ThermalEngine( 1032): Sensor:tsens_tz_sensor5:67000 mC
I/ThermalEngine( 1032): Sensor:batt_temp:43500 mC
D/libEGL  ( 3679): loaded /vendor/lib/egl/libEGL_adreno.so
D/libEGL  ( 3679): loaded /vendor/lib/egl/libGLESv1_CM_adreno.so
D/libEGL  ( 3679): loaded /vendor/lib/egl/libGLESv2_adreno.so
I/ThermalEngine( 1032): Sensor:tsens_tz_sensor2:73000 mC
I/ThermalEngine( 1032): Sensor:tsens_tz_sensor5:75000 mC
I/ThermalEngine( 1032): Sensor:tsens_tz_sensor2:73000 mC
I/ThermalEngine( 1032): Sensor:tsens_tz_sensor5:75000 mC
I/ThermalEngine( 1032): Sensor:tsens_tz_sensor2:75000 mC
I/ThermalEngine( 1032): Sensor:tsens_tz_sensor5:76000 mC
I/ThermalEngine( 1032): Sensor:tsens_tz_sensor2:76000 mC
I/ThermalEngine( 1032): Sensor:tsens_tz_sensor5:77000 mC
I/ThermalEngine( 1032): Sensor:batt_temp:43500 mC
I/ThermalEngine( 1032): Sensor:tsens_tz_sensor2:78000 mC
I/ThermalEngine( 1032): Sensor:tsens_tz_sensor5:77000 mC
I/ThermalEngine( 1032): Sensor:tsens_tz_sensor2:70000 mC
I/ThermalEngine( 1032): Sensor:tsens_tz_sensor5:70000 mC
I/ThermalEngine( 1032): Sensor:tsens_tz_sensor2:70000 mC
I/ThermalEngine( 1032): Sensor:tsens_tz_sensor5:70000 mC
I/ThermalEngine( 1032): Sensor:tsens_tz_sensor2:68000 mC
I/ThermalEngine( 1032): Sensor:tsens_tz_sensor5:68000 mC
I/ThermalEngine( 1032): Sensor:batt_temp:43500 mC
I/UpstartPropertyWatcher(  986): Property changed: init.svc.ppd=running
I/UpstartPropertyWatcher(  986): Property changed: init.svc.ppd=restarting
D/libEGL  ( 3685): loaded /vendor/lib/egl/libEGL_adreno.so
D/libEGL  ( 3685): loaded /vendor/lib/egl/libGLESv1_CM_adreno.so
D/libEGL  ( 3685): loaded /vendor/lib/egl/libGLESv2_adreno.so
I/ThermalEngine( 1032): Sensor:tsens_tz_sensor2:72000 mC
I/ThermalEngine( 1032): Sensor:tsens_tz_sensor5:73000 mC
I/ThermalEngine( 1032): Sensor:tsens_tz_sensor2:75000 mC
I/ThermalEngine( 1032): Sensor:tsens_tz_sensor5:74000 mC
I/ThermalEngine( 1032): Sensor:tsens_tz_sensor2:76000 mC
I/ThermalEngine( 1032): Sensor:tsens_tz_sensor5:75000 mC
I/ThermalEngine( 1032): Sensor:tsens_tz_sensor2:76000 mC
I/ThermalEngine( 1032): Sensor:tsens_tz_sensor5:75000 mC
I/ThermalEngine( 1032): Sensor:batt_temp:43600 mC
I/UpstartPropertyWatcher(  986): Property changed: init.svc.gsiff_daemon=running
I/UpstartPropertyWatcher(  986): Property changed: init.svc.quipc_igsn=running
I/UpstartPropertyWatcher(  986): Property changed: init.svc.quipc_main=running
I/UpstartPropertyWatcher(  986): Property changed: init.svc.xtwifi_inet=running
I/UpstartPropertyWatcher(  986): Property changed: init.svc.quipc_igsn=restarting
I/UpstartPropertyWatcher(  986): Property changed: init.svc.xtwifi_inet=restarting
I/UpstartPropertyWatcher(  986): Property changed: init.svc.gsiff_daemon=restarting
I/UpstartPropertyWatcher(  986): Property changed: init.svc.quipc_main=restarting
I/ThermalEngine( 1032): Sensor:tsens_tz_sensor2:77000 mC
I/ThermalEngine( 1032): Sensor:tsens_tz_sensor5:75000 mC
E/QCALOG  ( 1049): [MessageQ] ProcessNewMessage: [XTWWAN-PE] unknown deliver target [OS-Agent]
E/QCALOG  ( 1049): [MessageQ] ProcessNewMessage: [XTWiFi-PE] unknown deliver target [OS-Agent]
I/ThermalEngine( 1032): Sensor:tsens_tz_sensor2:75000 mC
I/ThermalEngine( 1032): Sensor:tsens_tz_sensor5:74000 mC
I/ThermalEngine( 1032): Sensor:tsens_tz_sensor2:69000 mC
I/ThermalEngine( 1032): Sensor:tsens_tz_sensor5:69000 mC
I/ThermalEngine( 1032): Sensor:tsens_tz_sensor2:67000 mC
I/ThermalEngine( 1032): Sensor:tsens_tz_sensor5:67000 mC
I/ThermalEngine( 1032): Sensor:batt_temp:43600 mC
D/libEGL  ( 3696): loaded /vendor/lib/egl/libEGL_adreno.so
D/libEGL  ( 3696): loaded /vendor/lib/egl/libGLESv1_CM_adreno.so
D/libEGL  ( 3696): loaded /vendor/lib/egl/libGLESv2_adreno.so
I/ThermalEngine( 1032): Sensor:tsens_tz_sensor2:67000 mC
I/ThermalEngine( 1032): Sensor:tsens_tz_sensor5:67000 mC
I/ThermalEngine( 1032): Sensor:tsens_tz_sensor2:73000 mC
I/ThermalEngine( 1032): Sensor:tsens_tz_sensor5:75000 mC
I/ThermalEngine( 1032): Sensor:tsens_tz_sensor2:75000 mC
I/ThermalEngine( 1032): Sensor:tsens_tz_sensor5:76000 mC
E/QCALOG  ( 1049): [MessageQ] ProcessNewMessage: [XT-CS] unknown deliver target [OS-Agent]
I/ThermalEngine( 1032): Sensor:tsens_tz_sensor2:76000 mC
I/ThermalEngine( 1032): Sensor:tsens_tz_sensor5:77000 mC
I/ThermalEngine( 1032): Sensor:batt_temp:43600 mC
I/ThermalEngine( 1032): Sensor:tsens_tz_sensor2:77000 mC
I/ThermalEngine( 1032): Sensor:tsens_tz_sensor5:77000 mC
I/ThermalEngine( 1032): Sensor:tsens_tz_sensor2:77000 mC
I/ThermalEngine( 1032): Sensor:tsens_tz_sensor5:77000 mC
I/ThermalEngine( 1032): Sensor:tsens_tz_sensor2:71000 mC
I/ThermalEngine( 1032): Sensor:tsens_tz_sensor5:71000 mC
I/ThermalEngine( 1032): Sensor:tsens_tz_sensor2:68000 mC
I/ThermalEngine( 1032): Sensor:tsens_tz_sensor5:68000 mC
I/ThermalEngine( 1032): Sensor:batt_temp:43400 mC
D/libEGL  ( 3702): loaded /vendor/lib/egl/libEGL_adreno.so
D/libEGL  ( 3702): loaded /vendor/lib/egl/libGLESv1_CM_adreno.so
D/libEGL  ( 3702): loaded /vendor/lib/egl/libGLESv2_adreno.so
I/ThermalEngine( 1032): Sensor:tsens_tz_sensor2:70000 mC
I/ThermalEngine( 1032): Sensor:tsens_tz_sensor5:72000 mC
I/ThermalEngine( 1032): Sensor:tsens_tz_sensor2:78000 mC
I/ThermalEngine( 1032): Sensor:tsens_tz_sensor5:74000 mC
I/ThermalEngine( 1032): Sensor:tsens_tz_sensor2:78000 mC
I/ThermalEngine( 1032): Sensor:tsens_tz_sensor5:74000 mC
I/ThermalEngine( 1032): Sensor:tsens_tz_sensor2:80000 mC
I/ThermalEngine( 1032): Sensor:tsens_tz_sensor5:75000 mC
I/ThermalEngine( 1032): Sensor:batt_temp:43600 mC
I/UpstartPropertyWatcher(  986): Property changed: init.svc.ppd=running
I/UpstartPropertyWatcher(  986): Property changed: init.svc.ppd=restarting
I/ThermalEngine( 1032): Sensor:tsens_tz_sensor2:80000 mC
I/ThermalEngine( 1032): Sensor:tsens_tz_sensor5:75000 mC
I/ThermalEngine( 1032): Sensor:tsens_tz_sensor2:77000 mC
I/ThermalEngine( 1032): Sensor:tsens_tz_sensor5:75000 mC
I/ThermalEngine( 1032): Sensor:tsens_tz_sensor2:69000 mC
I/ThermalEngine( 1032): Sensor:tsens_tz_sensor5:69000 mC
I/ThermalEngine( 1032): Sensor:tsens_tz_sensor2:69000 mC
I/ThermalEngine( 1032): Sensor:tsens_tz_sensor5:69000 mC
I/ThermalEngine( 1032): Sensor:batt_temp:43400 mC
I/UpstartPropertyWatcher(  986): Property changed: init.svc.gsiff_daemon=running
I/UpstartPropertyWatcher(  986): Property changed: init.svc.quipc_igsn=running
I/UpstartPropertyWatcher(  986): Property changed: init.svc.quipc_main=running
I/UpstartPropertyWatcher(  986): Property changed: init.svc.xtwifi_inet=running
I/UpstartPropertyWatcher(  986): Property changed: init.svc.quipc_igsn=restarting
D/libEGL  ( 3709): loaded /vendor/lib/egl/libEGL_adreno.so
I/UpstartPropertyWatcher(  986): Property changed: init.svc.xtwifi_inet=restarting
D/libEGL  ( 3709): loaded /vendor/lib/egl/libGLESv1_CM_adreno.so
I/UpstartPropertyWatcher(  986): Property changed: init.svc.gsiff_daemon=restarting
D/libEGL  ( 3709): loaded /vendor/lib/egl/libGLESv2_adreno.so
I/UpstartPropertyWatcher(  986): Property changed: init.svc.quipc_main=restarting
I/ThermalEngine( 1032): Sensor:tsens_tz_sensor2:68000 mC
I/ThermalEngine( 1032): Sensor:tsens_tz_sensor5:68000 mC
E/QCALOG  ( 1049): [MessageQ] ProcessNewMessage: [XTWWAN-PE] unknown deliver target [OS-Agent]
E/QCALOG  ( 1049): [MessageQ] ProcessNewMessage: [XTWiFi-PE] unknown deliver target [OS-Agent]
I/ThermalEngine( 1032): Sensor:tsens_tz_sensor2:74000 mC
I/ThermalEngine( 1032): Sensor:tsens_tz_sensor5:74000 mC
I/ThermalEngine( 1032): Sensor:tsens_tz_sensor2:74000 mC
I/ThermalEngine( 1032): Sensor:tsens_tz_sensor5:76000 mC
I/ThermalEngine( 1032): Sensor:tsens_tz_sensor2:75000 mC
I/ThermalEngine( 1032): Sensor:tsens_tz_sensor5:76000 mC
I/ThermalEngine( 1032): Sensor:batt_temp:43600 mC
I/ThermalEngine( 1032): Sensor:tsens_tz_sensor2:75000 mC
I/ThermalEngine( 1032): Sensor:tsens_tz_sensor5:76000 mC
I/ThermalEngine( 1032): Sensor:tsens_tz_sensor2:76000 mC
I/ThermalEngine( 1032): Sensor:tsens_tz_sensor5:77000 mC
I/ThermalEngine( 1032): Sensor:tsens_tz_sensor2:71000 mC
I/ThermalEngine( 1032): Sensor:tsens_tz_sensor5:71000 mC
E/QCALOG  ( 1049): [MessageQ] ProcessNewMessage: [XT-CS] unknown deliver target [OS-Agent]
I/ThermalEngine( 1032): Sensor:tsens_tz_sensor2:68000 mC
I/ThermalEngine( 1032): Sensor:tsens_tz_sensor5:68000 mC
I/ThermalEngine( 1032): Sensor:batt_temp:43400 mC
I/ThermalEngine( 1032): Sensor:tsens_tz_sensor2:73000 mC
I/ThermalEngine( 1032): Sensor:tsens_tz_sensor5:71000 mC
D/libEGL  ( 3719): loaded /vendor/lib/egl/libEGL_adreno.so
D/libEGL  ( 3719): loaded /vendor/lib/egl/libGLESv1_CM_adreno.so
D/libEGL  ( 3719): loaded /vendor/lib/egl/libGLESv2_adreno.so
I/ThermalEngine( 1032): Sensor:tsens_tz_sensor2:73000 mC
I/ThermalEngine( 1032): Sensor:tsens_tz_sensor5:71000 mC
I/ThermalEngine( 1032): Sensor:tsens_tz_sensor2:74000 mC
I/ThermalEngine( 1032): Sensor:tsens_tz_sensor5:76000 mC
I/ThermalEngine( 1032): Sensor:tsens_tz_sensor2:75000 mC
I/ThermalEngine( 1032): Sensor:tsens_tz_sensor5:77000 mC
I/ThermalEngine( 1032): Sensor:batt_temp:43600 mC
I/ThermalEngine( 1032): Sensor:tsens_tz_sensor2:76000 mC
I/ThermalEngine( 1032): Sensor:tsens_tz_sensor5:77000 mC
I/ThermalEngine( 1032): Sensor:tsens_tz_sensor2:76000 mC
I/ThermalEngine( 1032): Sensor:tsens_tz_sensor5:76000 mC
I/ThermalEngine( 1032): Sensor:tsens_tz_sensor2:76000 mC
I/ThermalEngine( 1032): Sensor:tsens_tz_sensor5:76000 mC
I/ThermalEngine( 1032): Sensor:tsens_tz_sensor2:69000 mC
I/ThermalEngine( 1032): Sensor:tsens_tz_sensor5:69000 mC
I/ThermalEngine( 1032): Sensor:batt_temp:43400 mC
I/ThermalEngine( 1032): Sensor:tsens_tz_sensor2:68000 mC
I/ThermalEngine( 1032): Sensor:tsens_tz_sensor5:68000 mC
I/UpstartPropertyWatcher(  986): Property changed: init.svc.ppd=running
I/UpstartPropertyWatcher(  986): Property changed: init.svc.ppd=restarting
D/libEGL  ( 3725): loaded /vendor/lib/egl/libEGL_adreno.so
D/libEGL  ( 3725): loaded /vendor/lib/egl/libGLESv1_CM_adreno.so
D/libEGL  ( 3725): loaded /vendor/lib/egl/libGLESv2_adreno.so
I/ThermalEngine( 1032): Sensor:tsens_tz_sensor2:73000 mC
I/ThermalEngine( 1032): Sensor:tsens_tz_sensor5:74000 mC
I/ThermalEngine( 1032): Sensor:tsens_tz_sensor2:75000 mC
I/ThermalEngine( 1032): Sensor:tsens_tz_sensor5:76000 mC
I/ThermalEngine( 1032): Sensor:tsens_tz_sensor2:75000 mC
I/ThermalEngine( 1032): Sensor:tsens_tz_sensor5:76000 mC
I/ThermalEngine( 1032): Sensor:batt_temp:43600 mC
I/ThermalEngine( 1032): Sensor:tsens_tz_sensor2:76000 mC
I/ThermalEngine( 1032): Sensor:tsens_tz_sensor5:77000 mC
I/UpstartPropertyWatcher(  986): Property changed: init.svc.gsiff_daemon=running
I/UpstartPropertyWatcher(  986): Property changed: init.svc.quipc_igsn=running
I/UpstartPropertyWatcher(  986): Property changed: init.svc.quipc_main=running
I/UpstartPropertyWatcher(  986): Property changed: init.svc.xtwifi_inet=running
I/UpstartPropertyWatcher(  986): Property changed: init.svc.xtwifi_inet=restarting
I/UpstartPropertyWatcher(  986): Property changed: init.svc.quipc_igsn=restarting
I/UpstartPropertyWatcher(  986): Property changed: init.svc.gsiff_daemon=restarting
I/UpstartPropertyWatcher(  986): Property changed: init.svc.quipc_main=restarting
E/QCALOG  ( 1049): [MessageQ] ProcessNewMessage: [XTWWAN-PE] unknown deliver target [OS-Agent]
E/QCALOG  ( 1049): [MessageQ] ProcessNewMessage: [XTWiFi-PE] unknown deliver target [OS-Agent]
I/ThermalEngine( 1032): Sensor:tsens_tz_sensor2:79000 mC
I/ThermalEngine( 1032): Sensor:tsens_tz_sensor5:78000 mC
I/ThermalEngine( 1032): Sensor:tsens_tz_sensor2:72000 mC
I/ThermalEngine( 1032): Sensor:tsens_tz_sensor5:71000 mC
I/ThermalEngine( 1032): Sensor:tsens_tz_sensor2:68000 mC
I/ThermalEngine( 1032): Sensor:tsens_tz_sensor5:68000 mC
I/ThermalEngine( 1032): Sensor:batt_temp:43400 mC
I/ThermalEngine( 1032): Sensor:tsens_tz_sensor2:68000 mC
I/ThermalEngine( 1032): Sensor:tsens_tz_sensor5:68000 mC
D/libEGL  ( 3736): loaded /vendor/lib/egl/libEGL_adreno.so
D/libEGL  ( 3736): loaded /vendor/lib/egl/libGLESv1_CM_adreno.so
D/libEGL  ( 3736): loaded /vendor/lib/egl/libGLESv2_adreno.so
I/ThermalEngine( 1032): Sensor:tsens_tz_sensor2:70000 mC
I/ThermalEngine( 1032): Sensor:tsens_tz_sensor5:71000 mC
I/ThermalEngine( 1032): Sensor:tsens_tz_sensor2:75000 mC
I/ThermalEngine( 1032): Sensor:tsens_tz_sensor5:74000 mC
E/QCALOG  ( 1049): [MessageQ] ProcessNewMessage: [XT-CS] unknown deliver target [OS-Agent]
