I/ThermalEngine( 1032): Sensor:tsens_tz_sensor5:75000 mC
I/ThermalEngine( 1032): Sensor:batt_temp:42100 mC
I/ThermalEngine( 1032): Sensor:tsens_tz_sensor2:71000 mC
I/ThermalEngine( 1032): Sensor:tsens_tz_sensor5:71000 mC
I/ThermalEngine( 1032): Sensor:tsens_tz_sensor2:67000 mC
I/ThermalEngine( 1032): Sensor:tsens_tz_sensor5:67000 mC
I/ThermalEngine( 1032): Sensor:tsens_tz_sensor2:68000 mC
I/ThermalEngine( 1032): Sensor:tsens_tz_sensor5:68000 mC
D/libEGL  ( 2515): loaded /vendor/lib/egl/libEGL_adreno.so
D/libEGL  ( 2515): loaded /vendor/lib/egl/libGLESv1_CM_adreno.so
D/libEGL  ( 2515): loaded /vendor/lib/egl/libGLESv2_adreno.so
I/ThermalEngine( 1032): Sensor:tsens_tz_sensor2:68000 mC
I/ThermalEngine( 1032): Sensor:tsens_tz_sensor5:68000 mC
I/ThermalEngine( 1032): Sensor:batt_temp:42100 mC
I/ThermalEngine( 1032): Sensor:tsens_tz_sensor2:76000 mC
I/ThermalEngine( 1032): Sensor:tsens_tz_sensor5:72000 mC
E/QCALOG  ( 1049): [MessageQ] ProcessNewMessage: [XT-CS] unknown deliver target [OS-Agent]
I/ThermalEngine( 1032): Sensor:tsens_tz_sensor2:78000 mC
I/ThermalEngine( 1032): Sensor:tsens_tz_sensor5:73000 mC
I/ThermalEngine( 1032): Sensor:tsens_tz_sensor2:78000 mC
I/ThermalEngine( 1032): Sensor:tsens_tz_sensor5:74000 mC
I/ThermalEngine( 1032): Sensor:tsens_tz_sensor2:75000 mC
I/ThermalEngine( 1032): Sensor:tsens_tz_sensor5:75000 mC
I/rmt_storage( 1013): rmt_storage_connect_cb: clnt_h=0x5 conn_h=0xb713a178
I/rmt_storage( 1013): rmt_storage_rw_iovec_cb: /boot/modem_fs2: clnt_h=0x2: req_h=0x9 msg_id=3: R/W request received
I/rmt_storage( 1013): wakelock acquired: 1, error no: 42
I/rmt_storage( 1013): rmt_storage_client_thread: /boot/modem_fs2: clnt_h=0x2 Unblock worker thread (th_id: -1223450056)
I/ThermalEngine( 1032): Sensor:batt_temp:42100 mC
I/rmt_storage( 1013): rmt_storage_client_thread: /boot/modem_fs2: clnt_h=0x2: req_h=0x9 msg_id=3: Bytes written = 1572864
I/rmt_storage( 1013): rmt_storage_client_thread: /boot/modem_fs2: clnt_h=0x2: req_h=0x9 msg_id=3: Send response: res=0 err=0
I/rmt_storage( 1013): rmt_storage_client_thread: /boot/modem_fs2: clnt_h=0x2 About to block rmt_storage client thread (th_id: -1223450056) wakelock released: 1, error no: 0
I/rmt_storage( 1013): 
I/rmt_storage( 1013): rmt_storage_disconnect_cb: clnt_h=0x0x5 conn_h=0x0xb713a178
I/ThermalEngine( 1032): Sensor:tsens_tz_sensor2:75000 mC
I/ThermalEngine( 1032): Sensor:tsens_tz_sensor5:75000 mC
I/ThermalEngine( 1032): Sensor:tsens_tz_sensor2:70000 mC
I/ThermalEngine( 1032): Sensor:tsens_tz_sensor5:70000 mC
I/ThermalEngine( 1032): Sensor:tsens_tz_sensor2:67000 mC
I/ThermalEngine( 1032): Sensor:tsens_tz_sensor5:67000 mC
D/libEGL  ( 2521): loaded /vendor/lib/egl/libEGL_adreno.so
D/libEGL  ( 2521): loaded /vendor/lib/egl/libGLESv1_CM_adreno.so
D/libEGL  ( 2521): loaded /vendor/lib/egl/libGLESv2_adreno.so
I/ThermalEngine( 1032): Sensor:tsens_tz_sensor2:75000 mC
I/ThermalEngine( 1032): Sensor:tsens_tz_sensor5:71000 mC
I/ThermalEngine( 1032): Sensor:batt_temp:42100 mC
I/ThermalEngine( 1032): Sensor:tsens_tz_sensor2:77000 mC
I/ThermalEngine( 1032): Sensor:tsens_tz_sensor5:73000 mC
I/ThermalEngine( 1032): Sensor:tsens_tz_sensor2:77000 mC
I/ThermalEngine( 1032): Sensor:tsens_tz_sensor5:73000 mC
I/ThermalEngine( 1032): Sensor:tsens_tz_sensor2:78000 mC
I/ThermalEngine( 1032): Sensor:tsens_tz_sensor5:73000 mC
I/UpstartPropertyWatcher(  986): Property changed: init.svc.ppd=running
I/UpstartPropertyWatcher(  986): Property changed: init.svc.quipc_igsn=running
I/UpstartPropertyWatcher(  986): Property changed: init.svc.quipc_main=running
I/UpstartPropertyWatcher(  986): Property changed: init.svc.gsiff_daemon=running
I/UpstartPropertyWatcher(  986): Property changed: init.svc.xtwifi_inet=running
I/UpstartPropertyWatcher(  986): Property changed: init.svc.quipc_igsn=restarting
I/UpstartPropertyWatcher(  986): Property changed: init.svc.xtwifi_inet=restarting
I/UpstartPropertyWatcher(  986): Property changed: init.svc.gsiff_daemon=restarting
I/UpstartPropertyWatcher(  986): Property changed: init.svc.ppd=restarting
I/UpstartPropertyWatcher(  986): Property changed: init.svc.quipc_main=restarting
I/ThermalEngine( 1032): Sensor:tsens_tz_sensor2:79000 mC
I/ThermalEngine( 1032): Sensor:tsens_tz_sensor5:74000 mC
I/ThermalEngine( 1032): Sensor:batt_temp:42100 mC
I/ThermalEngine( 1032): Sensor:tsens_tz_sensor2:72000 mC
I/ThermalEngine( 1032): Sensor:tsens_tz_sensor5:72000 mC
I/ThermalEngine( 1032): Sensor:tsens_tz_sensor2:67000 mC
I/ThermalEngine( 1032): Sensor:tsens_tz_sensor5:67000 mC
E/QCALOG  ( 1049): [MessageQ] ProcessNewMessage: [XTWiFi-PE] unknown deliver target [OS-Agent]
I/ThermalEngine( 1032): Sensor:tsens_tz_sensor2:67000 mC
I/ThermalEngine( 1032): Sensor:tsens_tz_sensor5:67000 mC
E/QCALOG  ( 1049): [MessageQ] ProcessNewMessage: [XTWWAN-PE] unknown deliver target [OS-Agent]
D/libEGL  ( 2535): loaded /vendor/lib/egl/libEGL_adreno.so
D/libEGL  ( 2535): loaded /vendor/lib/egl/libGLESv1_CM_adreno.so
D/libEGL  ( 2535): loaded /vendor/lib/egl/libGLESv2_adreno.so
I/ThermalEngine( 1032): Sensor:tsens_tz_sensor2:66000 mC
I/ThermalEngine( 1032): Sensor:tsens_tz_sensor5:66000 mC
I/ThermalEngine( 1032): Sensor:batt_temp:42100 mC
I/ThermalEngine( 1032): Sensor:tsens_tz_sensor2:72000 mC
I/ThermalEngine( 1032): Sensor:tsens_tz_sensor5:74000 mC
I/ThermalEngine( 1032): Sensor:tsens_tz_sensor2:73000 mC
I/ThermalEngine( 1032): Sensor:tsens_tz_sensor5:74000 mC
I/ThermalEngine( 1032): Sensor:tsens_tz_sensor2:74000 mC
I/ThermalEngine( 1032): Sensor:tsens_tz_sensor5:75000 mC
I/ThermalEngine( 1032): Sensor:tsens_tz_sensor2:74000 mC
I/ThermalEngine( 1032): Sensor:tsens_tz_sensor5:75000 mC
I/ThermalEngine( 1032): Sensor:batt_temp:42100 mC
I/ThermalEngine( 1032): Sensor:tsens_tz_sensor2:74000 mC
I/ThermalEngine( 1032): Sensor:tsens_tz_sensor5:75000 mC
E/QCALOG  ( 1049): [MessageQ] ProcessNewMessage: [XT-CS] unknown deliver target [OS-Agent]
I/ThermalEngine( 1032): Sensor:tsens_tz_sensor2:68000 mC
I/ThermalEngine( 1032): Sensor:tsens_tz_sensor5:68000 mC
I/ThermalEngine( 1032): Sensor:tsens_tz_sensor2:66000 mC
I/ThermalEngine( 1032): Sensor:tsens_tz_sensor5:66000 mC
D/libEGL  ( 2544): loaded /vendor/lib/egl/libEGL_adreno.so
D/libEGL  ( 2544): loaded /vendor/lib/egl/libGLESv1_CM_adreno.so
D/libEGL  ( 2544): loaded /vendor/lib/egl/libGLESv2_adreno.so
I/ThermalEngine( 1032): Sensor:tsens_tz_sensor2:74000 mC
I/ThermalEngine( 1032): Sensor:tsens_tz_sensor5:70000 mC
I/ThermalEngine( 1032): Sensor:batt_temp:42100 mC
I/ThermalEngine( 1032): Sensor:tsens_tz_sensor2:74000 mC
I/ThermalEngine( 1032): Sensor:tsens_tz_sensor5:70000 mC
I/ThermalEngine( 1032): Sensor:tsens_tz_sensor2:77000 mC
I/ThermalEngine( 1032): Sensor:tsens_tz_sensor5:72000 mC
I/ThermalEngine( 1032): Sensor:tsens_tz_sensor2:78000 mC
I/ThermalEngine( 1032): Sensor:tsens_tz_sensor5:73000 mC
I/ThermalEngine( 1032): Sensor:tsens_tz_sensor2:79000 mC
I/ThermalEngine( 1032): Sensor:tsens_tz_sensor5:74000 mC
I/ThermalEngine( 1032): Sensor:batt_temp:42200 mC
I/ThermalEngine( 1032): Sensor:tsens_tz_sensor2:72000 mC
I/ThermalEngine( 1032): Sensor:tsens_tz_sensor5:72000 mC
I/ThermalEngine( 1032): Sensor:tsens_tz_sensor2:72000 mC
I/ThermalEngine( 1032): Sensor:tsens_tz_sensor5:72000 mC
I/ThermalEngine( 1032): Sensor:tsens_tz_sensor2:67000 mC
I/ThermalEngine( 1032): Sensor:tsens_tz_sensor5:67000 mC
I/UpstartPropertyWatcher(  986): Property changed: init.svc.ppd=running
I/UpstartPropertyWatcher(  986): Property changed: init.svc.gsiff_daemon=running
I/UpstartPropertyWatcher(  986): Property changed: init.svc.quipc_igsn=running
I/UpstartPropertyWatcher(  986): Property changed: init.svc.quipc_main=running
I/UpstartPropertyWatcher(  986): Property changed: init.svc.xtwifi_inet=running
I/ThermalEngine( 1032): Sensor:tsens_tz_sensor2:66000 mC
I/ThermalEngine( 1032): Sensor:tsens_tz_sensor5:66000 mC
I/UpstartPropertyWatcher(  986): Property changed: init.svc.gsiff_daemon=restarting
I/UpstartPropertyWatcher(  986): Property changed: init.svc.xtwifi_inet=restarting
I/UpstartPropertyWatcher(  986): Property changed: init.svc.quipc_igsn=restarting
I/UpstartPropertyWatcher(  986): Property changed: init.svc.quipc_main=restarting
D/libEGL  ( 2550): loaded /vendor/lib/egl/libEGL_adreno.so
D/libEGL  ( 2550): loaded /vendor/lib/egl/libGLESv1_CM_adreno.so
D/libEGL  ( 2550): loaded /vendor/lib/egl/libGLESv2_adreno.so
I/UpstartPropertyWatcher(  986): Property changed: init.svc.ppd=restarting
I/ThermalEngine( 1032): Sensor:batt_temp:42100 mC
I/ThermalEngine( 1032): Sensor:tsens_tz_sensor2:72000 mC
I/ThermalEngine( 1032): Sensor:tsens_tz_sensor5:74000 mC
I/ThermalEngine( 1032): Sensor:tsens_tz_sensor2:73000 mC
I/ThermalEngine( 1032): Sensor:tsens_tz_sensor5:75000 mC
E/QCALOG  ( 1049): [MessageQ] ProcessNewMessage: [XTWiFi-PE] unknown deliver target [OS-Agent]
I/ThermalEngine( 1032): Sensor:tsens_tz_sensor2:73000 mC
I/ThermalEngine( 1032): Sensor:tsens_tz_sensor5:75000 mC
E/QCALOG  ( 1049): [MessageQ] ProcessNewMessage: [XTWWAN-PE] unknown deliver target [OS-Agent]
I/ThermalEngine( 1032): Sensor:tsens_tz_sensor2:74000 mC
I/ThermalEngine( 1032): Sensor:tsens_tz_sensor5:76000 mC
I/ThermalEngine( 1032): Sensor:batt_temp:42200 mC
I/ThermalEngine( 1032): Sensor:tsens_tz_sensor2:75000 mC
I/ThermalEngine( 1032): Sensor:tsens_tz_sensor5:75000 mC
I/ThermalEngine( 1032): Sensor:tsens_tz_sensor2:68000 mC
I/ThermalEngine( 1032): Sensor:tsens_tz_sensor5:68000 mC
I/ThermalEngine( 1032): Sensor:tsens_tz_sensor2:66000 mC
I/ThermalEngine( 1032): Sensor:tsens_tz_sensor5:66000 mC
I/ThermalEngine( 1032): Sensor:tsens_tz_sensor2:66000 mC
I/ThermalEngine( 1032): Sensor:tsens_tz_sensor5:66000 mC
D/libEGL  ( 2561): loaded /vendor/lib/egl/libEGL_adreno.so
D/libEGL  ( 2561): loaded /vendor/lib/egl/libGLESv1_CM_adreno.so
D/libEGL  ( 2561): loaded /vendor/lib/egl/libGLESv2_adreno.so
I/ThermalEngine( 1032): Sensor:batt_temp:42100 mC
I/ThermalEngine( 1032): Sensor:tsens_tz_sensor2:70000 mC
I/ThermalEngine( 1032): Sensor:tsens_tz_sensor5:72000 mC
E/QCALOG  ( 1049): [MessageQ] ProcessNewMessage: [XT-CS] unknown deliver target [OS-Agent]
I/ThermalEngine( 1032): Sensor:tsens_tz_sensor2:77000 mC
I/ThermalEngine( 1032): Sensor:tsens_tz_sensor5:72000 mC
I/ThermalEngine( 1032): Sensor:tsens_tz_sensor2:78000 mC
I/ThermalEngine( 1032): Sensor:tsens_tz_sensor5:73000 mC
I/ThermalEngine( 1032): Sensor:tsens_tz_sensor2:78000 mC
I/ThermalEngine( 1032): Sensor:tsens_tz_sensor5:73000 mC
I/ThermalEngine( 1032): Sensor:batt_temp:42200 mC
I/ThermalEngine( 1032): Sensor:tsens_tz_sensor2:78000 mC
I/ThermalEngine( 1032): Sensor:tsens_tz_sensor5:74000 mC
I/ThermalEngine( 1032): Sensor:tsens_tz_sensor2:72000 mC
I/ThermalEngine( 1032): Sensor:tsens_tz_sensor5:71000 mC
I/ThermalEngine( 1032): Sensor:tsens_tz_sensor2:67000 mC
I/ThermalEngine( 1032): Sensor:tsens_tz_sensor5:67000 mC
I/ThermalEngine( 1032): Sensor:tsens_tz_sensor2:65000 mC
I/ThermalEngine( 1032): Sensor:tsens_tz_sensor5:66000 mC
I/UpstartPropertyWatcher(  986): Property changed: init.svc.ppd=running
I/UpstartPropertyWatcher(  986): Property changed: init.svc.gsiff_daemon=running
I/UpstartPropertyWatcher(  986): Property changed: init.svc.quipc_igsn=running
I/UpstartPropertyWatcher(  986): Property changed: init.svc.quipc_main=running
I/UpstartPropertyWatcher(  986): Property changed: init.svc.xtwifi_inet=running
D/libEGL  ( 2567): loaded /vendor/lib/egl/libEGL_adreno.so
I/ThermalEngine( 1032): Sensor:batt_temp:42300 mC
D/libEGL  ( 2567): loaded /vendor/lib/egl/libGLESv1_CM_adreno.so
I/UpstartPropertyWatcher(  986): Property changed: init.svc.ppd=restarting
D/libEGL  ( 2567): loaded /vendor/lib/egl/libGLESv2_adreno.so
I/UpstartPropertyWatcher(  986): Property changed: init.svc.quipc_igsn=restarting
I/UpstartPropertyWatcher(  986): Property changed: init.svc.gsiff_daemon=restarting
I/UpstartPropertyWatcher(  986): Property changed: init.svc.quipc_main=restarting
I/UpstartPropertyWatcher(  986): Property changed: init.svc.xtwifi_inet=restarting
I/ThermalEngine( 1032): Sensor:tsens_tz_sensor2:65000 mC
I/ThermalEngine( 1032): Sensor:tsens_tz_sensor5:66000 mC
I/ThermalEngine( 1032): Sensor:tsens_tz_sensor2:72000 mC
I/ThermalEngine( 1032): Sensor:tsens_tz_sensor5:73000 mC
I/ThermalEngine( 1032): Sensor:tsens_tz_sensor2:73000 mC
I/ThermalEngine( 1032): Sensor:tsens_tz_sensor5:74000 mC
I/ThermalEngine( 1032): Sensor:tsens_tz_sensor2:73000 mC
I/ThermalEngine( 1032): Sensor:tsens_tz_sensor5:75000 mC
I/ThermalEngine( 1032): Sensor:batt_temp:42200 mC
I/ThermalEngine( 1032): Sensor:tsens_tz_sensor2:74000 mC
I/ThermalEngine( 1032): Sensor:tsens_tz_sensor5:75000 mC
I/ThermalEngine( 1032): Sensor:tsens_tz_sensor2:74000 mC
I/ThermalEngine( 1032): Sensor:tsens_tz_sensor5:75000 mC
E/QCALOG  ( 1049): [MessageQ] ProcessNewMessage: [XTWiFi-PE] unknown deliver target [OS-Agent]
E/QCALOG  ( 1049): [MessageQ] ProcessNewMessage: [XTWWAN-PE] unknown deliver target [OS-Agent]
I/ThermalEngine( 1032): Sensor:tsens_tz_sensor2:68000 mC
I/ThermalEngine( 1032): Sensor:tsens_tz_sensor5:68000 mC
I/ThermalEngine( 1032): Sensor:tsens_tz_sensor2:66000 mC
I/ThermalEngine( 1032): Sensor:tsens_tz_sensor5:66000 mC
I/ThermalEngine( 1032): Sensor:batt_temp:42200 mC
D/libEGL  ( 2578): loaded /vendor/lib/egl/libEGL_adreno.so
D/libEGL  ( 2578): loaded /vendor/lib/egl/libGLESv1_CM_adreno.so
D/libEGL  ( 2578): loaded /vendor/lib/egl/libGLESv2_adreno.so
I/ThermalEngine( 1032): Sensor:tsens_tz_sensor2:69000 mC
I/ThermalEngine( 1032): Sensor:tsens_tz_sensor5:71000 mC
I/ThermalEngine( 1032): Sensor:tsens_tz_sensor2:76000 mC
I/ThermalEngine( 1032): Sensor:tsens_tz_sensor5:72000 mC
I/ThermalEngine( 1032): Sensor:tsens_tz_sensor2:76000 mC
I/ThermalEngine( 1032): Sensor:tsens_tz_sensor5:72000 mC
I/ThermalEngine( 1032): Sensor:tsens_tz_sensor2:77000 mC
I/ThermalEngine( 1032): Sensor:tsens_tz_sensor5:73000 mC
I/ThermalEngine( 1032): Sensor:batt_temp:42200 mC
I/ThermalEngine( 1032): Sensor:tsens_tz_sensor2:78000 mC
I/ThermalEngine( 1032): Sensor:tsens_tz_sensor5:73000 mC
E/QCALOG  ( 1049): [MessageQ] ProcessNewMessage: [XT-CS] unknown deliver target [OS-Agent]
I/ThermalEngine( 1032): Sensor:tsens_tz_sensor2:74000 mC
I/ThermalEngine( 1032): Sensor:tsens_tz_sensor5:74000 mC
I/ThermalEngine( 1032): Sensor:tsens_tz_sensor2:67000 mC
I/ThermalEngine( 1032): Sensor:tsens_tz_sensor5:67000 mC
I/ThermalEngine( 1032): Sensor:tsens_tz_sensor2:67000 mC
I/ThermalEngine( 1032): Sensor:tsens_tz_sensor5:67000 mC
I/ThermalEngine( 1032): Sensor:batt_temp:42100 mC
D/libEGL  ( 2586): loaded /vendor/lib/egl/libEGL_adreno.so
D/libEGL  ( 2586): loaded /vendor/lib/egl/libGLESv1_CM_adreno.so
D/libEGL  ( 2586): loaded /vendor/lib/egl/libGLESv2_adreno.so
I/ThermalEngine( 1032): Sensor:tsens_tz_sensor2:65000 mC
I/ThermalEngine( 1032): Sensor:tsens_tz_sensor5:66000 mC
I/ThermalEngine( 1032): Sensor:tsens_tz_sensor2:71000 mC
I/ThermalEngine( 1032): Sensor:tsens_tz_sensor5:73000 mC
I/ThermalEngine( 1032): Sensor:tsens_tz_sensor2:73000 mC
I/ThermalEngine( 1032): Sensor:tsens_tz_sensor5:74000 mC
I/ThermalEngine( 1032): Sensor:tsens_tz_sensor2:74000 mC
I/ThermalEngine( 1032): Sensor:tsens_tz_sensor5:75000 mC
I/ThermalEngine( 1032): Sensor:batt_temp:42200 mC
I/UpstartPropertyWatcher(  986): Property changed: init.svc.ppd=running
I/UpstartPropertyWatcher(  986): Property changed: init.svc.gsiff_daemon=running
I/UpstartPropertyWatcher(  986): Property changed: init.svc.quipc_igsn=running
I/UpstartPropertyWatcher(  986): Property changed: init.svc.quipc_main=running
I/UpstartPropertyWatcher(  986): Property changed: init.svc.xtwifi_inet=running
I/UpstartPropertyWatcher(  986): Property changed: init.svc.quipc_igsn=restarting
I/UpstartPropertyWatcher(  986): Property changed: init.svc.gsiff_daemon=restarting
I/UpstartPropertyWatcher(  986): Property changed: init.svc.xtwifi_inet=restarting
I/ThermalEngine( 1032): Sensor:tsens_tz_sensor2:74000 mC
I/ThermalEngine( 1032): Sensor:tsens_tz_sensor5:75000 mC
I/UpstartPropertyWatcher(  986): Property changed: init.svc.ppd=restarting
I/UpstartPropertyWatcher(  986): Property changed: init.svc.quipc_main=restarting
I/ThermalEngine( 1032): Sensor:tsens_tz_sensor2:77000 mC
I/ThermalEngine( 1032): Sensor:tsens_tz_sensor5:77000 mC
I/ThermalEngine( 1032): Sensor:tsens_tz_sensor2:69000 mC
I/ThermalEngine( 1032): Sensor:tsens_tz_sensor5:69000 mC
I/ThermalEngine( 1032): Sensor:tsens_tz_sensor5:66000 mC
I/ThermalEngine( 1032): Sensor:tsens_tz_sensor2:66000 mC
I/ThermalEngine( 1032): Sensor:batt_temp:42000 mC
D/libEGL  ( 2597): loaded /vendor/lib/egl/libEGL_adreno.so
D/libEGL  ( 2597): loaded /vendor/lib/egl/libGLESv1_CM_adreno.so
I/ThermalEngine( 1032): Sensor:tsens_tz_sensor2:71000 mC
I/ThermalEngine( 1032): Sensor:tsens_tz_sensor5:68000 mC
D/libEGL  ( 2597): loaded /vendor/lib/egl/libGLESv2_adreno.so
I/ThermalEngine( 1032): Sensor:tsens_tz_sensor2:71000 mC
I/ThermalEngine( 1032): Sensor:tsens_tz_sensor5:68000 mC
E/QCALOG  ( 1049): [MessageQ] ProcessNewMessage: [XTWiFi-PE] unknown deliver target [OS-Agent]
E/QCALOG  ( 1049): [MessageQ] ProcessNewMessage: [XTWWAN-PE] unknown deliver target [OS-Agent]
I/ThermalEngine( 1032): Sensor:tsens_tz_sensor2:71000 mC
I/ThermalEngine( 1032): Sensor:tsens_tz_sensor5:73000 mC
I/ThermalEngine( 1032): Sensor:tsens_tz_sensor2:72000 mC
I/ThermalEngine( 1032): Sensor:tsens_tz_sensor5:74000 mC
I/ThermalEngine( 1032): Sensor:batt_temp:42200 mC
I/ThermalEngine( 1032): Sensor:tsens_tz_sensor2:73000 mC
I/ThermalEngine( 1032): Sensor:tsens_tz_sensor5:75000 mC
I/ThermalEngine( 1032): Sensor:tsens_tz_sensor2:74000 mC
I/ThermalEngine( 1032): Sensor:tsens_tz_sensor5:73000 mC
I/ThermalEngine( 1032): Sensor:tsens_tz_sensor2:74000 mC
I/ThermalEngine( 1032): Sensor:tsens_tz_sensor5:73000 mC
I/ThermalEngine( 1032): Sensor:tsens_tz_sensor2:67000 mC
I/ThermalEngine( 1032): Sensor:tsens_tz_sensor5:67000 mC
I/ThermalEngine( 1032): Sensor:batt_temp:42000 mC
I/ThermalEngine( 1032): Sensor:tsens_tz_sensor2:65000 mC
I/ThermalEngine( 1032): Sensor:tsens_tz_sensor5:66000 mC
E/QCALOG  ( 1049): [MessageQ] ProcessNewMessage: [XT-CS] unknown deliver target [OS-Agent]
D/libEGL  ( 2603): loaded /vendor/lib/egl/libEGL_adreno.so
D/libEGL  ( 2603): loaded /vendor/lib/egl/libGLESv1_CM_adreno.so
D/libEGL  ( 2603): loaded /vendor/lib/egl/libGLESv2_adreno.so
I/ThermalEngine( 1032): Sensor:tsens_tz_sensor2:74000 mC
I/ThermalEngine( 1032): Sensor:tsens_tz_sensor5:71000 mC
I/ThermalEngine( 1032): Sensor:tsens_tz_sensor2:77000 mC
I/ThermalEngine( 1032): Sensor:tsens_tz_sensor5:72000 mC
I/ThermalEngine( 1032): Sensor:tsens_tz_sensor2:77000 mC
I/ThermalEngine( 1032): Sensor:tsens_tz_sensor5:72000 mC
I/ThermalEngine( 1032): Sensor:batt_temp:42200 mC
I/ThermalEngine( 1032): Sensor:tsens_tz_sensor2:78000 mC
I/ThermalEngine( 1032): Sensor:tsens_tz_sensor5:73000 mC
I/ThermalEngine( 1032): Sensor:tsens_tz_sensor2:78000 mC
I/ThermalEngine( 1032): Sensor:tsens_tz_sensor5:73000 mC
I/ThermalEngine( 1032): Sensor:tsens_tz_sensor2:70000 mC
I/ThermalEngine( 1032): Sensor:tsens_tz_sensor5:69000 mC
I/ThermalEngine( 1032): Sensor:tsens_tz_sensor2:66000 mC
I/ThermalEngine( 1032): Sensor:tsens_tz_sensor5:67000 mC
I/ThermalEngine( 1032): Sensor:batt_temp:42000 mC
I/ThermalEngine( 1032): Sensor:tsens_tz_sensor2:66000 mC
I/ThermalEngine( 1032): Sensor:tsens_tz_sensor5:67000 mC
I/UpstartPropertyWatcher(  986): Property changed: init.svc.ppd=running
I/UpstartPropertyWatcher(  986): Property changed: init.svc.gsiff_daemon=running
I/UpstartPropertyWatcher(  986): Property changed: init.svc.quipc_igsn=running
I/UpstartPropertyWatcher(  986): Property changed: init.svc.quipc_main=running
I/UpstartPropertyWatcher(  986): Property changed: init.svc.xtwifi_inet=running
I/UpstartPropertyWatcher(  986): Property changed: init.svc.xtwifi_inet=restarting
D/libEGL  ( 2609): loaded /vendor/lib/egl/libEGL_adreno.so
I/UpstartPropertyWatcher(  986): Property changed: init.svc.quipc_igsn=restarting
D/libEGL  ( 2609): loaded /vendor/lib/egl/libGLESv1_CM_adreno.so
D/libEGL  ( 2609): loaded /vendor/lib/egl/libGLESv2_adreno.so
I/UpstartPropertyWatcher(  986): Property changed: init.svc.ppd=restarting
I/UpstartPropertyWatcher(  986): Property changed: init.svc.gsiff_daemon=restarting
I/UpstartPropertyWatcher(  986): Property changed: init.svc.quipc_main=restarting
I/ThermalEngine( 1032): Sensor:tsens_tz_sensor2:68000 mC
I/ThermalEngine( 1032): Sensor:tsens_tz_sensor5:68000 mC
I/ThermalEngine( 1032): Sensor:tsens_tz_sensor2:72000 mC
I/ThermalEngine( 1032): Sensor:tsens_tz_sensor5:74000 mC
I/ThermalEngine( 1032): Sensor:tsens_tz_sensor2:73000 mC
I/ThermalEngine( 1032): Sensor:tsens_tz_sensor5:75000 mC
I/ThermalEngine( 1032): Sensor:batt_temp:42200 mC
I/ThermalEngine( 1032): Sensor:tsens_tz_sensor2:74000 mC
I/ThermalEngine( 1032): Sensor:tsens_tz_sensor5:75000 mC
I/ThermalEngine( 1032): Sensor:tsens_tz_sensor2:74000 mC
I/ThermalEngine( 1032): Sensor:tsens_tz_sensor5:75000 mC
E/QCALOG  ( 1049): [MessageQ] ProcessNewMessage: [XTWiFi-PE] unknown deliver target [OS-Agent]
E/QCALOG  ( 1049): [MessageQ] ProcessNewMessage: [XTWWAN-PE] unknown deliver target [OS-Agent]
I/ThermalEngine( 1032): Sensor:tsens_tz_sensor2:74000 mC
I/ThermalEngine( 1032): Sensor:tsens_tz_sensor5:74000 mC
I/ThermalEngine( 1032): Sensor:tsens_tz_sensor2:67000 mC
I/ThermalEngine( 1032): Sensor:tsens_tz_sensor5:67000 mC
I/ThermalEngine( 1032): Sensor:batt_temp:42100 mC
I/ThermalEngine( 1032): Sensor:tsens_tz_sensor2:66000 mC
I/ThermalEngine( 1032): Sensor:tsens_tz_sensor5:66000 mC
D/libEGL  ( 2620): loaded /vendor/lib/egl/libEGL_adreno.so
D/libEGL  ( 2620): loaded /vendor/lib/egl/libGLESv1_CM_adreno.so
D/libEGL  ( 2620): loaded /vendor/lib/egl/libGLESv2_adreno.so
I/ThermalEngine( 1032): Sensor:tsens_tz_sensor2:70000 mC
I/ThermalEngine( 1032): Sensor:tsens_tz_sensor5:72000 mC
I/ThermalEngine( 1032): Sensor:tsens_tz_sensor2:70000 mC
I/ThermalEngine( 1032): Sensor:tsens_tz_sensor5:72000 mC
I/ThermalEngine( 1032): Sensor:tsens_tz_sensor2:72000 mC
I/ThermalEngine( 1032): Sensor:tsens_tz_sensor5:74000 mC
I/ThermalEngine( 1032): Sensor:batt_temp:42200 mC
I/ThermalEngine( 1032): Sensor:tsens_tz_sensor2:73000 mC
I/ThermalEngine( 1032): Sensor:tsens_tz_sensor5:75000 mC
E/QCALOG  ( 1049): [MessageQ] ProcessNewMessage: [XT-CS] unknown deliver target [OS-Agent]
I/ThermalEngine( 1032): Sensor:tsens_tz_sensor2:74000 mC
I/ThermalEngine( 1032): Sensor:tsens_tz_sensor5:75000 mC
I/ThermalEngine( 1032): Sensor:tsens_tz_sensor2:70000 mC
I/ThermalEngine( 1032): Sensor:tsens_tz_sensor5:69000 mC
I/ThermalEngine( 1032): Sensor:tsens_tz_sensor2:70000 mC
I/ThermalEngine( 1032): Sensor:tsens_tz_sensor5:69000 mC
I/ThermalEngine( 1032): Sensor:batt_temp:42100 mC
I/ThermalEngine( 1032): Sensor:tsens_tz_sensor2:66000 mC
I/ThermalEngine( 1032): Sensor:tsens_tz_sensor5:66000 mC
D/libEGL  ( 2626): loaded /vendor/lib/egl/libEGL_adreno.so
D/libEGL  ( 2626): loaded /vendor/lib/egl/libGLESv1_CM_adreno.so
D/libEGL  ( 2626): loaded /vendor/lib/egl/libGLESv2_adreno.so
I/ThermalEngine( 1032): Sensor:tsens_tz_sensor2:67000 mC
I/ThermalEngine( 1032): Sensor:tsens_tz_sensor5:66000 mC
I/ThermalEngine( 1032): Sensor:tsens_tz_sensor2:76000 mC
I/ThermalEngine( 1032): Sensor:tsens_tz_sensor5:71000 mC
I/ThermalEngine( 1032): Sensor:tsens_tz_sensor2:77000 mC
I/ThermalEngine( 1032): Sensor:tsens_tz_sensor5:72000 mC
I/ThermalEngine( 1032): Sensor:batt_temp:42300 mC
I/ThermalEngine( 1032): Sensor:tsens_tz_sensor2:77000 mC
I/ThermalEngine( 1032): Sensor:tsens_tz_sensor5:72000 mC
I/UpstartPropertyWatcher(  986): Property changed: init.svc.ppd=running
I/UpstartPropertyWatcher(  986): Property changed: init.svc.gsiff_daemon=running
I/UpstartPropertyWatcher(  986): Property changed: init.svc.quipc_igsn=running
I/UpstartPropertyWatcher(  986): Property changed: init.svc.quipc_main=running
I/UpstartPropertyWatcher(  986): Property changed: init.svc.xtwifi_inet=running
I/UpstartPropertyWatcher(  986): Property changed: init.svc.xtwifi_inet=restarting
I/UpstartPropertyWatcher(  986): Property changed: init.svc.gsiff_daemon=restarting
I/UpstartPropertyWatcher(  986): Property changed: init.svc.quipc_igsn=restarting
I/UpstartPropertyWatcher(  986): Property changed: init.svc.ppd=restarting
I/UpstartPropertyWatcher(  986): Property changed: init.svc.quipc_main=restarting
I/ThermalEngine( 1032): Sensor:tsens_tz_sensor2:78000 mC
I/ThermalEngine( 1032): Sensor:tsens_tz_sensor5:73000 mC
I/ThermalEngine( 1032): Sensor:tsens_tz_sensor2:76000 mC
I/ThermalEngine( 1032): Sensor:tsens_tz_sensor5:74000 mC
I/ThermalEngine( 1032): Sensor:tsens_tz_sensor2:68000 mC
I/ThermalEngine( 1032): Sensor:tsens_tz_sensor5:67000 mC
E/QCALOG  ( 1049): [MessageQ] ProcessNewMessage: [LOWI-SERVER] unknown deliver target [OS-Agent]
I/ThermalEngine( 1032): Sensor:batt_temp:42100 mC
I/ThermalEngine( 1032): Sensor:tsens_tz_sensor2:66000 mC
I/ThermalEngine( 1032): Sensor:tsens_tz_sensor5:66000 mC
D/libEGL  ( 2637): loaded /vendor/lib/egl/libEGL_adreno.so
D/libEGL  ( 2637): loaded /vendor/lib/egl/libGLESv1_CM_adreno.so
D/libEGL  ( 2637): loaded /vendor/lib/egl/libGLESv2_adreno.so
I/ThermalEngine( 1032): Sensor:tsens_tz_sensor2:66000 mC
I/ThermalEngine( 1032): Sensor:tsens_tz_sensor5:66000 mC
E/QCALOG  ( 1049): [MessageQ] ProcessNewMessage: [XTWiFi-PE] unknown deliver target [OS-Agent]
E/QCALOG  ( 1049): [MessageQ] ProcessNewMessage: [XTWWAN-PE] unknown deliver target [OS-Agent]
I/ThermalEngine( 1032): Sensor:tsens_tz_sensor2:71000 mC
I/ThermalEngine( 1032): Sensor:tsens_tz_sensor5:71000 mC
I/ThermalEngine( 1032): Sensor:tsens_tz_sensor2:72000 mC
I/ThermalEngine( 1032): Sensor:tsens_tz_sensor5:73000 mC
I/ThermalEngine( 1032): Sensor:batt_temp:42300 mC
I/ThermalEngine( 1032): Sensor:tsens_tz_sensor2:73000 mC
I/ThermalEngine( 1032): Sensor:tsens_tz_sensor5:74000 mC
I/ThermalEngine( 1032): Sensor:tsens_tz_sensor2:73000 mC
I/ThermalEngine( 1032): Sensor:tsens_tz_sensor5:75000 mC
I/ThermalEngine( 1032): Sensor:tsens_tz_sensor2:73000 mC
I/ThermalEngine( 1032): Sensor:tsens_tz_sensor5:75000 mC
I/ThermalEngine( 1032): Sensor:tsens_tz_sensor2:70000 mC
I/ThermalEngine( 1032): Sensor:tsens_tz_sensor5:69000 mC
I/ThermalEngine( 1032): Sensor:batt_temp:42100 mC
I/ThermalEngine( 1032): Sensor:tsens_tz_sensor2:66000 mC
I/ThermalEngine( 1032): Sensor:tsens_tz_sensor5:66000 mC
E/QCALOG  ( 1049): [MessageQ] ProcessNewMessage: [XT-CS] unknown deliver target [OS-Agent]
I/ThermalEngine( 1032): Sensor:tsens_tz_sensor2:65000 mC
I/ThermalEngine( 1032): Sensor:tsens_tz_sensor5:66000 mC
D/libEGL  ( 2643): loaded /vendor/lib/egl/libEGL_adreno.so
D/libEGL  ( 2643): loaded /vendor/lib/egl/libGLESv1_CM_adreno.so
D/libEGL  ( 2643): loaded /vendor/lib/egl/libGLESv2_adreno.so
I/ThermalEngine( 1032): Sensor:tsens_tz_sensor2:71000 mC
I/ThermalEngine( 1032): Sensor:tsens_tz_sensor5:73000 mC
I/ThermalEngine( 1032): Sensor:tsens_tz_sensor2:71000 mC
I/ThermalEngine( 1032): Sensor:tsens_tz_sensor5:73000 mC
I/ThermalEngine( 1032): Sensor:batt_temp:42300 mC
I/ThermalEngine( 1032): Sensor:tsens_tz_sensor2:72000 mC
I/ThermalEngine( 1032): Sensor:tsens_tz_sensor5:74000 mC
I/ThermalEngine( 1032): Sensor:tsens_tz_sensor2:73000 mC
I/ThermalEngine( 1032): Sensor:tsens_tz_sensor5:74000 mC
I/ThermalEngine( 1032): Sensor:tsens_tz_sensor2:74000 mC
I/ThermalEngine( 1032): Sensor:tsens_tz_sensor5:74000 mC
I/ThermalEngine( 1032): Sensor:tsens_tz_sensor2:67000 mC
I/ThermalEngine( 1032): Sensor:tsens_tz_sensor5:67000 mC
I/ThermalEngine( 1032): Sensor:batt_temp:42100 mC
I/ThermalEngine( 1032): Sensor:tsens_tz_sensor2:67000 mC
I/ThermalEngine( 1032): Sensor:tsens_tz_sensor5:67000 mC
I/ThermalEngine( 1032): Sensor:tsens_tz_sensor2:65000 mC
I/ThermalEngine( 1032): Sensor:tsens_tz_sensor5:66000 mC
I/UpstartPropertyWatcher(  986): Property changed: init.svc.ppd=running
I/UpstartPropertyWatcher(  986): Property changed: init.svc.gsiff_daemon=running
I/UpstartPropertyWatcher(  986): Property changed: init.svc.quipc_igsn=running
I/UpstartPropertyWatcher(  986): Property changed: init.svc.quipc_main=running
I/UpstartPropertyWatcher(  986): Property changed: init.svc.xtwifi_inet=running
I/UpstartPropertyWatcher(  986): Property changed: init.svc.quipc_igsn=restarting
I/UpstartPropertyWatcher(  986): Property changed: init.svc.gsiff_daemon=restarting
D/libEGL  ( 2649): loaded /vendor/lib/egl/libEGL_adreno.so
I/UpstartPropertyWatcher(  986): Property changed: init.svc.ppd=restarting
D/libEGL  ( 2649): loaded /vendor/lib/egl/libGLESv1_CM_adreno.so
I/UpstartPropertyWatcher(  986): Property changed: init.svc.xtwifi_inet=restarting
D/libEGL  ( 2649): loaded /vendor/lib/egl/libGLESv2_adreno.so
I/UpstartPropertyWatcher(  986): Property changed: init.svc.quipc_main=restarting
I/ThermalEngine( 1032): Sensor:tsens_tz_sensor2:71000 mC
I/ThermalEngine( 1032): Sensor:tsens_tz_sensor5:72000 mC
I/ThermalEngine( 1032): Sensor:tsens_tz_sensor2:72000 mC
I/ThermalEngine( 1032): Sensor:tsens_tz_sensor5:73000 mC
I/ThermalEngine( 1032): Sensor:batt_temp:42300 mC
I/ThermalEngine( 1032): Sensor:tsens_tz_sensor2:73000 mC
I/ThermalEngine( 1032): Sensor:tsens_tz_sensor5:74000 mC
I/ThermalEngine( 1032): Sensor:tsens_tz_sensor2:73000 mC
I/ThermalEngine( 1032): Sensor:tsens_tz_sensor5:74000 mC
E/QCALOG  ( 1049): [MessageQ] ProcessNewMessage: [XTWiFi-PE] unknown deliver target [OS-Agent]
E/QCALOG  ( 1049): [MessageQ] ProcessNewMessage: [XTWWAN-PE] unknown deliver target [OS-Agent]
I/ThermalEngine( 1032): Sensor:tsens_tz_sensor2:73000 mC
I/ThermalEngine( 1032): Sensor:tsens_tz_sensor5:74000 mC
I/ThermalEngine( 1032): Sensor:tsens_tz_sensor2:70000 mC
I/ThermalEngine( 1032): Sensor:tsens_tz_sensor5:70000 mC
I/ThermalEngine( 1032): Sensor:batt_temp:42200 mC
I/ThermalEngine( 1032): Sensor:tsens_tz_sensor2:67000 mC
I/ThermalEngine( 1032): Sensor:tsens_tz_sensor5:68000 mC
I/ThermalEngine( 1032): Sensor:tsens_tz_sensor2:66000 mC
I/ThermalEngine( 1032): Sensor:tsens_tz_sensor5:66000 mC
D/libEGL  ( 2660): loaded /vendor/lib/egl/libEGL_adreno.so
D/libEGL  ( 2660): loaded /vendor/lib/egl/libGLESv1_CM_adreno.so
D/libEGL  ( 2660): loaded /vendor/lib/egl/libGLESv2_adreno.so
I/ThermalEngine( 1032): Sensor:tsens_tz_sensor2:66000 mC
I/ThermalEngine( 1032): Sensor:tsens_tz_sensor5:66000 mC
I/ThermalEngine( 1032): Sensor:tsens_tz_sensor2:71000 mC
I/ThermalEngine( 1032): Sensor:tsens_tz_sensor5:73000 mC
I/ThermalEngine( 1032): Sensor:batt_temp:42300 mC
I/ThermalEngine( 1032): Sensor:tsens_tz_sensor2:73000 mC
I/ThermalEngine( 1032): Sensor:tsens_tz_sensor5:74000 mC
E/QCALOG  ( 1049): [MessageQ] ProcessNewMessage: [XT-CS] unknown deliver target [OS-Agent]
I/ThermalEngine( 1032): Sensor:tsens_tz_sensor2:74000 mC
I/ThermalEngine( 1032): Sensor:tsens_tz_sensor5:75000 mC
I/ThermalEngine( 1032): Sensor:tsens_tz_sensor2:75000 mC
I/ThermalEngine( 1032): Sensor:tsens_tz_sensor5:75000 mC
I/ThermalEngine( 1032): Sensor:tsens_tz_sensor2:75000 mC
I/ThermalEngine( 1032): Sensor:tsens_tz_sensor5:75000 mC
I/ThermalEngine( 1032): Sensor:batt_temp:42100 mC
I/ThermalEngine( 1032): Sensor:tsens_tz_sensor2:68000 mC
I/ThermalEngine( 1032): Sensor:tsens_tz_sensor5:68000 mC
I/ThermalEngine( 1032): Sensor:tsens_tz_sensor2:66000 mC
I/ThermalEngine( 1032): Sensor:tsens_tz_sensor5:66000 mC
D/libEGL  ( 2666): loaded /vendor/lib/egl/libEGL_adreno.so
D/libEGL  ( 2666): loaded /vendor/lib/egl/libGLESv1_CM_adreno.so
D/libEGL  ( 2666): loaded /vendor/lib/egl/libGLESv2_adreno.so
I/ThermalEngine( 1032): Sensor:tsens_tz_sensor2:70000 mC
I/ThermalEngine( 1032): Sensor:tsens_tz_sensor5:69000 mC
I/ThermalEngine( 1032): Sensor:tsens_tz_sensor2:73000 mC
I/ThermalEngine( 1032): Sensor:tsens_tz_sensor5:72000 mC
I/ThermalEngine( 1032): Sensor:batt_temp:42300 mC
I/ThermalEngine( 1032): Sensor:tsens_tz_sensor2:73000 mC
I/ThermalEngine( 1032): Sensor:tsens_tz_sensor5:72000 mC
I/ThermalEngine( 1032): Sensor:tsens_tz_sensor2:74000 mC
I/ThermalEngine( 1032): Sensor:tsens_tz_sensor5:73000 mC
I/UpstartPropertyWatcher(  986): Property changed: init.svc.ppd=running
I/UpstartPropertyWatcher(  986): Property changed: init.svc.gsiff_daemon=running
I/UpstartPropertyWatcher(  986): Property changed: init.svc.quipc_igsn=running
I/UpstartPropertyWatcher(  986): Property changed: init.svc.quipc_main=running
I/UpstartPropertyWatcher(  986): Property changed: init.svc.xtwifi_inet=running
I/UpstartPropertyWatcher(  986): Property changed: init.svc.quipc_igsn=restarting
I/UpstartPropertyWatcher(  986): Property changed: init.svc.xtwifi_inet=restarting
I/UpstartPropertyWatcher(  986): Property changed: init.svc.ppd=restarting
I/UpstartPropertyWatcher(  986): Property changed: init.svc.gsiff_daemon=restarting
I/UpstartPropertyWatcher(  986): Property changed: init.svc.quipc_main=restarting
I/ThermalEngine( 1032): Sensor:tsens_tz_sensor2:74000 mC
I/ThermalEngine( 1032): Sensor:tsens_tz_sensor5:73000 mC
I/ThermalEngine( 1032): Sensor:tsens_tz_sensor2:73000 mC
I/ThermalEngine( 1032): Sensor:tsens_tz_sensor5:72000 mC
I/ThermalEngine( 1032): Sensor:batt_temp:42100 mC
I/ThermalEngine( 1032): Sensor:tsens_tz_sensor2:67000 mC
I/ThermalEngine( 1032): Sensor:tsens_tz_sensor5:67000 mC
I/ThermalEngine( 1032): Sensor:tsens_tz_sensor2:67000 mC
I/ThermalEngine( 1032): Sensor:tsens_tz_sensor5:67000 mC
E/QCALOG  ( 1049): [MessageQ] ProcessNewMessage: [XTWiFi-PE] unknown deliver target [OS-Agent]
D/libEGL  ( 2677): loaded /vendor/lib/egl/libEGL_adreno.so
D/libEGL  ( 2677): loaded /vendor/lib/egl/libGLESv1_CM_adreno.so
D/libEGL  ( 2677): loaded /vendor/lib/egl/libGLESv2_adreno.so
E/QCALOG  ( 1049): [MessageQ] ProcessNewMessage: [XTWWAN-PE] unknown deliver target [OS-Agent]
I/ThermalEngine( 1032): Sensor:tsens_tz_sensor2:65000 mC
I/ThermalEngine( 1032): Sensor:tsens_tz_sensor5:66000 mC
I/ThermalEngine( 1032): Sensor:tsens_tz_sensor2:72000 mC
I/ThermalEngine( 1032): Sensor:tsens_tz_sensor5:71000 mC
I/ThermalEngine( 1032): Sensor:batt_temp:42300 mC
I/ThermalEngine( 1032): Sensor:tsens_tz_sensor2:73000 mC
I/ThermalEngine( 1032): Sensor:tsens_tz_sensor5:72000 mC
I/ThermalEngine( 1032): Sensor:tsens_tz_sensor2:74000 mC
I/ThermalEngine( 1032): Sensor:tsens_tz_sensor5:73000 mC
I/ThermalEngine( 1032): Sensor:tsens_tz_sensor2:74000 mC
I/ThermalEngine( 1032): Sensor:tsens_tz_sensor5:73000 mC
I/ThermalEngine( 1032): Sensor:tsens_tz_sensor2:75000 mC
I/ThermalEngine( 1032): Sensor:tsens_tz_sensor5:74000 mC
I/ThermalEngine( 1032): Sensor:batt_temp:42100 mC
I/ThermalEngine( 1032): Sensor:tsens_tz_sensor2:68000 mC
I/ThermalEngine( 1032): Sensor:tsens_tz_sensor5:68000 mC
E/QCALOG  ( 1049): [MessageQ] ProcessNewMessage: [XT-CS] unknown deliver target [OS-Agent]
I/ThermalEngine( 1032): Sensor:tsens_tz_sensor2:66000 mC
I/ThermalEngine( 1032): Sensor:tsens_tz_sensor5:66000 mC
D/libEGL  ( 2683): loaded /vendor/lib/egl/libEGL_adreno.so
D/libEGL  ( 2683): loaded /vendor/lib/egl/libGLESv1_CM_adreno.so
D/libEGL  ( 2683): loaded /vendor/lib/egl/libGLESv2_adreno.so
I/ThermalEngine( 1032): Sensor:tsens_tz_sensor2:71000 mC
I/ThermalEngine( 1032): Sensor:tsens_tz_sensor5:71000 mC
I/ThermalEngine( 1032): Sensor:tsens_tz_sensor2:71000 mC
I/ThermalEngine( 1032): Sensor:tsens_tz_sensor5:71000 mC
I/ThermalEngine( 1032): Sensor:batt_temp:42300 mC
I/ThermalEngine( 1032): Sensor:tsens_tz_sensor2:72000 mC
I/ThermalEngine( 1032): Sensor:tsens_tz_sensor5:73000 mC
I/ThermalEngine( 1032): Sensor:tsens_tz_sensor2:73000 mC
I/ThermalEngine( 1032): Sensor:tsens_tz_sensor5:74000 mC
I/ThermalEngine( 1032): Sensor:tsens_tz_sensor2:73000 mC
I/ThermalEngine( 1032): Sensor:tsens_tz_sensor5:74000 mC
I/ThermalEngine( 1032): Sensor:tsens_tz_sensor2:72000 mC
I/ThermalEngine( 1032): Sensor:tsens_tz_sensor5:72000 mC
I/ThermalEngine( 1032): Sensor:batt_temp:42100 mC
I/ThermalEngine( 1032): Sensor:tsens_tz_sensor2:72000 mC
I/ThermalEngine( 1032): Sensor:tsens_tz_sensor5:72000 mC
I/ThermalEngine( 1032): Sensor:tsens_tz_sensor2:67000 mC
I/ThermalEngine( 1032): Sensor:tsens_tz_sensor5:67000 mC
I/ThermalEngine( 1032): Sensor:tsens_tz_sensor2:65000 mC
I/ThermalEngine( 1032): Sensor:tsens_tz_sensor5:66000 mC
I/UpstartPropertyWatcher(  986): Property changed: init.svc.ppd=running
I/UpstartPropertyWatcher(  986): Property changed: init.svc.gsiff_daemon=running
I/UpstartPropertyWatcher(  986): Property changed: init.svc.quipc_igsn=running
I/UpstartPropertyWatcher(  986): Property changed: init.svc.quipc_main=running
I/UpstartPropertyWatcher(  986): Property changed: init.svc.xtwifi_inet=running
I/UpstartPropertyWatcher(  986): Property changed: init.svc.xtwifi_inet=restarting
I/UpstartPropertyWatcher(  986): Property changed: init.svc.ppd=restarting
I/UpstartPropertyWatcher(  986): Property changed: init.svc.gsiff_daemon=restarting
I/UpstartPropertyWatcher(  986): Property changed: init.svc.quipc_igsn=restarting
I/UpstartPropertyWatcher(  986): Property changed: init.svc.quipc_main=restarting
D/libEGL  ( 2689): loaded /vendor/lib/egl/libEGL_adreno.so
D/libEGL  ( 2689): loaded /vendor/lib/egl/libGLESv1_CM_adreno.so
D/libEGL  ( 2689): loaded /vendor/lib/egl/libGLESv2_adreno.so
I/ThermalEngine( 1032): Sensor:tsens_tz_sensor2:75000 mC
I/ThermalEngine( 1032): Sensor:tsens_tz_sensor5:71000 mC
I/ThermalEngine( 1032): Sensor:batt_temp:42300 mC
I/ThermalEngine( 1032): Sensor:tsens_tz_sensor2:77000 mC
I/ThermalEngine( 1032): Sensor:tsens_tz_sensor5:72000 mC
I/ThermalEngine( 1032): Sensor:tsens_tz_sensor2:77000 mC
I/ThermalEngine( 1032): Sensor:tsens_tz_sensor5:72000 mC
E/QCALOG  ( 1049): [MessageQ] ProcessNewMessage: [XTWiFi-PE] unknown deliver target [OS-Agent]
E/QCALOG  ( 1049): [MessageQ] ProcessNewMessage: [XTWWAN-PE] unknown deliver target [OS-Agent]
I/ThermalEngine( 1032): Sensor:tsens_tz_sensor2:78000 mC
I/ThermalEngine( 1032): Sensor:tsens_tz_sensor5:73000 mC
I/ThermalEngine( 1032): Sensor:tsens_tz_sensor2:78000 mC
I/ThermalEngine( 1032): Sensor:tsens_tz_sensor5:74000 mC
I/ThermalEngine( 1032): Sensor:batt_temp:42100 mC
I/ThermalEngine( 1032): Sensor:tsens_tz_sensor2:69000 mC
I/ThermalEngine( 1032): Sensor:tsens_tz_sensor5:69000 mC
I/ThermalEngine( 1032): Sensor:tsens_tz_sensor2:66000 mC
I/ThermalEngine( 1032): Sensor:tsens_tz_sensor5:66000 mC
I/ThermalEngine( 1032): Sensor:tsens_tz_sensor2:66000 mC
I/ThermalEngine( 1032): Sensor:tsens_tz_sensor5:66000 mC
D/libEGL  ( 2700): loaded /vendor/lib/egl/libEGL_adreno.so
D/libEGL  ( 2700): loaded /vendor/lib/egl/libGLESv1_CM_adreno.so
D/libEGL  ( 2700): loaded /vendor/lib/egl/libGLESv2_adreno.so
I/ThermalEngine( 1032): Sensor:tsens_tz_sensor2:72000 mC
I/ThermalEngine( 1032): Sensor:tsens_tz_sensor5:69000 mC
I/ThermalEngine( 1032): Sensor:batt_temp:42300 mC
I/ThermalEngine( 1032): Sensor:tsens_tz_sensor2:76000 mC
I/ThermalEngine( 1032): Sensor:tsens_tz_sensor5:72000 mC
E/QCALOG  ( 1049): [MessageQ] ProcessNewMessage: [XT-CS] unknown deliver target [OS-Agent]
I/ThermalEngine( 1032): Sensor:tsens_tz_sensor2:77000 mC
I/ThermalEngine( 1032): Sensor:tsens_tz_sensor5:73000 mC
I/ThermalEngine( 1032): Sensor:tsens_tz_sensor2:78000 mC
I/ThermalEngine( 1032): Sensor:tsens_tz_sensor5:73000 mC
I/ThermalEngine( 1032): Sensor:tsens_tz_sensor2:78000 mC
I/ThermalEngine( 1032): Sensor:tsens_tz_sensor5:73000 mC
I/ThermalEngine( 1032): Sensor:batt_temp:42100 mC
I/ThermalEngine( 1032): Sensor:tsens_tz_sensor2:74000 mC
I/ThermalEngine( 1032): Sensor:tsens_tz_sensor5:73000 mC
I/ThermalEngine( 1032): Sensor:tsens_tz_sensor2:67000 mC
I/ThermalEngine( 1032): Sensor:tsens_tz_sensor5:67000 mC
I/ThermalEngine( 1032): Sensor:tsens_tz_sensor2:66000 mC
I/ThermalEngine( 1032): Sensor:tsens_tz_sensor5:66000 mC
D/libEGL  ( 2706): loaded /vendor/lib/egl/libEGL_adreno.so
D/libEGL  ( 2706): loaded /vendor/lib/egl/libGLESv1_CM_adreno.so
D/libEGL  ( 2706): loaded /vendor/lib/egl/libGLESv2_adreno.so
I/ThermalEngine( 1032): Sensor:tsens_tz_sensor2:71000 mC
I/ThermalEngine( 1032): Sensor:tsens_tz_sensor5:73000 mC
I/ThermalEngine( 1032): Sensor:batt_temp:42300 mC
I/ThermalEngine( 1032): Sensor:tsens_tz_sensor2:71000 mC
I/ThermalEngine( 1032): Sensor:tsens_tz_sensor5:73000 mC
I/ThermalEngine( 1032): Sensor:tsens_tz_sensor2:73000 mC
I/ThermalEngine( 1032): Sensor:tsens_tz_sensor5:74000 mC
I/ThermalEngine( 1032): Sensor:tsens_tz_sensor2:74000 mC
I/ThermalEngine( 1032): Sensor:tsens_tz_sensor5:75000 mC
I/UpstartPropertyWatcher(  986): Property changed: init.svc.ppd=running
I/UpstartPropertyWatcher(  986): Property changed: init.svc.gsiff_daemon=running
I/UpstartPropertyWatcher(  986): Property changed: init.svc.quipc_igsn=running
I/UpstartPropertyWatcher(  986): Property changed: init.svc.quipc_main=running
I/UpstartPropertyWatcher(  986): Property changed: init.svc.xtwifi_inet=running
I/UpstartPropertyWatcher(  986): Property changed: init.svc.quipc_igsn=restarting
I/UpstartPropertyWatcher(  986): Property changed: init.svc.xtwifi_inet=restarting
I/UpstartPropertyWatcher(  986): Property changed: init.svc.quipc_main=restarting
I/UpstartPropertyWatcher(  986): Property changed: init.svc.ppd=restarting
I/UpstartPropertyWatcher(  986): Property changed: init.svc.gsiff_daemon=restarting
I/ThermalEngine( 1032): Sensor:tsens_tz_sensor2:76000 mC
I/ThermalEngine( 1032): Sensor:tsens_tz_sensor5:76000 mC
I/ThermalEngine( 1032): Sensor:batt_temp:42100 mC
I/ThermalEngine( 1032): Sensor:tsens_tz_sensor2:69000 mC
I/ThermalEngine( 1032): Sensor:tsens_tz_sensor5:69000 mC
I/ThermalEngine( 1032): Sensor:tsens_tz_sensor2:69000 mC
I/ThermalEngine( 1032): Sensor:tsens_tz_sensor5:69000 mC
E/QCALOG  ( 1049): [MessageQ] ProcessNewMessage: [XTWiFi-PE] unknown deliver target [OS-Agent]
E/QCALOG  ( 1049): [MessageQ] ProcessNewMessage: [XTWWAN-PE] unknown deliver target [OS-Agent]
I/ThermalEngine( 1032): Sensor:tsens_tz_sensor2:66000 mC
I/ThermalEngine( 1032): Sensor:tsens_tz_sensor5:66000 mC
D/libEGL  ( 2717): loaded /vendor/lib/egl/libEGL_adreno.so
D/libEGL  ( 2717): loaded /vendor/lib/egl/libGLESv1_CM_adreno.so
D/libEGL  ( 2717): loaded /vendor/lib/egl/libGLESv2_adreno.so
I/ThermalEngine( 1032): Sensor:tsens_tz_sensor2:69000 mC
I/ThermalEngine( 1032): Sensor:tsens_tz_sensor5:70000 mC
I/ThermalEngine( 1032): Sensor:batt_temp:42300 mC
I/ThermalEngine( 1032): Sensor:tsens_tz_sensor2:72000 mC
I/ThermalEngine( 1032): Sensor:tsens_tz_sensor5:74000 mC
I/ThermalEngine( 1032): Sensor:tsens_tz_sensor2:72000 mC
I/ThermalEngine( 1032): Sensor:tsens_tz_sensor5:74000 mC
I/ThermalEngine( 1032): Sensor:tsens_tz_sensor2:73000 mC
I/ThermalEngine( 1032): Sensor:tsens_tz_sensor5:75000 mC
I/ThermalEngine( 1032): Sensor:tsens_tz_sensor2:74000 mC
I/ThermalEngine( 1032): Sensor:tsens_tz_sensor5:75000 mC
I/ThermalEngine( 1032): Sensor:batt_temp:42100 mC
I/ThermalEngine( 1032): Sensor:tsens_tz_sensor2:74000 mC
I/ThermalEngine( 1032): Sensor:tsens_tz_sensor5:74000 mC
E/QCALOG  ( 1049): [MessageQ] ProcessNewMessage: [XT-CS] unknown deliver target [OS-Agent]
I/ThermalEngine( 1032): Sensor:tsens_tz_sensor2:67000 mC
I/ThermalEngine( 1032): Sensor:tsens_tz_sensor5:67000 mC
I/ThermalEngine( 1032): Sensor:tsens_tz_sensor2:67000 mC
I/ThermalEngine( 1032): Sensor:tsens_tz_sensor5:67000 mC
D/libEGL  ( 2723): loaded /vendor/lib/egl/libEGL_adreno.so
D/libEGL  ( 2723): loaded /vendor/lib/egl/libGLESv1_CM_adreno.so
D/libEGL  ( 2723): loaded /vendor/lib/egl/libGLESv2_adreno.so
I/ThermalEngine( 1032): Sensor:tsens_tz_sensor2:65000 mC
I/ThermalEngine( 1032): Sensor:tsens_tz_sensor5:66000 mC
I/ThermalEngine( 1032): Sensor:batt_temp:42300 mC
I/ThermalEngine( 1032): Sensor:tsens_tz_sensor2:71000 mC
I/ThermalEngine( 1032): Sensor:tsens_tz_sensor5:73000 mC
I/ThermalEngine( 1032): Sensor:tsens_tz_sensor2:73000 mC
I/ThermalEngine( 1032): Sensor:tsens_tz_sensor5:74000 mC
I/ThermalEngine( 1032): Sensor:tsens_tz_sensor2:74000 mC
I/ThermalEngine( 1032): Sensor:tsens_tz_sensor5:75000 mC
I/UpstartPropertyWatcher(  986): Property changed: init.svc.ppd=running
I/UpstartPropertyWatcher(  986): Property changed: init.svc.gsiff_daemon=running
I/UpstartPropertyWatcher(  986): Property changed: init.svc.quipc_igsn=running
I/UpstartPropertyWatcher(  986): Property changed: init.svc.quipc_main=running
I/UpstartPropertyWatcher(  986): Property changed: init.svc.xtwifi_inet=running
I/ThermalEngine( 1032): Sensor:tsens_tz_sensor2:74000 mC
I/ThermalEngine( 1032): Sensor:tsens_tz_sensor5:75000 mC
I/UpstartPropertyWatcher(  986): Property changed: init.svc.ppd=restarting
I/UpstartPropertyWatcher(  986): Property changed: init.svc.quipc_igsn=restarting
I/UpstartPropertyWatcher(  986): Property changed: init.svc.gsiff_daemon=restarting
I/UpstartPropertyWatcher(  986): Property changed: init.svc.quipc_main=restarting
I/UpstartPropertyWatcher(  986): Property changed: init.svc.xtwifi_inet=restarting
I/ThermalEngine( 1032): Sensor:batt_temp:42200 mC
I/ThermalEngine( 1032): Sensor:tsens_tz_sensor2:77000 mC
I/ThermalEngine( 1032): Sensor:tsens_tz_sensor5:76000 mC
I/ThermalEngine( 1032): Sensor:tsens_tz_sensor2:69000 mC
I/ThermalEngine( 1032): Sensor:tsens_tz_sensor5:69000 mC
I/ThermalEngine( 1032): Sensor:tsens_tz_sensor2:66000 mC
I/ThermalEngine( 1032): Sensor:tsens_tz_sensor5:67000 mC
I/ThermalEngine( 1032): Sensor:tsens_tz_sensor2:67000 mC
I/ThermalEngine( 1032): Sensor:tsens_tz_sensor5:69000 mC
D/libEGL  ( 2734): loaded /vendor/lib/egl/libEGL_adreno.so
D/libEGL  ( 2734): loaded /vendor/lib/egl/libGLESv1_CM_adreno.so
D/libEGL  ( 2734): loaded /vendor/lib/egl/libGLESv2_adreno.so
I/ThermalEngine( 1032): Sensor:batt_temp:42300 mC
I/ThermalEngine( 1032): Sensor:tsens_tz_sensor2:67000 mC
I/ThermalEngine( 1032): Sensor:tsens_tz_sensor5:69000 mC
I/ThermalEngine( 1032): Sensor:tsens_tz_sensor2:76000 mC
I/ThermalEngine( 1032): Sensor:tsens_tz_sensor5:72000 mC
E/QCALOG  ( 1049): [MessageQ] ProcessNewMessage: [XTWiFi-PE] unknown deliver target [OS-Agent]
E/QCALOG  ( 1049): [MessageQ] ProcessNewMessage: [XTWWAN-PE] unknown deliver target [OS-Agent]
I/ThermalEngine( 1032): Sensor:tsens_tz_sensor2:77000 mC
I/ThermalEngine( 1032): Sensor:tsens_tz_sensor5:73000 mC
I/ThermalEngine( 1032): Sensor:tsens_tz_sensor2:78000 mC
I/ThermalEngine( 1032): Sensor:tsens_tz_sensor5:73000 mC
I/ThermalEngine( 1032): Sensor:batt_temp:42300 mC
I/ThermalEngine( 1032): Sensor:tsens_tz_sensor2:75000 mC
I/ThermalEngine( 1032): Sensor:tsens_tz_sensor5:74000 mC
I/ThermalEngine( 1032): Sensor:tsens_tz_sensor2:75000 mC
I/ThermalEngine( 1032): Sensor:tsens_tz_sensor5:74000 mC
I/ThermalEngine( 1032): Sensor:tsens_tz_sensor2:68000 mC
I/ThermalEngine( 1032): Sensor:tsens_tz_sensor5:67000 mC
I/ThermalEngine( 1032): Sensor:tsens_tz_sensor2:66000 mC
I/ThermalEngine( 1032): Sensor:tsens_tz_sensor5:66000 mC
D/libEGL  ( 2740): loaded /vendor/lib/egl/libEGL_adreno.so
D/libEGL  ( 2740): loaded /vendor/lib/egl/libGLESv1_CM_adreno.so
D/libEGL  ( 2740): loaded /vendor/lib/egl/libGLESv2_adreno.so
I/ThermalEngine( 1032): Sensor:batt_temp:42300 mC
E/QCALOG  ( 1049): [MessageQ] ProcessNewMessage: [XT-CS] unknown deliver target [OS-Agent]
I/ThermalEngine( 1032): Sensor:tsens_tz_sensor2:74000 mC
I/ThermalEngine( 1032): Sensor:tsens_tz_sensor5:71000 mC
I/ThermalEngine( 1032): Sensor:tsens_tz_sensor2:77000 mC
I/ThermalEngine( 1032): Sensor:tsens_tz_sensor5:72000 mC
I/ThermalEngine( 1032): Sensor:tsens_tz_sensor2:77000 mC
I/ThermalEngine( 1032): Sensor:tsens_tz_sensor5:72000 mC
I/ThermalEngine( 1032): Sensor:tsens_tz_sensor2:78000 mC
I/ThermalEngine( 1032): Sensor:tsens_tz_sensor5:73000 mC
I/ThermalEngine( 1032): Sensor:batt_temp:42300 mC
I/ThermalEngine( 1032): Sensor:tsens_tz_sensor2:78000 mC
I/ThermalEngine( 1032): Sensor:tsens_tz_sensor5:73000 mC
I/ThermalEngine( 1032): Sensor:tsens_tz_sensor2:69000 mC
I/ThermalEngine( 1032): Sensor:tsens_tz_sensor5:69000 mC
I/ThermalEngine( 1032): Sensor:tsens_tz_sensor2:66000 mC
I/ThermalEngine( 1032): Sensor:tsens_tz_sensor5:66000 mC
I/ThermalEngine( 1032): Sensor:tsens_tz_sensor2:66000 mC
I/ThermalEngine( 1032): Sensor:tsens_tz_sensor5:66000 mC
I/UpstartPropertyWatcher(  986): Property changed: init.svc.ppd=running
I/UpstartPropertyWatcher(  986): Property changed: init.svc.gsiff_daemon=running
I/UpstartPropertyWatcher(  986): Property changed: init.svc.quipc_igsn=running
I/UpstartPropertyWatcher(  986): Property changed: init.svc.quipc_main=running
I/UpstartPropertyWatcher(  986): Property changed: init.svc.xtwifi_inet=running
I/UpstartPropertyWatcher(  986): Property changed: init.svc.quipc_igsn=restarting
I/UpstartPropertyWatcher(  986): Property changed: init.svc.xtwifi_inet=restarting
D/libEGL  ( 2746): loaded /vendor/lib/egl/libEGL_adreno.so
D/libEGL  ( 2746): loaded /vendor/lib/egl/libGLESv1_CM_adreno.so
I/UpstartPropertyWatcher(  986): Property changed: init.svc.quipc_main=restarting
I/UpstartPropertyWatcher(  986): Property changed: init.svc.ppd=restarting
D/libEGL  ( 2746): loaded /vendor/lib/egl/libGLESv2_adreno.so
I/UpstartPropertyWatcher(  986): Property changed: init.svc.gsiff_daemon=restarting
I/ThermalEngine( 1032): Sensor:batt_temp:42300 mC
I/ThermalEngine( 1032): Sensor:tsens_tz_sensor2:68000 mC
I/ThermalEngine( 1032): Sensor:tsens_tz_sensor5:69000 mC
I/ThermalEngine( 1032): Sensor:tsens_tz_sensor2:73000 mC
I/ThermalEngine( 1032): Sensor:tsens_tz_sensor5:72000 mC
I/ThermalEngine( 1032): Sensor:tsens_tz_sensor2:74000 mC
I/ThermalEngine( 1032): Sensor:tsens_tz_sensor5:73000 mC
I/ThermalEngine( 1032): Sensor:tsens_tz_sensor2:75000 mC
I/ThermalEngine( 1032): Sensor:tsens_tz_sensor5:73000 mC
I/ThermalEngine( 1032): Sensor:batt_temp:42400 mC
I/ThermalEngine( 1032): Sensor:tsens_tz_sensor2:75000 mC
I/ThermalEngine( 1032): Sensor:tsens_tz_sensor5:73000 mC
I/ThermalEngine( 1032): Sensor:tsens_tz_sensor2:74000 mC
I/ThermalEngine( 1032): Sensor:tsens_tz_sensor5:74000 mC
E/QCALOG  ( 1049): [MessageQ] ProcessNewMessage: [XTWiFi-PE] unknown deliver target [OS-Agent]
E/QCALOG  ( 1049): [MessageQ] ProcessNewMessage: [XTWWAN-PE] unknown deliver target [OS-Agent]
I/ThermalEngine( 1032): Sensor:tsens_tz_sensor2:68000 mC
I/ThermalEngine( 1032): Sensor:tsens_tz_sensor5:67000 mC
I/ThermalEngine( 1032): Sensor:tsens_tz_sensor2:66000 mC
I/ThermalEngine( 1032): Sensor:tsens_tz_sensor5:66000 mC
D/libEGL  ( 2757): loaded /vendor/lib/egl/libEGL_adreno.so
D/libEGL  ( 2757): loaded /vendor/lib/egl/libGLESv1_CM_adreno.so
D/libEGL  ( 2757): loaded /vendor/lib/egl/libGLESv2_adreno.so
I/ThermalEngine( 1032): Sensor:batt_temp:42400 mC
