I/ThermalEngine( 1027): Thermal daemon started
I/ThermalEngine( 1027): devices_manager_init: Init
E/adsprpc ( 1029): vendor/qcom/proprietary/adsprpc/src/apps_std_imp.c:33:apps_std fopen failed: ./voiceproc_tx.so No such file or directory
E/adsprpc ( 1029): vendor/qcom/proprietary/adsprpc/src/apps_std_imp.c:33:apps_std fopen failed: /system/lib/rfsa/adsp/./voiceproc_tx.so No such file or directory
E/adsprpc ( 1029): vendor/qcom/proprietary/adsprpc/src/apps_std_imp.c:33:apps_std fopen failed: /system/vendor/lib/rfsa/adsp/./voiceproc_tx.so No such file or directory
E/adsprpc ( 1029): vendor/qcom/proprietary/adsprpc/src/../inc/mod_table_imp.h:346::error: 2: 0 == (nErr = invoke_func_ptr(sc, pra))
I/irsc_util( 1022): file_parser Number of element :3
E/adsprpc ( 1029): vendor/qcom/proprietary/adsprpc/src/apps_std_imp.c:33:apps_std fopen failed: ./voiceproc_rx.so No such file or directory
E/adsprpc ( 1029): vendor/qcom/proprietary/adsprpc/src/apps_std_imp.c:33:apps_std fopen failed: /system/lib/rfsa/adsp/./voiceproc_rx.so No such file or directory
E/adsprpc ( 1029): vendor/qcom/proprietary/adsprpc/src/apps_std_imp.c:33:apps_std fopen failed: /system/vendor/lib/rfsa/adsp/./voiceproc_rx.so No such file or directory
E/adsprpc ( 1029): vendor/qcom/proprietary/adsprpc/src/../inc/mod_table_imp.h:346::error: 2: 0 == (nErr = invoke_func_ptr(sc, pra))
I/ThermalEngine( 1027): Number of gpus :1
I/Thermal-IOCTL( 1027): KTM IOCTL interface "/dev/msm_thermal_query" opened
I/ThermalEngine( 1027): vdd_rstr_init: Init KTM VDD RSTR enabled: 0
I/ThermalEngine( 1027): sensors_manager_init: Init
D/QSEECOMD: ( 1042): qseecom listener services process entry PPID = 1
E/QSEECOMD: ( 1042): Listener: index = 0, hierarchy = 0
I/ThermalEngine( 1027): BCL sensors setup done.
I/ThermalEngine( 1027): Using target config file '/system/etc/thermal-engine-8226.conf'
I/ThermalEngine( 1027): Loading config file for virtual sensor
E/ThermalEngine( 1027): virtual_sensors_init: Error getting virtual sensors set
I/ThermalEngine( 1027): [BATTERY_MONITOR]
I/ThermalEngine( 1027): algo_type monitor
I/ThermalEngine( 1027): sampling 1000
I/ThermalEngine( 1027): sensor batt_temp
I/ThermalEngine( 1027): thresholds 44000 47000 50000 53000 56000
I/ThermalEngine( 1027): thresholds_clr 42000 45000 48000 51000 54000
I/ThermalEngine( 1027): actions cpu+hotplug_2+hotplug_3 cpu+hotplug_3 cpu+hotplug_3 cpu cpu
I/ThermalEngine( 1027): action_info 1190400+1+0 998400+1 787200+1 600000 384000
I/ThermalEngine( 1027): [CPU2-3_MONITOR]
I/ThermalEngine( 1027): algo_type monitor
I/ThermalEngine( 1027): sampling 1000
I/ThermalEngine( 1027): sensor cpu2-3
I/ThermalEngine( 1027): thresholds 120000
I/ThermalEngine( 1027): thresholds_clr 115000
I/ThermalEngine( 1027): actions shutdown
I/ThermalEngine( 1027): action_info 5000
I/ThermalEngine( 1027): [CPU0-1_MONITOR]
I/ThermalEngine( 1027): algo_type monitor
I/ThermalEngine( 1027): sampling 1000
I/ThermalEngine( 1027): sensor cpu0-1
I/ThermalEngine( 1027): thresholds 120000
I/ThermalEngine( 1027): thresholds_clr 115000
I/ThermalEngine( 1027): actions shutdown
I/ThermalEngine( 1027): action_info 5000
I/ThermalEngine( 1027): [VDD_RSTR_MONITOR-TSENS5]
I/ThermalEngine( 1027): #algo_type monitor
I/ThermalEngine( 1027): sampling 1000
I/ThermalEngine( 1027): sensor tsens_tz_sensor5
I/ThermalEngine( 1027): thresholds 5000
I/ThermalEngine( 1027): thresholds_clr 10000
I/ThermalEngine( 1027): actions vdd_restriction
I/ThermalEngine( 1027): action_info 1
I/ThermalEngine( 1027): descending
I/ThermalEngine( 1027): [VDD_RSTR_MONITOR-TSENS4]
I/ThermalEngine( 1027): #algo_type monitor
I/ThermalEngine( 1027): sampling 1000
I/ThermalEngine( 1027): sensor tsens_tz_sensor4
I/ThermalEngine( 1027): thresholds 5000
I/ThermalEngine( 1027): thresholds_clr 10000
I/ThermalEngine( 1027): actions vdd_restriction
I/ThermalEngine( 1027): action_info 1
I/ThermalEngine( 1027): descending
I/ThermalEngine( 1027): [VDD_RSTR_MONITOR-TSENS3]
I/ThermalEngine( 1027): #algo_type monitor
I/ThermalEngine( 1027): sampling 1000
I/ThermalEngine( 1027): sensor tsens_tz_sensor3
I/ThermalEngine( 1027): thresholds 5000
I/ThermalEngine( 1027): thresholds_clr 10000
I/ThermalEngine( 1027): actions vdd_restriction
I/ThermalEngine( 1027): action_info 1
I/ThermalEngine( 1027): descending
I/ThermalEngine( 1027): [VDD_RSTR_MONITOR-TSENS2]
I/ThermalEngine( 1027): #algo_type monitor
I/ThermalEngine( 1027): sampling 1000
I/ThermalEngine( 1027): sensor tsens_tz_sensor2
I/ThermalEngine( 1027): thresholds 5000
I/ThermalEngine( 1027): thresholds_clr 10000
I/ThermalEngine( 1027): actions vdd_restriction
I/ThermalEngine( 1027): action_info 1
I/ThermalEngine( 1027): descending
I/ThermalEngine( 1027): [VDD_RSTR_MONITOR-TSENS1]
I/ThermalEngine( 1027): #algo_type monitor
I/ThermalEngine( 1027): sampling 1000
I/ThermalEngine( 1027): sensor tsens_tz_sensor1
I/ThermalEngine( 1027): thresholds 5000
I/ThermalEngine( 1027): thresholds_clr 10000
I/ThermalEngine( 1027): actions vdd_restriction
I/ThermalEngine( 1027): action_info 1
I/ThermalEngine( 1027): descending
I/ThermalEngine( 1027): [VDD_RSTR_MONITOR-TSENS0]
I/ThermalEngine( 1027): #algo_type monitor
I/ThermalEngine( 1027): sampling 1000
I/ThermalEngine( 1027): sensor tsens_tz_sensor0
I/ThermalEngine( 1027): thresholds 5000
I/ThermalEngine( 1027): thresholds_clr 10000
I/ThermalEngine( 1027): actions vdd_restriction
I/ThermalEngine( 1027): action_info 1
I/ThermalEngine( 1027): descending
I/ThermalEngine( 1027): [SS-POPMEM]
I/ThermalEngine( 1027): #algo_type ss
I/ThermalEngine( 1027): sampling 1000
I/ThermalEngine( 1027): sensor pop_mem
I/ThermalEngine( 1027): device cpu
I/ThermalEngine( 1027): set_point 90000
I/ThermalEngine( 1027): set_point_clr 55000
I/ThermalEngine( 1027): time_constant 2
I/ThermalEngine( 1027): [SS-CPU2-3]
I/ThermalEngine( 1027): #algo_type ss
I/ThermalEngine( 1027): sampling 250
I/ThermalEngine( 1027): sensor cpu2-3
I/ThermalEngine( 1027): device cpu
I/ThermalEngine( 1027): set_point 90000
I/ThermalEngine( 1027): set_point_clr 55000
I/ThermalEngine( 1027): time_constant 0
I/ThermalEngine( 1027): [SS-CPU0-1]
I/ThermalEngine( 1027): #algo_type ss
I/ThermalEngine( 1027): sampling 250
I/ThermalEngine( 1027): sensor cpu0-1
I/ThermalEngine( 1027): device cpu
I/ThermalEngine( 1027): set_point 90000
I/ThermalEngine( 1027): set_point_clr 55000
I/ThermalEngine( 1027): time_constant 0
I/ThermalEngine( 1027): Sensor:tsens_tz_sensor3:59000 mC
I/ThermalEngine( 1027): Sensor:tsens_tz_sensor3:59000 mC
I/ThermalEngine( 1027): Sensor:tsens_tz_sensor2:81000 mC
I/ThermalEngine( 1027): Sensor:tsens_tz_sensor2:81000 mC
I/ThermalEngine( 1027): Sensor:tsens_tz_sensor5:78000 mC
I/ThermalEngine( 1027): Sensor:tsens_tz_sensor5:78000 mC
D/QSEECOMD: ( 1042): Init dlopen(librpmb.so, RTLD_NOW) succeeds
D/QSEECOMD: ( 1042): Init::Init dlsym(g_FSHandle rpmb_init_service) succeeds
I/rpmb    ( 1042): RPMB Mult = 2048, Rel_sec_cnt = 1
I/ThermalEngine( 1027): Sensor:batt_temp:39000 mC
I/ThermalEngine( 1027): Sensor:tsens_tz_sensor2:81000 mC
I/ThermalEngine( 1027): Sensor:tsens_tz_sensor5:78000 mC
I/ThermalEngine( 1027): Sensor:tsens_tz_sensor5:78000 mC
I/ThermalEngine( 1027): Sensor:tsens_tz_sensor4:60000 mC
I/ThermalEngine( 1027): Sensor:tsens_tz_sensor4:60000 mC
I/ThermalEngine( 1027): Sensor:tsens_tz_sensor3:59000 mC
I/ThermalEngine( 1027): Sensor:tsens_tz_sensor2:81000 mC
I/ThermalEngine( 1027): Sensor:tsens_tz_sensor1:60000 mC
I/ThermalEngine( 1027): Sensor:tsens_tz_sensor1:60000 mC
I/ThermalEngine( 1027): Sensor:tsens_tz_sensor0:68000 mC
I/ThermalEngine( 1027): Sensor:tsens_tz_sensor0:68000 mC
I/ThermalEngine( 1027): vdd_restrict_qmi_request: MODEM req level(0) is recorded and waiting for completing QMI registration
I/ThermalEngine( 1027): vdd_restrict_qmi_request: ADSP req level(0) is recorded and waiting for completing QMI registration
I/ThermalEngine( 1027): hotplug_ktm_disable_cb: write out 0
I/irsc_util( 1022): file_parser Number of element :3
I/irsc_util( 1022): file_parser Number of element :3
I/irsc_util( 1022): file_parser Number of element :3
I/irsc_util( 1022): file_parser Number of element :3
I/irsc_util( 1022): file_parser Number of element :3
I/irsc_util( 1022): file_parser Number of element :3
I/irsc_util( 1022): file_parser Number of element :3
I/irsc_util( 1022): file_parser Number of element :3
I/irsc_util( 1022): file_parser Number of element :3
I/irsc_util( 1022): file_parser Number of element :3
E/DrmLibRpmb( 1042): rpmb_init succeeded! with ret = 0
D/QSEECOMD: ( 1042): Init rpmb_init_service ret = 0
D/QSEECOMD: ( 1042): RPMB system services: init (Listener ID = 8192)
E/QSEECOMD: ( 1042): Listener: index = 1, hierarchy = 0
D/QSEECOMD: ( 1042): Init dlopen(libssd.so, RTLD_NOW) succeeds
D/QSEECOMD: ( 1042): Init::Init dlsym(g_FSHandle ssd_init_service) succeeds
E/SSD     ( 1042): ssd_init_service succeeded!
D/QSEECOMD: ( 1042): Init ssd_init_service ret = 0
D/QSEECOMD: ( 1042): SSD system services: init (Listener ID = 12288)
E/QSEECOMD: ( 1042): Listener: index = 2, hierarchy = 0
E/QSEECOMD: ( 1042): Init dlopen(libsecureui.so, RLTD_NOW) is failed....
D/QSEECOMD: ( 1042): SEC_UI_INIT failed, shall not start secure ui listener
D/QSEECOMAPI: ( 1042): QSEECom_get_handle sb_length = 0x400
D/QSEECOMAPI: ( 1042): App is not loaded in QSEE
I/irsc_util( 1022): file_parser Number of element :3
I/irsc_util( 1022): file_parser Number of element :3
I/irsc_util( 1022): file_parser Number of element :3
I/irsc_util( 1022): file_parser Number of element :3
I/irsc_util( 1022): file_parser Number of element :3
I/irsc_util( 1022): file_parser Number of element :3
I/irsc_util( 1022): file_parser Number of element :3
I/irsc_util( 1022): file_parser Number of element :3
I/irsc_util( 1022): file_parser Number of element :3
I/irsc_util( 1022): file_parser Number of element :3
I/irsc_util( 1022): file_parser Number of element :3
I/irsc_util( 1022): file_parser Number of element :3
I/irsc_util( 1022): file_parser Number of element :3
I/irsc_util( 1022): file_parser Number of element :3
I/irsc_util( 1022): file_parser Number of element :3
I/irsc_util( 1022): file_parser Number of element :3
I/irsc_util( 1022): file_parser Number of element :3
I/irsc_util( 1022): file_parser Number of element :3
I/irsc_util( 1022): file_parser Number of element :3
I/irsc_util( 1022): file_parser Number of element :3
I/irsc_util( 1022): file_parser Number of element :3
I/irsc_util( 1022): file_parser Number of element :3
I/irsc_util( 1022): file_parser Number of element :3
I/irsc_util( 1022): file_parser Number of element :3
I/irsc_util( 1022): file_parser Number of element :3
I/irsc_util( 1022): file_parser Number of element :3
I/irsc_util( 1022): file_parser Number of element :3
I/irsc_util( 1022): file_parser Number of element :3
I/irsc_util( 1022): file_parser Number of element :3
I/irsc_util( 1022): file_parser Number of element :3
I/irsc_util( 1022): file_parser Number of element :3
I/irsc_util( 1022): file_parser Number of element :3
I/irsc_util( 1022): file_parser Number of element :3
I/irsc_util( 1022): file_parser Number of element :3
I/irsc_util( 1022): file_parser Number of element :3
I/irsc_util( 1022): file_parser Number of element :3
I/irsc_util( 1022): file_parser Number of element :3
I/irsc_util( 1022): file_parser Number of element :3
I/irsc_util( 1022): file_parser Number of element :3
I/irsc_util( 1022): file_parser Number of element :3
I/irsc_util( 1022): file_parser Number of element :3
I/irsc_util( 1022): file_parser Number of element :3
I/irsc_util( 1022): file_parser Number of element :3
I/irsc_util( 1022): file_parser Number of element :3
I/irsc_util( 1022): file_parser Number of element :3
I/irsc_util( 1022): file_parser Number of element :3
I/irsc_util( 1022): file_parser Number of element :3
I/irsc_util( 1022): file_parser Number of element :3
I/irsc_util( 1022): file_parser Number of element :3
I/irsc_util( 1022): file_parser Number of element :3
I/irsc_util( 1022): file_parser Number of element :3
I/irsc_util( 1022): file_parser Number of element :3
I/irsc_util( 1022): file_parser Number of element :3
I/irsc_util( 1022): file_parser Number of element :3
I/irsc_util( 1022): file_parser Number of element :3
I/irsc_util( 1022): file_parser Number of element :3
I/irsc_util( 1022): file_parser Number of element :3
I/irsc_util( 1022): file_parser Number of element :3
I/irsc_util( 1022): file_parser Number of element :3
I/irsc_util( 1022): file_parser Number of element :3
I/irsc_util( 1022): file_parser Number of element :3
I/irsc_util( 1022): file_parser Number of element :3
I/irsc_util( 1022): file_parser Number of element :3
I/irsc_util( 1022): file_parser Number of element :3
I/irsc_util( 1022): file_parser Number of element :3
I/irsc_util( 1022): file_parser Number of element :3
I/irsc_util( 1022): file_parser Number of element :3
I/irsc_util( 1022): file_parser Number of element :3
I/irsc_util( 1022): file_parser Number of element :3
I/irsc_util( 1022): file_parser Number of element :3
I/irsc_util( 1022): file_parser Number of element :3
I/irsc_util( 1022): file_parser Number of element :3
I/irsc_util( 1022): file_parser Number of element :3
I/irsc_util( 1022): file_parser Number of element :3
I/irsc_util( 1022): file_parser Number of element :3
I/irsc_util( 1022): file_parser Number of element :3
I/irsc_util( 1022): file_parser Number of element :3
I/irsc_util( 1022): file_parser Number of element :3
I/irsc_util( 1022): file_parser Number of element :3
I/irsc_util( 1022): file_parser Number of element :3
I/irsc_util( 1022): file_parser Number of element :3
I/irsc_util( 1022): file_parser Number of element :3
I/irsc_util( 1022): file_parser Number of element :3
I/irsc_util( 1022): file_parser Number of element :3
I/irsc_util( 1022): file_parser Number of element :3
I/irsc_util( 1022): file_parser Number of element :3
I/irsc_util( 1022): file_parser Number of element :3
I/irsc_util( 1022): file_parser Number of element :3
I/irsc_util( 1022): file_parser Number of element :3
I/irsc_util( 1022): file_parser Number of element :3
I/irsc_util( 1022): file_parser Number of element :3
I/irsc_util( 1022): file_parser Number of element :3
I/irsc_util( 1022): file_parser Number of element :3
I/irsc_util( 1022): file_parser Number of element :3
I/irsc_util( 1022): file_parser Number of element :3
I/irsc_util( 1022): file_parser Number of element :3
I/irsc_util( 1022): file_parser Number of element :3
I/irsc_util( 1022): file_parser Number of element :3
I/irsc_util( 1022): file_parser Number of element :3
I/irsc_util( 1022): file_parser Number of element :3
I/irsc_util( 1022): file_parser Number of element :3
I/irsc_util( 1022): file_parser Number of element :3
I/irsc_util( 1022): file_parser Number of element :3
I/irsc_util( 1022): file_parser Number of element :3
I/irsc_util( 1022): file_parser Number of element :3
I/irsc_util( 1022): file_parser Number of element :3
I/irsc_util( 1022): file_parser Number of element :3
I/irsc_util( 1022): file_parser Number of element :3
I/irsc_util( 1022): file_parser Number of element :3
I/irsc_util( 1022): file_parser Number of element :3
I/irsc_util( 1022): file_parser Number of element :3
I/irsc_util( 1022): file_parser Number of element :3
I/irsc_util( 1022): file_parser Number of element :3
I/irsc_util( 1022): file_parser Number of element :3
I/irsc_util( 1022): file_parser Number of element :3
I/irsc_util( 1022): file_parser Number of element :3
I/irsc_util( 1022): file_parser Number of element :3
I/irsc_util( 1022): file_parser Number of element :3
I/irsc_util( 1022): file_parser Number of element :3
I/irsc_util( 1022): file_parser Number of element :3
I/irsc_util( 1022): file_parser Number of element :3
I/irsc_util( 1022): file_parser Number of element :3
I/irsc_util( 1022): file_parser Number of element :3
I/irsc_util( 1022): file_parser Number of element :3
I/irsc_util( 1022): file_parser Number of element :3
I/irsc_util( 1022): file_parser Number of element :3
I/irsc_util( 1022): file_parser Number of element :3
I/irsc_util( 1022): file_parser Number of element :3
I/irsc_util( 1022): file_parser Number of element :3
I/irsc_util( 1022): file_parser Number of element :3
I/irsc_util( 1022): file_parser Number of element :3
I/irsc_util( 1022): file_parser Number of element :3
I/irsc_util( 1022): file_parser Number of element :3
I/irsc_util( 1022): file_parser Number of element :3
I/irsc_util( 1022): file_parser Number of element :3
I/irsc_util( 1022): file_parser Number of element :3
I/irsc_util( 1022): file_parser Number of element :3
I/irsc_util( 1022): file_parser Number of element :3
I/irsc_util( 1022): file_parser Number of element :3
I/irsc_util( 1022): file_parser Number of element :3
I/irsc_util( 1022): file_parser Number of element :3
I/irsc_util( 1022): file_parser Number of element :3
I/irsc_util( 1022): file_parser Number of element :3
I/irsc_util( 1022): file_parser Number of element :3
I/irsc_util( 1022): file_parser Number of element :3
I/irsc_util( 1022): file_parser Number of element :3
I/irsc_util( 1022): file_parser Number of element :3
I/irsc_util( 1022): file_parser Number of element :3
I/irsc_util( 1022): file_parser Number of element :3
I/irsc_util( 1022): file_parser Number of element :3
I/irsc_util( 1022): file_parser Number of element :3
I/irsc_util( 1022): file_parser Number of element :3
I/irsc_util( 1022): file_parser Number of element :3
I/irsc_util( 1022): file_parser Number of element :3
I/irsc_util( 1022): file_parser Number of element :3
I/irsc_util( 1022): file_parser Number of element :3
I/irsc_util( 1022): file_parser Number of element :3
I/irsc_util( 1022): file_parser Number of element :3
I/irsc_util( 1022): file_parser Number of element :3
I/irsc_util( 1022): file_parser Number of element :3
I/irsc_util( 1022): file_parser Number of element :3
I/irsc_util( 1022): file_parser Number of element :3
I/irsc_util( 1022): file_parser Number of element :3
I/irsc_util( 1022): file_parser Number of element :3
I/irsc_util( 1022): file_parser Number of element :3
I/irsc_util( 1022): file_parser Number of element :3
I/ThermalEngine( 1027): Sensor:batt_temp:39100 mC
I/irsc_util( 1022): file_parser Number of element :3
I/irsc_util( 1022): file_parser Number of element :3
I/irsc_util( 1022): file_parser Number of element :3
I/irsc_util( 1022): file_parser Number of element :3
I/irsc_util( 1022): file_parser Number of element :3
I/irsc_util( 1022): file_parser Number of element :3
I/irsc_util( 1022): file_parser Number of element :3
I/irsc_util( 1022): file_parser Number of element :3
I/irsc_util( 1022): file_parser Number of element :3
I/irsc_util( 1022): file_parser Number of element :3
I/irsc_util( 1022): file_parser Number of element :3
I/irsc_util( 1022): file_parser Number of element :3
I/UpstartPropertyWatcher(  993): Property changed: init.svc.ppd=running
I/UpstartPropertyWatcher(  993): Property changed: init.svc.quipc_igsn=running
I/UpstartPropertyWatcher(  993): Property changed: init.svc.quipc_main=running
I/UpstartPropertyWatcher(  993): Property changed: init.svc.location_mq=running
I/UpstartPropertyWatcher(  993): Property changed: init.svc.gsiff_daemon=running
I/UpstartPropertyWatcher(  993): Property changed: init.svc.wcnss-service=running
I/irsc_util( 1022): file_parser Number of element :3
I/irsc_util( 1022): file_parser Number of element :3
I/irsc_util( 1022): file_parser Number of element :3
I/irsc_util( 1022): file_parser Number of element :3
I/irsc_util( 1022): file_parser Number of element :3
I/irsc_util( 1022): file_parser Number of element :3
I/irsc_util( 1022): file_parser Number of element :3
I/irsc_util( 1022): file_parser Number of element :3
I/irsc_util( 1022): file_parser Number of element :3
I/irsc_util( 1022): file_parser Number of element :3
I/irsc_util( 1022): file_parser Number of element :3
I/irsc_util( 1022): file_parser Number of element :3
I/irsc_util( 1022): file_parser Number of element :3
I/irsc_util( 1022): file_parser Number of element :3
I/irsc_util( 1022): file_parser Number of element :3
I/irsc_util( 1022): file_parser Number of element :3
I/irsc_util( 1022): file_parser Number of element :3
I/irsc_util( 1022): file_parser Number of element :3
I/irsc_util( 1022): file_parser Number of element :3
I/irsc_util( 1022): file_parser Number of element :3
I/irsc_util( 1022): file_parser Number of element :3
I/irsc_util( 1022): file_parser Number of element :3
I/irsc_util( 1022): file_parser Number of element :3
I/irsc_util( 1022): file_parser Number of element :3
I/irsc_util( 1022): file_parser Number of element :3
I/irsc_util( 1022): file_parser Number of element :3
I/irsc_util( 1022): file_parser Number of element :3
I/irsc_util( 1022): file_parser Number of element :3
I/irsc_util( 1022): file_parser Number of element :3
I/irsc_util( 1022): file_parser Number of element :3
I/irsc_util( 1022): file_parser Number of element :3
I/irsc_util( 1022): file_parser Number of element :3
I/irsc_util( 1022): file_parser Number of element :3
I/irsc_util( 1022): file_parser Number of element :3
I/irsc_util( 1022): file_parser Number of element :3
I/irsc_util( 1022): file_parser Number of element :3
I/irsc_util( 1022): file_parser Number of element :3
I/irsc_util( 1022): file_parser Number of element :3
I/irsc_util( 1022): file_parser Number of element :3
I/irsc_util( 1022): file_parser Number of element :3
I/irsc_util( 1022): file_parser Number of element :3
I/irsc_util( 1022): file_parser Number of element :3
I/irsc_util( 1022): file_parser Number of element :3
I/irsc_util( 1022): file_parser Number of element :3
I/irsc_util( 1022): file_parser Number of element :3
I/irsc_util( 1022): file_parser Number of element :3
I/irsc_util( 1022): file_parser Number of element :3
I/irsc_util( 1022): file_parser Number of element :3
I/irsc_util( 1022): file_parser Number of element :3
I/irsc_util( 1022): file_parser Number of element :3
I/irsc_util( 1022): file_parser Number of element :3
I/irsc_util( 1022): Feed the sec config info to the router
I/irsc_util( 1022): Num of entries:259
I/UpstartPropertyWatcher(  993): Property changed: init.svc.xtwifi_inet=running
I/UpstartPropertyWatcher(  993): Property changed: init.svc.xtwifi_client=running
I/UpstartPropertyWatcher(  993): Property changed: init.svc.lowi-server=running
E/wcnss_service( 1097): source file do not exist /system/etc/wifi/WCNSS_qcom_cfg.ini
I/UpstartPropertyWatcher(  993): Property changed: init.svc.console=running
I/UpstartPropertyWatcher(  993): Property changed: init.svc.quipc_igsn=restarting
I/UpstartPropertyWatcher(  993): Property changed: sys.usb.config=mtp,adb
I/UpstartPropertyWatcher(  993): Property changed: init.svc.xtwifi_inet=restarting
I/UpstartPropertyWatcher(  993): Property changed: init.svc.ril-daemon1=running
V/LOWI-SERVER( 1108): [LOWIEventDispatcher] LOWIEventDispatcher
I/qcom-bluetooth( 1115): /system/etc/init.qcom.bt.sh: init.qcom.bt.sh config = onboot 
I/UpstartPropertyWatcher(  993): Property changed: init.svc.ppd=restarting
I/UpstartPropertyWatcher(  993): Property changed: sys.usb.state=mtp,adb
I/UpstartPropertyWatcher(  993): Property changed: init.svc.irsc_util=stopped
V/LOWI-SERVER( 1108): [MessageQ_Client] creating client socket
I/LOWI-SERVER( 1108): [MessageQ_Client] connecting to server [/data/misc/location/mq/location-mq-s]
E/LOWI-SERVER( 1108): [MessageQ_Client] connect error: 2, [No such file or directory]
E/LOWI-SERVER( 1108): [MessageQ_Client] connect failed 3
W/LOWI-SERVER( 1108): [LOWIController] retry count 1
I/qcom-bluetooth( 1123): /system/etc/init.qcom.bt.sh: Bluetooth Address programmed successfully 
D/QC-time-services( 1037): Daemon:Value read from RTC seconds = 1449172176000
D/QC-time-services( 1037): Daemon:genoff_init_config: ATS_RTC initialized
D/QC-time-services( 1037): Daemon:genoff_pre_init::Base = 1
D/QC-time-services( 1037): Daemon: Storage Name: ats_1 
D/QC-time-services( 1037): Daemon:Opening File: /data/time/ats_1
D/QC-time-services( 1037): Daemon:time_persistent_memory_opr:Genoff Read operation 
D/QC-time-services( 1037): Daemon:Unable to open filefor read
D/QC-time-services( 1037): Daemon:genoff_post_init:Error in accessing storage
D/QC-time-services( 1037): Daemon:genoff_pre_init::Base = 2
D/QC-time-services( 1037): Daemon: Storage Name: ats_2 
D/QC-time-services( 1037): Daemon:Opening File: /data/time/ats_2
D/QC-time-services( 1037): Daemon:time_persistent_memory_opr:Genoff Read operation 
D/QC-time-services( 1037): Daemon:Unable to open filefor read
D/QC-time-services( 1037): Daemon:genoff_post_init:Error in accessing storage
D/QC-time-services( 1037): Daemon:genoff_pre_init::Base = 3
D/QC-time-services( 1037): Daemon: Storage Name: ats_3 
D/QC-time-services( 1037): Daemon:Opening File: /data/time/ats_3
D/QC-time-services( 1037): Daemon:time_persistent_memory_opr:Genoff Read operation 
D/QC-time-services( 1037): Daemon:Unable to open filefor read
D/QC-time-services( 1037): Daemon:genoff_post_init:Error in accessing storage
D/QC-time-services( 1037): Daemon:genoff_pre_init::Base = 4
D/QC-time-services( 1037): Daemon: Storage Name: ats_4 
D/QC-time-services( 1037): Daemon:Opening File: /data/time/ats_4
D/QC-time-services( 1037): Daemon:time_persistent_memory_opr:Genoff Read operation 
D/QC-time-services( 1037): Daemon:Unable to open filefor read
D/QC-time-services( 1037): Daemon:genoff_post_init:Error in accessing storage
D/QC-time-services( 1037): Daemon:genoff_pre_init::Base = 5
D/QC-time-services( 1037): Daemon: Storage Name: ats_5 
D/QC-time-services( 1037): Daemon:Opening File: /data/time/ats_5
D/QC-time-services( 1037): Daemon:time_persistent_memory_opr:Genoff Read operation 
D/QC-time-services( 1037): Daemon:Unable to open filefor read
D/QC-time-services( 1037): Daemon:genoff_post_init:Error in accessing storage
D/QC-time-services( 1037): Daemon:genoff_pre_init::Base = 6
D/QC-time-services( 1037): Daemon: Storage Name: ats_6 
D/QC-time-services( 1037): Daemon:Opening File: /data/time/ats_6
D/QC-time-services( 1037): Daemon:time_persistent_memory_opr:Genoff Read operation 
D/QC-time-services( 1037): Daemon:Unable to open filefor read
D/QC-time-services( 1037): Daemon:genoff_post_init:Error in accessing storage
D/QC-time-services( 1037): Daemon:genoff_pre_init::Base = 7
D/QC-time-services( 1037): Daemon: Storage Name: ats_7 
D/QC-time-services( 1037): Daemon:Opening File: /data/time/ats_7
D/QC-time-services( 1037): Daemon:time_persistent_memory_opr:Genoff Read operation 
D/QC-time-services( 1037): Daemon:Unable to open filefor read
D/QC-time-services( 1037): Daemon:genoff_post_init:Error in accessing storage
D/QC-time-services( 1037): Daemon:genoff_pre_init::Base = 8
D/QC-time-services( 1037): Daemon: Storage Name: ats_8 
D/QC-time-services( 1037): Daemon:Opening File: /data/time/ats_8
D/QC-time-services( 1037): Daemon:time_persistent_memory_opr:Genoff Read operation 
D/QC-time-services( 1037): Daemon:Unable to open filefor read
D/QC-time-services( 1037): Daemon:genoff_post_init:Error in accessing storage
D/QC-time-services( 1037): Daemon:genoff_pre_init::Base = 9
D/QC-time-services( 1037): Daemon: Storage Name: ats_9 
D/QC-time-services( 1037): Daemon:Opening File: /data/time/ats_9
D/QC-time-services( 1037): Daemon:time_persistent_memory_opr:Genoff Read operation 
D/QC-time-services( 1037): Daemon:Unable to open filefor read
D/QC-time-services( 1037): Daemon:genoff_post_init:Error in accessing storage
D/QC-time-services( 1037): Daemon:genoff_pre_init::Base = 10
D/QC-time-services( 1037): Daemon: Storage Name: ats_10 
D/QC-time-services( 1037): Daemon:Opening File: /data/time/ats_10
D/QC-time-services( 1037): Daemon:time_persistent_memory_opr:Genoff Read operation 
D/QC-time-services( 1037): Daemon:Unable to open filefor read
D/QC-time-services( 1037): Daemon:genoff_post_init:Error in accessing storage
D/QC-time-services( 1037): Daemon:genoff_pre_init::Base = 11
D/QC-time-services( 1037): Daemon: Storage Name: ats_11 
D/QC-time-services( 1037): Daemon:Opening File: /data/time/ats_11
D/QC-time-services( 1037): Daemon:time_persistent_memory_opr:Genoff Read operation 
D/QC-time-services( 1037): Daemon:Unable to open filefor read
D/QC-time-services( 1037): Daemon:genoff_post_init:Error in accessing storage
D/QC-time-services( 1037): Daemon:genoff_pre_init::Base = 12
D/QC-time-services( 1037): Daemon: Storage Name: ats_12 
D/QC-time-services( 1037): Daemon:Opening File: /data/time/ats_12
D/QC-time-services( 1037): Daemon:time_persistent_memory_opr:Genoff Read operation 
D/QC-time-services( 1037): Daemon:Unable to open filefor read
D/QC-time-services( 1037): Daemon:genoff_post_init:Error in accessing storage
D/QC-time-services( 1037): Daemon:genoff_pre_init::Base = 13
D/QC-time-services( 1037): Daemon: Storage Name: ats_13 
D/QC-time-services( 1037): Daemon:Opening File: /data/time/ats_13
D/QC-time-services( 1037): Daemon:time_persistent_memory_opr:Genoff Read operation 
I/UpstartPropertyWatcher(  993): Property changed: ro.qualcomm.bluetooth.opp=true
D/QC-time-services( 1037): Daemon:Unable to open filefor read
D/QC-time-services( 1037): Daemon:genoff_post_init:Error in accessing storage
D/QC-time-services( 1037): Daemon:genoff_pre_init::Base = 14
D/QC-time-services( 1037): Daemon: Storage Name: ats_14 
D/QC-time-services( 1037): Daemon:Opening File: /data/time/ats_14
D/QC-time-services( 1037): Daemon:time_persistent_memory_opr:Genoff Read operation 
D/QC-time-services( 1037): Daemon:Unable to open filefor read
D/QC-time-services( 1037): Daemon:genoff_post_init:Error in accessing storage
D/QC-time-services( 1037): Daemon:genoff_init_config: Other bases initilized, exiting genoff_init
D/QC-time-services( 1037): Daemon:genoff_opr: Base = 1, val = 0, operation = 1
D/QC-time-services( 1037): Daemon: genoff get for 1
D/QC-time-services( 1037): Daemon:rtc_get: Time read from RTC -- MM/DD/YY HH:MM:SS11/3/115 19:49:36
D/QC-time-services( 1037): Daemon:Value read from RTC seconds = 1449172176000
D/QC-time-services( 1037): Daemon:Value read from RTC seconds = 1449172176000
D/QC-time-services( 1037): Daemon:Value read from generif offset = 0
D/QC-time-services( 1037): Daemon:Final Time = 1449172176000
D/QC-time-services( 1037): Daemon:genoff_boot_tod_init: Setting system time to sec =1449172176, nsec =0
E/QMI_FW  ( 1037): QMUXD: WARNING qmi_qmux_if_pwr_up_init failed! rc=-1
E/QMI_FW  ( 1037): QMUXD: WARNING qmi_qmux_if_pwr_up_init failed! rc=-1
E/QMI_FW  ( 1037): QMUXD: WARNING qmi_qmux_if_pwr_up_init failed! rc=-1
E/QMI_FW  ( 1037): QMUXD: WARNING qmi_qmux_if_pwr_up_init failed! rc=-1
E/QMI_FW  ( 1037): QMUXD: WARNING qmi_qmux_if_pwr_up_init failed! rc=-1
E/QMI_FW  ( 1037): QMUXD: WARNING qmi_qmux_if_pwr_up_init failed! rc=-1
E/QC-time-services( 1037): Daemon:genoff_modem_qmi_init: qmi_client_get_service_list returned -2num_services 0
I/rmt_storage( 1014): rmt_storage_connect_cb: clnt_h=0x1 conn_h=0xb7dbcda8
I/rmt_storage( 1014): rmt_storage_open_cb: /boot/modem_fs1: clnt_h=0x1: req_h=0x1 msg_id=1: Client found
I/rmt_storage( 1014): rmt_storage_open_cb: /boot/modem_fs1: clnt_h=0x1: req_h=0x1 msg_id=1: Send response: res=0 err=0
I/rmt_storage( 1014): rmt_storage_connect_cb: clnt_h=0x2 conn_h=0xb7dbce00
I/rmt_storage( 1014): rmt_storage_open_cb: /boot/modem_fs2: clnt_h=0x2: req_h=0x2 msg_id=1: Client found
I/rmt_storage( 1014): rmt_storage_open_cb: /boot/modem_fs2: clnt_h=0x2: req_h=0x2 msg_id=1: Send response: res=0 err=0
I/rmt_storage( 1014): rmt_storage_connect_cb: clnt_h=0x3 conn_h=0xb7dbce58
I/rmt_storage( 1014): rmt_storage_open_cb: /boot/modem_fsg: clnt_h=0x3: req_h=0x3 msg_id=1: Client found
I/rmt_storage( 1014): rmt_storage_open_cb: /boot/modem_fsg: clnt_h=0x3: req_h=0x3 msg_id=1: Send response: res=0 err=0
I/rmt_storage( 1014): rmt_storage_connect_cb: clnt_h=0x4 conn_h=0xb7dbceb0
I/rmt_storage( 1014): rmt_storage_open_cb: /boot/modem_fsc: clnt_h=0x4: req_h=0x4 msg_id=1: Client found
I/rmt_storage( 1014): rmt_storage_open_cb: /boot/modem_fsc: clnt_h=0x4: req_h=0x4 msg_id=1: Send response: res=0 err=0
I/rmt_storage( 1014): rmt_storage_alloc_buff_cb: /boot/modem_fs1: clnt_h=0x1: req_h=0x5 msg_id=4: Alloc request received: Size: 1572864
I/rmt_storage( 1014): rmt_storage_alloc_buff_cb: /boot/modem_fs1: clnt_h=0x1: req_h=0x5 msg_id=4: Send response: res=0 err=0
I/rmt_storage( 1014): rmt_storage_rw_iovec_cb: /boot/modem_fs1: clnt_h=0x1: req_h=0x6 msg_id=3: R/W request received
I/rmt_storage( 1014): Shared mem address set to 0xb68ee000
I/rmt_storage( 1014): wakelock acquired: 1, error no: 42
I/rmt_storage( 1014): rmt_storage_client_thread: /boot/modem_fs1: clnt_h=0x1 Worker thread started
I/rmt_storage( 1014): wake lock name: rmt_storage_-1210331416, name creation success: 23
I/rmt_storage( 1014): rmt_storage_client_thread: /boot/modem_fsg: clnt_h=0x3 Worker thread started
I/rmt_storage( 1014): wake lock name: rmt_storage_-1210329984, name creation success: 23
I/rmt_storage( 1014): rmt_storage_client_thread: /boot/modem_fsc: clnt_h=0x4 Worker thread started
I/rmt_storage( 1014): wake lock name: rmt_storage_-1210329400, name creation success: 23
I/rmt_storage( 1014): rmt_storage_client_thread: /boot/modem_fs2: clnt_h=0x2 Worker thread started
I/rmt_storage( 1014): wake lock name: rmt_storage_-1210330568, name creation success: 23
I/rmt_storage( 1014): rmt_storage_client_thread: /boot/modem_fs1: clnt_h=0x1: req_h=0x6 msg_id=3: Bytes read = 512
I/rmt_storage( 1014): rmt_storage_client_thread: /boot/modem_fs1: clnt_h=0x1: req_h=0x6 msg_id=3: Send response: res=0 err=0
I/rmt_storage( 1014): rmt_storage_client_thread: /boot/modem_fs1: clnt_h=0x1 About to block rmt_storage client thread (th_id: -1210331416) wakelock released: 0, error no: 22
I/rmt_storage( 1014): 
I/rmt_storage( 1014): rmt_storage_rw_iovec_cb: /boot/modem_fs2: clnt_h=0x2: req_h=0x7 msg_id=3: R/W request received
I/rmt_storage( 1014): Shared mem address set to 0xb68ee000
I/rmt_storage( 1014): wakelock acquired: 1, error no: 42
I/rmt_storage( 1014): rmt_storage_client_thread: /boot/modem_fs2: clnt_h=0x2 Unblock worker thread (th_id: -1210330568)
I/rmt_storage( 1014): rmt_storage_client_thread: /boot/modem_fs2: clnt_h=0x2: req_h=0x7 msg_id=3: Bytes read = 512
I/rmt_storage( 1014): rmt_storage_client_thread: /boot/modem_fs2: clnt_h=0x2: req_h=0x7 msg_id=3: Send response: res=0 err=0
I/rmt_storage( 1014): rmt_storage_client_thread: /boot/modem_fs2: clnt_h=0x2 About to block rmt_storage client thread (th_id: -1210330568) wakelock released: 1, error no: 0
I/rmt_storage( 1014): 
I/rmt_storage( 1014): rmt_storage_rw_iovec_cb: /boot/modem_fs1: clnt_h=0x1: req_h=0x8 msg_id=3: R/W request received
I/rmt_storage( 1014): wakelock acquired: 1, error no: 42
I/rmt_storage( 1014): rmt_storage_client_thread: /boot/modem_fs1: clnt_h=0x1 Unblock worker thread (th_id: -1210331416)
I/rmt_storage( 1014): rmt_storage_client_thread: /boot/modem_fs1: clnt_h=0x1: req_h=0x8 msg_id=3: Bytes read = 1571840
I/rmt_storage( 1014): rmt_storage_client_thread: /boot/modem_fs1: clnt_h=0x1: req_h=0x8 msg_id=3: Send response: res=0 err=0
I/rmt_storage( 1014): rmt_storage_client_thread: /boot/modem_fs1: clnt_h=0x1 About to block rmt_storage client thread (th_id: -1210331416) wakelock released: 1, error no: 22
I/rmt_storage( 1014): 
E/Sensors ( 1025): sns_debug_main.c(438):Debug Config File missing in EFS!
E/Sensors ( 1025): sns_smr_util.c(104):Unable to initialize service 259 with QCCI, timed out (200 ms)
I/ThermalEngine( 1027): Sensor:batt_temp:39100 mC
D/SensorService( 1030): nuSensorService starting...
E/Sensors ( 1025): sns_acm_mr.c(390):Error getting info for service 3
E/QMI_FW  ( 1037): QMUXD: WARNING qmi_qmux_if_pwr_up_init failed! rc=-1
E/QMI_FW  ( 1037): QMUXD: WARNING qmi_qmux_if_pwr_up_init failed! rc=-1
E/QMI_FW  ( 1037): QMUXD: WARNING qmi_qmux_if_pwr_up_init failed! rc=-1
E/QC-time-services( 1037): Daemon:genoff_modem_qmi_init: qmi_client_get_service_list returned 0num_services 1
E/QMI_FW  ( 1037): QMUXD: WARNING qmi_qmux_if_pwr_up_init failed! rc=-1
E/QMI_FW  ( 1037): QMUXD: WARNING qmi_qmux_if_pwr_up_init failed! rc=-1
E/QMI_FW  ( 1037): QMUXD: WARNING qmi_qmux_if_pwr_up_init failed! rc=-1
E/QMI_FW  ( 1037): QMUXD: WARNING qmi_qmux_if_pwr_up_init failed! rc=-1
E/QMI_FW  ( 1037): QMUXD: WARNING qmi_qmux_if_pwr_up_init failed! rc=-1
E/QMI_FW  ( 1037): QMUXD: WARNING qmi_qmux_if_pwr_up_init failed! rc=-1
E/QMI_FW  ( 1037): QMUXD: WARNING qmi_qmux_if_pwr_up_init failed! rc=-1
E/QMI_FW  ( 1037): QMUXD: WARNING qmi_qmux_if_pwr_up_init failed! rc=-1
E/QMI_FW  ( 1037): QMUXD: WARNING qmi_qmux_if_pwr_up_init failed! rc=-1
D/QC-time-services( 1037): Daemon:rtc_get: Time read from RTC -- MM/DD/YY HH:MM:SS11/3/115 19:49:38
D/QC-time-services( 1037): Daemon:Value read from RTC seconds = 1449172178000
D/QC-time-services( 1037): Daemon:genoff_modem_qmi_init: Initial transaction successfull
D/QC-time-services( 1037): Daemon: Time-services: All initializations done
E/QC-time-services( 1037): Daemon: Time-services: Waiting to acceptconnection
I/UpstartPropertyWatcher(  993): Property changed: ril.qcril_pre_init_lock_held=0
I/UpstartPropertyWatcher(  993): Property changed: ril.qcril_pre_init_lock_held=0
I/UpstartPropertyWatcher(  993): Property changed: ro.ril.svlte1x=false
I/UpstartPropertyWatcher(  993): Property changed: ro.ril.svdo=false
I/UpstartPropertyWatcher(  993): Property changed: persist.radio.eons.enabled=false
I/UpstartPropertyWatcher(  993): Property changed: ril.ecclist=911,*911,#911,112,110,119,120
I/UpstartPropertyWatcher(  993): Property changed: persist.radio.eons.enabled=false
I/UpstartPropertyWatcher(  993): Property changed: ril.ecclist=911,*911,#911,112,110,119,120
I/UpstartPropertyWatcher(  993): Property changed: ril.ecclist1=911,*911,#911,112,110,119,120
I/UpstartPropertyWatcher(  993): Property changed: persist.radio.dont_use_dsd=true
I/UpstartPropertyWatcher(  993): Property changed: persist.radio.dont_use_dsd=true
I/ThermalEngine( 1027): Sensor:batt_temp:39200 mC
I/ThermalEngine( 1027): qmi: Instance id 45 for fusion TS
I/ThermalEngine( 1027): MODEM thermal mitigation available.
I/ThermalEngine( 1027): ACTION: MODEM - Pending request: pa mitigation succeeded for level 0.
I/ThermalEngine( 1027): Mitigation:Modem:0
I/ThermalEngine( 1027): ACTION: MODEM - Pending request: cpuv_restriction_cold mitigation succeeded for level 0.
I/ThermalEngine( 1027): Mitigation:VDD[MODEM-cpuv_restriction_cold]:0
E/QMI_XIAOMI( 1097): qmi_xiaomi: inc async 1
E/QMI_XIAOMI( 1097): qmi_xiaomi: dec sync flag 0
I/wcnss_xiaomi( 1097): Found MAC address: 28:e3:1f:5a:3b:de
E/wcnss_service( 1097): WLAN MAC Addr:28:e3:1f:5a:3b:de
I/wcnss_service( 1097): WLAN MAC Addr:28:e3:1f:5a:3b:de
E/wcnss_service( 1097): CAL file not found
I/ThermalEngine( 1027): Sensor:batt_temp:39100 mC
I/UpstartPropertyWatcher(  993): Property changed: init.svc.ppd=running
I/UpstartPropertyWatcher(  993): Property changed: init.svc.quipc_igsn=running
I/UpstartPropertyWatcher(  993): Property changed: init.svc.quipc_main=running
I/UpstartPropertyWatcher(  993): Property changed: init.svc.xtwifi_inet=running
I/UpstartPropertyWatcher(  993): Property changed: init.svc.gsiff_daemon=running
I/UpstartPropertyWatcher(  993): Property changed: init.svc.quipc_igsn=restarting
I/wcnss_service( 1097): wcnss_read_and_store_cal_data trying to read cal
I/ThermalEngine( 1027): Sensor:tsens_tz_sensor2:90000 mC
I/ThermalEngine( 1027): Sensor:tsens_tz_sensor2:90000 mC
I/ThermalEngine( 1027): Sensor:batt_temp:39200 mC
V/LOWI-SERVER( 1108): [MessageQ_Client] creating client socket
I/LOWI-SERVER( 1108): [MessageQ_Client] connecting to server [/data/misc/location/mq/location-mq-s]
I/LOWI-SERVER( 1108): [MessageQ_Client] connected
V/LOWI-SERVER( 1108): [LOWIController] init
I/ThermalEngine( 1027): Sensor:tsens_tz_sensor2:91000 mC
I/ThermalEngine( 1027): ACTION: CPU - Setting CPU[0] to 1497600
I/ThermalEngine( 1027): ACTION: CPU - Setting CPU[1] to 1497600
I/ThermalEngine( 1027): ACTION: CPU - Setting CPU[2] to 1497600
I/ThermalEngine( 1027): ACTION: CPU - Setting CPU[3] to 1497600
E/QCALOG  ( 1104): [MessageQ] ProcessNewMessage: [NOT_REGISTERED:108] unknown deliver target [OS-Agent]
E/QCALOG  ( 1104): [MessageQ] ProcessNewMessage: [XTWiFi-PE] unknown deliver target [OS-Agent]
E/QCALOG  ( 1104): [MessageQ] ProcessNewMessage: [XTWWAN-PE] unknown deliver target [OS-Agent]
E/QCALOG  ( 1104): [MessageQ] ProcessNewMessage: [XT-CS] unknown deliver target [OS-Agent]
I/ThermalEngine( 1027): Sensor:tsens_tz_sensor2:91000 mC
I/ThermalEngine( 1027): ACTION: CPU - Setting CPU[0] to 1401600
I/ThermalEngine( 1027): ACTION: CPU - Setting CPU[1] to 1401600
I/ThermalEngine( 1027): ACTION: CPU - Setting CPU[2] to 1401600
I/ThermalEngine( 1027): ACTION: CPU - Setting CPU[3] to 1401600
I/UpstartPropertyWatcher(  993): Property changed: init.svc.quipc_main=restarting
I/UpstartPropertyWatcher(  993): Property changed: init.svc.xtwifi_inet=restarting
I/ThermalEngine( 1027): Sensor:tsens_tz_sensor2:90000 mC
I/ThermalEngine( 1027): ACTION: CPU - Setting CPU[0] to 1497600
I/ThermalEngine( 1027): ACTION: CPU - Setting CPU[1] to 1497600
I/ThermalEngine( 1027): ACTION: CPU - Setting CPU[2] to 1497600
I/ThermalEngine( 1027): ACTION: CPU - Setting CPU[3] to 1497600
I/UpstartPropertyWatcher(  993): Property changed: init.svc.gsiff_daemon=restarting
I/UpstartPropertyWatcher(  993): Property changed: init.svc.ppd=restarting
E/libsensor1( 1030): sensor1_open: Error in connect() errno=2 No such file or directory
E/sensor_reg( 1030): sensor_reg_sensor1_open: sensor1_open returned 11
I/ThermalEngine( 1027): Sensor:batt_temp:39200 mC
I/ThermalEngine( 1027): Sensor:tsens_tz_sensor2:90000 mC
I/ThermalEngine( 1027): ACTION: CPU - Setting CPU[0] to 1593600
I/ThermalEngine( 1027): ACTION: CPU - Setting CPU[1] to 1593600
I/ThermalEngine( 1027): ACTION: CPU - Setting CPU[2] to 1593600
I/ThermalEngine( 1027): ACTION: CPU - Setting CPU[3] to 1593600
I/ThermalEngine( 1027): Sensor:tsens_tz_sensor2:91000 mC
I/ThermalEngine( 1027): ACTION: CPU - Setting CPU[0] to 1497600
I/ThermalEngine( 1027): ACTION: CPU - Setting CPU[1] to 1497600
I/ThermalEngine( 1027): ACTION: CPU - Setting CPU[2] to 1497600
I/ThermalEngine( 1027): ACTION: CPU - Setting CPU[3] to 1497600
I/ThermalEngine( 1027): Sensor:tsens_tz_sensor2:91000 mC
I/ThermalEngine( 1027): ACTION: CPU - Setting CPU[0] to 1401600
I/ThermalEngine( 1027): ACTION: CPU - Setting CPU[1] to 1401600
I/ThermalEngine( 1027): ACTION: CPU - Setting CPU[2] to 1401600
I/ThermalEngine( 1027): ACTION: CPU - Setting CPU[3] to 1401600
I/ThermalEngine( 1027): Sensor:tsens_tz_sensor2:91000 mC
I/ThermalEngine( 1027): ACTION: CPU - Setting CPU[0] to 1344000
I/ThermalEngine( 1027): ACTION: CPU - Setting CPU[1] to 1344000
I/ThermalEngine( 1027): ACTION: CPU - Setting CPU[2] to 1344000
I/ThermalEngine( 1027): ACTION: CPU - Setting CPU[3] to 1344000
W/sensor_reg( 1030): sensor_reg_rcv_msg: received RETRY_OPEN
W/sensor_reg( 1030): sensor_reg_rcv_msg: sensor1_open returned 0
I/ThermalEngine( 1027): Sensor:batt_temp:39200 mC
I/ThermalEngine( 1027): Sensor:tsens_tz_sensor2:87000 mC
I/ThermalEngine( 1027): ACTION: CPU - Setting CPU[0] to 1401600
I/ThermalEngine( 1027): ACTION: CPU - Setting CPU[1] to 1401600
I/ThermalEngine( 1027): ACTION: CPU - Setting CPU[2] to 1401600
I/ThermalEngine( 1027): ACTION: CPU - Setting CPU[3] to 1401600
E/Sensors ( 1025): sns_sam.c(3145):Unsupported client request type message id 33
E/qcom_sensors_hal( 1030): hal_process_sam_gravity_resp: Msg 33; Result: 1, Error: 12
E/Sensors ( 1025): sns_sam.c(3145):Unsupported client request type message id 33
E/qcom_sensors_hal( 1030): hal_process_sam_gravity_resp: Msg 33; Result: 1, Error: 12
E/Sensors ( 1025): sns_sam.c(3145):Unsupported client request type message id 33
E/qcom_sensors_hal( 1030): hal_process_sam_rotation_vector_resp: Msg 33; Result: 1, Error: 12
E/Sensors ( 1025): sns_sam.c(3145):Unsupported client request type message id 33
E/qcom_sensors_hal( 1030): hal_process_sam_game_rotation_vector_resp: Msg 33; Result: 1, Error: 12
E/Sensors ( 1025): sns_sam.c(3145):Unsupported client request type message id 33
E/qcom_sensors_hal( 1030): hal_process_sam_orientation_resp: Msg 33; Result: 1, Error: 12
I/SensorService( 1030): LIS3DSH Accelerometer
I/SensorService( 1030): AKM Calibration Lib
I/SensorService( 1030): AK09911 Magnetometer Uncalibrated
I/SensorService( 1030): L3GD20 Gyroscope
I/SensorService( 1030): L3GD20 Gyroscope Uncalibrated
I/SensorService( 1030): APDS-9930/QPDS-T930 Proximity
I/SensorService( 1030): APDS-9930/QPDS-T930 Light
I/SensorService( 1030): Gravity
I/SensorService( 1030): Linear Acceleration
I/SensorService( 1030): Rotation Vector
I/SensorService( 1030): Significant Motion Detector
I/SensorService( 1030): Game Rotation Vector
I/SensorService( 1030): Orientation
D/SensorService( 1030): Max socket buffer size 1048576
D/SensorService( 1030): nuSensorService thread starting...
I/ThermalEngine( 1027): Sensor:tsens_tz_sensor2:87000 mC
I/ThermalEngine( 1027): ACTION: CPU - Setting CPU[0] to 1497600
I/ThermalEngine( 1027): ACTION: CPU - Setting CPU[1] to 1497600
I/ThermalEngine( 1027): ACTION: CPU - Setting CPU[2] to 1497600
I/ThermalEngine( 1027): ACTION: CPU - Setting CPU[3] to 1497600
I/ThermalEngine( 1027): Sensor:tsens_tz_sensor2:89000 mC
I/ThermalEngine( 1027): ACTION: CPU - Setting CPU[0] to 1593600
I/ThermalEngine( 1027): ACTION: CPU - Setting CPU[1] to 1593600
I/ThermalEngine( 1027): ACTION: CPU - Setting CPU[2] to 1593600
I/ThermalEngine( 1027): ACTION: CPU - Setting CPU[3] to 1593600
I/ThermalEngine( 1027): Sensor:tsens_tz_sensor2:91000 mC
I/ThermalEngine( 1027): ACTION: CPU - Setting CPU[0] to 1497600
I/ThermalEngine( 1027): ACTION: CPU - Setting CPU[1] to 1497600
I/ThermalEngine( 1027): ACTION: CPU - Setting CPU[2] to 1497600
I/ThermalEngine( 1027): ACTION: CPU - Setting CPU[3] to 1497600
I/ThermalEngine( 1027): Sensor:batt_temp:39400 mC
I/ThermalEngine( 1027): Sensor:tsens_tz_sensor2:91000 mC
I/ThermalEngine( 1027): ACTION: CPU - Setting CPU[0] to 1401600
I/ThermalEngine( 1027): ACTION: CPU - Setting CPU[1] to 1401600
I/ThermalEngine( 1027): ACTION: CPU - Setting CPU[2] to 1401600
I/ThermalEngine( 1027): ACTION: CPU - Setting CPU[3] to 1401600
I/ThermalEngine( 1027): Sensor:tsens_tz_sensor2:91000 mC
I/ThermalEngine( 1027): ACTION: CPU - Setting CPU[0] to 1344000
I/ThermalEngine( 1027): ACTION: CPU - Setting CPU[1] to 1344000
I/ThermalEngine( 1027): ACTION: CPU - Setting CPU[2] to 1344000
I/ThermalEngine( 1027): ACTION: CPU - Setting CPU[3] to 1344000
I/ThermalEngine( 1027): Sensor:tsens_tz_sensor2:91000 mC
I/ThermalEngine( 1027): ACTION: CPU - Setting CPU[0] to 1305600
I/ThermalEngine( 1027): ACTION: CPU - Setting CPU[1] to 1305600
I/ThermalEngine( 1027): ACTION: CPU - Setting CPU[2] to 1305600
I/ThermalEngine( 1027): ACTION: CPU - Setting CPU[3] to 1305600
I/ThermalEngine( 1027): Sensor:tsens_tz_sensor2:87000 mC
I/ThermalEngine( 1027): ACTION: CPU - Setting CPU[0] to 1344000
I/ThermalEngine( 1027): ACTION: CPU - Setting CPU[1] to 1344000
I/ThermalEngine( 1027): ACTION: CPU - Setting CPU[2] to 1344000
I/ThermalEngine( 1027): ACTION: CPU - Setting CPU[3] to 1344000
I/ThermalEngine( 1027): Sensor:batt_temp:39200 mC
I/ThermalEngine( 1027): Sensor:tsens_tz_sensor2:84000 mC
I/ThermalEngine( 1027): ACTION: CPU - Setting CPU[0] to 1401600
I/ThermalEngine( 1027): ACTION: CPU - Setting CPU[1] to 1401600
I/ThermalEngine( 1027): ACTION: CPU - Setting CPU[2] to 1401600
I/ThermalEngine( 1027): ACTION: CPU - Setting CPU[3] to 1401600
I/ThermalEngine( 1027): Sensor:tsens_tz_sensor2:88000 mC
I/ThermalEngine( 1027): ACTION: CPU - Setting CPU[0] to 1497600
I/ThermalEngine( 1027): ACTION: CPU - Setting CPU[1] to 1497600
I/ThermalEngine( 1027): ACTION: CPU - Setting CPU[2] to 1497600
I/ThermalEngine( 1027): ACTION: CPU - Setting CPU[3] to 1497600
I/ThermalEngine( 1027): Sensor:tsens_tz_sensor2:90000 mC
I/ThermalEngine( 1027): ACTION: CPU - Setting CPU[0] to 1593600
I/ThermalEngine( 1027): ACTION: CPU - Setting CPU[1] to 1593600
I/ThermalEngine( 1027): ACTION: CPU - Setting CPU[2] to 1593600
I/ThermalEngine( 1027): ACTION: CPU - Setting CPU[3] to 1593600
I/ThermalEngine( 1027): Sensor:tsens_tz_sensor2:90000 mC
I/ThermalEngine( 1027): Sensor:batt_temp:39400 mC
I/ThermalEngine( 1027): Sensor:tsens_tz_sensor2:91000 mC
I/ThermalEngine( 1027): ACTION: CPU - Setting CPU[0] to 1497600
I/ThermalEngine( 1027): ACTION: CPU - Setting CPU[1] to 1497600
I/ThermalEngine( 1027): ACTION: CPU - Setting CPU[2] to 1497600
I/ThermalEngine( 1027): ACTION: CPU - Setting CPU[3] to 1497600
I/UpstartPropertyWatcher(  993): Property changed: init.svc.ppd=running
I/UpstartPropertyWatcher(  993): Property changed: init.svc.gsiff_daemon=running
I/UpstartPropertyWatcher(  993): Property changed: init.svc.quipc_igsn=running
I/UpstartPropertyWatcher(  993): Property changed: init.svc.quipc_main=running
I/UpstartPropertyWatcher(  993): Property changed: init.svc.xtwifi_inet=running
I/UpstartPropertyWatcher(  993): Property changed: init.svc.quipc_igsn=restarting
I/UpstartPropertyWatcher(  993): Property changed: init.svc.xtwifi_inet=restarting
I/UpstartPropertyWatcher(  993): Property changed: init.svc.gsiff_daemon=restarting
I/ThermalEngine( 1027): Sensor:tsens_tz_sensor2:92000 mC
I/ThermalEngine( 1027): ACTION: CPU - Setting CPU[0] to 1401600
I/ThermalEngine( 1027): ACTION: CPU - Setting CPU[1] to 1401600
I/ThermalEngine( 1027): ACTION: CPU - Setting CPU[2] to 1401600
I/ThermalEngine( 1027): ACTION: CPU - Setting CPU[3] to 1401600
E/QCALOG  ( 1104): [MessageQ] ProcessNewMessage: [XTWiFi-PE] unknown deliver target [OS-Agent]
E/QCALOG  ( 1104): [MessageQ] ProcessNewMessage: [XTWWAN-PE] unknown deliver target [OS-Agent]
E/QCALOG  ( 1104): [MessageQ] ProcessNewMessage: [XT-CS] unknown deliver target [OS-Agent]
I/UpstartPropertyWatcher(  993): Property changed: init.svc.ppd=restarting
I/UpstartPropertyWatcher(  993): Property changed: init.svc.quipc_main=restarting
I/ThermalEngine( 1027): Sensor:tsens_tz_sensor2:92000 mC
I/ThermalEngine( 1027): ACTION: CPU - Setting CPU[0] to 1344000
