I/UpstartPropertyWatcher(  980): Property changed: init.svc.xtwifi_inet=restarting
I/UpstartPropertyWatcher(  980): Property changed: init.svc.quipc_igsn=restarting
D/libEGL  ( 2539): loaded /vendor/lib/egl/libEGL_adreno.so
D/libEGL  ( 2539): loaded /vendor/lib/egl/libGLESv1_CM_adreno.so
D/libEGL  ( 2539): loaded /vendor/lib/egl/libGLESv2_adreno.so
I/UpstartPropertyWatcher(  980): Property changed: init.svc.gsiff_daemon=restarting
I/UpstartPropertyWatcher(  980): Property changed: init.svc.quipc_main=restarting
I/UpstartPropertyWatcher(  980): Property changed: init.svc.ppd=restarting
I/ThermalEngine( 1024): Sensor:tsens_tz_sensor2:73000 mC
I/ThermalEngine( 1024): Sensor:tsens_tz_sensor5:73000 mC
I/ThermalEngine( 1024): Sensor:batt_temp:41500 mC
I/ThermalEngine( 1024): Sensor:tsens_tz_sensor2:76000 mC
I/ThermalEngine( 1024): Sensor:tsens_tz_sensor5:75000 mC
I/ThermalEngine( 1024): Sensor:tsens_tz_sensor2:76000 mC
I/ThermalEngine( 1024): Sensor:tsens_tz_sensor5:75000 mC
I/ThermalEngine( 1024): Sensor:tsens_tz_sensor2:77000 mC
I/ThermalEngine( 1024): Sensor:tsens_tz_sensor5:75000 mC
I/ThermalEngine( 1024): Sensor:tsens_tz_sensor2:77000 mC
I/ThermalEngine( 1024): Sensor:tsens_tz_sensor5:75000 mC
I/ThermalEngine( 1024): Sensor:batt_temp:41400 mC
I/ThermalEngine( 1024): Sensor:tsens_tz_sensor2:77000 mC
I/ThermalEngine( 1024): Sensor:tsens_tz_sensor5:75000 mC
I/ThermalEngine( 1024): Sensor:tsens_tz_sensor2:75000 mC
I/ThermalEngine( 1024): Sensor:tsens_tz_sensor5:74000 mC
I/ThermalEngine( 1024): Sensor:tsens_tz_sensor2:74000 mC
I/ThermalEngine( 1024): Sensor:tsens_tz_sensor5:73000 mC
E/QCALOG  ( 1055): [MessageQ] ProcessNewMessage: [XT-CS] unknown deliver target [OS-Agent]
E/QCALOG  ( 1055): [MessageQ] ProcessNewMessage: [XTWWAN-PE] unknown deliver target [OS-Agent]
E/QCALOG  ( 1055): [MessageQ] ProcessNewMessage: [XTWiFi-PE] unknown deliver target [OS-Agent]
D/libEGL  ( 2550): loaded /vendor/lib/egl/libEGL_adreno.so
D/libEGL  ( 2550): loaded /vendor/lib/egl/libGLESv1_CM_adreno.so
D/libEGL  ( 2550): loaded /vendor/lib/egl/libGLESv2_adreno.so
I/ThermalEngine( 1024): Sensor:tsens_tz_sensor2:74000 mC
I/ThermalEngine( 1024): Sensor:tsens_tz_sensor5:74000 mC
I/ThermalEngine( 1024): Sensor:batt_temp:41500 mC
I/ThermalEngine( 1024): Sensor:tsens_tz_sensor2:75000 mC
I/ThermalEngine( 1024): Sensor:tsens_tz_sensor5:76000 mC
I/ThermalEngine( 1024): Sensor:tsens_tz_sensor2:75000 mC
I/ThermalEngine( 1024): Sensor:tsens_tz_sensor5:76000 mC
I/ThermalEngine( 1024): Sensor:tsens_tz_sensor2:76000 mC
I/ThermalEngine( 1024): Sensor:tsens_tz_sensor5:77000 mC
I/ThermalEngine( 1024): Sensor:tsens_tz_sensor2:76000 mC
I/ThermalEngine( 1024): Sensor:tsens_tz_sensor5:77000 mC
I/ThermalEngine( 1024): Sensor:batt_temp:41500 mC
I/ThermalEngine( 1024): Sensor:tsens_tz_sensor2:76000 mC
I/ThermalEngine( 1024): Sensor:tsens_tz_sensor5:75000 mC
I/ThermalEngine( 1024): Sensor:tsens_tz_sensor2:74000 mC
I/ThermalEngine( 1024): Sensor:tsens_tz_sensor5:74000 mC
I/ThermalEngine( 1024): Sensor:tsens_tz_sensor2:74000 mC
I/ThermalEngine( 1024): Sensor:tsens_tz_sensor5:74000 mC
D/libEGL  ( 2556): loaded /vendor/lib/egl/libEGL_adreno.so
D/libEGL  ( 2556): loaded /vendor/lib/egl/libGLESv1_CM_adreno.so
D/libEGL  ( 2556): loaded /vendor/lib/egl/libGLESv2_adreno.so
I/ThermalEngine( 1024): Sensor:tsens_tz_sensor2:73000 mC
I/ThermalEngine( 1024): Sensor:tsens_tz_sensor5:73000 mC
I/ThermalEngine( 1024): Sensor:batt_temp:41500 mC
I/ThermalEngine( 1024): Sensor:tsens_tz_sensor2:75000 mC
I/ThermalEngine( 1024): Sensor:tsens_tz_sensor5:76000 mC
I/ThermalEngine( 1024): Sensor:tsens_tz_sensor2:75000 mC
I/ThermalEngine( 1024): Sensor:tsens_tz_sensor5:77000 mC
I/ThermalEngine( 1024): Sensor:tsens_tz_sensor2:76000 mC
I/ThermalEngine( 1024): Sensor:tsens_tz_sensor5:77000 mC
I/ThermalEngine( 1024): Sensor:tsens_tz_sensor2:76000 mC
I/ThermalEngine( 1024): Sensor:tsens_tz_sensor5:77000 mC
I/UpstartPropertyWatcher(  980): Property changed: init.svc.ppd=running
I/UpstartPropertyWatcher(  980): Property changed: init.svc.gsiff_daemon=running
I/UpstartPropertyWatcher(  980): Property changed: init.svc.quipc_igsn=running
I/UpstartPropertyWatcher(  980): Property changed: init.svc.quipc_main=running
I/UpstartPropertyWatcher(  980): Property changed: init.svc.xtwifi_inet=running
I/UpstartPropertyWatcher(  980): Property changed: init.svc.xtwifi_inet=restarting
I/UpstartPropertyWatcher(  980): Property changed: init.svc.quipc_igsn=restarting
I/UpstartPropertyWatcher(  980): Property changed: init.svc.gsiff_daemon=restarting
I/UpstartPropertyWatcher(  980): Property changed: init.svc.ppd=restarting
I/UpstartPropertyWatcher(  980): Property changed: init.svc.quipc_main=restarting
I/ThermalEngine( 1024): Sensor:batt_temp:41500 mC
I/ThermalEngine( 1024): Sensor:tsens_tz_sensor2:79000 mC
I/ThermalEngine( 1024): Sensor:tsens_tz_sensor5:78000 mC
I/ThermalEngine( 1024): Sensor:tsens_tz_sensor2:75000 mC
I/ThermalEngine( 1024): Sensor:tsens_tz_sensor5:74000 mC
I/ThermalEngine( 1024): Sensor:tsens_tz_sensor2:74000 mC
I/ThermalEngine( 1024): Sensor:tsens_tz_sensor5:74000 mC
I/ThermalEngine( 1024): Sensor:tsens_tz_sensor2:74000 mC
I/ThermalEngine( 1024): Sensor:tsens_tz_sensor5:75000 mC
D/libEGL  ( 2567): loaded /vendor/lib/egl/libEGL_adreno.so
D/libEGL  ( 2567): loaded /vendor/lib/egl/libGLESv1_CM_adreno.so
D/libEGL  ( 2567): loaded /vendor/lib/egl/libGLESv2_adreno.so
I/ThermalEngine( 1024): Sensor:batt_temp:41500 mC
I/ThermalEngine( 1024): Sensor:tsens_tz_sensor2:74000 mC
I/ThermalEngine( 1024): Sensor:tsens_tz_sensor5:75000 mC
I/ThermalEngine( 1024): Sensor:tsens_tz_sensor2:79000 mC
I/ThermalEngine( 1024): Sensor:tsens_tz_sensor5:75000 mC
I/ThermalEngine( 1024): Sensor:tsens_tz_sensor2:80000 mC
I/ThermalEngine( 1024): Sensor:tsens_tz_sensor5:75000 mC
E/QCALOG  ( 1055): [MessageQ] ProcessNewMessage: [XT-CS] unknown deliver target [OS-Agent]
E/QCALOG  ( 1055): [MessageQ] ProcessNewMessage: [XTWWAN-PE] unknown deliver target [OS-Agent]
E/QCALOG  ( 1055): [MessageQ] ProcessNewMessage: [XTWiFi-PE] unknown deliver target [OS-Agent]
I/ThermalEngine( 1024): Sensor:tsens_tz_sensor2:80000 mC
I/ThermalEngine( 1024): Sensor:tsens_tz_sensor5:75000 mC
I/ThermalEngine( 1024): Sensor:batt_temp:41500 mC
I/ThermalEngine( 1024): Sensor:tsens_tz_sensor2:76000 mC
I/ThermalEngine( 1024): Sensor:tsens_tz_sensor5:75000 mC
I/ThermalEngine( 1024): Sensor:tsens_tz_sensor2:76000 mC
I/ThermalEngine( 1024): Sensor:tsens_tz_sensor5:75000 mC
I/ThermalEngine( 1024): Sensor:tsens_tz_sensor2:74000 mC
I/ThermalEngine( 1024): Sensor:tsens_tz_sensor5:74000 mC
I/ThermalEngine( 1024): Sensor:tsens_tz_sensor2:73000 mC
I/ThermalEngine( 1024): Sensor:tsens_tz_sensor5:73000 mC
D/libEGL  ( 2573): loaded /vendor/lib/egl/libEGL_adreno.so
D/libEGL  ( 2573): loaded /vendor/lib/egl/libGLESv1_CM_adreno.so
D/libEGL  ( 2573): loaded /vendor/lib/egl/libGLESv2_adreno.so
I/ThermalEngine( 1024): Sensor:batt_temp:41500 mC
I/ThermalEngine( 1024): Sensor:tsens_tz_sensor2:75000 mC
I/ThermalEngine( 1024): Sensor:tsens_tz_sensor5:76000 mC
I/ThermalEngine( 1024): Sensor:tsens_tz_sensor2:76000 mC
I/ThermalEngine( 1024): Sensor:tsens_tz_sensor5:77000 mC
I/ThermalEngine( 1024): Sensor:tsens_tz_sensor2:76000 mC
I/ThermalEngine( 1024): Sensor:tsens_tz_sensor5:77000 mC
I/ThermalEngine( 1024): Sensor:tsens_tz_sensor2:76000 mC
I/ThermalEngine( 1024): Sensor:tsens_tz_sensor5:77000 mC
I/ThermalEngine( 1024): Sensor:batt_temp:41500 mC
I/ThermalEngine( 1024): Sensor:tsens_tz_sensor2:76000 mC
I/ThermalEngine( 1024): Sensor:tsens_tz_sensor5:77000 mC
I/ThermalEngine( 1024): Sensor:tsens_tz_sensor2:74000 mC
I/ThermalEngine( 1024): Sensor:tsens_tz_sensor5:74000 mC
I/ThermalEngine( 1024): Sensor:tsens_tz_sensor2:73000 mC
I/ThermalEngine( 1024): Sensor:tsens_tz_sensor5:73000 mC
I/ThermalEngine( 1024): Sensor:tsens_tz_sensor2:73000 mC
I/ThermalEngine( 1024): Sensor:tsens_tz_sensor5:73000 mC
I/UpstartPropertyWatcher(  980): Property changed: init.svc.ppd=running
I/UpstartPropertyWatcher(  980): Property changed: init.svc.quipc_igsn=running
I/UpstartPropertyWatcher(  980): Property changed: init.svc.gsiff_daemon=running
I/UpstartPropertyWatcher(  980): Property changed: init.svc.quipc_main=running
I/UpstartPropertyWatcher(  980): Property changed: init.svc.xtwifi_inet=running
D/libEGL  ( 2579): loaded /vendor/lib/egl/libEGL_adreno.so
I/UpstartPropertyWatcher(  980): Property changed: init.svc.quipc_igsn=restarting
I/UpstartPropertyWatcher(  980): Property changed: init.svc.xtwifi_inet=restarting
D/libEGL  ( 2579): loaded /vendor/lib/egl/libGLESv1_CM_adreno.so
D/libEGL  ( 2579): loaded /vendor/lib/egl/libGLESv2_adreno.so
I/UpstartPropertyWatcher(  980): Property changed: init.svc.ppd=restarting
I/UpstartPropertyWatcher(  980): Property changed: init.svc.quipc_main=restarting
I/UpstartPropertyWatcher(  980): Property changed: init.svc.gsiff_daemon=restarting
I/ThermalEngine( 1024): Sensor:batt_temp:41600 mC
I/ThermalEngine( 1024): Sensor:tsens_tz_sensor2:78000 mC
I/ThermalEngine( 1024): Sensor:tsens_tz_sensor5:74000 mC
I/ThermalEngine( 1024): Sensor:tsens_tz_sensor2:76000 mC
I/ThermalEngine( 1024): Sensor:tsens_tz_sensor5:77000 mC
I/ThermalEngine( 1024): Sensor:tsens_tz_sensor2:76000 mC
I/ThermalEngine( 1024): Sensor:tsens_tz_sensor5:77000 mC
I/ThermalEngine( 1024): Sensor:tsens_tz_sensor2:76000 mC
I/ThermalEngine( 1024): Sensor:tsens_tz_sensor5:77000 mC
I/ThermalEngine( 1024): Sensor:batt_temp:41500 mC
I/ThermalEngine( 1024): Sensor:tsens_tz_sensor2:76000 mC
I/ThermalEngine( 1024): Sensor:tsens_tz_sensor5:77000 mC
I/ThermalEngine( 1024): Sensor:tsens_tz_sensor2:75000 mC
I/ThermalEngine( 1024): Sensor:tsens_tz_sensor5:75000 mC
I/ThermalEngine( 1024): Sensor:tsens_tz_sensor2:74000 mC
I/ThermalEngine( 1024): Sensor:tsens_tz_sensor5:74000 mC
E/QCALOG  ( 1055): [MessageQ] ProcessNewMessage: [XT-CS] unknown deliver target [OS-Agent]
E/QCALOG  ( 1055): [MessageQ] ProcessNewMessage: [XTWWAN-PE] unknown deliver target [OS-Agent]
E/QCALOG  ( 1055): [MessageQ] ProcessNewMessage: [XTWiFi-PE] unknown deliver target [OS-Agent]
I/ThermalEngine( 1024): Sensor:tsens_tz_sensor2:73000 mC
I/ThermalEngine( 1024): Sensor:tsens_tz_sensor5:73000 mC
D/libEGL  ( 2590): loaded /vendor/lib/egl/libEGL_adreno.so
D/libEGL  ( 2590): loaded /vendor/lib/egl/libGLESv1_CM_adreno.so
D/libEGL  ( 2590): loaded /vendor/lib/egl/libGLESv2_adreno.so
I/ThermalEngine( 1024): Sensor:batt_temp:41500 mC
I/ThermalEngine( 1024): Sensor:tsens_tz_sensor2:76000 mC
I/ThermalEngine( 1024): Sensor:tsens_tz_sensor5:74000 mC
I/ThermalEngine( 1024): Sensor:tsens_tz_sensor2:76000 mC
I/ThermalEngine( 1024): Sensor:tsens_tz_sensor5:74000 mC
I/ThermalEngine( 1024): Sensor:tsens_tz_sensor2:76000 mC
I/ThermalEngine( 1024): Sensor:tsens_tz_sensor5:75000 mC
I/ThermalEngine( 1024): Sensor:tsens_tz_sensor2:77000 mC
I/ThermalEngine( 1024): Sensor:tsens_tz_sensor5:75000 mC
I/ThermalEngine( 1024): Sensor:batt_temp:41500 mC
I/ThermalEngine( 1024): Sensor:tsens_tz_sensor2:77000 mC
I/ThermalEngine( 1024): Sensor:tsens_tz_sensor5:76000 mC
I/ThermalEngine( 1024): Sensor:tsens_tz_sensor2:74000 mC
I/ThermalEngine( 1024): Sensor:tsens_tz_sensor5:74000 mC
I/ThermalEngine( 1024): Sensor:tsens_tz_sensor2:74000 mC
I/ThermalEngine( 1024): Sensor:tsens_tz_sensor5:74000 mC
I/ThermalEngine( 1024): Sensor:tsens_tz_sensor2:74000 mC
I/ThermalEngine( 1024): Sensor:tsens_tz_sensor5:73000 mC
D/libEGL  ( 2596): loaded /vendor/lib/egl/libEGL_adreno.so
D/libEGL  ( 2596): loaded /vendor/lib/egl/libGLESv1_CM_adreno.so
D/libEGL  ( 2596): loaded /vendor/lib/egl/libGLESv2_adreno.so
I/ThermalEngine( 1024): Sensor:batt_temp:41600 mC
I/ThermalEngine( 1024): Sensor:tsens_tz_sensor2:74000 mC
I/ThermalEngine( 1024): Sensor:tsens_tz_sensor5:75000 mC
I/ThermalEngine( 1024): Sensor:tsens_tz_sensor2:75000 mC
I/ThermalEngine( 1024): Sensor:tsens_tz_sensor5:76000 mC
I/ThermalEngine( 1024): Sensor:tsens_tz_sensor2:75000 mC
I/ThermalEngine( 1024): Sensor:tsens_tz_sensor5:76000 mC
I/ThermalEngine( 1024): Sensor:tsens_tz_sensor2:75000 mC
I/ThermalEngine( 1024): Sensor:tsens_tz_sensor5:76000 mC
I/UpstartPropertyWatcher(  980): Property changed: init.svc.ppd=running
I/UpstartPropertyWatcher(  980): Property changed: init.svc.gsiff_daemon=running
I/UpstartPropertyWatcher(  980): Property changed: init.svc.quipc_igsn=running
I/UpstartPropertyWatcher(  980): Property changed: init.svc.quipc_main=running
I/UpstartPropertyWatcher(  980): Property changed: init.svc.xtwifi_inet=running
I/UpstartPropertyWatcher(  980): Property changed: init.svc.quipc_igsn=restarting
I/UpstartPropertyWatcher(  980): Property changed: init.svc.ppd=restarting
I/UpstartPropertyWatcher(  980): Property changed: init.svc.xtwifi_inet=restarting
I/UpstartPropertyWatcher(  980): Property changed: init.svc.gsiff_daemon=restarting
I/UpstartPropertyWatcher(  980): Property changed: init.svc.quipc_main=restarting
I/ThermalEngine( 1024): Sensor:batt_temp:41600 mC
I/ThermalEngine( 1024): Sensor:tsens_tz_sensor2:75000 mC
I/ThermalEngine( 1024): Sensor:tsens_tz_sensor5:76000 mC
I/ThermalEngine( 1024): Sensor:tsens_tz_sensor2:75000 mC
I/ThermalEngine( 1024): Sensor:tsens_tz_sensor5:75000 mC
I/ThermalEngine( 1024): Sensor:tsens_tz_sensor2:74000 mC
I/ThermalEngine( 1024): Sensor:tsens_tz_sensor5:74000 mC
I/ThermalEngine( 1024): Sensor:tsens_tz_sensor2:73000 mC
I/ThermalEngine( 1024): Sensor:tsens_tz_sensor5:73000 mC
D/libEGL  ( 2607): loaded /vendor/lib/egl/libEGL_adreno.so
D/libEGL  ( 2607): loaded /vendor/lib/egl/libGLESv1_CM_adreno.so
D/libEGL  ( 2607): loaded /vendor/lib/egl/libGLESv2_adreno.so
I/ThermalEngine( 1024): Sensor:batt_temp:41600 mC
I/ThermalEngine( 1024): Sensor:tsens_tz_sensor2:73000 mC
I/ThermalEngine( 1024): Sensor:tsens_tz_sensor5:73000 mC
I/ThermalEngine( 1024): Sensor:tsens_tz_sensor2:79000 mC
I/ThermalEngine( 1024): Sensor:tsens_tz_sensor5:74000 mC
I/ThermalEngine( 1024): Sensor:tsens_tz_sensor2:80000 mC
I/ThermalEngine( 1024): Sensor:tsens_tz_sensor5:75000 mC
E/QCALOG  ( 1055): [MessageQ] ProcessNewMessage: [XT-CS] unknown deliver target [OS-Agent]
E/QCALOG  ( 1055): [MessageQ] ProcessNewMessage: [XTWWAN-PE] unknown deliver target [OS-Agent]
E/QCALOG  ( 1055): [MessageQ] ProcessNewMessage: [XTWiFi-PE] unknown deliver target [OS-Agent]
I/ThermalEngine( 1024): Sensor:tsens_tz_sensor2:81000 mC
I/ThermalEngine( 1024): Sensor:tsens_tz_sensor5:75000 mC
I/ThermalEngine( 1024): Sensor:batt_temp:41600 mC
I/ThermalEngine( 1024): Sensor:tsens_tz_sensor2:77000 mC
I/ThermalEngine( 1024): Sensor:tsens_tz_sensor5:77000 mC
I/ThermalEngine( 1024): Sensor:tsens_tz_sensor2:77000 mC
I/ThermalEngine( 1024): Sensor:tsens_tz_sensor5:77000 mC
I/ThermalEngine( 1024): Sensor:tsens_tz_sensor2:74000 mC
I/ThermalEngine( 1024): Sensor:tsens_tz_sensor5:74000 mC
I/ThermalEngine( 1024): Sensor:tsens_tz_sensor2:74000 mC
I/ThermalEngine( 1024): Sensor:tsens_tz_sensor5:74000 mC
D/libEGL  ( 2613): loaded /vendor/lib/egl/libEGL_adreno.so
D/libEGL  ( 2613): loaded /vendor/lib/egl/libGLESv1_CM_adreno.so
D/libEGL  ( 2613): loaded /vendor/lib/egl/libGLESv2_adreno.so
I/ThermalEngine( 1024): Sensor:batt_temp:41600 mC
I/ThermalEngine( 1024): Sensor:tsens_tz_sensor2:75000 mC
I/ThermalEngine( 1024): Sensor:tsens_tz_sensor5:74000 mC
I/ThermalEngine( 1024): Sensor:tsens_tz_sensor2:76000 mC
I/ThermalEngine( 1024): Sensor:tsens_tz_sensor5:75000 mC
I/ThermalEngine( 1024): Sensor:tsens_tz_sensor2:76000 mC
I/ThermalEngine( 1024): Sensor:tsens_tz_sensor5:75000 mC
I/ThermalEngine( 1024): Sensor:tsens_tz_sensor2:77000 mC
I/ThermalEngine( 1024): Sensor:tsens_tz_sensor5:75000 mC
I/ThermalEngine( 1024): Sensor:batt_temp:41600 mC
I/ThermalEngine( 1024): Sensor:tsens_tz_sensor2:77000 mC
I/ThermalEngine( 1024): Sensor:tsens_tz_sensor5:75000 mC
I/ThermalEngine( 1024): Sensor:tsens_tz_sensor2:75000 mC
I/ThermalEngine( 1024): Sensor:tsens_tz_sensor5:74000 mC
I/ThermalEngine( 1024): Sensor:tsens_tz_sensor2:74000 mC
I/ThermalEngine( 1024): Sensor:tsens_tz_sensor5:74000 mC
I/ThermalEngine( 1024): Sensor:tsens_tz_sensor2:74000 mC
I/ThermalEngine( 1024): Sensor:tsens_tz_sensor5:74000 mC
I/UpstartPropertyWatcher(  980): Property changed: init.svc.ppd=running
I/UpstartPropertyWatcher(  980): Property changed: init.svc.gsiff_daemon=running
I/UpstartPropertyWatcher(  980): Property changed: init.svc.quipc_igsn=running
I/UpstartPropertyWatcher(  980): Property changed: init.svc.quipc_main=running
I/UpstartPropertyWatcher(  980): Property changed: init.svc.xtwifi_inet=running
D/libEGL  ( 2619): loaded /vendor/lib/egl/libEGL_adreno.so
D/libEGL  ( 2619): loaded /vendor/lib/egl/libGLESv1_CM_adreno.so
D/libEGL  ( 2619): loaded /vendor/lib/egl/libGLESv2_adreno.so
I/UpstartPropertyWatcher(  980): Property changed: init.svc.quipc_igsn=restarting
I/UpstartPropertyWatcher(  980): Property changed: init.svc.ppd=restarting
E/QCALOG  ( 1055): [MessageQ] ProcessNewMessage: [LOWI-SERVER] unknown deliver target [OS-Agent]
I/UpstartPropertyWatcher(  980): Property changed: init.svc.xtwifi_inet=restarting
I/UpstartPropertyWatcher(  980): Property changed: init.svc.gsiff_daemon=restarting
I/UpstartPropertyWatcher(  980): Property changed: init.svc.quipc_main=restarting
I/ThermalEngine( 1024): Sensor:batt_temp:41600 mC
I/ThermalEngine( 1024): Sensor:tsens_tz_sensor2:73000 mC
I/ThermalEngine( 1024): Sensor:tsens_tz_sensor5:74000 mC
I/ThermalEngine( 1024): Sensor:tsens_tz_sensor2:76000 mC
I/ThermalEngine( 1024): Sensor:tsens_tz_sensor5:75000 mC
I/ThermalEngine( 1024): Sensor:tsens_tz_sensor2:77000 mC
I/ThermalEngine( 1024): Sensor:tsens_tz_sensor5:75000 mC
I/ThermalEngine( 1024): Sensor:tsens_tz_sensor2:77000 mC
I/ThermalEngine( 1024): Sensor:tsens_tz_sensor5:75000 mC
I/ThermalEngine( 1024): Sensor:batt_temp:41600 mC
I/ThermalEngine( 1024): Sensor:tsens_tz_sensor2:77000 mC
I/ThermalEngine( 1024): Sensor:tsens_tz_sensor5:75000 mC
I/ThermalEngine( 1024): Sensor:tsens_tz_sensor2:77000 mC
I/ThermalEngine( 1024): Sensor:tsens_tz_sensor5:76000 mC
I/ThermalEngine( 1024): Sensor:tsens_tz_sensor2:74000 mC
I/ThermalEngine( 1024): Sensor:tsens_tz_sensor5:74000 mC
E/QCALOG  ( 1055): [MessageQ] ProcessNewMessage: [XT-CS] unknown deliver target [OS-Agent]
E/QCALOG  ( 1055): [MessageQ] ProcessNewMessage: [XTWiFi-PE] unknown deliver target [OS-Agent]
E/QCALOG  ( 1055): [MessageQ] ProcessNewMessage: [XTWWAN-PE] unknown deliver target [OS-Agent]
I/ThermalEngine( 1024): Sensor:tsens_tz_sensor2:74000 mC
I/ThermalEngine( 1024): Sensor:tsens_tz_sensor5:74000 mC
D/libEGL  ( 2630): loaded /vendor/lib/egl/libEGL_adreno.so
D/libEGL  ( 2630): loaded /vendor/lib/egl/libGLESv1_CM_adreno.so
D/libEGL  ( 2630): loaded /vendor/lib/egl/libGLESv2_adreno.so
I/ThermalEngine( 1024): Sensor:batt_temp:41600 mC
I/ThermalEngine( 1024): Sensor:tsens_tz_sensor2:74000 mC
I/ThermalEngine( 1024): Sensor:tsens_tz_sensor5:74000 mC
I/ThermalEngine( 1024): Sensor:tsens_tz_sensor2:76000 mC
I/ThermalEngine( 1024): Sensor:tsens_tz_sensor5:76000 mC
I/ThermalEngine( 1024): Sensor:tsens_tz_sensor2:76000 mC
I/ThermalEngine( 1024): Sensor:tsens_tz_sensor5:77000 mC
I/ThermalEngine( 1024): Sensor:tsens_tz_sensor2:76000 mC
I/ThermalEngine( 1024): Sensor:tsens_tz_sensor5:77000 mC
I/ThermalEngine( 1024): Sensor:batt_temp:41600 mC
I/ThermalEngine( 1024): Sensor:tsens_tz_sensor2:76000 mC
I/ThermalEngine( 1024): Sensor:tsens_tz_sensor5:77000 mC
I/ThermalEngine( 1024): Sensor:tsens_tz_sensor2:76000 mC
I/ThermalEngine( 1024): Sensor:tsens_tz_sensor5:77000 mC
I/ThermalEngine( 1024): Sensor:tsens_tz_sensor2:75000 mC
I/ThermalEngine( 1024): Sensor:tsens_tz_sensor5:75000 mC
I/ThermalEngine( 1024): Sensor:tsens_tz_sensor2:74000 mC
I/ThermalEngine( 1024): Sensor:tsens_tz_sensor5:74000 mC
D/libEGL  ( 2636): loaded /vendor/lib/egl/libEGL_adreno.so
D/libEGL  ( 2636): loaded /vendor/lib/egl/libGLESv1_CM_adreno.so
D/libEGL  ( 2636): loaded /vendor/lib/egl/libGLESv2_adreno.so
I/ThermalEngine( 1024): Sensor:batt_temp:41600 mC
I/ThermalEngine( 1024): Sensor:tsens_tz_sensor2:76000 mC
I/ThermalEngine( 1024): Sensor:tsens_tz_sensor5:74000 mC
I/ThermalEngine( 1024): Sensor:tsens_tz_sensor2:80000 mC
I/ThermalEngine( 1024): Sensor:tsens_tz_sensor5:75000 mC
I/ThermalEngine( 1024): Sensor:tsens_tz_sensor2:80000 mC
I/ThermalEngine( 1024): Sensor:tsens_tz_sensor5:75000 mC
I/ThermalEngine( 1024): Sensor:tsens_tz_sensor2:80000 mC
I/ThermalEngine( 1024): Sensor:tsens_tz_sensor5:75000 mC
I/UpstartPropertyWatcher(  980): Property changed: init.svc.ppd=running
I/UpstartPropertyWatcher(  980): Property changed: init.svc.gsiff_daemon=running
I/ThermalEngine( 1024): Sensor:batt_temp:41800 mC
I/UpstartPropertyWatcher(  980): Property changed: init.svc.quipc_igsn=running
I/UpstartPropertyWatcher(  980): Property changed: init.svc.quipc_main=running
I/UpstartPropertyWatcher(  980): Property changed: init.svc.xtwifi_inet=running
I/UpstartPropertyWatcher(  980): Property changed: init.svc.ppd=restarting
I/ThermalEngine( 1024): Sensor:tsens_tz_sensor2:81000 mC
I/ThermalEngine( 1024): Sensor:tsens_tz_sensor5:75000 mC
I/UpstartPropertyWatcher(  980): Property changed: init.svc.gsiff_daemon=restarting
I/UpstartPropertyWatcher(  980): Property changed: init.svc.quipc_igsn=restarting
I/UpstartPropertyWatcher(  980): Property changed: init.svc.xtwifi_inet=restarting
I/UpstartPropertyWatcher(  980): Property changed: init.svc.quipc_main=restarting
I/ThermalEngine( 1024): Sensor:tsens_tz_sensor2:78000 mC
I/ThermalEngine( 1024): Sensor:tsens_tz_sensor5:76000 mC
I/ThermalEngine( 1024): Sensor:tsens_tz_sensor2:75000 mC
I/ThermalEngine( 1024): Sensor:tsens_tz_sensor5:74000 mC
I/ThermalEngine( 1024): Sensor:tsens_tz_sensor2:75000 mC
I/ThermalEngine( 1024): Sensor:tsens_tz_sensor5:74000 mC
D/libEGL  ( 2648): loaded /vendor/lib/egl/libEGL_adreno.so
D/libEGL  ( 2648): loaded /vendor/lib/egl/libGLESv1_CM_adreno.so
D/libEGL  ( 2648): loaded /vendor/lib/egl/libGLESv2_adreno.so
I/ThermalEngine( 1024): Sensor:batt_temp:41600 mC
I/ThermalEngine( 1024): Sensor:tsens_tz_sensor2:74000 mC
I/ThermalEngine( 1024): Sensor:tsens_tz_sensor5:74000 mC
I/ThermalEngine( 1024): Sensor:tsens_tz_sensor2:76000 mC
I/ThermalEngine( 1024): Sensor:tsens_tz_sensor5:76000 mC
I/ThermalEngine( 1024): Sensor:tsens_tz_sensor2:76000 mC
I/ThermalEngine( 1024): Sensor:tsens_tz_sensor5:77000 mC
E/QCALOG  ( 1055): [MessageQ] ProcessNewMessage: [XT-CS] unknown deliver target [OS-Agent]
E/QCALOG  ( 1055): [MessageQ] ProcessNewMessage: [XTWWAN-PE] unknown deliver target [OS-Agent]
E/QCALOG  ( 1055): [MessageQ] ProcessNewMessage: [XTWiFi-PE] unknown deliver target [OS-Agent]
I/ThermalEngine( 1024): Sensor:tsens_tz_sensor2:76000 mC
I/ThermalEngine( 1024): Sensor:tsens_tz_sensor5:77000 mC
I/ThermalEngine( 1024): Sensor:tsens_tz_sensor2:76000 mC
I/ThermalEngine( 1024): Sensor:tsens_tz_sensor5:77000 mC
I/ThermalEngine( 1024): Sensor:batt_temp:41600 mC
I/ThermalEngine( 1024): Sensor:tsens_tz_sensor2:76000 mC
I/ThermalEngine( 1024): Sensor:tsens_tz_sensor5:78000 mC
I/ThermalEngine( 1024): Sensor:tsens_tz_sensor2:75000 mC
I/ThermalEngine( 1024): Sensor:tsens_tz_sensor5:75000 mC
I/ThermalEngine( 1024): Sensor:tsens_tz_sensor2:74000 mC
I/ThermalEngine( 1024): Sensor:tsens_tz_sensor5:74000 mC
I/ThermalEngine( 1024): Sensor:tsens_tz_sensor2:75000 mC
I/ThermalEngine( 1024): Sensor:tsens_tz_sensor5:75000 mC
D/libEGL  ( 2654): loaded /vendor/lib/egl/libEGL_adreno.so
D/libEGL  ( 2654): loaded /vendor/lib/egl/libGLESv1_CM_adreno.so
I/ThermalEngine( 1024): Sensor:batt_temp:41600 mC
D/libEGL  ( 2654): loaded /vendor/lib/egl/libGLESv2_adreno.so
I/ThermalEngine( 1024): Sensor:tsens_tz_sensor2:75000 mC
I/ThermalEngine( 1024): Sensor:tsens_tz_sensor5:75000 mC
I/ThermalEngine( 1024): Sensor:tsens_tz_sensor2:76000 mC
I/ThermalEngine( 1024): Sensor:tsens_tz_sensor5:75000 mC
I/ThermalEngine( 1024): Sensor:tsens_tz_sensor2:77000 mC
I/ThermalEngine( 1024): Sensor:tsens_tz_sensor5:75000 mC
I/ThermalEngine( 1024): Sensor:tsens_tz_sensor2:77000 mC
I/ThermalEngine( 1024): Sensor:tsens_tz_sensor5:75000 mC
I/ThermalEngine( 1024): Sensor:batt_temp:41600 mC
I/ThermalEngine( 1024): Sensor:tsens_tz_sensor2:76000 mC
I/ThermalEngine( 1024): Sensor:tsens_tz_sensor5:75000 mC
I/ThermalEngine( 1024): Sensor:tsens_tz_sensor2:76000 mC
I/ThermalEngine( 1024): Sensor:tsens_tz_sensor5:75000 mC
I/ThermalEngine( 1024): Sensor:tsens_tz_sensor2:74000 mC
I/ThermalEngine( 1024): Sensor:tsens_tz_sensor5:74000 mC
I/ThermalEngine( 1024): Sensor:tsens_tz_sensor2:74000 mC
I/ThermalEngine( 1024): Sensor:tsens_tz_sensor5:74000 mC
I/ThermalEngine( 1024): Sensor:batt_temp:41600 mC
I/UpstartPropertyWatcher(  980): Property changed: init.svc.ppd=running
I/UpstartPropertyWatcher(  980): Property changed: init.svc.gsiff_daemon=running
I/UpstartPropertyWatcher(  980): Property changed: init.svc.quipc_igsn=running
I/UpstartPropertyWatcher(  980): Property changed: init.svc.quipc_main=running
I/UpstartPropertyWatcher(  980): Property changed: init.svc.xtwifi_inet=running
D/libEGL  ( 2660): loaded /vendor/lib/egl/libEGL_adreno.so
D/libEGL  ( 2660): loaded /vendor/lib/egl/libGLESv1_CM_adreno.so
I/UpstartPropertyWatcher(  980): Property changed: init.svc.quipc_igsn=restarting
D/libEGL  ( 2660): loaded /vendor/lib/egl/libGLESv2_adreno.so
I/UpstartPropertyWatcher(  980): Property changed: init.svc.xtwifi_inet=restarting
I/UpstartPropertyWatcher(  980): Property changed: init.svc.gsiff_daemon=restarting
I/UpstartPropertyWatcher(  980): Property changed: init.svc.quipc_main=restarting
I/UpstartPropertyWatcher(  980): Property changed: init.svc.ppd=restarting
I/ThermalEngine( 1024): Sensor:tsens_tz_sensor2:76000 mC
I/ThermalEngine( 1024): Sensor:tsens_tz_sensor5:75000 mC
I/ThermalEngine( 1024): Sensor:tsens_tz_sensor2:77000 mC
I/ThermalEngine( 1024): Sensor:tsens_tz_sensor5:75000 mC
I/ThermalEngine( 1024): Sensor:tsens_tz_sensor2:77000 mC
I/ThermalEngine( 1024): Sensor:tsens_tz_sensor5:75000 mC
I/ThermalEngine( 1024): Sensor:tsens_tz_sensor2:77000 mC
I/ThermalEngine( 1024): Sensor:tsens_tz_sensor5:75000 mC
I/ThermalEngine( 1024): Sensor:batt_temp:41700 mC
I/ThermalEngine( 1024): Sensor:tsens_tz_sensor2:77000 mC
I/ThermalEngine( 1024): Sensor:tsens_tz_sensor5:75000 mC
I/ThermalEngine( 1024): Sensor:tsens_tz_sensor2:75000 mC
I/ThermalEngine( 1024): Sensor:tsens_tz_sensor5:75000 mC
E/QCALOG  ( 1055): [MessageQ] ProcessNewMessage: [XT-CS] unknown deliver target [OS-Agent]
E/QCALOG  ( 1055): [MessageQ] ProcessNewMessage: [XTWWAN-PE] unknown deliver target [OS-Agent]
E/QCALOG  ( 1055): [MessageQ] ProcessNewMessage: [XTWiFi-PE] unknown deliver target [OS-Agent]
I/ThermalEngine( 1024): Sensor:tsens_tz_sensor2:74000 mC
I/ThermalEngine( 1024): Sensor:tsens_tz_sensor5:74000 mC
I/ThermalEngine( 1024): Sensor:tsens_tz_sensor2:74000 mC
I/ThermalEngine( 1024): Sensor:tsens_tz_sensor5:74000 mC
I/ThermalEngine( 1024): Sensor:batt_temp:41600 mC
D/libEGL  ( 2671): loaded /vendor/lib/egl/libEGL_adreno.so
D/libEGL  ( 2671): loaded /vendor/lib/egl/libGLESv1_CM_adreno.so
D/libEGL  ( 2671): loaded /vendor/lib/egl/libGLESv2_adreno.so
I/ThermalEngine( 1024): Sensor:tsens_tz_sensor2:75000 mC
I/ThermalEngine( 1024): Sensor:tsens_tz_sensor5:74000 mC
I/ThermalEngine( 1024): Sensor:tsens_tz_sensor2:75000 mC
I/ThermalEngine( 1024): Sensor:tsens_tz_sensor5:76000 mC
I/ThermalEngine( 1024): Sensor:tsens_tz_sensor2:76000 mC
I/ThermalEngine( 1024): Sensor:tsens_tz_sensor5:77000 mC
I/ThermalEngine( 1024): Sensor:tsens_tz_sensor2:76000 mC
I/ThermalEngine( 1024): Sensor:tsens_tz_sensor5:77000 mC
I/ThermalEngine( 1024): Sensor:batt_temp:41700 mC
I/ThermalEngine( 1024): Sensor:tsens_tz_sensor2:76000 mC
I/ThermalEngine( 1024): Sensor:tsens_tz_sensor5:77000 mC
I/ThermalEngine( 1024): Sensor:tsens_tz_sensor2:76000 mC
I/ThermalEngine( 1024): Sensor:tsens_tz_sensor5:75000 mC
I/ThermalEngine( 1024): Sensor:tsens_tz_sensor2:74000 mC
I/ThermalEngine( 1024): Sensor:tsens_tz_sensor5:74000 mC
I/ThermalEngine( 1024): Sensor:tsens_tz_sensor2:74000 mC
I/ThermalEngine( 1024): Sensor:tsens_tz_sensor5:74000 mC
I/ThermalEngine( 1024): Sensor:batt_temp:41700 mC
D/libEGL  ( 2677): loaded /vendor/lib/egl/libEGL_adreno.so
D/libEGL  ( 2677): loaded /vendor/lib/egl/libGLESv1_CM_adreno.so
D/libEGL  ( 2677): loaded /vendor/lib/egl/libGLESv2_adreno.so
I/ThermalEngine( 1024): Sensor:tsens_tz_sensor2:75000 mC
I/ThermalEngine( 1024): Sensor:tsens_tz_sensor5:76000 mC
I/ThermalEngine( 1024): Sensor:tsens_tz_sensor2:75000 mC
I/ThermalEngine( 1024): Sensor:tsens_tz_sensor5:76000 mC
I/ThermalEngine( 1024): Sensor:tsens_tz_sensor2:75000 mC
I/ThermalEngine( 1024): Sensor:tsens_tz_sensor5:76000 mC
I/ThermalEngine( 1024): Sensor:tsens_tz_sensor2:76000 mC
I/ThermalEngine( 1024): Sensor:tsens_tz_sensor5:77000 mC
I/ThermalEngine( 1024): Sensor:batt_temp:41700 mC
I/UpstartPropertyWatcher(  980): Property changed: init.svc.ppd=running
I/UpstartPropertyWatcher(  980): Property changed: init.svc.gsiff_daemon=running
I/UpstartPropertyWatcher(  980): Property changed: init.svc.quipc_igsn=running
I/UpstartPropertyWatcher(  980): Property changed: init.svc.quipc_main=running
I/UpstartPropertyWatcher(  980): Property changed: init.svc.xtwifi_inet=running
I/UpstartPropertyWatcher(  980): Property changed: init.svc.quipc_igsn=restarting
I/UpstartPropertyWatcher(  980): Property changed: init.svc.quipc_main=restarting
I/UpstartPropertyWatcher(  980): Property changed: init.svc.xtwifi_inet=restarting
I/UpstartPropertyWatcher(  980): Property changed: init.svc.gsiff_daemon=restarting
I/UpstartPropertyWatcher(  980): Property changed: init.svc.ppd=restarting
I/ThermalEngine( 1024): Sensor:tsens_tz_sensor2:78000 mC
I/ThermalEngine( 1024): Sensor:tsens_tz_sensor5:77000 mC
I/ThermalEngine( 1024): Sensor:tsens_tz_sensor2:75000 mC
I/ThermalEngine( 1024): Sensor:tsens_tz_sensor5:75000 mC
I/ThermalEngine( 1024): Sensor:tsens_tz_sensor2:75000 mC
I/ThermalEngine( 1024): Sensor:tsens_tz_sensor5:75000 mC
I/ThermalEngine( 1024): Sensor:tsens_tz_sensor2:74000 mC
I/ThermalEngine( 1024): Sensor:tsens_tz_sensor5:74000 mC
I/ThermalEngine( 1024): Sensor:batt_temp:41700 mC
D/libEGL  ( 2690): loaded /vendor/lib/egl/libEGL_adreno.so
D/libEGL  ( 2690): loaded /vendor/lib/egl/libGLESv1_CM_adreno.so
D/libEGL  ( 2690): loaded /vendor/lib/egl/libGLESv2_adreno.so
I/ThermalEngine( 1024): Sensor:tsens_tz_sensor2:79000 mC
I/ThermalEngine( 1024): Sensor:tsens_tz_sensor5:75000 mC
I/ThermalEngine( 1024): Sensor:tsens_tz_sensor2:76000 mC
I/ThermalEngine( 1024): Sensor:tsens_tz_sensor5:77000 mC
E/QCALOG  ( 1055): [MessageQ] ProcessNewMessage: [XT-CS] unknown deliver target [OS-Agent]
E/QCALOG  ( 1055): [MessageQ] ProcessNewMessage: [XTWWAN-PE] unknown deliver target [OS-Agent]
E/QCALOG  ( 1055): [MessageQ] ProcessNewMessage: [XTWiFi-PE] unknown deliver target [OS-Agent]
I/ThermalEngine( 1024): Sensor:tsens_tz_sensor2:76000 mC
I/ThermalEngine( 1024): Sensor:tsens_tz_sensor5:78000 mC
I/ThermalEngine( 1024): Sensor:tsens_tz_sensor2:76000 mC
I/ThermalEngine( 1024): Sensor:tsens_tz_sensor5:78000 mC
I/ThermalEngine( 1024): Sensor:batt_temp:41700 mC
I/ThermalEngine( 1024): Sensor:tsens_tz_sensor2:77000 mC
I/ThermalEngine( 1024): Sensor:tsens_tz_sensor5:78000 mC
I/ThermalEngine( 1024): Sensor:tsens_tz_sensor2:76000 mC
I/ThermalEngine( 1024): Sensor:tsens_tz_sensor5:75000 mC
I/ThermalEngine( 1024): Sensor:tsens_tz_sensor2:75000 mC
I/ThermalEngine( 1024): Sensor:tsens_tz_sensor5:75000 mC
I/ThermalEngine( 1024): Sensor:tsens_tz_sensor2:74000 mC
I/ThermalEngine( 1024): Sensor:tsens_tz_sensor5:74000 mC
I/ThermalEngine( 1024): Sensor:batt_temp:41800 mC
D/libEGL  ( 2696): loaded /vendor/lib/egl/libEGL_adreno.so
D/libEGL  ( 2696): loaded /vendor/lib/egl/libGLESv1_CM_adreno.so
D/libEGL  ( 2696): loaded /vendor/lib/egl/libGLESv2_adreno.so
I/ThermalEngine( 1024): Sensor:tsens_tz_sensor2:74000 mC
I/ThermalEngine( 1024): Sensor:tsens_tz_sensor5:74000 mC
I/ThermalEngine( 1024): Sensor:tsens_tz_sensor2:77000 mC
I/ThermalEngine( 1024): Sensor:tsens_tz_sensor5:75000 mC
I/ThermalEngine( 1024): Sensor:tsens_tz_sensor2:77000 mC
I/ThermalEngine( 1024): Sensor:tsens_tz_sensor5:76000 mC
I/ThermalEngine( 1024): Sensor:tsens_tz_sensor2:78000 mC
I/ThermalEngine( 1024): Sensor:tsens_tz_sensor5:77000 mC
I/ThermalEngine( 1024): Sensor:batt_temp:41800 mC
I/ThermalEngine( 1024): Sensor:tsens_tz_sensor2:79000 mC
I/ThermalEngine( 1024): Sensor:tsens_tz_sensor5:78000 mC
I/ThermalEngine( 1024): Sensor:tsens_tz_sensor2:79000 mC
I/ThermalEngine( 1024): Sensor:tsens_tz_sensor5:78000 mC
I/ThermalEngine( 1024): Sensor:tsens_tz_sensor2:76000 mC
I/ThermalEngine( 1024): Sensor:tsens_tz_sensor5:76000 mC
I/ThermalEngine( 1024): Sensor:tsens_tz_sensor2:76000 mC
I/ThermalEngine( 1024): Sensor:tsens_tz_sensor5:76000 mC
I/ThermalEngine( 1024): Sensor:batt_temp:41800 mC
I/UpstartPropertyWatcher(  980): Property changed: init.svc.ppd=running
I/UpstartPropertyWatcher(  980): Property changed: init.svc.gsiff_daemon=running
I/UpstartPropertyWatcher(  980): Property changed: init.svc.quipc_igsn=running
I/UpstartPropertyWatcher(  980): Property changed: init.svc.quipc_main=running
I/UpstartPropertyWatcher(  980): Property changed: init.svc.xtwifi_inet=running
I/UpstartPropertyWatcher(  980): Property changed: init.svc.quipc_igsn=restarting
I/UpstartPropertyWatcher(  980): Property changed: init.svc.xtwifi_inet=restarting
I/UpstartPropertyWatcher(  980): Property changed: init.svc.gsiff_daemon=restarting
I/UpstartPropertyWatcher(  980): Property changed: init.svc.ppd=restarting
D/libEGL  ( 2702): loaded /vendor/lib/egl/libEGL_adreno.so
D/libEGL  ( 2702): loaded /vendor/lib/egl/libGLESv1_CM_adreno.so
I/UpstartPropertyWatcher(  980): Property changed: init.svc.quipc_main=restarting
D/libEGL  ( 2702): loaded /vendor/lib/egl/libGLESv2_adreno.so
I/ThermalEngine( 1024): Sensor:tsens_tz_sensor2:80000 mC
I/ThermalEngine( 1024): Sensor:tsens_tz_sensor5:78000 mC
I/ThermalEngine( 1024): Sensor:tsens_tz_sensor2:78000 mC
I/ThermalEngine( 1024): Sensor:tsens_tz_sensor5:76000 mC
I/ThermalEngine( 1024): Sensor:tsens_tz_sensor2:78000 mC
I/ThermalEngine( 1024): Sensor:tsens_tz_sensor5:76000 mC
I/ThermalEngine( 1024): Sensor:tsens_tz_sensor2:78000 mC
I/ThermalEngine( 1024): Sensor:tsens_tz_sensor5:76000 mC
I/ThermalEngine( 1024): Sensor:batt_temp:41800 mC
I/ThermalEngine( 1024): Sensor:tsens_tz_sensor2:78000 mC
I/ThermalEngine( 1024): Sensor:tsens_tz_sensor5:77000 mC
I/ThermalEngine( 1024): Sensor:tsens_tz_sensor2:77000 mC
I/ThermalEngine( 1024): Sensor:tsens_tz_sensor5:76000 mC
E/QCALOG  ( 1055): [MessageQ] ProcessNewMessage: [XT-CS] unknown deliver target [OS-Agent]
E/QCALOG  ( 1055): [MessageQ] ProcessNewMessage: [XTWWAN-PE] unknown deliver target [OS-Agent]
E/QCALOG  ( 1055): [MessageQ] ProcessNewMessage: [XTWiFi-PE] unknown deliver target [OS-Agent]
I/ThermalEngine( 1024): Sensor:tsens_tz_sensor2:75000 mC
I/ThermalEngine( 1024): Sensor:tsens_tz_sensor5:75000 mC
I/ThermalEngine( 1024): Sensor:tsens_tz_sensor2:75000 mC
I/ThermalEngine( 1024): Sensor:tsens_tz_sensor5:75000 mC
I/ThermalEngine( 1024): Sensor:batt_temp:41700 mC
D/libEGL  ( 2715): loaded /vendor/lib/egl/libEGL_adreno.so
D/libEGL  ( 2715): loaded /vendor/lib/egl/libGLESv1_CM_adreno.so
D/libEGL  ( 2715): loaded /vendor/lib/egl/libGLESv2_adreno.so
I/ThermalEngine( 1024): Sensor:tsens_tz_sensor2:75000 mC
I/ThermalEngine( 1024): Sensor:tsens_tz_sensor5:74000 mC
I/ThermalEngine( 1024): Sensor:tsens_tz_sensor2:81000 mC
I/ThermalEngine( 1024): Sensor:tsens_tz_sensor5:76000 mC
I/ThermalEngine( 1024): Sensor:tsens_tz_sensor2:81000 mC
I/ThermalEngine( 1024): Sensor:tsens_tz_sensor5:76000 mC
I/ThermalEngine( 1024): Sensor:tsens_tz_sensor2:82000 mC
I/ThermalEngine( 1024): Sensor:tsens_tz_sensor5:76000 mC
I/ThermalEngine( 1024): Sensor:batt_temp:41800 mC
I/ThermalEngine( 1024): Sensor:tsens_tz_sensor2:82000 mC
I/ThermalEngine( 1024): Sensor:tsens_tz_sensor5:76000 mC
I/ThermalEngine( 1024): Sensor:tsens_tz_sensor2:78000 mC
I/ThermalEngine( 1024): Sensor:tsens_tz_sensor5:77000 mC
I/ThermalEngine( 1024): Sensor:tsens_tz_sensor2:75000 mC
I/ThermalEngine( 1024): Sensor:tsens_tz_sensor5:75000 mC
I/ThermalEngine( 1024): Sensor:tsens_tz_sensor2:76000 mC
I/ThermalEngine( 1024): Sensor:tsens_tz_sensor5:75000 mC
I/ThermalEngine( 1024): Sensor:batt_temp:41800 mC
D/libEGL  ( 2724): loaded /vendor/lib/egl/libEGL_adreno.so
D/libEGL  ( 2724): loaded /vendor/lib/egl/libGLESv1_CM_adreno.so
D/libEGL  ( 2724): loaded /vendor/lib/egl/libGLESv2_adreno.so
I/ThermalEngine( 1024): Sensor:tsens_tz_sensor2:80000 mC
I/ThermalEngine( 1024): Sensor:tsens_tz_sensor5:78000 mC
I/ThermalEngine( 1024): Sensor:tsens_tz_sensor2:80000 mC
I/ThermalEngine( 1024): Sensor:tsens_tz_sensor5:78000 mC
I/ThermalEngine( 1024): Sensor:tsens_tz_sensor2:80000 mC
I/ThermalEngine( 1024): Sensor:tsens_tz_sensor5:79000 mC
I/ThermalEngine( 1024): Sensor:tsens_tz_sensor2:78000 mC
I/ThermalEngine( 1024): Sensor:tsens_tz_sensor5:79000 mC
I/ThermalEngine( 1024): Sensor:batt_temp:41800 mC
I/UpstartPropertyWatcher(  980): Property changed: init.svc.ppd=running
I/UpstartPropertyWatcher(  980): Property changed: init.svc.gsiff_daemon=running
I/UpstartPropertyWatcher(  980): Property changed: init.svc.quipc_igsn=running
I/UpstartPropertyWatcher(  980): Property changed: init.svc.quipc_main=running
I/UpstartPropertyWatcher(  980): Property changed: init.svc.xtwifi_inet=running
I/UpstartPropertyWatcher(  980): Property changed: init.svc.quipc_igsn=restarting
I/UpstartPropertyWatcher(  980): Property changed: init.svc.xtwifi_inet=restarting
I/UpstartPropertyWatcher(  980): Property changed: init.svc.ppd=restarting
I/UpstartPropertyWatcher(  980): Property changed: init.svc.gsiff_daemon=restarting
I/UpstartPropertyWatcher(  980): Property changed: init.svc.quipc_main=restarting
I/ThermalEngine( 1024): Sensor:tsens_tz_sensor2:78000 mC
I/ThermalEngine( 1024): Sensor:tsens_tz_sensor5:78000 mC
I/ThermalEngine( 1024): Sensor:tsens_tz_sensor2:77000 mC
I/ThermalEngine( 1024): Sensor:tsens_tz_sensor5:77000 mC
I/ThermalEngine( 1024): Sensor:tsens_tz_sensor2:77000 mC
I/ThermalEngine( 1024): Sensor:tsens_tz_sensor5:77000 mC
I/ThermalEngine( 1024): Sensor:tsens_tz_sensor2:76000 mC
I/ThermalEngine( 1024): Sensor:tsens_tz_sensor5:75000 mC
I/ThermalEngine( 1024): Sensor:batt_temp:41800 mC
D/libEGL  ( 2735): loaded /vendor/lib/egl/libEGL_adreno.so
D/libEGL  ( 2735): loaded /vendor/lib/egl/libGLESv1_CM_adreno.so
D/libEGL  ( 2735): loaded /vendor/lib/egl/libGLESv2_adreno.so
I/ThermalEngine( 1024): Sensor:tsens_tz_sensor2:76000 mC
I/ThermalEngine( 1024): Sensor:tsens_tz_sensor5:76000 mC
I/ThermalEngine( 1024): Sensor:tsens_tz_sensor2:77000 mC
I/ThermalEngine( 1024): Sensor:tsens_tz_sensor5:78000 mC
E/QCALOG  ( 1055): [MessageQ] ProcessNewMessage: [XT-CS] unknown deliver target [OS-Agent]
E/QCALOG  ( 1055): [MessageQ] ProcessNewMessage: [XTWWAN-PE] unknown deliver target [OS-Agent]
E/QCALOG  ( 1055): [MessageQ] ProcessNewMessage: [XTWiFi-PE] unknown deliver target [OS-Agent]
I/ThermalEngine( 1024): Sensor:tsens_tz_sensor2:77000 mC
I/ThermalEngine( 1024): Sensor:tsens_tz_sensor5:78000 mC
I/ThermalEngine( 1024): Sensor:tsens_tz_sensor2:77000 mC
I/ThermalEngine( 1024): Sensor:tsens_tz_sensor5:78000 mC
I/ThermalEngine( 1024): Sensor:batt_temp:41800 mC
I/ThermalEngine( 1024): Sensor:tsens_tz_sensor2:78000 mC
I/ThermalEngine( 1024): Sensor:tsens_tz_sensor5:79000 mC
I/ThermalEngine( 1024): Sensor:tsens_tz_sensor2:78000 mC
I/ThermalEngine( 1024): Sensor:tsens_tz_sensor5:78000 mC
I/ThermalEngine( 1024): Sensor:tsens_tz_sensor2:76000 mC
I/ThermalEngine( 1024): Sensor:tsens_tz_sensor5:75000 mC
I/ThermalEngine( 1024): Sensor:tsens_tz_sensor2:76000 mC
I/ThermalEngine( 1024): Sensor:tsens_tz_sensor5:75000 mC
I/ThermalEngine( 1024): Sensor:batt_temp:41800 mC
D/libEGL  ( 2741): loaded /vendor/lib/egl/libEGL_adreno.so
D/libEGL  ( 2741): loaded /vendor/lib/egl/libGLESv1_CM_adreno.so
D/libEGL  ( 2741): loaded /vendor/lib/egl/libGLESv2_adreno.so
I/ThermalEngine( 1024): Sensor:tsens_tz_sensor2:75000 mC
I/ThermalEngine( 1024): Sensor:tsens_tz_sensor5:75000 mC
I/ThermalEngine( 1024): Sensor:tsens_tz_sensor2:77000 mC
I/ThermalEngine( 1024): Sensor:tsens_tz_sensor5:75000 mC
I/ThermalEngine( 1024): Sensor:tsens_tz_sensor2:78000 mC
I/ThermalEngine( 1024): Sensor:tsens_tz_sensor5:76000 mC
I/ThermalEngine( 1024): Sensor:tsens_tz_sensor2:78000 mC
I/ThermalEngine( 1024): Sensor:tsens_tz_sensor5:76000 mC
I/ThermalEngine( 1024): Sensor:batt_temp:41800 mC
I/ThermalEngine( 1024): Sensor:tsens_tz_sensor2:78000 mC
I/ThermalEngine( 1024): Sensor:tsens_tz_sensor5:76000 mC
I/UpstartPropertyWatcher(  980): Property changed: init.svc.ppd=running
I/UpstartPropertyWatcher(  980): Property changed: init.svc.gsiff_daemon=running
I/UpstartPropertyWatcher(  980): Property changed: init.svc.quipc_igsn=running
I/UpstartPropertyWatcher(  980): Property changed: init.svc.quipc_main=running
I/UpstartPropertyWatcher(  980): Property changed: init.svc.xtwifi_inet=running
I/UpstartPropertyWatcher(  980): Property changed: init.svc.ppd=restarting
I/UpstartPropertyWatcher(  980): Property changed: init.svc.xtwifi_inet=restarting
I/UpstartPropertyWatcher(  980): Property changed: init.svc.quipc_igsn=restarting
I/UpstartPropertyWatcher(  980): Property changed: init.svc.gsiff_daemon=restarting
I/UpstartPropertyWatcher(  980): Property changed: init.svc.quipc_main=restarting
I/ThermalEngine( 1024): Sensor:tsens_tz_sensor2:78000 mC
I/ThermalEngine( 1024): Sensor:tsens_tz_sensor5:77000 mC
I/ThermalEngine( 1024): Sensor:tsens_tz_sensor2:76000 mC
I/ThermalEngine( 1024): Sensor:tsens_tz_sensor5:76000 mC
I/ThermalEngine( 1024): Sensor:tsens_tz_sensor2:75000 mC
I/ThermalEngine( 1024): Sensor:tsens_tz_sensor5:75000 mC
I/ThermalEngine( 1024): Sensor:batt_temp:41800 mC
I/ThermalEngine( 1024): Sensor:tsens_tz_sensor2:76000 mC
I/ThermalEngine( 1024): Sensor:tsens_tz_sensor5:76000 mC
D/libEGL  ( 2752): loaded /vendor/lib/egl/libEGL_adreno.so
D/libEGL  ( 2752): loaded /vendor/lib/egl/libGLESv1_CM_adreno.so
D/libEGL  ( 2752): loaded /vendor/lib/egl/libGLESv2_adreno.so
I/ThermalEngine( 1024): Sensor:tsens_tz_sensor2:76000 mC
I/ThermalEngine( 1024): Sensor:tsens_tz_sensor5:76000 mC
I/ThermalEngine( 1024): Sensor:tsens_tz_sensor2:76000 mC
I/ThermalEngine( 1024): Sensor:tsens_tz_sensor5:77000 mC
I/ThermalEngine( 1024): Sensor:tsens_tz_sensor2:76000 mC
I/ThermalEngine( 1024): Sensor:tsens_tz_sensor5:77000 mC
I/ThermalEngine( 1024): Sensor:batt_temp:41800 mC
I/ThermalEngine( 1024): Sensor:tsens_tz_sensor2:77000 mC
I/ThermalEngine( 1024): Sensor:tsens_tz_sensor5:78000 mC
I/ThermalEngine( 1024): Sensor:tsens_tz_sensor2:78000 mC
I/ThermalEngine( 1024): Sensor:tsens_tz_sensor5:76000 mC
E/QCALOG  ( 1055): [MessageQ] ProcessNewMessage: [XT-CS] unknown deliver target [OS-Agent]
E/QCALOG  ( 1055): [MessageQ] ProcessNewMessage: [XTWWAN-PE] unknown deliver target [OS-Agent]
E/QCALOG  ( 1055): [MessageQ] ProcessNewMessage: [XTWiFi-PE] unknown deliver target [OS-Agent]
I/ThermalEngine( 1024): Sensor:tsens_tz_sensor2:78000 mC
I/ThermalEngine( 1024): Sensor:tsens_tz_sensor5:76000 mC
I/ThermalEngine( 1024): Sensor:tsens_tz_sensor2:75000 mC
I/ThermalEngine( 1024): Sensor:tsens_tz_sensor5:75000 mC
I/ThermalEngine( 1024): Sensor:batt_temp:41800 mC
I/ThermalEngine( 1024): Sensor:tsens_tz_sensor2:75000 mC
I/ThermalEngine( 1024): Sensor:tsens_tz_sensor5:74000 mC
D/libEGL  ( 2758): loaded /vendor/lib/egl/libEGL_adreno.so
D/libEGL  ( 2758): loaded /vendor/lib/egl/libGLESv1_CM_adreno.so
D/libEGL  ( 2758): loaded /vendor/lib/egl/libGLESv2_adreno.so
I/ThermalEngine( 1024): Sensor:tsens_tz_sensor2:80000 mC
I/ThermalEngine( 1024): Sensor:tsens_tz_sensor5:75000 mC
I/ThermalEngine( 1024): Sensor:tsens_tz_sensor2:81000 mC
I/ThermalEngine( 1024): Sensor:tsens_tz_sensor5:76000 mC
I/ThermalEngine( 1024): Sensor:tsens_tz_sensor2:81000 mC
I/ThermalEngine( 1024): Sensor:tsens_tz_sensor5:76000 mC
I/ThermalEngine( 1024): Sensor:batt_temp:41900 mC
I/ThermalEngine( 1024): Sensor:tsens_tz_sensor2:82000 mC
I/ThermalEngine( 1024): Sensor:tsens_tz_sensor5:76000 mC
I/ThermalEngine( 1024): Sensor:tsens_tz_sensor2:82000 mC
I/ThermalEngine( 1024): Sensor:tsens_tz_sensor5:76000 mC
I/ThermalEngine( 1024): Sensor:tsens_tz_sensor2:76000 mC
I/ThermalEngine( 1024): Sensor:tsens_tz_sensor5:75000 mC
I/ThermalEngine( 1024): Sensor:tsens_tz_sensor2:75000 mC
I/ThermalEngine( 1024): Sensor:tsens_tz_sensor5:75000 mC
