I/ThermalEngine( 1033): Sensor:batt_temp:39600 mC
I/ThermalEngine( 1033): Sensor:tsens_tz_sensor2:80000 mC
I/ThermalEngine( 1033): Sensor:tsens_tz_sensor2:80000 mC
I/ThermalEngine( 1033): Sensor:tsens_tz_sensor2:80000 mC
I/ThermalEngine( 1033): Sensor:tsens_tz_sensor2:78000 mC
I/ThermalEngine( 1033): Sensor:batt_temp:39600 mC
I/ThermalEngine( 1033): Sensor:tsens_tz_sensor2:79000 mC
I/ThermalEngine( 1033): Sensor:tsens_tz_sensor2:79000 mC
I/ThermalEngine( 1033): Sensor:tsens_tz_sensor2:78000 mC
I/ThermalEngine( 1033): Sensor:tsens_tz_sensor2:74000 mC
I/ThermalEngine( 1033): Sensor:batt_temp:39600 mC
I/ThermalEngine( 1033): Sensor:tsens_tz_sensor2:76000 mC
I/ThermalEngine( 1033): Sensor:tsens_tz_sensor2:77000 mC
I/ThermalEngine( 1033): Sensor:tsens_tz_sensor2:77000 mC
I/ThermalEngine( 1033): Sensor:tsens_tz_sensor2:77000 mC
I/ThermalEngine( 1033): Sensor:batt_temp:39600 mC
I/UpstartPropertyWatcher(  988): Property changed: init.svc.ppd=running
I/UpstartPropertyWatcher(  988): Property changed: init.svc.gsiff_daemon=running
I/UpstartPropertyWatcher(  988): Property changed: init.svc.gsiff_daemon=restarting
I/UpstartPropertyWatcher(  988): Property changed: init.svc.ppd=restarting
I/ThermalEngine( 1033): Sensor:tsens_tz_sensor2:77000 mC
I/ThermalEngine( 1033): Sensor:tsens_tz_sensor2:77000 mC
I/ThermalEngine( 1033): Sensor:tsens_tz_sensor2:76000 mC
I/ThermalEngine( 1033): Sensor:tsens_tz_sensor2:76000 mC
E/QCALOG  ( 1122): [MessageQ] ProcessNewMessage: [XTWiFi-PE] unknown deliver target [OS-Agent]
E/QCALOG  ( 1122): [MessageQ] ProcessNewMessage: [XTWWAN-PE] unknown deliver target [OS-Agent]
E/QCALOG  ( 1122): [MessageQ] ProcessNewMessage: [XT-CS] unknown deliver target [OS-Agent]
I/ThermalEngine( 1033): Sensor:batt_temp:39600 mC
I/UpstartPropertyWatcher(  988): Property changed: init.svc.quipc_igsn=running
I/UpstartPropertyWatcher(  988): Property changed: init.svc.quipc_main=running
I/UpstartPropertyWatcher(  988): Property changed: init.svc.xtwifi_inet=running
I/UpstartPropertyWatcher(  988): Property changed: init.svc.quipc_igsn=restarting
I/UpstartPropertyWatcher(  988): Property changed: init.svc.xtwifi_inet=restarting
I/UpstartPropertyWatcher(  988): Property changed: init.svc.quipc_main=restarting
I/ThermalEngine( 1033): Sensor:tsens_tz_sensor2:80000 mC
I/ThermalEngine( 1033): Sensor:tsens_tz_sensor2:81000 mC
I/ThermalEngine( 1033): Sensor:tsens_tz_sensor2:77000 mC
I/ThermalEngine( 1033): Sensor:tsens_tz_sensor2:80000 mC
I/ThermalEngine( 1033): Sensor:batt_temp:39600 mC
I/ThermalEngine( 1033): Sensor:tsens_tz_sensor2:80000 mC
I/ThermalEngine( 1033): Sensor:tsens_tz_sensor2:80000 mC
I/ThermalEngine( 1033): Sensor:tsens_tz_sensor2:76000 mC
I/ThermalEngine( 1033): Sensor:tsens_tz_sensor2:77000 mC
I/ThermalEngine( 1033): Sensor:batt_temp:39600 mC
I/ThermalEngine( 1033): Sensor:tsens_tz_sensor2:76000 mC
I/ThermalEngine( 1033): Sensor:tsens_tz_sensor2:76000 mC
I/ThermalEngine( 1033): Sensor:tsens_tz_sensor2:76000 mC
I/ThermalEngine( 1033): Sensor:tsens_tz_sensor2:77000 mC
I/ThermalEngine( 1033): Sensor:batt_temp:39600 mC
I/ThermalEngine( 1033): Sensor:tsens_tz_sensor2:76000 mC
I/ThermalEngine( 1033): Sensor:tsens_tz_sensor2:68000 mC
I/ThermalEngine( 1033): Sensor:tsens_tz_sensor2:68000 mC
I/ThermalEngine( 1033): Sensor:tsens_tz_sensor2:72000 mC
I/ThermalEngine( 1033): Sensor:batt_temp:39700 mC
I/UpstartPropertyWatcher(  988): Property changed: init.svc.ppd=running
I/UpstartPropertyWatcher(  988): Property changed: init.svc.gsiff_daemon=running
I/UpstartPropertyWatcher(  988): Property changed: init.svc.ppd=restarting
I/UpstartPropertyWatcher(  988): Property changed: init.svc.gsiff_daemon=restarting
I/ThermalEngine( 1033): Sensor:tsens_tz_sensor2:74000 mC
I/ThermalEngine( 1033): Sensor:tsens_tz_sensor2:75000 mC
I/ThermalEngine( 1033): Sensor:tsens_tz_sensor2:75000 mC
I/ThermalEngine( 1033): Sensor:tsens_tz_sensor2:75000 mC
E/QCALOG  ( 1122): [MessageQ] ProcessNewMessage: [XTWiFi-PE] unknown deliver target [OS-Agent]
E/QCALOG  ( 1122): [MessageQ] ProcessNewMessage: [XTWWAN-PE] unknown deliver target [OS-Agent]
E/QCALOG  ( 1122): [MessageQ] ProcessNewMessage: [XT-CS] unknown deliver target [OS-Agent]
I/ThermalEngine( 1033): Sensor:batt_temp:39700 mC
I/ThermalEngine( 1033): Sensor:tsens_tz_sensor2:75000 mC
I/UpstartPropertyWatcher(  988): Property changed: init.svc.quipc_igsn=running
I/UpstartPropertyWatcher(  988): Property changed: init.svc.quipc_main=running
I/UpstartPropertyWatcher(  988): Property changed: init.svc.xtwifi_inet=running
I/UpstartPropertyWatcher(  988): Property changed: init.svc.quipc_igsn=restarting
I/UpstartPropertyWatcher(  988): Property changed: init.svc.xtwifi_inet=restarting
I/UpstartPropertyWatcher(  988): Property changed: init.svc.quipc_main=restarting
I/ThermalEngine( 1033): Sensor:tsens_tz_sensor2:76000 mC
I/ThermalEngine( 1033): Sensor:tsens_tz_sensor2:75000 mC
I/ThermalEngine( 1033): Sensor:tsens_tz_sensor2:76000 mC
I/ThermalEngine( 1033): Sensor:batt_temp:39700 mC
I/ThermalEngine( 1033): Sensor:tsens_tz_sensor2:76000 mC
I/ThermalEngine( 1033): Sensor:tsens_tz_sensor2:76000 mC
I/ThermalEngine( 1033): Sensor:tsens_tz_sensor2:76000 mC
I/ThermalEngine( 1033): Sensor:tsens_tz_sensor2:77000 mC
I/ThermalEngine( 1033): Sensor:batt_temp:39700 mC
I/ThermalEngine( 1033): Sensor:tsens_tz_sensor2:77000 mC
I/ThermalEngine( 1033): Sensor:tsens_tz_sensor2:77000 mC
I/ThermalEngine( 1033): Sensor:tsens_tz_sensor2:77000 mC
I/ThermalEngine( 1033): Sensor:tsens_tz_sensor2:78000 mC
I/ThermalEngine( 1033): Sensor:batt_temp:39800 mC
I/ThermalEngine( 1033): Sensor:tsens_tz_sensor2:77000 mC
I/ThermalEngine( 1033): Sensor:tsens_tz_sensor2:77000 mC
I/ThermalEngine( 1033): Sensor:tsens_tz_sensor2:77000 mC
I/ThermalEngine( 1033): Sensor:tsens_tz_sensor2:78000 mC
I/ThermalEngine( 1033): Sensor:batt_temp:39700 mC
I/ThermalEngine( 1033): Sensor:tsens_tz_sensor2:77000 mC
I/UpstartPropertyWatcher(  988): Property changed: init.svc.ppd=running
I/UpstartPropertyWatcher(  988): Property changed: init.svc.gsiff_daemon=running
I/UpstartPropertyWatcher(  988): Property changed: init.svc.gsiff_daemon=restarting
I/UpstartPropertyWatcher(  988): Property changed: init.svc.ppd=restarting
I/ThermalEngine( 1033): Sensor:tsens_tz_sensor2:78000 mC
I/UpstartPropertyWatcher(  988): Property changed: init.svc.quipc_igsn=running
I/UpstartPropertyWatcher(  988): Property changed: init.svc.quipc_main=running
I/UpstartPropertyWatcher(  988): Property changed: init.svc.xtwifi_inet=running
I/UpstartPropertyWatcher(  988): Property changed: init.svc.xtwifi_inet=restarting
I/UpstartPropertyWatcher(  988): Property changed: init.svc.quipc_igsn=restarting
I/UpstartPropertyWatcher(  988): Property changed: init.svc.quipc_main=restarting
D/libEGL  ( 2344): loaded /vendor/lib/egl/libEGL_adreno.so
D/libEGL  ( 2344): loaded /vendor/lib/egl/libGLESv1_CM_adreno.so
D/libEGL  ( 2344): loaded /vendor/lib/egl/libGLESv2_adreno.so
I/ThermalEngine( 1033): Sensor:tsens_tz_sensor2:80000 mC
I/ThermalEngine( 1033): Sensor:tsens_tz_sensor2:80000 mC
E/QCALOG  ( 1122): [MessageQ] ProcessNewMessage: [XTWiFi-PE] unknown deliver target [OS-Agent]
E/QCALOG  ( 1122): [MessageQ] ProcessNewMessage: [XTWWAN-PE] unknown deliver target [OS-Agent]
E/QCALOG  ( 1122): [MessageQ] ProcessNewMessage: [XT-CS] unknown deliver target [OS-Agent]
I/ThermalEngine( 1033): Sensor:batt_temp:39800 mC
I/ThermalEngine( 1033): Sensor:tsens_tz_sensor2:82000 mC
I/ThermalEngine( 1033): Sensor:tsens_tz_sensor2:80000 mC
I/ThermalEngine( 1033): Sensor:tsens_tz_sensor2:77000 mC
I/ThermalEngine( 1033): Sensor:tsens_tz_sensor2:81000 mC
I/ThermalEngine( 1033): Sensor:batt_temp:39800 mC
I/ThermalEngine( 1033): Sensor:tsens_tz_sensor2:81000 mC
I/ThermalEngine( 1033): Sensor:tsens_tz_sensor2:81000 mC
I/ThermalEngine( 1033): Sensor:tsens_tz_sensor2:83000 mC
I/ThermalEngine( 1033): Sensor:tsens_tz_sensor2:84000 mC
I/ThermalEngine( 1033): Sensor:batt_temp:39800 mC
I/ThermalEngine( 1033): Sensor:tsens_tz_sensor2:84000 mC
I/ThermalEngine( 1033): Sensor:tsens_tz_sensor2:84000 mC
D/libEGL  ( 2386): loaded /vendor/lib/egl/libEGL_adreno.so
D/libEGL  ( 2386): loaded /vendor/lib/egl/libGLESv1_CM_adreno.so
D/libEGL  ( 2386): loaded /vendor/lib/egl/libGLESv2_adreno.so
I/ThermalEngine( 1033): Sensor:tsens_tz_sensor2:85000 mC
I/ThermalEngine( 1033): Sensor:tsens_tz_sensor2:80000 mC
I/ThermalEngine( 1033): Sensor:batt_temp:39800 mC
I/ThermalEngine( 1033): Sensor:tsens_tz_sensor2:79000 mC
I/ThermalEngine( 1033): Sensor:tsens_tz_sensor2:78000 mC
I/UpstartPropertyWatcher(  988): Property changed: init.svc.ppd=running
I/UpstartPropertyWatcher(  988): Property changed: init.svc.gsiff_daemon=running
I/UpstartPropertyWatcher(  988): Property changed: init.svc.gsiff_daemon=restarting
I/UpstartPropertyWatcher(  988): Property changed: init.svc.ppd=restarting
I/ThermalEngine( 1033): Sensor:tsens_tz_sensor2:78000 mC
I/ThermalEngine( 1033): Sensor:tsens_tz_sensor2:79000 mC
I/ThermalEngine( 1033): Sensor:batt_temp:39700 mC
I/ThermalEngine( 1033): Sensor:tsens_tz_sensor2:70000 mC
I/ThermalEngine( 1033): Sensor:tsens_tz_sensor2:68000 mC
I/UpstartPropertyWatcher(  988): Property changed: init.svc.quipc_igsn=running
I/UpstartPropertyWatcher(  988): Property changed: init.svc.quipc_main=running
I/UpstartPropertyWatcher(  988): Property changed: init.svc.xtwifi_inet=running
D/libEGL  ( 2399): loaded /vendor/lib/egl/libEGL_adreno.so
I/UpstartPropertyWatcher(  988): Property changed: init.svc.quipc_igsn=restarting
D/libEGL  ( 2399): loaded /vendor/lib/egl/libGLESv1_CM_adreno.so
D/libEGL  ( 2399): loaded /vendor/lib/egl/libGLESv2_adreno.so
I/UpstartPropertyWatcher(  988): Property changed: init.svc.xtwifi_inet=restarting
I/UpstartPropertyWatcher(  988): Property changed: init.svc.quipc_main=restarting
I/ThermalEngine( 1033): Sensor:tsens_tz_sensor2:74000 mC
E/QCALOG  ( 1122): [MessageQ] ProcessNewMessage: [LOWI-SERVER] unknown deliver target [OS-Agent]
I/ThermalEngine( 1033): Sensor:tsens_tz_sensor2:74000 mC
E/QCALOG  ( 1122): [MessageQ] ProcessNewMessage: [XTWiFi-PE] unknown deliver target [OS-Agent]
E/QCALOG  ( 1122): [MessageQ] ProcessNewMessage: [XTWWAN-PE] unknown deliver target [OS-Agent]
E/QCALOG  ( 1122): [MessageQ] ProcessNewMessage: [XT-CS] unknown deliver target [OS-Agent]
I/ThermalEngine( 1033): Sensor:batt_temp:39800 mC
I/ThermalEngine( 1033): Sensor:tsens_tz_sensor2:74000 mC
I/ThermalEngine( 1033): Sensor:tsens_tz_sensor2:75000 mC
I/ThermalEngine( 1033): Sensor:tsens_tz_sensor2:75000 mC
I/ThermalEngine( 1033): Sensor:tsens_tz_sensor2:70000 mC
I/ThermalEngine( 1033): Sensor:batt_temp:39700 mC
I/ThermalEngine( 1033): Sensor:tsens_tz_sensor2:70000 mC
I/ThermalEngine( 1033): Sensor:tsens_tz_sensor2:67000 mC
D/libEGL  ( 2408): loaded /vendor/lib/egl/libEGL_adreno.so
D/libEGL  ( 2408): loaded /vendor/lib/egl/libGLESv1_CM_adreno.so
D/libEGL  ( 2408): loaded /vendor/lib/egl/libGLESv2_adreno.so
I/ThermalEngine( 1033): Sensor:tsens_tz_sensor2:69000 mC
I/ThermalEngine( 1033): Sensor:tsens_tz_sensor2:76000 mC
I/ThermalEngine( 1033): Sensor:batt_temp:39800 mC
I/ThermalEngine( 1033): Sensor:tsens_tz_sensor2:77000 mC
I/ThermalEngine( 1033): Sensor:tsens_tz_sensor2:77000 mC
I/ThermalEngine( 1033): Sensor:tsens_tz_sensor2:78000 mC
I/ThermalEngine( 1033): Sensor:tsens_tz_sensor2:74000 mC
I/ThermalEngine( 1033): Sensor:batt_temp:39700 mC
I/ThermalEngine( 1033): Sensor:tsens_tz_sensor2:67000 mC
I/ThermalEngine( 1033): Sensor:tsens_tz_sensor2:65000 mC
I/UpstartPropertyWatcher(  988): Property changed: init.svc.ppd=running
I/UpstartPropertyWatcher(  988): Property changed: init.svc.gsiff_daemon=running
I/UpstartPropertyWatcher(  988): Property changed: init.svc.ppd=restarting
I/UpstartPropertyWatcher(  988): Property changed: init.svc.gsiff_daemon=restarting
D/libEGL  ( 2414): loaded /vendor/lib/egl/libEGL_adreno.so
D/libEGL  ( 2414): loaded /vendor/lib/egl/libGLESv1_CM_adreno.so
D/libEGL  ( 2414): loaded /vendor/lib/egl/libGLESv2_adreno.so
I/ThermalEngine( 1033): Sensor:tsens_tz_sensor2:65000 mC
