D/libEGL  ( 3315): loaded /vendor/lib/egl/libGLESv1_CM_adreno.so
D/libEGL  ( 3315): loaded /vendor/lib/egl/libGLESv2_adreno.so
I/ThermalEngine(  885): Sensor:batt_temp:41100 mC
I/ThermalEngine(  885): Sensor:batt_temp:41100 mC
D/libEGL  ( 3321): loaded /vendor/lib/egl/libEGL_adreno.so
D/libEGL  ( 3321): loaded /vendor/lib/egl/libGLESv1_CM_adreno.so
D/libEGL  ( 3321): loaded /vendor/lib/egl/libGLESv2_adreno.so
I/ThermalEngine(  885): Sensor:batt_temp:41100 mC
E/QCALOG  (  899): [MessageQ] ProcessNewMessage: [XTWiFi-PE] unknown deliver target [OS-Agent]
E/QCALOG  (  899): [MessageQ] ProcessNewMessage: [XT-CS] unknown deliver target [OS-Agent]
E/QCALOG  (  899): [MessageQ] ProcessNewMessage: [XTWWAN-PE] unknown deliver target [OS-Agent]
I/ThermalEngine(  885): Sensor:batt_temp:41100 mC
I/UpstartPropertyWatcher(  856): Property changed: init.svc.ppd=running
I/UpstartPropertyWatcher(  856): Property changed: init.svc.gsiff_daemon=running
I/UpstartPropertyWatcher(  856): Property changed: init.svc.quipc_igsn=running
I/UpstartPropertyWatcher(  856): Property changed: init.svc.quipc_main=running
I/UpstartPropertyWatcher(  856): Property changed: init.svc.xtwifi_inet=running
D/libEGL  ( 3327): loaded /vendor/lib/egl/libEGL_adreno.so
D/libEGL  ( 3327): loaded /vendor/lib/egl/libGLESv1_CM_adreno.so
D/libEGL  ( 3327): loaded /vendor/lib/egl/libGLESv2_adreno.so
I/UpstartPropertyWatcher(  856): Property changed: init.svc.xtwifi_inet=restarting
I/UpstartPropertyWatcher(  856): Property changed: init.svc.gsiff_daemon=restarting
I/UpstartPropertyWatcher(  856): Property changed: init.svc.quipc_igsn=restarting
I/UpstartPropertyWatcher(  856): Property changed: init.svc.quipc_main=restarting
I/UpstartPropertyWatcher(  856): Property changed: init.svc.ppd=restarting
I/ThermalEngine(  885): Sensor:batt_temp:41200 mC
I/ThermalEngine(  885): Sensor:batt_temp:41100 mC
D/libEGL  ( 3338): loaded /vendor/lib/egl/libEGL_adreno.so
D/libEGL  ( 3338): loaded /vendor/lib/egl/libGLESv1_CM_adreno.so
D/libEGL  ( 3338): loaded /vendor/lib/egl/libGLESv2_adreno.so
I/ThermalEngine(  885): Sensor:batt_temp:41200 mC
I/ThermalEngine(  885): Sensor:batt_temp:41100 mC
E/QCALOG  (  899): [MessageQ] ProcessNewMessage: [XTWiFi-PE] unknown deliver target [OS-Agent]
E/QCALOG  (  899): [MessageQ] ProcessNewMessage: [XT-CS] unknown deliver target [OS-Agent]
E/QCALOG  (  899): [MessageQ] ProcessNewMessage: [XTWWAN-PE] unknown deliver target [OS-Agent]
D/libEGL  ( 3344): loaded /vendor/lib/egl/libEGL_adreno.so
D/libEGL  ( 3344): loaded /vendor/lib/egl/libGLESv1_CM_adreno.so
D/libEGL  ( 3344): loaded /vendor/lib/egl/libGLESv2_adreno.so
I/ThermalEngine(  885): Sensor:batt_temp:41200 mC
I/UpstartPropertyWatcher(  856): Property changed: init.svc.ppd=running
I/UpstartPropertyWatcher(  856): Property changed: init.svc.gsiff_daemon=running
I/UpstartPropertyWatcher(  856): Property changed: init.svc.quipc_igsn=running
I/UpstartPropertyWatcher(  856): Property changed: init.svc.quipc_main=running
I/UpstartPropertyWatcher(  856): Property changed: init.svc.xtwifi_inet=running
I/UpstartPropertyWatcher(  856): Property changed: init.svc.quipc_main=restarting
I/UpstartPropertyWatcher(  856): Property changed: init.svc.ppd=restarting
I/UpstartPropertyWatcher(  856): Property changed: init.svc.gsiff_daemon=restarting
I/UpstartPropertyWatcher(  856): Property changed: init.svc.xtwifi_inet=restarting
I/UpstartPropertyWatcher(  856): Property changed: init.svc.quipc_igsn=restarting
I/ThermalEngine(  885): Sensor:batt_temp:41300 mC
D/libEGL  ( 3355): loaded /vendor/lib/egl/libEGL_adreno.so
D/libEGL  ( 3355): loaded /vendor/lib/egl/libGLESv1_CM_adreno.so
D/libEGL  ( 3355): loaded /vendor/lib/egl/libGLESv2_adreno.so
I/ThermalEngine(  885): Sensor:batt_temp:41200 mC
I/ThermalEngine(  885): Sensor:batt_temp:41300 mC
D/libEGL  ( 3361): loaded /vendor/lib/egl/libEGL_adreno.so
D/libEGL  ( 3361): loaded /vendor/lib/egl/libGLESv1_CM_adreno.so
D/libEGL  ( 3361): loaded /vendor/lib/egl/libGLESv2_adreno.so
I/ThermalEngine(  885): Sensor:batt_temp:41300 mC
E/QCALOG  (  899): [MessageQ] ProcessNewMessage: [XTWiFi-PE] unknown deliver target [OS-Agent]
E/QCALOG  (  899): [MessageQ] ProcessNewMessage: [XT-CS] unknown deliver target [OS-Agent]
E/QCALOG  (  899): [MessageQ] ProcessNewMessage: [XTWWAN-PE] unknown deliver target [OS-Agent]
I/ThermalEngine(  885): Sensor:batt_temp:41300 mC
I/UpstartPropertyWatcher(  856): Property changed: init.svc.ppd=running
I/UpstartPropertyWatcher(  856): Property changed: init.svc.gsiff_daemon=running
I/UpstartPropertyWatcher(  856): Property changed: init.svc.quipc_igsn=running
I/UpstartPropertyWatcher(  856): Property changed: init.svc.quipc_main=running
I/UpstartPropertyWatcher(  856): Property changed: init.svc.xtwifi_inet=running
I/UpstartPropertyWatcher(  856): Property changed: init.svc.quipc_igsn=restarting
D/libEGL  ( 3368): loaded /vendor/lib/egl/libEGL_adreno.so
D/libEGL  ( 3368): loaded /vendor/lib/egl/libGLESv1_CM_adreno.so
I/UpstartPropertyWatcher(  856): Property changed: init.svc.xtwifi_inet=restarting
I/UpstartPropertyWatcher(  856): Property changed: init.svc.quipc_main=restarting
I/UpstartPropertyWatcher(  856): Property changed: init.svc.ppd=restarting
I/UpstartPropertyWatcher(  856): Property changed: init.svc.gsiff_daemon=restarting
D/libEGL  ( 3368): loaded /vendor/lib/egl/libGLESv2_adreno.so
I/ThermalEngine(  885): Sensor:batt_temp:41300 mC
I/ThermalEngine(  885): Sensor:batt_temp:41300 mC
D/libEGL  ( 3379): loaded /vendor/lib/egl/libEGL_adreno.so
D/libEGL  ( 3379): loaded /vendor/lib/egl/libGLESv1_CM_adreno.so
D/libEGL  ( 3379): loaded /vendor/lib/egl/libGLESv2_adreno.so
I/ThermalEngine(  885): Sensor:batt_temp:41300 mC
I/ThermalEngine(  885): Sensor:batt_temp:41300 mC
E/QCALOG  (  899): [MessageQ] ProcessNewMessage: [XTWiFi-PE] unknown deliver target [OS-Agent]
E/QCALOG  (  899): [MessageQ] ProcessNewMessage: [XT-CS] unknown deliver target [OS-Agent]
E/QCALOG  (  899): [MessageQ] ProcessNewMessage: [XTWWAN-PE] unknown deliver target [OS-Agent]
D/libEGL  ( 3385): loaded /vendor/lib/egl/libEGL_adreno.so
D/libEGL  ( 3385): loaded /vendor/lib/egl/libGLESv1_CM_adreno.so
D/libEGL  ( 3385): loaded /vendor/lib/egl/libGLESv2_adreno.so
I/ThermalEngine(  885): Sensor:batt_temp:41300 mC
W/QCALOG  ( 3367): [location-mq] received signal [2][Interrupt], ignore
E/QCALOG  ( 3367): [MessageQ] select error: 4, [Interrupted system call]
E/QCALOG  ( 3367): [MessageQ] server queue main loop failed 11
I/UpstartPropertyWatcher(  856): Property changed: init.svc.ppd=running
I/UpstartPropertyWatcher(  856): Property changed: init.svc.gsiff_daemon=running
I/UpstartPropertyWatcher(  856): Property changed: init.svc.quipc_igsn=running
I/UpstartPropertyWatcher(  856): Property changed: init.svc.quipc_main=running
I/UpstartPropertyWatcher(  856): Property changed: init.svc.xtwifi_inet=running
I/UpstartPropertyWatcher(  856): Property changed: init.svc.ppd=restarting
I/UpstartPropertyWatcher(  856): Property changed: init.svc.quipc_igsn=restarting
I/UpstartPropertyWatcher(  856): Property changed: init.svc.gsiff_daemon=restarting
I/UpstartPropertyWatcher(  856): Property changed: init.svc.xtwifi_inet=restarting
I/UpstartPropertyWatcher(  856): Property changed: init.svc.quipc_main=restarting
I/ThermalEngine(  885): Sensor:batt_temp:41400 mC
D/libEGL  ( 3397): loaded /vendor/lib/egl/libEGL_adreno.so
D/libEGL  ( 3397): loaded /vendor/lib/egl/libGLESv1_CM_adreno.so
D/libEGL  ( 3397): loaded /vendor/lib/egl/libGLESv2_adreno.so
I/ThermalEngine(  885): Sensor:batt_temp:41300 mC
I/ThermalEngine(  885): Sensor:batt_temp:41300 mC
W/QCALOG  ( 3367): [location-mq] received signal [2][Interrupt], ignore
E/QCALOG  ( 3367): [MessageQ] select error: 4, [Interrupted system call]
E/QCALOG  ( 3367): [MessageQ] server queue main loop failed 11
D/libEGL  ( 3403): loaded /vendor/lib/egl/libEGL_adreno.so
D/libEGL  ( 3403): loaded /vendor/lib/egl/libGLESv1_CM_adreno.so
D/libEGL  ( 3403): loaded /vendor/lib/egl/libGLESv2_adreno.so
I/ThermalEngine(  885): Sensor:batt_temp:41400 mC
W/QCALOG  ( 3367): [location-mq] received signal [2][Interrupt], ignore
E/QCALOG  ( 3367): [MessageQ] select error: 4, [Interrupted system call]
E/QCALOG  ( 3367): [MessageQ] server queue main loop failed 11
W/QCALOG  ( 3367): [location-mq] received signal [2][Interrupt], ignore
E/QCALOG  ( 3367): [MessageQ] select error: 4, [Interrupted system call]
E/QCALOG  ( 3367): [MessageQ] server queue main loop failed 11
E/QCALOG  (  899): [MessageQ] ProcessNewMessage: [XTWiFi-PE] unknown deliver target [OS-Agent]
E/QCALOG  (  899): [MessageQ] ProcessNewMessage: [XT-CS] unknown deliver target [OS-Agent]
E/QCALOG  (  899): [MessageQ] ProcessNewMessage: [XTWWAN-PE] unknown deliver target [OS-Agent]
W/QCALOG  ( 3367): [location-mq] received signal [2][Interrupt], ignore
E/QCALOG  ( 3367): [MessageQ] select error: 4, [Interrupted system call]
E/QCALOG  ( 3367): [MessageQ] server queue main loop failed 11
I/ThermalEngine(  885): Sensor:batt_temp:41400 mC
W/QCALOG  ( 3367): [location-mq] received signal [2][Interrupt], ignore
E/QCALOG  ( 3367): [MessageQ] select error: 4, [Interrupted system call]
E/QCALOG  ( 3367): [MessageQ] server queue main loop failed 11
W/QCALOG  ( 3367): [location-mq] received signal [2][Interrupt], ignore
E/QCALOG  ( 3367): [MessageQ] select error: 4, [Interrupted system call]
E/QCALOG  ( 3367): [MessageQ] server queue main loop failed 11
W/QCALOG  ( 3367): [location-mq] received signal [2][Interrupt], ignore
E/QCALOG  ( 3367): [MessageQ] select error: 4, [Interrupted system call]
E/QCALOG  ( 3367): [MessageQ] server queue main loop failed 11
W/QCALOG  ( 3367): [location-mq] received signal [2][Interrupt], ignore
E/QCALOG  ( 3367): [MessageQ] select error: 4, [Interrupted system call]
E/QCALOG  ( 3367): [MessageQ] server queue main loop failed 11
I/UpstartPropertyWatcher(  856): Property changed: init.svc.ppd=running
I/UpstartPropertyWatcher(  856): Property changed: init.svc.quipc_igsn=running
I/UpstartPropertyWatcher(  856): Property changed: init.svc.quipc_main=running
I/UpstartPropertyWatcher(  856): Property changed: init.svc.xtwifi_inet=running
I/UpstartPropertyWatcher(  856): Property changed: init.svc.gsiff_daemon=running
D/libEGL  ( 3409): loaded /vendor/lib/egl/libEGL_adreno.so
D/libEGL  ( 3409): loaded /vendor/lib/egl/libGLESv1_CM_adreno.so
I/ThermalEngine(  885): Sensor:batt_temp:41500 mC
D/libEGL  ( 3409): loaded /vendor/lib/egl/libGLESv2_adreno.so
I/UpstartPropertyWatcher(  856): Property changed: init.svc.ppd=restarting
I/UpstartPropertyWatcher(  856): Property changed: init.svc.quipc_igsn=restarting
I/UpstartPropertyWatcher(  856): Property changed: init.svc.xtwifi_inet=restarting
I/UpstartPropertyWatcher(  856): Property changed: init.svc.gsiff_daemon=restarting
I/UpstartPropertyWatcher(  856): Property changed: init.svc.quipc_main=restarting
I/ThermalEngine(  885): Sensor:batt_temp:41400 mC
I/ThermalEngine(  885): Sensor:batt_temp:41400 mC
D/libEGL  ( 3420): loaded /vendor/lib/egl/libEGL_adreno.so
D/libEGL  ( 3420): loaded /vendor/lib/egl/libGLESv1_CM_adreno.so
D/libEGL  ( 3420): loaded /vendor/lib/egl/libGLESv2_adreno.so
I/ThermalEngine(  885): Sensor:batt_temp:41400 mC
E/QCALOG  (  899): [MessageQ] ProcessNewMessage: [XTWiFi-PE] unknown deliver target [OS-Agent]
E/QCALOG  (  899): [MessageQ] ProcessNewMessage: [XT-CS] unknown deliver target [OS-Agent]
E/QCALOG  (  899): [MessageQ] ProcessNewMessage: [XTWWAN-PE] unknown deliver target [OS-Agent]
I/ThermalEngine(  885): Sensor:batt_temp:41400 mC
D/libEGL  ( 3426): loaded /vendor/lib/egl/libEGL_adreno.so
D/libEGL  ( 3426): loaded /vendor/lib/egl/libGLESv1_CM_adreno.so
D/libEGL  ( 3426): loaded /vendor/lib/egl/libGLESv2_adreno.so
I/ThermalEngine(  885): Sensor:batt_temp:41400 mC
I/UpstartPropertyWatcher(  856): Property changed: init.svc.ppd=running
I/UpstartPropertyWatcher(  856): Property changed: init.svc.gsiff_daemon=running
I/UpstartPropertyWatcher(  856): Property changed: init.svc.quipc_igsn=running
I/UpstartPropertyWatcher(  856): Property changed: init.svc.quipc_main=running
I/UpstartPropertyWatcher(  856): Property changed: init.svc.xtwifi_inet=running
I/UpstartPropertyWatcher(  856): Property changed: init.svc.quipc_igsn=restarting
I/UpstartPropertyWatcher(  856): Property changed: init.svc.quipc_main=restarting
I/UpstartPropertyWatcher(  856): Property changed: init.svc.xtwifi_inet=restarting
I/UpstartPropertyWatcher(  856): Property changed: init.svc.ppd=restarting
I/UpstartPropertyWatcher(  856): Property changed: init.svc.gsiff_daemon=restarting
I/ThermalEngine(  885): Sensor:batt_temp:41400 mC
D/libEGL  ( 3437): loaded /vendor/lib/egl/libEGL_adreno.so
D/libEGL  ( 3437): loaded /vendor/lib/egl/libGLESv1_CM_adreno.so
D/libEGL  ( 3437): loaded /vendor/lib/egl/libGLESv2_adreno.so
I/ThermalEngine(  885): Sensor:batt_temp:41500 mC
I/ThermalEngine(  885): Sensor:batt_temp:41500 mC
D/libEGL  ( 3454): loaded /vendor/lib/egl/libEGL_adreno.so
D/libEGL  ( 3454): loaded /vendor/lib/egl/libGLESv1_CM_adreno.so
D/libEGL  ( 3454): loaded /vendor/lib/egl/libGLESv2_adreno.so
E/QCALOG  (  899): [MessageQ] ProcessNewMessage: [XTWiFi-PE] unknown deliver target [OS-Agent]
E/QCALOG  (  899): [MessageQ] ProcessNewMessage: [XT-CS] unknown deliver target [OS-Agent]
E/QCALOG  (  899): [MessageQ] ProcessNewMessage: [XTWWAN-PE] unknown deliver target [OS-Agent]
I/ThermalEngine(  885): Sensor:batt_temp:41500 mC
I/ThermalEngine(  885): Sensor:batt_temp:41500 mC
I/UpstartPropertyWatcher(  856): Property changed: init.svc.ppd=running
I/UpstartPropertyWatcher(  856): Property changed: init.svc.gsiff_daemon=running
I/UpstartPropertyWatcher(  856): Property changed: init.svc.quipc_igsn=running
I/UpstartPropertyWatcher(  856): Property changed: init.svc.quipc_main=running
I/UpstartPropertyWatcher(  856): Property changed: init.svc.xtwifi_inet=running
D/libEGL  ( 3460): loaded /vendor/lib/egl/libEGL_adreno.so
I/UpstartPropertyWatcher(  856): Property changed: init.svc.xtwifi_inet=restarting
D/libEGL  ( 3460): loaded /vendor/lib/egl/libGLESv1_CM_adreno.so
D/libEGL  ( 3460): loaded /vendor/lib/egl/libGLESv2_adreno.so
I/UpstartPropertyWatcher(  856): Property changed: init.svc.quipc_igsn=restarting
I/UpstartPropertyWatcher(  856): Property changed: init.svc.ppd=restarting
I/UpstartPropertyWatcher(  856): Property changed: init.svc.quipc_main=restarting
I/UpstartPropertyWatcher(  856): Property changed: init.svc.gsiff_daemon=restarting
I/ThermalEngine(  885): Sensor:batt_temp:41500 mC
I/ThermalEngine(  885): Sensor:batt_temp:41500 mC
D/libEGL  ( 3472): loaded /vendor/lib/egl/libEGL_adreno.so
D/libEGL  ( 3472): loaded /vendor/lib/egl/libGLESv1_CM_adreno.so
D/libEGL  ( 3472): loaded /vendor/lib/egl/libGLESv2_adreno.so
I/ThermalEngine(  885): Sensor:batt_temp:41500 mC
E/QCALOG  (  899): [MessageQ] ProcessNewMessage: [XTWiFi-PE] unknown deliver target [OS-Agent]
E/QCALOG  (  899): [MessageQ] ProcessNewMessage: [XT-CS] unknown deliver target [OS-Agent]
E/QCALOG  (  899): [MessageQ] ProcessNewMessage: [XTWWAN-PE] unknown deliver target [OS-Agent]
I/ThermalEngine(  885): Sensor:batt_temp:41500 mC
D/libEGL  ( 3478): loaded /vendor/lib/egl/libEGL_adreno.so
D/libEGL  ( 3478): loaded /vendor/lib/egl/libGLESv1_CM_adreno.so
D/libEGL  ( 3478): loaded /vendor/lib/egl/libGLESv2_adreno.so
I/ThermalEngine(  885): Sensor:batt_temp:41500 mC
I/UpstartPropertyWatcher(  856): Property changed: init.svc.ppd=running
I/UpstartPropertyWatcher(  856): Property changed: init.svc.gsiff_daemon=running
I/UpstartPropertyWatcher(  856): Property changed: init.svc.quipc_igsn=running
I/UpstartPropertyWatcher(  856): Property changed: init.svc.quipc_main=running
I/UpstartPropertyWatcher(  856): Property changed: init.svc.xtwifi_inet=running
I/UpstartPropertyWatcher(  856): Property changed: init.svc.xtwifi_inet=restarting
I/UpstartPropertyWatcher(  856): Property changed: init.svc.quipc_igsn=restarting
I/UpstartPropertyWatcher(  856): Property changed: init.svc.gsiff_daemon=restarting
I/UpstartPropertyWatcher(  856): Property changed: init.svc.quipc_main=restarting
I/UpstartPropertyWatcher(  856): Property changed: init.svc.ppd=restarting
I/ThermalEngine(  885): Sensor:batt_temp:41500 mC
D/libEGL  ( 3489): loaded /vendor/lib/egl/libEGL_adreno.so
D/libEGL  ( 3489): loaded /vendor/lib/egl/libGLESv1_CM_adreno.so
D/libEGL  ( 3489): loaded /vendor/lib/egl/libGLESv2_adreno.so
I/ThermalEngine(  885): Sensor:batt_temp:41500 mC
I/ThermalEngine(  885): Sensor:batt_temp:41500 mC
D/libEGL  ( 3497): loaded /vendor/lib/egl/libEGL_adreno.so
D/libEGL  ( 3497): loaded /vendor/lib/egl/libGLESv1_CM_adreno.so
D/libEGL  ( 3497): loaded /vendor/lib/egl/libGLESv2_adreno.so
E/QCALOG  (  899): [MessageQ] ProcessNewMessage: [XTWiFi-PE] unknown deliver target [OS-Agent]
E/QCALOG  (  899): [MessageQ] ProcessNewMessage: [XT-CS] unknown deliver target [OS-Agent]
E/QCALOG  (  899): [MessageQ] ProcessNewMessage: [XTWWAN-PE] unknown deliver target [OS-Agent]
I/ThermalEngine(  885): Sensor:batt_temp:41500 mC
I/ThermalEngine(  885): Sensor:batt_temp:41500 mC
I/UpstartPropertyWatcher(  856): Property changed: init.svc.ppd=running
I/UpstartPropertyWatcher(  856): Property changed: init.svc.gsiff_daemon=running
I/UpstartPropertyWatcher(  856): Property changed: init.svc.quipc_igsn=running
I/UpstartPropertyWatcher(  856): Property changed: init.svc.quipc_main=running
I/UpstartPropertyWatcher(  856): Property changed: init.svc.xtwifi_inet=running
D/libEGL  ( 3504): loaded /vendor/lib/egl/libEGL_adreno.so
I/UpstartPropertyWatcher(  856): Property changed: init.svc.quipc_igsn=restarting
I/UpstartPropertyWatcher(  856): Property changed: init.svc.xtwifi_inet=restarting
I/UpstartPropertyWatcher(  856): Property changed: init.svc.ppd=restarting
D/libEGL  ( 3504): loaded /vendor/lib/egl/libGLESv1_CM_adreno.so
I/UpstartPropertyWatcher(  856): Property changed: init.svc.gsiff_daemon=restarting
D/libEGL  ( 3504): loaded /vendor/lib/egl/libGLESv2_adreno.so
I/UpstartPropertyWatcher(  856): Property changed: init.svc.quipc_main=restarting
I/ThermalEngine(  885): Sensor:batt_temp:41600 mC
I/ThermalEngine(  885): Sensor:batt_temp:41500 mC
D/libEGL  ( 3515): loaded /vendor/lib/egl/libEGL_adreno.so
D/libEGL  ( 3515): loaded /vendor/lib/egl/libGLESv1_CM_adreno.so
D/libEGL  ( 3515): loaded /vendor/lib/egl/libGLESv2_adreno.so
I/ThermalEngine(  885): Sensor:batt_temp:41600 mC
E/QCALOG  (  899): [MessageQ] ProcessNewMessage: [XTWiFi-PE] unknown deliver target [OS-Agent]
E/QCALOG  (  899): [MessageQ] ProcessNewMessage: [XT-CS] unknown deliver target [OS-Agent]
E/QCALOG  (  899): [MessageQ] ProcessNewMessage: [XTWWAN-PE] unknown deliver target [OS-Agent]
W/QCALOG  ( 3367): [location-mq] received signal [2][Interrupt], ignore
E/QCALOG  ( 3367): [MessageQ] select error: 4, [Interrupted system call]
E/QCALOG  ( 3367): [MessageQ] server queue main loop failed 11
I/ThermalEngine(  885): Sensor:batt_temp:41500 mC
W/QCALOG  ( 3367): [location-mq] received signal [2][Interrupt], ignore
E/QCALOG  ( 3367): [MessageQ] select error: 4, [Interrupted system call]
E/QCALOG  ( 3367): [MessageQ] server queue main loop failed 11
D/libEGL  ( 3521): loaded /vendor/lib/egl/libEGL_adreno.so
D/libEGL  ( 3521): loaded /vendor/lib/egl/libGLESv1_CM_adreno.so
D/libEGL  ( 3521): loaded /vendor/lib/egl/libGLESv2_adreno.so
I/ThermalEngine(  885): Sensor:batt_temp:41600 mC
I/UpstartPropertyWatcher(  856): Property changed: init.svc.ppd=running
I/UpstartPropertyWatcher(  856): Property changed: init.svc.gsiff_daemon=running
I/UpstartPropertyWatcher(  856): Property changed: init.svc.quipc_igsn=running
I/UpstartPropertyWatcher(  856): Property changed: init.svc.quipc_main=running
I/UpstartPropertyWatcher(  856): Property changed: init.svc.xtwifi_inet=running
I/UpstartPropertyWatcher(  856): Property changed: init.svc.quipc_igsn=restarting
I/UpstartPropertyWatcher(  856): Property changed: init.svc.xtwifi_inet=restarting
I/UpstartPropertyWatcher(  856): Property changed: init.svc.ppd=restarting
I/UpstartPropertyWatcher(  856): Property changed: init.svc.quipc_main=restarting
I/UpstartPropertyWatcher(  856): Property changed: init.svc.gsiff_daemon=restarting
I/ThermalEngine(  885): Sensor:batt_temp:41500 mC
D/libEGL  ( 3532): loaded /vendor/lib/egl/libEGL_adreno.so
D/libEGL  ( 3532): loaded /vendor/lib/egl/libGLESv1_CM_adreno.so
D/libEGL  ( 3532): loaded /vendor/lib/egl/libGLESv2_adreno.so
I/ThermalEngine(  885): Sensor:batt_temp:41600 mC
I/ThermalEngine(  885): Sensor:batt_temp:41600 mC
E/QCALOG  (  899): [MessageQ] ProcessNewMessage: [LOWI-SERVER] unknown deliver target [OS-Agent]
D/libEGL  ( 3538): loaded /vendor/lib/egl/libEGL_adreno.so
D/libEGL  ( 3538): loaded /vendor/lib/egl/libGLESv1_CM_adreno.so
D/libEGL  ( 3538): loaded /vendor/lib/egl/libGLESv2_adreno.so
W/QCALOG  ( 3367): [location-mq] received signal [1][Hangup], ignore
E/QCALOG  ( 3367): [MessageQ] select error: 4, [Interrupted system call]
E/QCALOG  ( 3367): [MessageQ] server queue main loop failed 11
W/QCALOG  ( 3367): [location-mq] received signal [1][Hangup], ignore
E/QCALOG  ( 3367): [MessageQ] select error: 4, [Interrupted system call]
E/QCALOG  ( 3367): [MessageQ] server queue main loop failed 11
E/QCALOG  (  899): [MessageQ] ProcessNewMessage: [XTWiFi-PE] unknown deliver target [OS-Agent]
E/QCALOG  (  899): [MessageQ] ProcessNewMessage: [XT-CS] unknown deliver target [OS-Agent]
E/QCALOG  (  899): [MessageQ] ProcessNewMessage: [XTWWAN-PE] unknown deliver target [OS-Agent]
I/ThermalEngine(  885): Sensor:batt_temp:41600 mC
I/ThermalEngine(  885): Sensor:batt_temp:41600 mC
I/UpstartPropertyWatcher(  856): Property changed: init.svc.ppd=running
I/UpstartPropertyWatcher(  856): Property changed: init.svc.gsiff_daemon=running
I/UpstartPropertyWatcher(  856): Property changed: init.svc.quipc_igsn=running
I/UpstartPropertyWatcher(  856): Property changed: init.svc.quipc_main=running
I/UpstartPropertyWatcher(  856): Property changed: init.svc.xtwifi_inet=running
D/libEGL  ( 3544): loaded /vendor/lib/egl/libEGL_adreno.so
D/libEGL  ( 3544): loaded /vendor/lib/egl/libGLESv1_CM_adreno.so
I/UpstartPropertyWatcher(  856): Property changed: init.svc.quipc_igsn=restarting
D/libEGL  ( 3544): loaded /vendor/lib/egl/libGLESv2_adreno.so
I/UpstartPropertyWatcher(  856): Property changed: init.svc.gsiff_daemon=restarting
I/UpstartPropertyWatcher(  856): Property changed: init.svc.xtwifi_inet=restarting
I/UpstartPropertyWatcher(  856): Property changed: init.svc.quipc_main=restarting
I/UpstartPropertyWatcher(  856): Property changed: init.svc.ppd=restarting
I/ThermalEngine(  885): Sensor:batt_temp:41600 mC
I/ThermalEngine(  885): Sensor:batt_temp:41600 mC
D/libEGL  ( 3555): loaded /vendor/lib/egl/libEGL_adreno.so
D/libEGL  ( 3555): loaded /vendor/lib/egl/libGLESv1_CM_adreno.so
D/libEGL  ( 3555): loaded /vendor/lib/egl/libGLESv2_adreno.so
I/ThermalEngine(  885): Sensor:batt_temp:41600 mC
E/QCALOG  (  899): [MessageQ] ProcessNewMessage: [XTWiFi-PE] unknown deliver target [OS-Agent]
E/QCALOG  (  899): [MessageQ] ProcessNewMessage: [XT-CS] unknown deliver target [OS-Agent]
E/QCALOG  (  899): [MessageQ] ProcessNewMessage: [XTWWAN-PE] unknown deliver target [OS-Agent]
I/ThermalEngine(  885): Sensor:batt_temp:41600 mC
D/libEGL  ( 3561): loaded /vendor/lib/egl/libEGL_adreno.so
D/libEGL  ( 3561): loaded /vendor/lib/egl/libGLESv1_CM_adreno.so
D/libEGL  ( 3561): loaded /vendor/lib/egl/libGLESv2_adreno.so
I/ThermalEngine(  885): Sensor:batt_temp:41700 mC
I/UpstartPropertyWatcher(  856): Property changed: init.svc.ppd=running
I/UpstartPropertyWatcher(  856): Property changed: init.svc.gsiff_daemon=running
I/UpstartPropertyWatcher(  856): Property changed: init.svc.quipc_igsn=running
I/UpstartPropertyWatcher(  856): Property changed: init.svc.quipc_main=running
I/UpstartPropertyWatcher(  856): Property changed: init.svc.xtwifi_inet=running
I/UpstartPropertyWatcher(  856): Property changed: init.svc.quipc_igsn=restarting
I/UpstartPropertyWatcher(  856): Property changed: init.svc.xtwifi_inet=restarting
I/UpstartPropertyWatcher(  856): Property changed: init.svc.ppd=restarting
I/UpstartPropertyWatcher(  856): Property changed: init.svc.gsiff_daemon=restarting
I/UpstartPropertyWatcher(  856): Property changed: init.svc.quipc_main=restarting
I/ThermalEngine(  885): Sensor:batt_temp:41600 mC
D/libEGL  ( 3572): loaded /vendor/lib/egl/libEGL_adreno.so
D/libEGL  ( 3572): loaded /vendor/lib/egl/libGLESv1_CM_adreno.so
D/libEGL  ( 3572): loaded /vendor/lib/egl/libGLESv2_adreno.so
I/ThermalEngine(  885): Sensor:batt_temp:41700 mC
I/ThermalEngine(  885): Sensor:batt_temp:41600 mC
D/libEGL  ( 3578): loaded /vendor/lib/egl/libEGL_adreno.so
D/libEGL  ( 3578): loaded /vendor/lib/egl/libGLESv1_CM_adreno.so
D/libEGL  ( 3578): loaded /vendor/lib/egl/libGLESv2_adreno.so
E/QCALOG  (  899): [MessageQ] ProcessNewMessage: [XTWiFi-PE] unknown deliver target [OS-Agent]
E/QCALOG  (  899): [MessageQ] ProcessNewMessage: [XT-CS] unknown deliver target [OS-Agent]
E/QCALOG  (  899): [MessageQ] ProcessNewMessage: [XTWWAN-PE] unknown deliver target [OS-Agent]
I/ThermalEngine(  885): Sensor:batt_temp:41700 mC
I/ThermalEngine(  885): Sensor:batt_temp:41600 mC
I/UpstartPropertyWatcher(  856): Property changed: init.svc.ppd=running
I/UpstartPropertyWatcher(  856): Property changed: init.svc.gsiff_daemon=running
I/UpstartPropertyWatcher(  856): Property changed: init.svc.quipc_igsn=running
I/UpstartPropertyWatcher(  856): Property changed: init.svc.quipc_main=running
I/UpstartPropertyWatcher(  856): Property changed: init.svc.xtwifi_inet=running
D/libEGL  ( 3584): loaded /vendor/lib/egl/libEGL_adreno.so
D/libEGL  ( 3584): loaded /vendor/lib/egl/libGLESv1_CM_adreno.so
I/UpstartPropertyWatcher(  856): Property changed: init.svc.ppd=restarting
D/libEGL  ( 3584): loaded /vendor/lib/egl/libGLESv2_adreno.so
I/UpstartPropertyWatcher(  856): Property changed: init.svc.gsiff_daemon=restarting
I/UpstartPropertyWatcher(  856): Property changed: init.svc.xtwifi_inet=restarting
I/UpstartPropertyWatcher(  856): Property changed: init.svc.quipc_igsn=restarting
I/UpstartPropertyWatcher(  856): Property changed: init.svc.quipc_main=restarting
I/ThermalEngine(  885): Sensor:batt_temp:41800 mC
I/ThermalEngine(  885): Sensor:batt_temp:41700 mC
D/libEGL  ( 3595): loaded /vendor/lib/egl/libEGL_adreno.so
D/libEGL  ( 3595): loaded /vendor/lib/egl/libGLESv1_CM_adreno.so
D/libEGL  ( 3595): loaded /vendor/lib/egl/libGLESv2_adreno.so
I/ThermalEngine(  885): Sensor:batt_temp:41800 mC
E/QCALOG  (  899): [MessageQ] ProcessNewMessage: [XTWiFi-PE] unknown deliver target [OS-Agent]
E/QCALOG  (  899): [MessageQ] ProcessNewMessage: [XT-CS] unknown deliver target [OS-Agent]
E/QCALOG  (  899): [MessageQ] ProcessNewMessage: [XTWWAN-PE] unknown deliver target [OS-Agent]
I/ThermalEngine(  885): Sensor:batt_temp:41700 mC
D/libEGL  ( 3601): loaded /vendor/lib/egl/libEGL_adreno.so
D/libEGL  ( 3601): loaded /vendor/lib/egl/libGLESv1_CM_adreno.so
D/libEGL  ( 3601): loaded /vendor/lib/egl/libGLESv2_adreno.so
I/ThermalEngine(  885): Sensor:batt_temp:41800 mC
I/UpstartPropertyWatcher(  856): Property changed: init.svc.ppd=running
I/UpstartPropertyWatcher(  856): Property changed: init.svc.gsiff_daemon=running
I/UpstartPropertyWatcher(  856): Property changed: init.svc.quipc_igsn=running
I/UpstartPropertyWatcher(  856): Property changed: init.svc.quipc_main=running
I/UpstartPropertyWatcher(  856): Property changed: init.svc.xtwifi_inet=running
I/UpstartPropertyWatcher(  856): Property changed: init.svc.quipc_igsn=restarting
I/UpstartPropertyWatcher(  856): Property changed: init.svc.xtwifi_inet=restarting
I/UpstartPropertyWatcher(  856): Property changed: init.svc.gsiff_daemon=restarting
I/UpstartPropertyWatcher(  856): Property changed: init.svc.ppd=restarting
I/UpstartPropertyWatcher(  856): Property changed: init.svc.quipc_main=restarting
I/ThermalEngine(  885): Sensor:batt_temp:41700 mC
D/libEGL  ( 3613): loaded /vendor/lib/egl/libEGL_adreno.so
D/libEGL  ( 3613): loaded /vendor/lib/egl/libGLESv1_CM_adreno.so
D/libEGL  ( 3613): loaded /vendor/lib/egl/libGLESv2_adreno.so
I/ThermalEngine(  885): Sensor:batt_temp:41800 mC
I/ThermalEngine(  885): Sensor:batt_temp:41800 mC
D/libEGL  ( 3619): loaded /vendor/lib/egl/libEGL_adreno.so
D/libEGL  ( 3619): loaded /vendor/lib/egl/libGLESv1_CM_adreno.so
D/libEGL  ( 3619): loaded /vendor/lib/egl/libGLESv2_adreno.so
E/QCALOG  (  899): [MessageQ] ProcessNewMessage: [XTWiFi-PE] unknown deliver target [OS-Agent]
E/QCALOG  (  899): [MessageQ] ProcessNewMessage: [XT-CS] unknown deliver target [OS-Agent]
E/QCALOG  (  899): [MessageQ] ProcessNewMessage: [XTWWAN-PE] unknown deliver target [OS-Agent]
I/ThermalEngine(  885): Sensor:batt_temp:41800 mC
I/UpstartPropertyWatcher(  856): Property changed: init.svc.ppd=running
I/UpstartPropertyWatcher(  856): Property changed: init.svc.gsiff_daemon=running
I/UpstartPropertyWatcher(  856): Property changed: init.svc.quipc_igsn=running
I/UpstartPropertyWatcher(  856): Property changed: init.svc.quipc_main=running
I/UpstartPropertyWatcher(  856): Property changed: init.svc.xtwifi_inet=running
I/UpstartPropertyWatcher(  856): Property changed: init.svc.quipc_igsn=restarting
I/UpstartPropertyWatcher(  856): Property changed: init.svc.xtwifi_inet=restarting
I/UpstartPropertyWatcher(  856): Property changed: init.svc.ppd=restarting
I/UpstartPropertyWatcher(  856): Property changed: init.svc.gsiff_daemon=restarting
I/UpstartPropertyWatcher(  856): Property changed: init.svc.quipc_main=restarting
I/ThermalEngine(  885): Sensor:batt_temp:41800 mC
D/libEGL  ( 3630): loaded /vendor/lib/egl/libEGL_adreno.so
D/libEGL  ( 3630): loaded /vendor/lib/egl/libGLESv1_CM_adreno.so
D/libEGL  ( 3630): loaded /vendor/lib/egl/libGLESv2_adreno.so
I/ThermalEngine(  885): Sensor:batt_temp:41800 mC
I/ThermalEngine(  885): Sensor:batt_temp:41800 mC
D/libEGL  ( 3636): loaded /vendor/lib/egl/libEGL_adreno.so
D/libEGL  ( 3636): loaded /vendor/lib/egl/libGLESv1_CM_adreno.so
D/libEGL  ( 3636): loaded /vendor/lib/egl/libGLESv2_adreno.so
I/ThermalEngine(  885): Sensor:batt_temp:41800 mC
E/QCALOG  (  899): [MessageQ] ProcessNewMessage: [XTWiFi-PE] unknown deliver target [OS-Agent]
E/QCALOG  (  899): [MessageQ] ProcessNewMessage: [XT-CS] unknown deliver target [OS-Agent]
E/QCALOG  (  899): [MessageQ] ProcessNewMessage: [XTWWAN-PE] unknown deliver target [OS-Agent]
I/ThermalEngine(  885): Sensor:batt_temp:41800 mC
I/UpstartPropertyWatcher(  856): Property changed: init.svc.ppd=running
I/UpstartPropertyWatcher(  856): Property changed: init.svc.gsiff_daemon=running
I/UpstartPropertyWatcher(  856): Property changed: init.svc.quipc_igsn=running
I/UpstartPropertyWatcher(  856): Property changed: init.svc.quipc_main=running
I/UpstartPropertyWatcher(  856): Property changed: init.svc.xtwifi_inet=running
I/UpstartPropertyWatcher(  856): Property changed: init.svc.xtwifi_inet=restarting
D/libEGL  ( 3642): loaded /vendor/lib/egl/libEGL_adreno.so
D/libEGL  ( 3642): loaded /vendor/lib/egl/libGLESv1_CM_adreno.so
I/UpstartPropertyWatcher(  856): Property changed: init.svc.quipc_igsn=restarting
D/libEGL  ( 3642): loaded /vendor/lib/egl/libGLESv2_adreno.so
I/UpstartPropertyWatcher(  856): Property changed: init.svc.gsiff_daemon=restarting
I/UpstartPropertyWatcher(  856): Property changed: init.svc.quipc_main=restarting
I/UpstartPropertyWatcher(  856): Property changed: init.svc.ppd=restarting
I/ThermalEngine(  885): Sensor:batt_temp:41900 mC
I/ThermalEngine(  885): Sensor:batt_temp:41800 mC
D/libEGL  ( 3653): loaded /vendor/lib/egl/libEGL_adreno.so
D/libEGL  ( 3653): loaded /vendor/lib/egl/libGLESv1_CM_adreno.so
D/libEGL  ( 3653): loaded /vendor/lib/egl/libGLESv2_adreno.so
I/ThermalEngine(  885): Sensor:batt_temp:41900 mC
I/ThermalEngine(  885): Sensor:batt_temp:41800 mC
E/QCALOG  (  899): [MessageQ] ProcessNewMessage: [XTWiFi-PE] unknown deliver target [OS-Agent]
E/QCALOG  (  899): [MessageQ] ProcessNewMessage: [XT-CS] unknown deliver target [OS-Agent]
E/QCALOG  (  899): [MessageQ] ProcessNewMessage: [XTWWAN-PE] unknown deliver target [OS-Agent]
D/libEGL  ( 3660): loaded /vendor/lib/egl/libEGL_adreno.so
D/libEGL  ( 3660): loaded /vendor/lib/egl/libGLESv1_CM_adreno.so
D/libEGL  ( 3660): loaded /vendor/lib/egl/libGLESv2_adreno.so
I/ThermalEngine(  885): Sensor:batt_temp:41900 mC
I/UpstartPropertyWatcher(  856): Property changed: init.svc.ppd=running
I/UpstartPropertyWatcher(  856): Property changed: init.svc.gsiff_daemon=running
I/UpstartPropertyWatcher(  856): Property changed: init.svc.quipc_igsn=running
I/UpstartPropertyWatcher(  856): Property changed: init.svc.quipc_main=running
I/UpstartPropertyWatcher(  856): Property changed: init.svc.xtwifi_inet=running
I/UpstartPropertyWatcher(  856): Property changed: init.svc.quipc_igsn=restarting
I/UpstartPropertyWatcher(  856): Property changed: init.svc.ppd=restarting
I/UpstartPropertyWatcher(  856): Property changed: init.svc.xtwifi_inet=restarting
I/UpstartPropertyWatcher(  856): Property changed: init.svc.gsiff_daemon=restarting
I/UpstartPropertyWatcher(  856): Property changed: init.svc.quipc_main=restarting
I/ThermalEngine(  885): Sensor:batt_temp:41800 mC
D/libEGL  ( 3671): loaded /vendor/lib/egl/libEGL_adreno.so
D/libEGL  ( 3671): loaded /vendor/lib/egl/libGLESv1_CM_adreno.so
D/libEGL  ( 3671): loaded /vendor/lib/egl/libGLESv2_adreno.so
I/ThermalEngine(  885): Sensor:batt_temp:42000 mC
I/ThermalEngine(  885): Sensor:batt_temp:41800 mC
D/libEGL  ( 3677): loaded /vendor/lib/egl/libEGL_adreno.so
D/libEGL  ( 3677): loaded /vendor/lib/egl/libGLESv1_CM_adreno.so
D/libEGL  ( 3677): loaded /vendor/lib/egl/libGLESv2_adreno.so
I/ThermalEngine(  885): Sensor:batt_temp:42000 mC
E/QCALOG  (  899): [MessageQ] ProcessNewMessage: [XTWiFi-PE] unknown deliver target [OS-Agent]
E/QCALOG  (  899): [MessageQ] ProcessNewMessage: [XT-CS] unknown deliver target [OS-Agent]
E/QCALOG  (  899): [MessageQ] ProcessNewMessage: [XTWWAN-PE] unknown deliver target [OS-Agent]
I/ThermalEngine(  885): Sensor:batt_temp:41900 mC
I/UpstartPropertyWatcher(  856): Property changed: init.svc.ppd=running
I/UpstartPropertyWatcher(  856): Property changed: init.svc.gsiff_daemon=running
I/UpstartPropertyWatcher(  856): Property changed: init.svc.quipc_igsn=running
I/UpstartPropertyWatcher(  856): Property changed: init.svc.quipc_main=running
I/UpstartPropertyWatcher(  856): Property changed: init.svc.xtwifi_inet=running
D/libEGL  ( 3683): loaded /vendor/lib/egl/libEGL_adreno.so
D/libEGL  ( 3683): loaded /vendor/lib/egl/libGLESv1_CM_adreno.so
I/UpstartPropertyWatcher(  856): Property changed: init.svc.xtwifi_inet=restarting
I/UpstartPropertyWatcher(  856): Property changed: init.svc.ppd=restarting
D/libEGL  ( 3683): loaded /vendor/lib/egl/libGLESv2_adreno.so
I/UpstartPropertyWatcher(  856): Property changed: init.svc.quipc_igsn=restarting
I/UpstartPropertyWatcher(  856): Property changed: init.svc.gsiff_daemon=restarting
I/UpstartPropertyWatcher(  856): Property changed: init.svc.quipc_main=restarting
I/ThermalEngine(  885): Sensor:batt_temp:42000 mC
I/ThermalEngine(  885): Sensor:batt_temp:41900 mC
D/libEGL  ( 3694): loaded /vendor/lib/egl/libEGL_adreno.so
D/libEGL  ( 3694): loaded /vendor/lib/egl/libGLESv1_CM_adreno.so
D/libEGL  ( 3694): loaded /vendor/lib/egl/libGLESv2_adreno.so
I/ThermalEngine(  885): Sensor:batt_temp:42000 mC
I/ThermalEngine(  885): Sensor:batt_temp:41900 mC
E/QCALOG  (  899): [MessageQ] ProcessNewMessage: [XTWiFi-PE] unknown deliver target [OS-Agent]
E/QCALOG  (  899): [MessageQ] ProcessNewMessage: [XT-CS] unknown deliver target [OS-Agent]
E/QCALOG  (  899): [MessageQ] ProcessNewMessage: [XTWWAN-PE] unknown deliver target [OS-Agent]
D/libEGL  ( 3700): loaded /vendor/lib/egl/libEGL_adreno.so
D/libEGL  ( 3700): loaded /vendor/lib/egl/libGLESv1_CM_adreno.so
D/libEGL  ( 3700): loaded /vendor/lib/egl/libGLESv2_adreno.so
D/adsprpc ( 3704): vendor/qcom/proprietary/adsprpc/src/adsprpcd.c:21::info: calling: 0 == adsp_default_listener_register()
E/adsprpc ( 3704): vendor/qcom/proprietary/adsprpc/src/listener_android.c:107:listener using ion heap: -1
E/adsprpc ( 3704): vendor/qcom/proprietary/adsprpc/src/adsprpcd.c:21::error: -1: 0 == adsp_default_listener_register()
D/adsprpc ( 3704): vendor/qcom/proprietary/adsprpc/src/adsprpcd.c:26:adsprpcd exiting -1
I/ThermalEngine(  885): Sensor:batt_temp:42000 mC
I/UpstartPropertyWatcher(  856): Property changed: init.svc.ppd=running
I/UpstartPropertyWatcher(  856): Property changed: init.svc.gsiff_daemon=running
I/UpstartPropertyWatcher(  856): Property changed: init.svc.quipc_igsn=running
I/UpstartPropertyWatcher(  856): Property changed: init.svc.quipc_main=running
I/UpstartPropertyWatcher(  856): Property changed: init.svc.xtwifi_inet=running
I/UpstartPropertyWatcher(  856): Property changed: init.svc.ppd=restarting
I/UpstartPropertyWatcher(  856): Property changed: init.svc.quipc_igsn=restarting
I/UpstartPropertyWatcher(  856): Property changed: init.svc.xtwifi_inet=restarting
I/UpstartPropertyWatcher(  856): Property changed: init.svc.gsiff_daemon=restarting
I/UpstartPropertyWatcher(  856): Property changed: init.svc.quipc_main=restarting
I/ThermalEngine(  885): Sensor:batt_temp:42000 mC
D/libEGL  ( 3713): loaded /vendor/lib/egl/libEGL_adreno.so
D/libEGL  ( 3713): loaded /vendor/lib/egl/libGLESv1_CM_adreno.so
D/libEGL  ( 3713): loaded /vendor/lib/egl/libGLESv2_adreno.so
I/ThermalEngine(  885): Sensor:batt_temp:42000 mC
I/ThermalEngine(  885): Sensor:batt_temp:42000 mC
D/libEGL  ( 3719): loaded /vendor/lib/egl/libEGL_adreno.so
D/libEGL  ( 3719): loaded /vendor/lib/egl/libGLESv1_CM_adreno.so
D/libEGL  ( 3719): loaded /vendor/lib/egl/libGLESv2_adreno.so
I/ThermalEngine(  885): Sensor:batt_temp:42000 mC
E/QCALOG  (  899): [MessageQ] ProcessNewMessage: [XTWiFi-PE] unknown deliver target [OS-Agent]
E/QCALOG  (  899): [MessageQ] ProcessNewMessage: [XT-CS] unknown deliver target [OS-Agent]
E/QCALOG  (  899): [MessageQ] ProcessNewMessage: [XTWWAN-PE] unknown deliver target [OS-Agent]
I/ThermalEngine(  885): Sensor:batt_temp:42000 mC
I/UpstartPropertyWatcher(  856): Property changed: init.svc.ppd=running
I/UpstartPropertyWatcher(  856): Property changed: init.svc.gsiff_daemon=running
I/UpstartPropertyWatcher(  856): Property changed: init.svc.quipc_igsn=running
I/UpstartPropertyWatcher(  856): Property changed: init.svc.quipc_main=running
I/UpstartPropertyWatcher(  856): Property changed: init.svc.xtwifi_inet=running
D/libEGL  ( 3725): loaded /vendor/lib/egl/libEGL_adreno.so
D/libEGL  ( 3725): loaded /vendor/lib/egl/libGLESv1_CM_adreno.so
D/libEGL  ( 3725): loaded /vendor/lib/egl/libGLESv2_adreno.so
I/UpstartPropertyWatcher(  856): Property changed: init.svc.xtwifi_inet=restarting
I/UpstartPropertyWatcher(  856): Property changed: init.svc.gsiff_daemon=restarting
I/UpstartPropertyWatcher(  856): Property changed: init.svc.ppd=restarting
I/UpstartPropertyWatcher(  856): Property changed: init.svc.quipc_igsn=restarting
I/UpstartPropertyWatcher(  856): Property changed: init.svc.quipc_main=restarting
I/ThermalEngine(  885): Sensor:batt_temp:42000 mC
I/ThermalEngine(  885): Sensor:batt_temp:42000 mC
D/libEGL  ( 3736): loaded /vendor/lib/egl/libEGL_adreno.so
D/libEGL  ( 3736): loaded /vendor/lib/egl/libGLESv1_CM_adreno.so
D/libEGL  ( 3736): loaded /vendor/lib/egl/libGLESv2_adreno.so
I/ThermalEngine(  885): Sensor:batt_temp:42100 mC
I/ThermalEngine(  885): Sensor:batt_temp:42000 mC
D/QSEECOMD: ( 3742): qseecom listener services process entry PPID = 3441
E/QSEECOMD: ( 3742): Listener: index = 0, hierarchy = 0
D/QSEECOMD: ( 3742): Init dlopen(librpmb.so, RTLD_NOW) succeeds
D/QSEECOMD: ( 3742): Init::Init dlsym(g_FSHandle rpmb_init_service) succeeds
E/rpmb    ( 3742): Error finding /dev/block/mmcblk0rpmb (error no: 2)
E/DrmLibRpmb( 3742): Error: rpmb_init failed! with ret = 2
D/QSEECOMD: ( 3742): Init rpmb_init_service ret = 2
E/QSEECOMD: ( 3742): Init dlsym(g_FSHandle, rpmb_init_service) fail
E/QSEECOMD: ( 3742): ERROR: RPMB_INIT failed, shall not start listener services
E/QCALOG  (  899): [MessageQ] ProcessNewMessage: [XTWiFi-PE] unknown deliver target [OS-Agent]
E/QCALOG  (  899): [MessageQ] ProcessNewMessage: [XT-CS] unknown deliver target [OS-Agent]
E/QCALOG  (  899): [MessageQ] ProcessNewMessage: [XTWWAN-PE] unknown deliver target [OS-Agent]
D/libEGL  ( 3743): loaded /vendor/lib/egl/libEGL_adreno.so
D/libEGL  ( 3743): loaded /vendor/lib/egl/libGLESv1_CM_adreno.so
D/libEGL  ( 3743): loaded /vendor/lib/egl/libGLESv2_adreno.so
I/ThermalEngine(  885): Sensor:batt_temp:42100 mC
I/UpstartPropertyWatcher(  856): Property changed: init.svc.ppd=running
I/UpstartPropertyWatcher(  856): Property changed: init.svc.gsiff_daemon=running
I/UpstartPropertyWatcher(  856): Property changed: init.svc.quipc_igsn=running
I/UpstartPropertyWatcher(  856): Property changed: init.svc.quipc_main=running
I/UpstartPropertyWatcher(  856): Property changed: init.svc.xtwifi_inet=running
I/UpstartPropertyWatcher(  856): Property changed: init.svc.xtwifi_inet=restarting
I/UpstartPropertyWatcher(  856): Property changed: init.svc.ppd=restarting
I/UpstartPropertyWatcher(  856): Property changed: init.svc.quipc_igsn=restarting
I/UpstartPropertyWatcher(  856): Property changed: init.svc.gsiff_daemon=restarting
I/UpstartPropertyWatcher(  856): Property changed: init.svc.quipc_main=restarting
I/ThermalEngine(  885): Sensor:batt_temp:42000 mC
D/libEGL  ( 3754): loaded /vendor/lib/egl/libEGL_adreno.so
D/libEGL  ( 3754): loaded /vendor/lib/egl/libGLESv1_CM_adreno.so
D/libEGL  ( 3754): loaded /vendor/lib/egl/libGLESv2_adreno.so
I/ThermalEngine(  885): Sensor:batt_temp:42100 mC
I/ThermalEngine(  885): Sensor:batt_temp:42000 mC
D/libEGL  ( 3760): loaded /vendor/lib/egl/libEGL_adreno.so
D/libEGL  ( 3760): loaded /vendor/lib/egl/libGLESv1_CM_adreno.so
D/libEGL  ( 3760): loaded /vendor/lib/egl/libGLESv2_adreno.so
I/ThermalEngine(  885): Sensor:batt_temp:42100 mC
E/QCALOG  (  899): [MessageQ] ProcessNewMessage: [XTWiFi-PE] unknown deliver target [OS-Agent]
E/QCALOG  (  899): [MessageQ] ProcessNewMessage: [XT-CS] unknown deliver target [OS-Agent]
E/QCALOG  (  899): [MessageQ] ProcessNewMessage: [XTWWAN-PE] unknown deliver target [OS-Agent]
I/ThermalEngine(  885): Sensor:batt_temp:42100 mC
I/UpstartPropertyWatcher(  856): Property changed: init.svc.ppd=running
I/UpstartPropertyWatcher(  856): Property changed: init.svc.gsiff_daemon=running
I/UpstartPropertyWatcher(  856): Property changed: init.svc.quipc_igsn=running
I/UpstartPropertyWatcher(  856): Property changed: init.svc.quipc_main=running
I/UpstartPropertyWatcher(  856): Property changed: init.svc.xtwifi_inet=running
D/libEGL  ( 3766): loaded /vendor/lib/egl/libEGL_adreno.so
I/UpstartPropertyWatcher(  856): Property changed: init.svc.ppd=restarting
D/libEGL  ( 3766): loaded /vendor/lib/egl/libGLESv1_CM_adreno.so
I/UpstartPropertyWatcher(  856): Property changed: init.svc.quipc_igsn=restarting
I/UpstartPropertyWatcher(  856): Property changed: init.svc.xtwifi_inet=restarting
D/libEGL  ( 3766): loaded /vendor/lib/egl/libGLESv2_adreno.so
I/UpstartPropertyWatcher(  856): Property changed: init.svc.gsiff_daemon=restarting
I/UpstartPropertyWatcher(  856): Property changed: init.svc.quipc_main=restarting
I/ThermalEngine(  885): Sensor:batt_temp:42100 mC
I/qrngp   ( 3775): Entering qrngp
I/qrngp   ( 3775): msm_rng fd = 7
I/qrngp   ( 3775): bus_bandwidth_reset success
I/ThermalEngine(  885): Sensor:batt_temp:42100 mC
D/libEGL  ( 3778): loaded /vendor/lib/egl/libEGL_adreno.so
D/libEGL  ( 3778): loaded /vendor/lib/egl/libGLESv1_CM_adreno.so
D/libEGL  ( 3778): loaded /vendor/lib/egl/libGLESv2_adreno.so
I/ThermalEngine(  885): Sensor:batt_temp:42100 mC
E/QCALOG  (  899): [MessageQ] ProcessNewMessage: [LOWI-SERVER] unknown deliver target [OS-Agent]
I/ThermalEngine(  885): Sensor:batt_temp:42100 mC
E/QCALOG  (  899): [MessageQ] ProcessNewMessage: [XTWiFi-PE] unknown deliver target [OS-Agent]
E/QCALOG  (  899): [MessageQ] ProcessNewMessage: [XT-CS] unknown deliver target [OS-Agent]
E/QCALOG  (  899): [MessageQ] ProcessNewMessage: [XTWWAN-PE] unknown deliver target [OS-Agent]
D/libEGL  ( 3784): loaded /vendor/lib/egl/libEGL_adreno.so
D/libEGL  ( 3784): loaded /vendor/lib/egl/libGLESv1_CM_adreno.so
D/libEGL  ( 3784): loaded /vendor/lib/egl/libGLESv2_adreno.so
I/ThermalEngine(  885): Sensor:batt_temp:42100 mC
I/UpstartPropertyWatcher(  856): Property changed: init.svc.ppd=running
I/UpstartPropertyWatcher(  856): Property changed: init.svc.gsiff_daemon=running
I/UpstartPropertyWatcher(  856): Property changed: init.svc.quipc_igsn=running
I/UpstartPropertyWatcher(  856): Property changed: init.svc.quipc_main=running
I/UpstartPropertyWatcher(  856): Property changed: init.svc.xtwifi_inet=running
I/UpstartPropertyWatcher(  856): Property changed: init.svc.quipc_igsn=restarting
I/UpstartPropertyWatcher(  856): Property changed: init.svc.xtwifi_inet=restarting
I/UpstartPropertyWatcher(  856): Property changed: init.svc.ppd=restarting
I/UpstartPropertyWatcher(  856): Property changed: init.svc.gsiff_daemon=restarting
I/UpstartPropertyWatcher(  856): Property changed: init.svc.quipc_main=restarting
I/ThermalEngine(  885): Sensor:batt_temp:42100 mC
D/libEGL  ( 3796): loaded /vendor/lib/egl/libEGL_adreno.so
D/libEGL  ( 3796): loaded /vendor/lib/egl/libGLESv1_CM_adreno.so
D/libEGL  ( 3796): loaded /vendor/lib/egl/libGLESv2_adreno.so
I/ThermalEngine(  885): Sensor:batt_temp:42100 mC
I/ThermalEngine(  885): Sensor:batt_temp:42100 mC
D/libEGL  ( 3802): loaded /vendor/lib/egl/libEGL_adreno.so
D/libEGL  ( 3802): loaded /vendor/lib/egl/libGLESv1_CM_adreno.so
D/libEGL  ( 3802): loaded /vendor/lib/egl/libGLESv2_adreno.so
I/ThermalEngine(  885): Sensor:batt_temp:42200 mC
E/QCALOG  (  899): [MessageQ] ProcessNewMessage: [XTWiFi-PE] unknown deliver target [OS-Agent]
E/QCALOG  (  899): [MessageQ] ProcessNewMessage: [XT-CS] unknown deliver target [OS-Agent]
E/QCALOG  (  899): [MessageQ] ProcessNewMessage: [XTWWAN-PE] unknown deliver target [OS-Agent]
I/ThermalEngine(  885): Sensor:batt_temp:42100 mC
I/UpstartPropertyWatcher(  856): Property changed: init.svc.ppd=running
I/UpstartPropertyWatcher(  856): Property changed: init.svc.gsiff_daemon=running
I/UpstartPropertyWatcher(  856): Property changed: init.svc.quipc_igsn=running
I/UpstartPropertyWatcher(  856): Property changed: init.svc.quipc_main=running
I/UpstartPropertyWatcher(  856): Property changed: init.svc.xtwifi_inet=running
I/UpstartPropertyWatcher(  856): Property changed: init.svc.quipc_igsn=restarting
D/libEGL  ( 3808): loaded /vendor/lib/egl/libEGL_adreno.so
I/UpstartPropertyWatcher(  856): Property changed: init.svc.xtwifi_inet=restarting
D/libEGL  ( 3808): loaded /vendor/lib/egl/libGLESv1_CM_adreno.so
D/libEGL  ( 3808): loaded /vendor/lib/egl/libGLESv2_adreno.so
I/UpstartPropertyWatcher(  856): Property changed: init.svc.ppd=restarting
I/UpstartPropertyWatcher(  856): Property changed: init.svc.gsiff_daemon=restarting
I/UpstartPropertyWatcher(  856): Property changed: init.svc.quipc_main=restarting
I/ThermalEngine(  885): Sensor:batt_temp:42200 mC
I/ThermalEngine(  885): Sensor:batt_temp:42100 mC
D/libEGL  ( 3819): loaded /vendor/lib/egl/libEGL_adreno.so
D/libEGL  ( 3819): loaded /vendor/lib/egl/libGLESv1_CM_adreno.so
D/libEGL  ( 3819): loaded /vendor/lib/egl/libGLESv2_adreno.so
I/ThermalEngine(  885): Sensor:batt_temp:42200 mC
I/ThermalEngine(  885): Sensor:batt_temp:42100 mC
E/QCALOG  (  899): [MessageQ] ProcessNewMessage: [XTWiFi-PE] unknown deliver target [OS-Agent]
E/QCALOG  (  899): [MessageQ] ProcessNewMessage: [XT-CS] unknown deliver target [OS-Agent]
E/QCALOG  (  899): [MessageQ] ProcessNewMessage: [XTWWAN-PE] unknown deliver target [OS-Agent]
D/libEGL  ( 3825): loaded /vendor/lib/egl/libEGL_adreno.so
D/libEGL  ( 3825): loaded /vendor/lib/egl/libGLESv1_CM_adreno.so
D/libEGL  ( 3825): loaded /vendor/lib/egl/libGLESv2_adreno.so
I/ThermalEngine(  885): Sensor:batt_temp:42200 mC
I/UpstartPropertyWatcher(  856): Property changed: init.svc.ppd=running
I/UpstartPropertyWatcher(  856): Property changed: init.svc.gsiff_daemon=running
I/UpstartPropertyWatcher(  856): Property changed: init.svc.quipc_igsn=running
I/UpstartPropertyWatcher(  856): Property changed: init.svc.quipc_main=running
I/UpstartPropertyWatcher(  856): Property changed: init.svc.xtwifi_inet=running
I/UpstartPropertyWatcher(  856): Property changed: init.svc.xtwifi_inet=restarting
I/UpstartPropertyWatcher(  856): Property changed: init.svc.quipc_igsn=restarting
I/UpstartPropertyWatcher(  856): Property changed: init.svc.ppd=restarting
I/UpstartPropertyWatcher(  856): Property changed: init.svc.quipc_main=restarting
I/UpstartPropertyWatcher(  856): Property changed: init.svc.gsiff_daemon=restarting
I/ThermalEngine(  885): Sensor:batt_temp:42200 mC
D/libEGL  ( 3836): loaded /vendor/lib/egl/libEGL_adreno.so
D/libEGL  ( 3836): loaded /vendor/lib/egl/libGLESv1_CM_adreno.so
D/libEGL  ( 3836): loaded /vendor/lib/egl/libGLESv2_adreno.so
I/ThermalEngine(  885): Sensor:batt_temp:42300 mC
I/ThermalEngine(  885): Sensor:batt_temp:42200 mC
D/libEGL  ( 3842): loaded /vendor/lib/egl/libEGL_adreno.so
D/libEGL  ( 3842): loaded /vendor/lib/egl/libGLESv1_CM_adreno.so
D/libEGL  ( 3842): loaded /vendor/lib/egl/libGLESv2_adreno.so
I/ThermalEngine(  885): Sensor:batt_temp:42300 mC
E/QCALOG  (  899): [MessageQ] ProcessNewMessage: [XTWiFi-PE] unknown deliver target [OS-Agent]
E/QCALOG  (  899): [MessageQ] ProcessNewMessage: [XT-CS] unknown deliver target [OS-Agent]
E/QCALOG  (  899): [MessageQ] ProcessNewMessage: [XTWWAN-PE] unknown deliver target [OS-Agent]
I/MP-Decision( 3848): Decision parameters CPU 0: Nw=0.000000, Tw=0, Ns=0.000000, Ts=0
I/MP-Decision( 3848): util_h_and=0, util_h_or=0, util_low=0
I/MP-Decision( 3848): Decision parameters CPU 1: Nw=1.900000, Tw=140, Ns=1.100000, Ts=190
I/MP-Decision( 3848): util_h_and=35, util_h_or=75, util_low=20
I/MP-Decision( 3848): Decision parameters CPU 2: Nw=2.700000, Tw=90, Ns=2.100000, Ts=240
I/MP-Decision( 3848): util_h_and=0, util_h_or=400, util_low=0
