--------- beginning of /dev/alog/main
I/UpstartPropertyWatcher(  995): Starting upstart property watcher
I/UpstartPropertyWatcher(  995): Upstart property watcher connected to socket '/dev/socket/upstart-text-bridge'
I/UpstartPropertyWatcher(  995): Notifying the entire property list
I/UpstartPropertyWatcher(  995): Property changed: af.resampler.quality=4
I/UpstartPropertyWatcher(  995): Property changed: av.offload.enable=true
I/UpstartPropertyWatcher(  995): Property changed: cm.updater.uri=http://ota.randomdroids.com/api
I/UpstartPropertyWatcher(  995): Property changed: mm.enable.qcom_parser=37491
I/UpstartPropertyWatcher(  995): Property changed: mm.enable.smoothstreaming=true
I/UpstartPropertyWatcher(  995): Property changed: ro.cm.device=armani
I/UpstartPropertyWatcher(  995): Property changed: ro.qc.sdk.izat.service_mask=0x5
I/UpstartPropertyWatcher(  995): Property changed: ro.qc.sdk.izat.premium_enabled=1
I/UpstartPropertyWatcher(  995): Property changed: ro.qc.sdk.audio.ssr=false
I/UpstartPropertyWatcher(  995): Property changed: ro.qc.sdk.audio.fluencetype=fluence
I/UpstartPropertyWatcher(  995): Property changed: ro.sf.lcd_density=320
I/UpstartPropertyWatcher(  995): Property changed: ro.com.android.dateformat=MM-dd-yyyy
I/UpstartPropertyWatcher(  995): Property changed: ro.com.android.dataroaming=true
I/UpstartPropertyWatcher(  995): Property changed: ro.cwm.forbid_mount=/persist,/firmware
I/UpstartPropertyWatcher(  995): Property changed: ro.cwm.forbid_format=/fsg,/firmware,/boot,/persist
I/UpstartPropertyWatcher(  995): Property changed: ro.cwm.enable_key_repeat=true
I/UpstartPropertyWatcher(  995): Property changed: ro.gps.agps_provider=1
I/UpstartPropertyWatcher(  995): Property changed: ro.boot.emmc=true
I/UpstartPropertyWatcher(  995): Property changed: ro.boot.modem=HM1AW
I/UpstartPropertyWatcher(  995): Property changed: ro.boot.baseband=msm
I/UpstartPropertyWatcher(  995): Property changed: ro.boot.hardware=armani
I/UpstartPropertyWatcher(  995): Property changed: ro.boot.serialno=9924b89b
I/UpstartPropertyWatcher(  995): Property changed: ro.boot.hwversion=40
I/UpstartPropertyWatcher(  995): Property changed: ro.emmc=0
I/UpstartPropertyWatcher(  995): Property changed: ro.wifi.channels=
I/UpstartPropertyWatcher(  995): Property changed: ro.allow.mock.location=0
I/UpstartPropertyWatcher(  995): Property changed: ro.board.platform=msm8226
I/UpstartPropertyWatcher(  995): Property changed: ro.build.id=KTU84Q
I/UpstartPropertyWatcher(  995): Property changed: ro.build.date=Sen Nov 30 22:21:32 WIB 2015
I/UpstartPropertyWatcher(  995): Property changed: ro.build.date.utc=1448896892
I/UpstartPropertyWatcher(  995): Property changed: ro.build.host=elasrofxela
I/UpstartPropertyWatcher(  995): Property changed: ro.build.tags=test-keys
I/UpstartPropertyWatcher(  995): Property changed: ro.build.type=userdebug
I/UpstartPropertyWatcher(  995): Property changed: ro.build.user=alexforsale
I/UpstartPropertyWatcher(  995): Property changed: ro.build.display.id=phablet_armani-userdebug 4.4.4 KTU84Q eng.alexforsale.20151130.222021 test-keys
I/UpstartPropertyWatcher(  995): Property changed: ro.build.product=armani
I/UpstartPropertyWatcher(  995): Property changed: ro.build.version.sdk=19
I/UpstartPropertyWatcher(  995): Property changed: ro.build.version.base_os=
I/UpstartPropertyWatcher(  995): Property changed: ro.build.version.release=4.4.4
I/UpstartPropertyWatcher(  995): Property changed: ro.build.version.codename=REL
I/UpstartPropertyWatcher(  995): Property changed: ro.build.version.incremental=eng.alexforsale.20151130.222021
I/UpstartPropertyWatcher(  995): Property changed: ro.build.version.security_patch=2015-11-01
I/UpstartPropertyWatcher(  995): Property changed: ro.build.description=armani-user 4.4.4 KTU84P V7.0.5.0.KHCMICI release-keys
I/UpstartPropertyWatcher(  995): Property changed: ro.build.fingerprint=Xiaomi/armani/armani:4.4.4/KTU84P/V7.0.5.0.KHCMICI:user/release-keys
I/UpstartPropertyWatcher(  995): Property changed: ro.build.characteristics=default
I/UpstartPropertyWatcher(  995): Property changed: ro.crypto.fuse_sdcard=true
I/UpstartPropertyWatcher(  995): Property changed: ro.secure=1
I/UpstartPropertyWatcher(  995): Property changed: ro.vendor.extension_library=/vendor/lib/libqc-opt.so
I/UpstartPropertyWatcher(  995): Property changed: ro.carrier=unknown
I/UpstartPropertyWatcher(  995): Property changed: ro.product.cpu.abi=armeabi-v7a
I/UpstartPropertyWatcher(  995): Property changed: ro.product.cpu.abi2=armeabi
I/UpstartPropertyWatcher(  995): Property changed: ro.product.name=armani
I/UpstartPropertyWatcher(  995): Property changed: ro.product.board=MSM8226
I/UpstartPropertyWatcher(  995): Property changed: ro.product.brand=Xiaomi
I/UpstartPropertyWatcher(  995): Property changed: ro.product.model=HM 1SW
I/UpstartPropertyWatcher(  995): Property changed: ro.product.device=armani
I/UpstartPropertyWatcher(  995): Property changed: ro.product.locale.region=US
I/UpstartPropertyWatcher(  995): Property changed: ro.product.locale.language=en
I/UpstartPropertyWatcher(  995): Property changed: ro.product.manufacturer=Xiaomi
I/UpstartPropertyWatcher(  995): Property changed: ro.baseband=msm
I/UpstartPropertyWatcher(  995): Property changed: ro.bootmode=unknown
I/UpstartPropertyWatcher(  995): Property changed: ro.hardware=armani
I/UpstartPropertyWatcher(  995): Property changed: ro.opengles.version=196608
I/UpstartPropertyWatcher(  995): Property changed: ro.qualcomm.cabl=0
I/UpstartPropertyWatcher(  995): Property changed: ro.revision=0
I/UpstartPropertyWatcher(  995): Property changed: ro.serialno=9924b89b
I/UpstartPropertyWatcher(  995): Property changed: ro.telephony.call_ring.multiple=false
I/UpstartPropertyWatcher(  995): Property changed: ro.telephony.default_network=0,1
I/UpstartPropertyWatcher(  995): Property changed: ro.bootloader=unknown
I/UpstartPropertyWatcher(  995): Property changed: ro.debuggable=1
I/UpstartPropertyWatcher(  995): Property changed: ro.factorytest=0
I/UpstartPropertyWatcher(  995): Property changed: dev.pm.dyn_samplingrate=1
I/UpstartPropertyWatcher(  995): Property changed: drm.service.enabled=true
I/UpstartPropertyWatcher(  995): Property changed: mmp.enable.3g2=true
I/UpstartPropertyWatcher(  995): Property changed: net.bt.name=Android
I/UpstartPropertyWatcher(  995): Property changed: net.change=net.bt.name
I/UpstartPropertyWatcher(  995): Property changed: ril.device=qcom_msim
I/UpstartPropertyWatcher(  995): Property changed: ril.num_slots=2
I/UpstartPropertyWatcher(  995): Property changed: ril.subscription.types=RUIM
I/UpstartPropertyWatcher(  995): Property changed: use.voice.path.for.pcm.voip=true
I/UpstartPropertyWatcher(  995): Property changed: init.svc.ueventd=running
I/UpstartPropertyWatcher(  995): Property changed: init.svc.upstart-watcher=running
I/UpstartPropertyWatcher(  995): Property changed: qcom.bt.dev_power_class=1
I/UpstartPropertyWatcher(  995): Property changed: qcom.hw.aac.encoder=true
I/UpstartPropertyWatcher(  995): Property changed: rild.libargs=-d /dev/smd0
I/UpstartPropertyWatcher(  995): Property changed: rild.libpath=/vendor/lib/libril-qc-qmi-1.so
I/UpstartPropertyWatcher(  995): Property changed: vold.post_fs_data_done=1
I/UpstartPropertyWatcher(  995): Property changed: wifi.interface=wlan0
I/UpstartPropertyWatcher(  995): Property changed: audio.offload.pcm.enable=false
I/UpstartPropertyWatcher(  995): Property changed: audio.offload.buffer.size.kb=32
I/UpstartPropertyWatcher(  995): Property changed: audio.offload.disable=1
I/UpstartPropertyWatcher(  995): Property changed: audio.offload.gapless.enabled=true
I/UpstartPropertyWatcher(  995): Property changed: debug.sf.hw=1
I/UpstartPropertyWatcher(  995): Property changed: debug.sf.fb_always_on=1
I/UpstartPropertyWatcher(  995): Property changed: debug.egl.hw=1
I/UpstartPropertyWatcher(  995): Property changed: debug.mdpcomp.logs=0
I/UpstartPropertyWatcher(  995): Property changed: debug.composition.type=c2d
I/UpstartPropertyWatcher(  995): Property changed: media.stagefright.enable-aac=true
I/UpstartPropertyWatcher(  995): Property changed: media.stagefright.enable-qcp=true
I/UpstartPropertyWatcher(  995): Property changed: media.stagefright.enable-http=true
I/UpstartPropertyWatcher(  995): Property changed: media.stagefright.enable-scan=true
I/UpstartPropertyWatcher(  995): Property changed: media.stagefright.enable-fma2dp=true
I/UpstartPropertyWatcher(  995): Property changed: media.stagefright.enable-player=true
I/UpstartPropertyWatcher(  995): Property changed: dalvik.vm.heapsize=256m
I/UpstartPropertyWatcher(  995): Property changed: dalvik.vm.lockprof.threshold=500
I/UpstartPropertyWatcher(  995): Property changed: dalvik.vm.heapmaxfree=8m
I/UpstartPropertyWatcher(  995): Property changed: dalvik.vm.heapminfree=2m
I/UpstartPropertyWatcher(  995): Property changed: dalvik.vm.dexopt-flags=m=y
I/UpstartPropertyWatcher(  995): Property changed: dalvik.vm.heapstartsize=8m
I/UpstartPropertyWatcher(  995): Property changed: dalvik.vm.heapgrowthlimit=96m
I/UpstartPropertyWatcher(  995): Property changed: dalvik.vm.stack-trace-file=/data/anr/traces.txt
I/UpstartPropertyWatcher(  995): Property changed: dalvik.vm.heaptargetutilization=0.75
I/UpstartPropertyWatcher(  995): Property changed: persist.gps.qc_nlp_in_use=1
I/UpstartPropertyWatcher(  995): Property changed: persist.hwc.mdpcomp.enable=true
I/UpstartPropertyWatcher(  995): Property changed: persist.loc.nlp_name=com.qualcomm.services.location
I/UpstartPropertyWatcher(  995): Property changed: persist.sys.usb.config=mtp,adb
I/UpstartPropertyWatcher(  995): Property changed: persist.sys.wfd.virtual=0
I/UpstartPropertyWatcher(  995): Property changed: persist.sys.dalvik.vm.lib=libdvm.so
I/UpstartPropertyWatcher(  995): Property changed: persist.data.netmgrd.qos.enable=true
I/UpstartPropertyWatcher(  995): Property changed: persist.audio.fluence.speaker=false
I/UpstartPropertyWatcher(  995): Property changed: persist.audio.fluence.voicerec=true
I/UpstartPropertyWatcher(  995): Property changed: persist.audio.fluence.voicecall=true
I/UpstartPropertyWatcher(  995): Property changed: persist.debug.wfd.enable=1
I/UpstartPropertyWatcher(  995): Property changed: persist.radio.multisim.config=dsds
I/UpstartPropertyWatcher(  995): Property changed: persist.radio.msgtunnel.start=false
I/UpstartPropertyWatcher(  995): Property changed: persist.radio.dont_use_dsd=true
I/UpstartPropertyWatcher(  995): Property changed: persist.radio.apm_sim_not_pwdn=1
I/UpstartPropertyWatcher(  995): Property changed: persist.timed.enable=true
I/UpstartPropertyWatcher(  995): Property changed: persist.ubuntu.version=unknown
I/UpstartPropertyWatcher(  995): Property changed: persist.ubuntu.version.custom=unknown
I/UpstartPropertyWatcher(  995): Property changed: persist.ubuntu.version.device=unknown
I/UpstartPropertyWatcher(  995): Property changed: persist.ubuntu.version.rootfs=unknown
I/UpstartPropertyWatcher(  995): Property changed: persist.ubuntu.version.channel=unknown
I/UpstartPropertyWatcher(  995): Property changed: persist.ubuntu.default_language=unknown
I/UpstartPropertyWatcher(  995): Property changed: selinux.reload_policy=1
I/UpstartPropertyWatcher(  995): Property changed: keyguard.no_require_sim=true
I/UpstartPropertyWatcher(  995): Property changed: bluetooth.hfp.client=1
I/UpstartPropertyWatcher(  995): Notifying changes only
I/UpstartPropertyWatcher(  995): Property changed: net.tcp.buffersize.default=4096,87380,704512,4096,16384,110208
I/UpstartPropertyWatcher(  995): Property changed: net.change=net.tcp.buffersize.default
I/UpstartPropertyWatcher(  995): Property changed: net.tcp.buffersize.wifi=524288,1048576,2097152,262144,524288,1048576
I/UpstartPropertyWatcher(  995): Property changed: net.change=net.tcp.buffersize.wifi
I/UpstartPropertyWatcher(  995): Property changed: net.tcp.buffersize.lte=524288,1048576,2097152,262144,524288,1048576
I/UpstartPropertyWatcher(  995): Property changed: net.change=net.tcp.buffersize.lte
I/UpstartPropertyWatcher(  995): Property changed: net.tcp.buffersize.umts=4094,87380,110208,4096,16384,110208
I/UpstartPropertyWatcher(  995): Property changed: net.change=net.tcp.buffersize.umts
I/UpstartPropertyWatcher(  995): Property changed: net.tcp.buffersize.hspa=4094,87380,1220608,4096,16384,1220608
I/UpstartPropertyWatcher(  995): Property changed: net.change=net.tcp.buffersize.hspa
I/UpstartPropertyWatcher(  995): Property changed: net.tcp.buffersize.hsupa=4094,87380,1220608,4096,16384,1220608
I/UpstartPropertyWatcher(  995): Property changed: net.change=net.tcp.buffersize.hsupa
I/UpstartPropertyWatcher(  995): Property changed: net.tcp.buffersize.hsdpa=4094,87380,1220608,4096,16384,1220608
I/UpstartPropertyWatcher(  995): Property changed: net.change=net.tcp.buffersize.hsdpa
I/UpstartPropertyWatcher(  995): Property changed: net.tcp.buffersize.hspap=4094,87380,1220608,4096,16384,1220608
I/UpstartPropertyWatcher(  995): Property changed: net.change=net.tcp.buffersize.hspap
I/UpstartPropertyWatcher(  995): Property changed: net.tcp.buffersize.dchspap=4094,87380,1220608,4096,16384,1220608
I/UpstartPropertyWatcher(  995): Property changed: net.change=net.tcp.buffersize.dchspap
I/UpstartPropertyWatcher(  995): Property changed: net.tcp.buffersize.edge=4093,26280,35040,4096,16384,35040
I/UpstartPropertyWatcher(  995): Property changed: net.change=net.tcp.buffersize.edge
I/UpstartPropertyWatcher(  995): Property changed: net.tcp.buffersize.gprs=4092,8760,11680,4096,8760,11680
I/UpstartPropertyWatcher(  995): Property changed: net.change=net.tcp.buffersize.gprs
I/UpstartPropertyWatcher(  995): Property changed: net.tcp.buffersize.evdo=4094,87380,262144,4096,16384,262144
I/UpstartPropertyWatcher(  995): Property changed: net.change=net.tcp.buffersize.evdo
I/UpstartPropertyWatcher(  995): Property changed: net.tcp.buffersize.evdo_b=4096,87380,704512,4096,16384,262144
I/UpstartPropertyWatcher(  995): Property changed: net.change=net.tcp.buffersize.evdo_b
I/UpstartPropertyWatcher(  995): Property changed: net.tcp.default_init_rwnd=60
I/UpstartPropertyWatcher(  995): Property changed: net.change=net.tcp.default_init_rwnd
I/UpstartPropertyWatcher(  995): Property changed: init.svc.healthd=running
I/UpstartPropertyWatcher(  995): Property changed: init.svc.servicemanager=running
I/UpstartPropertyWatcher(  995): Property changed: init.svc.rmt_storage=running
I/UpstartPropertyWatcher(  995): Property changed: init.svc.config_bluetooth=running
I/UpstartPropertyWatcher(  995): Property changed: init.svc.auditd=running
I/UpstartPropertyWatcher(  995): Property changed: init.svc.debuggerd=running
I/UpstartPropertyWatcher(  995): Property changed: init.svc.ril-daemon=running
I/UpstartPropertyWatcher(  995): Property changed: init.svc.drm=running
I/UpstartPropertyWatcher(  995): Property changed: init.svc.media=running
I/UpstartPropertyWatcher(  995): Property changed: init.svc.installd=running
I/UpstartPropertyWatcher(  995): Property changed: init.svc.irsc_util=running
I/UpstartPropertyWatcher(  995): Property changed: init.svc.qmuxd=running
I/irsc_util( 1029): irsc tool created:0xb8c85020
I/irsc_util( 1029): Starting irsc tool
I/irsc_util( 1029): Trying to open sec config file
I/UpstartPropertyWatcher(  995): Property changed: init.svc.netmgrd=running
I/UpstartPropertyWatcher(  995): Property changed: init.svc.sensors=running
I/irsc_util( 1029): file_parser Number of element :0
--------- beginning of /dev/alog/system
I/auditd  ( 1020): Starting up
I/audit_log( 1020): Previous audit logfile not detected
I/DEBUG   ( 1021): debuggerd: Nov 29 2015 03:37:15
I/irsc_util( 1029): file_parser Invalid Format or Comment - '/* IPC Security Config */
I/irsc_util( 1029): '
I/irsc_util( 1029): file_parser Number of element :0
I/irsc_util( 1029): file_parser Invalid Format or Comment - '/* <GPS QMI Service ID - 16>:<GPS QMI Instance ID - all instances>:<Client Group ID> */
I/irsc_util( 1029): '
I/irsc_util( 1029): file_parser Number of element :4
I/irsc_util( 1029): file_parser Number of element :5
I/irsc_util( 1029): file_parser Number of element :0
I/irsc_util( 1029): file_parser Invalid Format or Comment - '
I/irsc_util( 1029): '
I/irsc_util( 1029): file_parser Number of element :0
I/irsc_util( 1029): file_parser Invalid Format or Comment - '/* Allow SS CTL service to be used by system and net_raw processes */
I/irsc_util( 1029): '
I/irsc_util( 1029): file_parser Number of element :4
I/irsc_util( 1029): file_parser Number of element :0
I/irsc_util( 1029): file_parser Invalid Format or Comment - '/* Allow Sensor services to be used by sensor process */
I/irsc_util( 1029): '
I/irsc_util( 1029): file_parser Number of element :3
I/irsc_util( 1029): file_parser Number of element :3
I/irsc_util( 1029): file_parser Number of element :3
I/irsc_util( 1029): file_parser Number of element :3
I/irsc_util( 1029): file_parser Number of element :3
I/irsc_util( 1029): file_parser Number of element :3
I/irsc_util( 1029): file_parser Number of element :3
I/irsc_util( 1029): file_parser Number of element :3
I/irsc_util( 1029): file_parser Number of element :3
I/irsc_util( 1029): file_parser Number of element :3
I/irsc_util( 1029): file_parser Number of element :3
I/irsc_util( 1029): file_parser Number of element :3
I/irsc_util( 1029): file_parser Number of element :3
I/irsc_util( 1029): file_parser Number of element :3
I/irsc_util( 1029): file_parser Number of element :3
I/irsc_util( 1029): file_parser Number of element :3
I/irsc_util( 1029): file_parser Number of element :3
I/irsc_util( 1029): file_parser Number of element :3
I/irsc_util( 1029): file_parser Number of element :3
I/irsc_util( 1029): file_parser Number of element :3
I/irsc_util( 1029): file_parser Number of element :3
I/irsc_util( 1029): file_parser Number of element :3
I/irsc_util( 1029): file_parser Number of element :3
I/irsc_util( 1029): file_parser Number of element :3
I/irsc_util( 1029): file_parser Number of element :3
I/irsc_util( 1029): file_parser Number of element :3
I/irsc_util( 1029): file_parser Number of element :3
I/irsc_util( 1029): file_parser Number of element :3
I/irsc_util( 1029): file_parser Number of element :3
I/irsc_util( 1029): file_parser Number of element :3
I/irsc_util( 1029): file_parser Number of element :3
I/UpstartPropertyWatcher(  995): Property changed: init.svc.ptt_socket_app=running
I/UpstartPropertyWatcher(  995): Property changed: init.svc.thermal-engine=running
I/UpstartPropertyWatcher(  995): Property changed: init.svc.qrngd=running
I/UpstartPropertyWatcher(  995): Property changed: init.svc.adsprpcd=running
I/irsc_util( 1029): file_parser Number of element :3
I/irsc_util( 1029): file_parser Number of element :3
I/irsc_util( 1029): file_parser Number of element :3
I/irsc_util( 1029): file_parser Number of element :3
I/irsc_util( 1029): file_parser Number of element :3
I/irsc_util( 1029): file_parser Number of element :3
I/irsc_util( 1029): file_parser Number of element :3
I/irsc_util( 1029): file_parser Number of element :3
I/irsc_util( 1029): file_parser Number of element :3
I/irsc_util( 1029): file_parser Number of element :3
I/irsc_util( 1029): file_parser Number of element :3
I/irsc_util( 1029): file_parser Number of element :3
I/irsc_util( 1029): file_parser Number of element :3
I/irsc_util( 1029): file_parser Number of element :3
I/irsc_util( 1029): file_parser Number of element :3
I/irsc_util( 1029): file_parser Number of element :3
I/irsc_util( 1029): file_parser Number of element :3
I/irsc_util( 1029): file_parser Number of element :3
I/irsc_util( 1029): file_parser Number of element :3
I/irsc_util( 1029): file_parser Number of element :3
I/irsc_util( 1029): file_parser Number of element :3
I/irsc_util( 1029): file_parser Number of element :3
I/irsc_util( 1029): file_parser Number of element :3
I/irsc_util( 1029): file_parser Number of element :3
I/irsc_util( 1029): file_parser Number of element :3
I/irsc_util( 1029): file_parser Number of element :3
I/irsc_util( 1029): file_parser Number of element :3
I/irsc_util( 1029): file_parser Number of element :3
I/irsc_util( 1029): file_parser Number of element :3
I/irsc_util( 1029): file_parser Number of element :3
I/irsc_util( 1029): file_parser Number of element :3
I/irsc_util( 1029): file_parser Number of element :3
I/irsc_util( 1029): file_parser Number of element :3
I/irsc_util( 1029): file_parser Number of element :3
I/irsc_util( 1029): file_parser Number of element :3
I/irsc_util( 1029): file_parser Number of element :3
I/irsc_util( 1029): file_parser Number of element :3
I/irsc_util( 1029): file_parser Number of element :3
I/irsc_util( 1029): file_parser Number of element :3
I/irsc_util( 1029): file_parser Number of element :3
I/irsc_util( 1029): file_parser Number of element :3
I/irsc_util( 1029): file_parser Number of element :3
I/irsc_util( 1029): file_parser Number of element :3
I/irsc_util( 1029): file_parser Number of element :3
I/irsc_util( 1029): file_parser Number of element :3
I/irsc_util( 1029): file_parser Number of element :3
I/irsc_util( 1029): file_parser Number of element :3
I/irsc_util( 1029): file_parser Number of element :3
I/irsc_util( 1029): file_parser Number of element :3
I/irsc_util( 1029): file_parser Number of element :3
I/qcom-bluetooth( 1033): /system/etc/init.qcom.bt.sh: init.qcom.bt.sh config = onboot 
I/irsc_util( 1029): file_parser Number of element :3
I/irsc_util( 1029): file_parser Number of element :3
I/irsc_util( 1029): file_parser Number of element :3
I/irsc_util( 1029): file_parser Number of element :3
I/irsc_util( 1029): file_parser Number of element :3
I/irsc_util( 1029): file_parser Number of element :3
I/irsc_util( 1029): file_parser Number of element :3
I/irsc_util( 1029): file_parser Number of element :3
I/irsc_util( 1029): file_parser Number of element :3
I/irsc_util( 1029): file_parser Number of element :3
I/irsc_util( 1029): file_parser Number of element :3
I/irsc_util( 1029): file_parser Number of element :3
I/irsc_util( 1029): file_parser Number of element :3
I/irsc_util( 1029): file_parser Number of element :3
I/irsc_util( 1029): file_parser Number of element :3
I/irsc_util( 1029): file_parser Number of element :3
I/irsc_util( 1029): file_parser Number of element :3
I/irsc_util( 1029): file_parser Number of element :3
I/irsc_util( 1029): file_parser Number of element :3
I/irsc_util( 1029): file_parser Number of element :3
I/irsc_util( 1029): file_parser Number of element :3
I/irsc_util( 1029): file_parser Number of element :3
I/irsc_util( 1029): file_parser Number of element :3
I/irsc_util( 1029): file_parser Number of element :3
I/irsc_util( 1029): file_parser Number of element :3
I/irsc_util( 1029): file_parser Number of element :3
I/irsc_util( 1029): file_parser Number of element :3
I/irsc_util( 1029): file_parser Number of element :3
I/irsc_util( 1029): file_parser Number of element :3
I/irsc_util( 1029): file_parser Number of element :3
I/irsc_util( 1029): file_parser Number of element :3
I/irsc_util( 1029): file_parser Number of element :3
I/irsc_util( 1029): file_parser Number of element :3
I/irsc_util( 1029): file_parser Number of element :3
I/irsc_util( 1029): file_parser Number of element :3
I/irsc_util( 1029): file_parser Number of element :3
I/irsc_util( 1029): file_parser Number of element :3
I/irsc_util( 1029): file_parser Number of element :3
I/irsc_util( 1029): file_parser Number of element :3
I/irsc_util( 1029): file_parser Number of element :3
I/irsc_util( 1029): file_parser Number of element :3
I/irsc_util( 1029): file_parser Number of element :3
I/irsc_util( 1029): file_parser Number of element :3
I/irsc_util( 1029): file_parser Number of element :3
I/irsc_util( 1029): file_parser Number of element :3
I/irsc_util( 1029): file_parser Number of element :3
I/irsc_util( 1029): file_parser Number of element :3
I/irsc_util( 1029): file_parser Number of element :3
I/irsc_util( 1029): file_parser Number of element :3
I/irsc_util( 1029): file_parser Number of element :3
I/irsc_util( 1029): file_parser Number of element :3
I/irsc_util( 1029): file_parser Number of element :3
I/irsc_util( 1029): file_parser Number of element :3
I/irsc_util( 1029): file_parser Number of element :3
I/irsc_util( 1029): file_parser Number of element :3
I/irsc_util( 1029): file_parser Number of element :3
I/irsc_util( 1029): file_parser Number of element :3
I/irsc_util( 1029): file_parser Number of element :3
I/irsc_util( 1029): file_parser Number of element :3
I/irsc_util( 1029): file_parser Number of element :3
I/irsc_util( 1029): file_parser Number of element :3
I/irsc_util( 1029): file_parser Number of element :3
I/irsc_util( 1029): file_parser Number of element :3
I/irsc_util( 1029): file_parser Number of element :3
I/irsc_util( 1029): file_parser Number of element :3
I/irsc_util( 1029): file_parser Number of element :3
I/irsc_util( 1029): file_parser Number of element :3
I/irsc_util( 1029): file_parser Number of element :3
I/irsc_util( 1029): file_parser Number of element :3
I/irsc_util( 1029): file_parser Number of element :3
I/irsc_util( 1029): file_parser Number of element :3
I/irsc_util( 1029): file_parser Number of element :3
I/irsc_util( 1029): file_parser Number of element :3
I/irsc_util( 1029): file_parser Number of element :3
I/irsc_util( 1029): file_parser Number of element :3
I/irsc_util( 1029): file_parser Number of element :3
I/irsc_util( 1029): file_parser Number of element :3
I/irsc_util( 1029): file_parser Number of element :3
I/irsc_util( 1029): file_parser Number of element :3
I/irsc_util( 1029): file_parser Number of element :3
I/irsc_util( 1029): file_parser Number of element :3
I/irsc_util( 1029): file_parser Number of element :3
I/irsc_util( 1029): file_parser Number of element :3
I/irsc_util( 1029): file_parser Number of element :3
I/irsc_util( 1029): file_parser Number of element :3
I/irsc_util( 1029): file_parser Number of element :3
I/irsc_util( 1029): file_parser Number of element :3
I/irsc_util( 1029): file_parser Number of element :3
I/irsc_util( 1029): file_parser Number of element :3
I/irsc_util( 1029): file_parser Number of element :3
I/irsc_util( 1029): file_parser Number of element :3
I/irsc_util( 1029): file_parser Number of element :3
I/irsc_util( 1029): file_parser Number of element :3
I/irsc_util( 1029): file_parser Number of element :3
I/irsc_util( 1029): file_parser Number of element :3
I/irsc_util( 1029): file_parser Number of element :3
I/irsc_util( 1029): file_parser Number of element :3
I/irsc_util( 1029): file_parser Number of element :3
I/irsc_util( 1029): file_parser Number of element :3
I/qrngd   ( 1046): qrngd has started:
I/qrngd   ( 1046): Reading device:'/dev/hw_random' updating entropy for device:'/dev/random'
I/irsc_util( 1029): file_parser Number of element :3
I/irsc_util( 1029): file_parser Number of element :3
I/irsc_util( 1029): file_parser Number of element :3
I/irsc_util( 1029): file_parser Number of element :3
I/irsc_util( 1029): file_parser Number of element :3
I/irsc_util( 1029): file_parser Number of element :3
I/irsc_util( 1029): file_parser Number of element :3
I/irsc_util( 1029): file_parser Number of element :3
I/irsc_util( 1029): file_parser Number of element :3
I/irsc_util( 1029): file_parser Number of element :3
I/irsc_util( 1029): file_parser Number of element :3
I/irsc_util( 1029): file_parser Number of element :3
I/irsc_util( 1029): file_parser Number of element :3
I/irsc_util( 1029): file_parser Number of element :3
I/irsc_util( 1029): file_parser Number of element :3
I/irsc_util( 1029): file_parser Number of element :3
I/irsc_util( 1029): file_parser Number of element :3
I/installd( 1028): installd firing up
I/irsc_util( 1029): file_parser Number of element :3
E/cutils  ( 1028): Failed to read /data/.layout_version: No such file or directory
I/irsc_util( 1029): file_parser Number of element :3
I/irsc_util( 1029): file_parser Number of element :3
I/irsc_util( 1029): file_parser Number of element :3
I/irsc_util( 1029): file_parser Number of element :3
I/irsc_util( 1029): file_parser Number of element :3
I/irsc_util( 1029): file_parser Number of element :3
I/irsc_util( 1029): file_parser Number of element :3
I/irsc_util( 1029): file_parser Number of element :3
I/irsc_util( 1029): file_parser Number of element :3
I/irsc_util( 1029): file_parser Number of element :3
I/irsc_util( 1029): file_parser Number of element :3
I/irsc_util( 1029): file_parser Number of element :3
I/irsc_util( 1029): file_parser Number of element :3
I/irsc_util( 1029): file_parser Number of element :3
I/irsc_util( 1029): file_parser Number of element :3
I/irsc_util( 1029): file_parser Number of element :3
I/irsc_util( 1029): file_parser Number of element :3
I/irsc_util( 1029): file_parser Number of element :3
I/irsc_util( 1029): file_parser Number of element :3
I/irsc_util( 1029): file_parser Number of element :3
I/irsc_util( 1029): file_parser Number of element :3
I/irsc_util( 1029): file_parser Number of element :3
I/irsc_util( 1029): file_parser Number of element :3
I/irsc_util( 1029): file_parser Number of element :3
I/irsc_util( 1029): file_parser Number of element :3
I/irsc_util( 1029): file_parser Number of element :3
I/irsc_util( 1029): file_parser Number of element :3
D/installd( 1028): Upgrading /data/media for multi-user
I/irsc_util( 1029): file_parser Number of element :3
I/irsc_util( 1029): file_parser Number of element :3
I/irsc_util( 1029): file_parser Number of element :3
I/irsc_util( 1029): file_parser Number of element :3
I/irsc_util( 1029): file_parser Number of element :3
I/irsc_util( 1029): file_parser Number of element :3
I/irsc_util( 1029): file_parser Number of element :3
I/irsc_util( 1029): file_parser Number of element :3
I/irsc_util( 1029): file_parser Number of element :3
I/irsc_util( 1029): file_parser Number of element :3
I/irsc_util( 1029): file_parser Number of element :3
I/irsc_util( 1029): file_parser Number of element :3
I/irsc_util( 1029): file_parser Number of element :3
I/irsc_util( 1029): file_parser Number of element :3
I/irsc_util( 1029): file_parser Number of element :3
I/irsc_util( 1029): file_parser Number of element :3
I/irsc_util( 1029): file_parser Number of element :3
I/irsc_util( 1029): file_parser Number of element :3
I/irsc_util( 1029): file_parser Number of element :3
I/irsc_util( 1029): file_parser Number of element :3
I/irsc_util( 1029): file_parser Number of element :3
I/irsc_util( 1029): file_parser Number of element :3
I/irsc_util( 1029): file_parser Number of element :3
I/irsc_util( 1029): file_parser Number of element :3
I/irsc_util( 1029): file_parser Number of element :3
I/irsc_util( 1029): file_parser Number of element :3
I/irsc_util( 1029): file_parser Number of element :3
I/irsc_util( 1029): file_parser Number of element :3
I/irsc_util( 1029): file_parser Number of element :3
I/irsc_util( 1029): file_parser Number of element :3
D/installd( 1028): Upgrading to shared /data/media/obb
I/irsc_util( 1029): file_parser Number of element :3
I/irsc_util( 1029): file_parser Number of element :0
I/irsc_util( 1029): file_parser Invalid Format or Comment - '/* IPC Security Config */
I/irsc_util( 1029): '
I/irsc_util( 1029): file_parser Number of element :0
I/irsc_util( 1029): file_parser Invalid Format or Comment - '/* <GPS QMI Service ID - 16>:<GPS QMI Instance ID - all instances>:<Client Group ID> */
I/irsc_util( 1029): '
I/irsc_util( 1029): file_parser Number of element :4
I/irsc_util( 1029): file_parser Number of element :5
I/irsc_util( 1029): file_parser Number of element :0
I/irsc_util( 1029): file_parser Invalid Format or Comment - '
I/irsc_util( 1029): '
I/irsc_util( 1029): file_parser Number of element :0
I/irsc_util( 1029): file_parser Invalid Format or Comment - '/* Allow SS CTL service to be used by system and net_raw processes */
I/irsc_util( 1029): '
I/irsc_util( 1029): file_parser Number of element :4
I/irsc_util( 1029): file_parser Number of element :0
I/irsc_util( 1029): file_parser Invalid Format or Comment - '/* Allow Sensor services to be used by sensor process */
I/irsc_util( 1029): '
I/irsc_util( 1029): file_parser Number of element :3
I/irsc_util( 1029): file_parser Number of element :3
I/irsc_util( 1029): file_parser Number of element :3
I/irsc_util( 1029): file_parser Number of element :3
I/irsc_util( 1029): file_parser Number of element :3
I/irsc_util( 1029): file_parser Number of element :3
I/irsc_util( 1029): file_parser Number of element :3
I/irsc_util( 1029): file_parser Number of element :3
I/irsc_util( 1029): file_parser Number of element :3
I/irsc_util( 1029): file_parser Number of element :3
I/irsc_util( 1029): file_parser Number of element :3
I/irsc_util( 1029): file_parser Number of element :3
I/irsc_util( 1029): file_parser Number of element :3
I/rmt_storage( 1018): No EBR found
I/rmt_storage( 1018): Error (-1) parsing MBR partitions
I/rmt_storage( 1018): Registering modemst1: 0x4a /boot/modem_fs1
I/rmt_storage( 1018): Registering modemst2: 0x4b /boot/modem_fs2
I/rmt_storage( 1018): Registering fsg: 0x58 /boot/modem_fsg
I/rmt_storage( 1018): Registering ssd: 0x5d ssd
I/rmt_storage( 1018): Registering fsc: 0xff /boot/modem_fsc
I/rmt_storage( 1018): 5 GPT partitions found
I/irsc_util( 1029): file_parser Number of element :3
I/irsc_util( 1029): file_parser Number of element :3
I/irsc_util( 1029): file_parser Number of element :3
I/irsc_util( 1029): file_parser Number of element :3
I/irsc_util( 1029): file_parser Number of element :3
I/irsc_util( 1029): file_parser Number of element :3
I/irsc_util( 1029): file_parser Number of element :3
I/irsc_util( 1029): file_parser Number of element :3
I/irsc_util( 1029): file_parser Number of element :3
I/UpstartPropertyWatcher(  995): Property changed: sys.usb.config=mtp
I/irsc_util( 1029): file_parser Number of element :3
I/irsc_util( 1029): file_parser Number of element :3
I/irsc_util( 1029): file_parser Number of element :3
I/irsc_util( 1029): file_parser Number of element :3
I/irsc_util( 1029): file_parser Number of element :3
I/irsc_util( 1029): file_parser Number of element :3
I/irsc_util( 1029): file_parser Number of element :3
I/irsc_util( 1029): file_parser Number of element :3
I/irsc_util( 1029): file_parser Number of element :3
I/irsc_util( 1029): file_parser Number of element :3
I/irsc_util( 1029): file_parser Number of element :3
I/irsc_util( 1029): file_parser Number of element :3
I/UpstartPropertyWatcher(  995): Property changed: init.svc.sensorservice=running
I/UpstartPropertyWatcher(  995): Property changed: init.svc.sdcard=running
I/irsc_util( 1029): file_parser Number of element :3
I/irsc_util( 1029): file_parser Number of element :3
I/irsc_util( 1029): file_parser Number of element :3
I/irsc_util( 1029): file_parser Number of element :3
I/irsc_util( 1029): file_parser Number of element :3
I/UpstartPropertyWatcher(  995): Property changed: init.svc.qcamerasvr=running
I/irsc_util( 1029): file_parser Number of element :3
I/irsc_util( 1029): file_parser Number of element :3
I/irsc_util( 1029): file_parser Number of element :3
I/irsc_util( 1029): file_parser Number of element :3
I/irsc_util( 1029): file_parser Number of element :3
I/irsc_util( 1029): file_parser Number of element :3
I/irsc_util( 1029): file_parser Number of element :3
I/irsc_util( 1029): file_parser Number of element :3
I/irsc_util( 1029): file_parser Number of element :3
I/irsc_util( 1029): file_parser Number of element :3
I/irsc_util( 1029): file_parser Number of element :3
I/irsc_util( 1029): file_parser Number of element :3
I/irsc_util( 1029): file_parser Number of element :3
I/irsc_util( 1029): file_parser Number of element :3
I/irsc_util( 1029): file_parser Number of element :3
I/irsc_util( 1029): file_parser Number of element :3
I/irsc_util( 1029): file_parser Number of element :3
I/irsc_util( 1029): file_parser Number of element :3
I/irsc_util( 1029): file_parser Number of element :3
I/irsc_util( 1029): file_parser Number of element :3
I/irsc_util( 1029): file_parser Number of element :3
I/irsc_util( 1029): file_parser Number of element :3
I/irsc_util( 1029): file_parser Number of element :3
I/irsc_util( 1029): file_parser Number of element :3
I/irsc_util( 1029): file_parser Number of element :3
I/irsc_util( 1029): file_parser Number of element :3
I/irsc_util( 1029): file_parser Number of element :3
I/irsc_util( 1029): file_parser Number of element :3
I/irsc_util( 1029): file_parser Number of element :3
I/irsc_util( 1029): file_parser Number of element :3
I/UpstartPropertyWatcher(  995): Property changed: init.svc.time_daemon=running
I/irsc_util( 1029): file_parser Number of element :3
I/irsc_util( 1029): file_parser Number of element :3
I/irsc_util( 1029): file_parser Number of element :3
I/irsc_util( 1029): file_parser Number of element :3
I/irsc_util( 1029): file_parser Number of element :3
I/irsc_util( 1029): file_parser Number of element :3
I/irsc_util( 1029): file_parser Number of element :3
I/irsc_util( 1029): file_parser Number of element :3
I/irsc_util( 1029): file_parser Number of element :3
I/irsc_util( 1029): file_parser Number of element :3
I/irsc_util( 1029): file_parser Number of element :3
I/irsc_util( 1029): file_parser Number of element :3
I/irsc_util( 1029): file_parser Number of element :3
I/irsc_util( 1029): file_parser Number of element :3
I/irsc_util( 1029): file_parser Number of element :3
I/irsc_util( 1029): file_parser Number of element :3
I/irsc_util( 1029): file_parser Number of element :3
I/irsc_util( 1029): file_parser Number of element :3
I/irsc_util( 1029): file_parser Number of element :3
I/irsc_util( 1029): file_parser Number of element :3
I/irsc_util( 1029): file_parser Number of element :3
I/irsc_util( 1029): file_parser Number of element :3
I/irsc_util( 1029): file_parser Number of element :3
I/irsc_util( 1029): file_parser Number of element :3
I/irsc_util( 1029): file_parser Number of element :3
I/irsc_util( 1029): file_parser Number of element :3
I/irsc_util( 1029): file_parser Number of element :3
I/irsc_util( 1029): file_parser Number of element :3
I/irsc_util( 1029): file_parser Number of element :3
I/irsc_util( 1029): file_parser Number of element :3
I/irsc_util( 1029): file_parser Number of element :3
I/irsc_util( 1029): file_parser Number of element :3
I/irsc_util( 1029): file_parser Number of element :3
I/irsc_util( 1029): file_parser Number of element :3
I/irsc_util( 1029): file_parser Number of element :3
I/irsc_util( 1029): file_parser Number of element :3
I/irsc_util( 1029): file_parser Number of element :3
I/irsc_util( 1029): file_parser Number of element :3
I/irsc_util( 1029): file_parser Number of element :3
I/irsc_util( 1029): file_parser Number of element :3
I/irsc_util( 1029): file_parser Number of element :3
I/irsc_util( 1029): file_parser Number of element :3
I/irsc_util( 1029): file_parser Number of element :3
I/irsc_util( 1029): file_parser Number of element :3
I/irsc_util( 1029): file_parser Number of element :3
I/irsc_util( 1029): file_parser Number of element :3
I/irsc_util( 1029): file_parser Number of element :3
I/irsc_util( 1029): file_parser Number of element :3
I/irsc_util( 1029): file_parser Number of element :3
I/irsc_util( 1029): file_parser Number of element :3
I/irsc_util( 1029): file_parser Number of element :3
I/irsc_util( 1029): file_parser Number of element :3
I/irsc_util( 1029): file_parser Number of element :3
I/irsc_util( 1029): file_parser Number of element :3
I/irsc_util( 1029): file_parser Number of element :3
I/irsc_util( 1029): file_parser Number of element :3
I/irsc_util( 1029): file_parser Number of element :3
I/irsc_util( 1029): file_parser Number of element :3
I/irsc_util( 1029): file_parser Number of element :3
I/irsc_util( 1029): file_parser Number of element :3
I/irsc_util( 1029): file_parser Number of element :3
I/irsc_util( 1029): file_parser Number of element :3
I/irsc_util( 1029): file_parser Number of element :3
I/UpstartPropertyWatcher(  995): Property changed: init.svc.qseecomd=running
I/irsc_util( 1029): file_parser Number of element :3
I/irsc_util( 1029): file_parser Number of element :3
I/irsc_util( 1029): file_parser Number of element :3
I/irsc_util( 1029): file_parser Number of element :3
I/irsc_util( 1029): file_parser Number of element :3
I/irsc_util( 1029): file_parser Number of element :3
I/irsc_util( 1029): file_parser Number of element :3
I/irsc_util( 1029): file_parser Number of element :3
I/irsc_util( 1029): file_parser Number of element :3
I/irsc_util( 1029): file_parser Number of element :3
I/irsc_util( 1029): file_parser Number of element :3
D/adsprpc ( 1047): vendor/qcom/proprietary/adsprpc/src/adsprpcd.c:21::info: calling: 0 == adsp_default_listener_register()
I/UpstartPropertyWatcher(  995): Property changed: init.svc.wcnss-service=running
I/UpstartPropertyWatcher(  995): Property changed: init.svc.ppd=running
D/adsprpc ( 1047): vendor/qcom/proprietary/adsprpc/src/adsprpcd.c:21::info: passed: 0 == adsp_default_listener_register()
I/irsc_util( 1029): file_parser Number of element :3
I/irsc_util( 1029): file_parser Number of element :3
I/irsc_util( 1029): file_parser Number of element :3
I/irsc_util( 1029): file_parser Number of element :3
I/irsc_util( 1029): file_parser Number of element :3
I/irsc_util( 1029): file_parser Number of element :3
I/irsc_util( 1029): file_parser Number of element :3
I/irsc_util( 1029): file_parser Number of element :3
I/irsc_util( 1029): file_parser Number of element :3
I/irsc_util( 1029): file_parser Number of element :3
I/irsc_util( 1029): file_parser Number of element :3
I/irsc_util( 1029): file_parser Number of element :3
I/irsc_util( 1029): file_parser Number of element :3
I/irsc_util( 1029): file_parser Number of element :3
I/irsc_util( 1029): file_parser Number of element :3
I/irsc_util( 1029): file_parser Number of element :3
I/irsc_util( 1029): file_parser Number of element :3
I/irsc_util( 1029): file_parser Number of element :3
I/irsc_util( 1029): file_parser Number of element :3
I/irsc_util( 1029): file_parser Number of element :3
I/irsc_util( 1029): file_parser Number of element :3
I/irsc_util( 1029): file_parser Number of element :3
I/irsc_util( 1029): file_parser Number of element :3
I/irsc_util( 1029): file_parser Number of element :3
I/irsc_util( 1029): file_parser Number of element :3
I/irsc_util( 1029): file_parser Number of element :3
I/irsc_util( 1029): file_parser Number of element :3
I/irsc_util( 1029): file_parser Number of element :3
I/irsc_util( 1029): file_parser Number of element :3
I/irsc_util( 1029): file_parser Number of element :3
I/UpstartPropertyWatcher(  995): Property changed: init.svc.gsiff_daemon=running
I/irsc_util( 1029): file_parser Number of element :3
I/UpstartPropertyWatcher(  995): Property changed: init.svc.quipc_igsn=running
I/irsc_util( 1029): file_parser Number of element :3
E/adsprpc ( 1047): vendor/qcom/proprietary/adsprpc/src/listener_android.c:107:listener using ion heap: -1
I/UpstartPropertyWatcher(  995): Property changed: init.svc.quipc_main=running
E/adsprpc ( 1047): vendor/qcom/proprietary/adsprpc/src/apps_std_imp.c:33:apps_std fopen failed: ./oemconfig.so No such file or directory
E/adsprpc ( 1047): vendor/qcom/proprietary/adsprpc/src/apps_std_imp.c:33:apps_std fopen failed: /system/lib/rfsa/adsp/./oemconfig.so No such file or directory
E/adsprpc ( 1047): vendor/qcom/proprietary/adsprpc/src/apps_std_imp.c:33:apps_std fopen failed: /system/vendor/lib/rfsa/adsp/./oemconfig.so No such file or directory
E/adsprpc ( 1047): vendor/qcom/proprietary/adsprpc/src/../inc/mod_table_imp.h:346::error: 2: 0 == (nErr = invoke_func_ptr(sc, pra))
E/adsprpc ( 1047): vendor/qcom/proprietary/adsprpc/src/apps_std_imp.c:33:apps_std fopen failed: ./voiceproc_tx.so No such file or directory
E/adsprpc ( 1047): vendor/qcom/proprietary/adsprpc/src/apps_std_imp.c:33:apps_std fopen failed: /system/lib/rfsa/adsp/./voiceproc_tx.so No such file or directory
E/adsprpc ( 1047): vendor/qcom/proprietary/adsprpc/src/apps_std_imp.c:33:apps_std fopen failed: /system/vendor/lib/rfsa/adsp/./voiceproc_tx.so No such file or directory
E/adsprpc ( 1047): vendor/qcom/proprietary/adsprpc/src/../inc/mod_table_imp.h:346::error: 2: 0 == (nErr = invoke_func_ptr(sc, pra))
E/adsprpc ( 1047): vendor/qcom/proprietary/adsprpc/src/apps_std_imp.c:33:apps_std fopen failed: ./voiceproc_rx.so No such file or directory
E/adsprpc ( 1047): vendor/qcom/proprietary/adsprpc/src/apps_std_imp.c:33:apps_std fopen failed: /system/lib/rfsa/adsp/./voiceproc_rx.so No such file or directory
I/irsc_util( 1029): file_parser Number of element :3
E/adsprpc ( 1047): vendor/qcom/proprietary/adsprpc/src/apps_std_imp.c:33:apps_std fopen failed: /system/vendor/lib/rfsa/adsp/./voiceproc_rx.so No such file or directory
E/adsprpc ( 1047): vendor/qcom/proprietary/adsprpc/src/../inc/mod_table_imp.h:346::error: 2: 0 == (nErr = invoke_func_ptr(sc, pra))
I/irsc_util( 1029): file_parser Number of element :3
I/irsc_util( 1029): file_parser Number of element :3
I/irsc_util( 1029): file_parser Number of element :3
I/irsc_util( 1029): file_parser Number of element :3
I/irsc_util( 1029): file_parser Number of element :3
I/irsc_util( 1029): file_parser Number of element :3
I/irsc_util( 1029): file_parser Number of element :3
I/irsc_util( 1029): file_parser Number of element :3
I/irsc_util( 1029): file_parser Number of element :3
I/irsc_util( 1029): file_parser Number of element :3
I/irsc_util( 1029): file_parser Number of element :3
I/irsc_util( 1029): file_parser Number of element :3
I/qcom-bluetooth( 1070): /system/etc/init.qcom.bt.sh: Bluetooth Address programmed successfully 
I/ThermalEngine( 1045): Thermal daemon started
D/QC-time-services( 1056): Daemon:genoff_pre_init::Base = 0
D/QC-time-services( 1056): Daemon:ats_rtc_init: Time read from RTC -- year = 115, month = 10,day = 30
I/ThermalEngine( 1045): devices_manager_init: Init
I/ThermalEngine( 1045): Number of gpus :1
I/Thermal-IOCTL( 1045): KTM IOCTL interface "/dev/msm_thermal_query" opened
I/ThermalEngine( 1045): vdd_rstr_init: Init KTM VDD RSTR enabled: 0
I/ThermalEngine( 1045): sensors_manager_init: Init
I/irsc_util( 1029): file_parser Number of element :3
I/irsc_util( 1029): file_parser Number of element :3
I/UpstartPropertyWatcher(  995): Property changed: init.svc.location_mq=running
I/UpstartPropertyWatcher(  995): Property changed: init.svc.xtwifi_inet=running
I/UpstartPropertyWatcher(  995): Property changed: init.svc.xtwifi_client=running
I/UpstartPropertyWatcher(  995): Property changed: init.svc.lowi-server=running
I/UpstartPropertyWatcher(  995): Property changed: init.svc.quipc_igsn=restarting
I/irsc_util( 1029): file_parser Number of element :3
I/irsc_util( 1029): file_parser Number of element :3
I/irsc_util( 1029): file_parser Number of element :3
I/irsc_util( 1029): file_parser Number of element :3
I/ThermalEngine( 1045): BCL sensors setup done.
I/ThermalEngine( 1045): Using target config file '/system/etc/thermal-engine-8226.conf'
I/ThermalEngine( 1045): Loading config file for virtual sensor
E/ThermalEngine( 1045): virtual_sensors_init: Error getting virtual sensors set
I/ThermalEngine( 1045): [BATTERY_MONITOR]
I/ThermalEngine( 1045): algo_type monitor
I/ThermalEngine( 1045): sampling 1000
I/ThermalEngine( 1045): sensor batt_temp
I/ThermalEngine( 1045): thresholds 44000 47000 50000 53000 56000
I/ThermalEngine( 1045): thresholds_clr 42000 45000 48000 51000 54000
I/ThermalEngine( 1045): actions cpu+hotplug_2+hotplug_3 cpu+hotplug_3 cpu+hotplug_3 cpu cpu
I/ThermalEngine( 1045): action_info 1190400+1+0 998400+1 787200+1 600000 384000
I/ThermalEngine( 1045): [CPU2-3_MONITOR]
I/ThermalEngine( 1045): algo_type monitor
I/ThermalEngine( 1045): sampling 1000
I/ThermalEngine( 1045): sensor cpu2-3
I/ThermalEngine( 1045): thresholds 120000
I/ThermalEngine( 1045): thresholds_clr 115000
I/ThermalEngine( 1045): actions shutdown
I/ThermalEngine( 1045): action_info 5000
I/ThermalEngine( 1045): [CPU0-1_MONITOR]
I/ThermalEngine( 1045): algo_type monitor
I/ThermalEngine( 1045): sampling 1000
I/ThermalEngine( 1045): sensor cpu0-1
I/ThermalEngine( 1045): thresholds 120000
I/ThermalEngine( 1045): thresholds_clr 115000
I/ThermalEngine( 1045): actions shutdown
I/ThermalEngine( 1045): action_info 5000
I/ThermalEngine( 1045): [VDD_RSTR_MONITOR-TSENS5]
I/ThermalEngine( 1045): #algo_type monitor
I/ThermalEngine( 1045): sampling 1000
I/ThermalEngine( 1045): sensor tsens_tz_sensor5
I/ThermalEngine( 1045): thresholds 5000
I/ThermalEngine( 1045): thresholds_clr 10000
I/ThermalEngine( 1045): actions vdd_restriction
I/ThermalEngine( 1045): action_info 1
I/ThermalEngine( 1045): descending
I/ThermalEngine( 1045): [VDD_RSTR_MONITOR-TSENS4]
I/ThermalEngine( 1045): #algo_type monitor
I/ThermalEngine( 1045): sampling 1000
I/ThermalEngine( 1045): sensor tsens_tz_sensor4
I/ThermalEngine( 1045): thresholds 5000
I/ThermalEngine( 1045): thresholds_clr 10000
I/ThermalEngine( 1045): actions vdd_restriction
I/ThermalEngine( 1045): action_info 1
I/ThermalEngine( 1045): descending
I/ThermalEngine( 1045): [VDD_RSTR_MONITOR-TSENS3]
I/ThermalEngine( 1045): #algo_type monitor
I/ThermalEngine( 1045): sampling 1000
I/ThermalEngine( 1045): sensor tsens_tz_sensor3
I/ThermalEngine( 1045): thresholds 5000
I/ThermalEngine( 1045): thresholds_clr 10000
I/ThermalEngine( 1045): actions vdd_restriction
I/ThermalEngine( 1045): action_info 1
I/ThermalEngine( 1045): descending
I/ThermalEngine( 1045): [VDD_RSTR_MONITOR-TSENS2]
I/ThermalEngine( 1045): #algo_type monitor
I/ThermalEngine( 1045): sampling 1000
I/ThermalEngine( 1045): sensor tsens_tz_sensor2
I/ThermalEngine( 1045): thresholds 5000
I/ThermalEngine( 1045): thresholds_clr 10000
I/ThermalEngine( 1045): actions vdd_restriction
I/ThermalEngine( 1045): action_info 1
I/ThermalEngine( 1045): descending
I/ThermalEngine( 1045): [VDD_RSTR_MONITOR-TSENS1]
I/ThermalEngine( 1045): #algo_type monitor
I/ThermalEngine( 1045): sampling 1000
I/ThermalEngine( 1045): sensor tsens_tz_sensor1
I/ThermalEngine( 1045): thresholds 5000
